> Task :clean

> Task :compileJava

> Task :processResources NO-SOURCE
> Task :classes
> Task :compileTestJava
> Task :processTestResources
> Task :testClasses

> Task :test

AllBlocksCodeGenTest > testBlockCodeGeneration(String) > com.holycityaudio.SpinCAD.CADBlocks.AbsaCADBlock STANDARD_OUT
    Constant code gen!
    Constant code gen!
    ; ----------------------------
    ;------ Input
    ;------ Constant
    SOF 0.0000000000,0.9990234375
    WRAX REG0,0.0000000000
    ;------ AbsoluteValue
    RDAX REG0,1.0000000000
    ABSA
    WRAX REG1,0.0000000000
    ;------ Output

    Optimization complete: saved 2 instruction(s) and 1 register(s).

AllBlocksCodeGenTest > testBlockCodeGeneration(String) > com.holycityaudio.SpinCAD.CADBlocks.AbsaCADBlock STANDARD_ERROR
    ----------------------------------------
    Register compaction report:
      Registers before compaction : 2  (highest was REG1 / 0x21)
      Holes removed               : 1
      Registers after compaction  : 1  (highest is now REG0 / 0x20)
      OK: all registers fit within REG0ûREG31.
    ----------------------------------------
    SpinFXBlock: numRegs updated to 0x21 (REG1)

AllBlocksCodeGenTest > testBlockCodeGeneration(String) > com.holycityaudio.SpinCAD.CADBlocks.AbsaCADBlock STANDARD_OUT
      OK: AbsaCADBlock ù 3 instr, 1 regs, 0 RAM

AllBlocksCodeGenTest > testBlockCodeGeneration(String) > com.holycityaudio.SpinCAD.CADBlocks.AbsaCADBlock PASSED

AllBlocksCodeGenTest > testBlockCodeGeneration(String) > com.holycityaudio.SpinCAD.CADBlocks.Adjustable_LPF_1PCADBlock STANDARD_OUT
    Constant code gen!
    Constant code gen!
    Constant code gen!
    Constant code gen!
    Constant code gen!
    Constant code gen!
    ; ----------------------------
    ;------ Input
    ;------ Constant
    SOF 0.0000000000,0.9990234375
    WRAX REG0,0.0000000000
    ;------ Constant
    SOF 0.0000000000,0.9990234375
    WRAX REG1,0.0000000000
    ;------ Constant
    SOF 0.0000000000,0.9990234375
    WRAX REG2,0.0000000000
    ;------ Adjustable LPF
    RDAX ADCL,1.0000000000
    ABSA
    WRAX REG6,0.0000000000
    RDAX REG6,0.0001500000
    RDAX REG4,-0.0001500000
    MULX REG0
    RDAX REG4,1.0000000000
    WRAX REG4,0.0000000000
    RDAX REG6,0.0001500000
    RDAX REG5,-0.0001500000
    MULX REG1
    RDAX REG5,1.0000000000
    WRAX REG5,1.0000000000
    MAXX REG4,1.0000000000
    WRAX REG3,0.0000000000
    ;------ Output

    Optimization complete: saved 0 instruction(s) and 0 register(s).

AllBlocksCodeGenTest > testBlockCodeGeneration(String) > com.holycityaudio.SpinCAD.CADBlocks.Adjustable_LPF_1PCADBlock STANDARD_ERROR
    ----------------------------------------
    Register compaction report:
      Registers before compaction : 7  (highest was REG6 / 0x26)
      Holes removed               : 0
      Registers after compaction  : 7  (highest is now REG6 / 0x26)
      OK: all registers fit within REG0ûREG31.
    ----------------------------------------
    SpinFXBlock: numRegs updated to 0x27 (REG7)

AllBlocksCodeGenTest > testBlockCodeGeneration(String) > com.holycityaudio.SpinCAD.CADBlocks.Adjustable_LPF_1PCADBlock STANDARD_OUT
      OK: Adjustable_LPF_1PCADBlock ù 21 instr, 7 regs, 0 RAM

AllBlocksCodeGenTest > testBlockCodeGeneration(String) > com.holycityaudio.SpinCAD.CADBlocks.Adjustable_LPF_1PCADBlock PASSED

AllBlocksCodeGenTest > testBlockCodeGeneration(String) > com.holycityaudio.SpinCAD.CADBlocks.AliaserCADBlock STANDARD_OUT
    Constant code gen!
    Constant code gen!
    ; ----------------------------
    ;------ Input
    ;------ Constant
    SOF 0.0000000000,0.9990234375
    WRAX REG0,0.0000000000
    ;------ Aliaser
    SKP RUN ,4
    CLR
    WRAX REG1,0.0000000000
    WRAX REG2,0.0000000000
    WRAX REG3,0.0000000000
    CLR
    RDAX REG0,1.0000000000
    SOF 0.0980000000,0.0020000000
    RDAX REG3,1.0000000000
    WRAX REG3,1.0000000000
    SOF 1.0000000000,-0.5000000000
    SKP NEG,5
    WRAX REG3,0.0000000000
    RDAX REG2,1.0000000000
    WRAX REG1,0.0000000000
    RDAX ADCL,1.0000000000
    WRAX REG2,0.0000000000
    CLR
    RDAX REG2,1.0000000000
    MULX REG3
    WRAX REG4,1.0000000000
    RDAX REG4,1.0000000000
    WRAX REG4,0.0000000000
    RDAX REG3,-1.0000000000
    SOF 1.0000000000,0.5000000000
    WRAX REG5,0.0000000000
    RDAX REG1,1.0000000000
    MULX REG5
    WRAX REG5,1.0000000000
    RDAX REG5,1.0000000000
    RDAX REG4,1.0000000000
    WRAX REG5,1.0000000000
    ABSA
    WRAX REG4,0.0000000000
    RDAX REG5,1.0000000000
    SKP GEZ,4
    CLR
    RDAX REG4,1.0000000000
    SOF -1.0000000000,0.0000000000
    WRAX REG4,0.0000000000
    CLR
    RDAX REG4,1.0000000000
    WRAX REG6,0.0000000000
    ;------ Output
    RDAX REG6,1.0000000000
    WRAX DACL,0.0000000000

    Optimization complete: saved 2 instruction(s) and 1 register(s).

AllBlocksCodeGenTest > testBlockCodeGeneration(String) > com.holycityaudio.SpinCAD.CADBlocks.AliaserCADBlock STANDARD_ERROR
    ----------------------------------------
    Register compaction report:
      Registers before compaction : 6  (highest was REG5 / 0x25)
      Holes removed               : 0
      Registers after compaction  : 6  (highest is now REG5 / 0x25)
      OK: all registers fit within REG0ûREG31.
    ----------------------------------------
    SpinFXBlock: numRegs updated to 0x26 (REG6)

AllBlocksCodeGenTest > testBlockCodeGeneration(String) > com.holycityaudio.SpinCAD.CADBlocks.AliaserCADBlock STANDARD_OUT
      OK: AliaserCADBlock ù 45 instr, 6 regs, 0 RAM

AllBlocksCodeGenTest > testBlockCodeGeneration(String) > com.holycityaudio.SpinCAD.CADBlocks.AliaserCADBlock PASSED

AllBlocksCodeGenTest > testBlockCodeGeneration(String) > com.holycityaudio.SpinCAD.CADBlocks.BPFCADBlock STANDARD_OUT
    BPF code gen!
    ; ----------------------------
    ;------ Input
    ;------ Patch 
    SKP RUN ,3
    CLR
    WRAX REG0,0.0000000000
    WRAX REG1,0.0000000000
    RDAX REG0,0.2055381661
    RDAX REG1,1.0000000000
    WRAX REG1,-1.0000000000
    RDAX REG0,-0.1300000000
    RDAX ADCL,1.0000000000
    WRAX REG2,0.2055381661
    RDAX REG0,1.0000000000
    WRAX REG0,0.0000000000
    RDAX REG1,-1.0000000000
    RDAX ADCL,1.0000000000
    RDAX REG1,1.0000000000
    ;------ Output
    RDAX REG2,1.0000000000
    WRAX DACL,0.0000000000

    Optimization complete: saved 0 instruction(s) and 0 register(s).

AllBlocksCodeGenTest > testBlockCodeGeneration(String) > com.holycityaudio.SpinCAD.CADBlocks.BPFCADBlock STANDARD_ERROR
    ----------------------------------------
    Register compaction report:
      Registers before compaction : 3  (highest was REG2 / 0x22)
      Holes removed               : 0
      Registers after compaction  : 3  (highest is now REG2 / 0x22)
      OK: all registers fit within REG0ûREG31.
    ----------------------------------------
    SpinFXBlock: numRegs updated to 0x23 (REG3)

AllBlocksCodeGenTest > testBlockCodeGeneration(String) > com.holycityaudio.SpinCAD.CADBlocks.BPFCADBlock STANDARD_OUT
      OK: BPFCADBlock ù 17 instr, 3 regs, 0 RAM

AllBlocksCodeGenTest > testBlockCodeGeneration(String) > com.holycityaudio.SpinCAD.CADBlocks.BPFCADBlock PASSED

AllBlocksCodeGenTest > testBlockCodeGeneration(String) > com.holycityaudio.SpinCAD.CADBlocks.BassmanEQCADBlock STANDARD_OUT
    Couldn't find Audio Input 1

AllBlocksCodeGenTest > testBlockCodeGeneration(String) > com.holycityaudio.SpinCAD.CADBlocks.BassmanEQCADBlock STANDARD_ERROR
    java.lang.NullPointerException: Cannot invoke "com.holycityaudio.SpinCAD.SpinCADPin.getPinConnection()" because the return value of "com.holycityaudio.SpinCAD.CADBlocks.BassmanEQCADBlock.getPin(String)" is null
    	at com.holycityaudio.SpinCAD.CADBlocks.BassmanEQCADBlock.generateCode(BassmanEQCADBlock.java:91)
    	at com.holycityaudio.SpinCAD.SpinCADModel.generateCode(SpinCADModel.java:293)
    	at com.holycityaudio.SpinCAD.SpinCADModel.sortAlignGen(SpinCADModel.java:189)
    	at com.holycityaudio.SpinCAD.AllBlocksCodeGenTest.testBlockCodeGeneration(AllBlocksCodeGenTest.java:126)
    	at java.base/jdk.internal.reflect.DirectMethodHandleAccessor.invoke(DirectMethodHandleAccessor.java:104)
    	at java.base/java.lang.reflect.Method.invoke(Method.java:577)
    	at org.junit.platform.commons.util.ReflectionUtils.invokeMethod(ReflectionUtils.java:728)
    	at org.junit.jupiter.engine.execution.MethodInvocation.proceed(MethodInvocation.java:60)
    	at org.junit.jupiter.engine.execution.InvocationInterceptorChain$ValidatingInvocation.proceed(InvocationInterceptorChain.java:131)
    	at org.junit.jupiter.engine.extension.TimeoutExtension.intercept(TimeoutExtension.java:156)
    	at org.junit.jupiter.engine.extension.TimeoutExtension.interceptTestableMethod(TimeoutExtension.java:147)
    	at org.junit.jupiter.engine.extension.TimeoutExtension.interceptTestTemplateMethod(TimeoutExtension.java:94)
    	at org.junit.jupiter.engine.execution.InterceptingExecutableInvoker$ReflectiveInterceptorCall.lambda$ofVoidMethod$0(InterceptingExecutableInvoker.java:103)
    	at org.junit.jupiter.engine.execution.InterceptingExecutableInvoker.lambda$invoke$0(InterceptingExecutableInvoker.java:93)
    	at org.junit.jupiter.engine.execution.InvocationInterceptorChain$InterceptedInvocation.proceed(InvocationInterceptorChain.java:106)
    	at org.junit.jupiter.engine.execution.InvocationInterceptorChain.proceed(InvocationInterceptorChain.java:64)
    	at org.junit.jupiter.engine.execution.InvocationInterceptorChain.chainAndInvoke(InvocationInterceptorChain.java:45)
    	at org.junit.jupiter.engine.execution.InvocationInterceptorChain.invoke(InvocationInterceptorChain.java:37)
    	at org.junit.jupiter.engine.execution.InterceptingExecutableInvoker.invoke(InterceptingExecutableInvoker.java:92)
    	at org.junit.jupiter.engine.execution.InterceptingExecutableInvoker.invoke(InterceptingExecutableInvoker.java:86)
    	at org.junit.jupiter.engine.descriptor.TestMethodTestDescriptor.lambda$invokeTestMethod$7(TestMethodTestDescriptor.java:218)
    	at org.junit.platform.engine.support.hierarchical.ThrowableCollector.execute(ThrowableCollector.java:73)
    	at org.junit.jupiter.engine.descriptor.TestMethodTestDescriptor.invokeTestMethod(TestMethodTestDescriptor.java:214)
    	at org.junit.jupiter.engine.descriptor.TestMethodTestDescriptor.execute(TestMethodTestDescriptor.java:139)
    	at org.junit.jupiter.engine.descriptor.TestMethodTestDescriptor.execute(TestMethodTestDescriptor.java:69)
    	at org.junit.platform.engine.support.hierarchical.NodeTestTask.lambda$executeRecursively$6(NodeTestTask.java:151)
    	at org.junit.platform.engine.support.hierarchical.ThrowableCollector.execute(ThrowableCollector.java:73)
    	at org.junit.platform.engine.support.hierarchical.NodeTestTask.lambda$executeRecursively$8(NodeTestTask.java:141)
    	at org.junit.platform.engine.support.hierarchical.Node.around(Node.java:137)
    	at org.junit.platform.engine.support.hierarchical.NodeTestTask.lambda$executeRecursively$9(NodeTestTask.java:139)
    	at org.junit.platform.engine.support.hierarchical.ThrowableCollector.execute(ThrowableCollector.java:73)
    	at org.junit.platform.engine.support.hierarchical.NodeTestTask.executeRecursively(NodeTestTask.java:138)
    	at org.junit.platform.engine.support.hierarchical.NodeTestTask.execute(NodeTestTask.java:95)
    	at org.junit.platform.engine.support.hierarchical.SameThreadHierarchicalTestExecutorService.submit(SameThreadHierarchicalTestExecutorService.java:35)
    	at org.junit.platform.engine.support.hierarchical.NodeTestTask$DefaultDynamicTestExecutor.execute(NodeTestTask.java:226)
    	at org.junit.platform.engine.support.hierarchical.NodeTestTask$DefaultDynamicTestExecutor.execute(NodeTestTask.java:204)
    	at org.junit.jupiter.engine.descriptor.TestTemplateTestDescriptor.execute(TestTemplateTestDescriptor.java:142)
    	at org.junit.jupiter.engine.descriptor.TestTemplateTestDescriptor.lambda$execute$2(TestTemplateTestDescriptor.java:110)
    	at java.base/java.util.stream.ForEachOps$ForEachOp$OfRef.accept(ForEachOps.java:183)
    	at java.base/java.util.stream.ReferencePipeline$3$1.accept(ReferencePipeline.java:197)
    	at java.base/java.util.stream.ReferencePipeline$2$1.accept(ReferencePipeline.java:179)
    	at java.base/java.util.stream.ReferencePipeline$3$1.accept(ReferencePipeline.java:197)
    	at java.base/java.util.stream.ForEachOps$ForEachOp$OfRef.accept(ForEachOps.java:183)
    	at java.base/java.util.stream.ReferencePipeline$3$1.accept(ReferencePipeline.java:197)
    	at java.base/java.util.stream.ReferencePipeline$3$1.accept(ReferencePipeline.java:197)
    	at java.base/java.util.stream.ReferencePipeline$3$1.accept(ReferencePipeline.java:197)
    	at java.base/java.util.stream.ForEachOps$ForEachOp$OfRef.accept(ForEachOps.java:183)
    	at java.base/java.util.stream.ReferencePipeline$3$1.accept(ReferencePipeline.java:197)
    	at java.base/java.util.ArrayList$ArrayListSpliterator.forEachRemaining(ArrayList.java:1625)
    	at java.base/java.util.stream.ReferencePipeline$Head.forEach(ReferencePipeline.java:762)
    	at java.base/java.util.stream.ReferencePipeline$7$1.accept(ReferencePipeline.java:276)
    	at java.base/java.util.stream.ReferencePipeline$3$1.accept(ReferencePipeline.java:197)
    	at java.base/java.util.stream.ReferencePipeline$3$1.accept(ReferencePipeline.java:197)
    	at java.base/java.util.stream.ReferencePipeline$3$1.accept(ReferencePipeline.java:197)
    	at java.base/java.util.Spliterators$ArraySpliterator.forEachRemaining(Spliterators.java:992)
    	at java.base/java.util.stream.AbstractPipeline.copyInto(AbstractPipeline.java:509)
    	at java.base/java.util.stream.AbstractPipeline.wrapAndCopyInto(AbstractPipeline.java:499)
    	at java.base/java.util.stream.ForEachOps$ForEachOp.evaluateSequential(ForEachOps.java:150)
    	at java.base/java.util.stream.ForEachOps$ForEachOp$OfRef.evaluateSequential(ForEachOps.java:173)
    	at java.base/java.util.stream.AbstractPipeline.evaluate(AbstractPipeline.java:234)
    	at java.base/java.util.stream.ReferencePipeline.forEach(ReferencePipeline.java:596)
    	at java.base/java.util.stream.ReferencePipeline$7$1.accept(ReferencePipeline.java:276)
    	at java.base/java.util.stream.ReferencePipeline$3$1.accept(ReferencePipeline.java:197)
    	at java.base/java.util.stream.ReferencePipeline$3$1.accept(ReferencePipeline.java:197)
    	at java.base/java.util.stream.ReferencePipeline$3$1.accept(ReferencePipeline.java:197)
    	at java.base/java.util.ArrayList$ArrayListSpliterator.forEachRemaining(ArrayList.java:1625)
    	at java.base/java.util.stream.AbstractPipeline.copyInto(AbstractPipeline.java:509)
    	at java.base/java.util.stream.AbstractPipeline.wrapAndCopyInto(AbstractPipeline.java:499)
    	at java.base/java.util.stream.ForEachOps$ForEachOp.evaluateSequential(ForEachOps.java:150)
    	at java.base/java.util.stream.ForEachOps$ForEachOp$OfRef.evaluateSequential(ForEachOps.java:173)
    	at java.base/java.util.stream.AbstractPipeline.evaluate(AbstractPipeline.java:234)
    	at java.base/java.util.stream.ReferencePipeline.forEach(ReferencePipeline.java:596)
    	at java.base/java.util.stream.ReferencePipeline$7$1.accept(ReferencePipeline.java:276)
    	at java.base/java.util.ArrayList$ArrayListSpliterator.forEachRemaining(ArrayList.java:1625)
    	at java.base/java.util.stream.AbstractPipeline.copyInto(AbstractPipeline.java:509)
    	at java.base/java.util.stream.AbstractPipeline.wrapAndCopyInto(AbstractPipeline.java:499)
    	at java.base/java.util.stream.ForEachOps$ForEachOp.evaluateSequential(ForEachOps.java:150)
    	at java.base/java.util.stream.ForEachOps$ForEachOp$OfRef.evaluateSequential(ForEachOps.java:173)
    	at java.base/java.util.stream.AbstractPipeline.evaluate(AbstractPipeline.java:234)
    	at java.base/java.util.stream.ReferencePipeline.forEach(ReferencePipeline.java:596)
    	at org.junit.jupiter.engine.descriptor.TestTemplateTestDescriptor.execute(TestTemplateTestDescriptor.java:110)
    	at org.junit.jupiter.engine.descriptor.TestTemplateTestDescriptor.execute(TestTemplateTestDescriptor.java:44)
    	at org.junit.platform.engine.support.hierarchical.NodeTestTask.lambda$executeRecursively$6(NodeTestTask.java:151)
    	at org.junit.platform.engine.support.hierarchical.ThrowableCollector.execute(ThrowableCollector.java:73)
    	at org.junit.platform.engine.support.hierarchical.NodeTestTask.lambda$executeRecursively$8(NodeTestTask.java:141)
    	at org.junit.platform.engine.support.hierarchical.Node.around(Node.java:137)
    	at org.junit.platform.engine.support.hierarchical.NodeTestTask.lambda$executeRecursively$9(NodeTestTask.java:139)
    	at org.junit.platform.engine.support.hierarchical.ThrowableCollector.execute(ThrowableCollector.java:73)
    	at org.junit.platform.engine.support.hierarchical.NodeTestTask.executeRecursively(NodeTestTask.java:138)
    	at org.junit.platform.engine.support.hierarchical.NodeTestTask.execute(NodeTestTask.java:95)
    	at java.base/java.util.ArrayList.forEach(ArrayList.java:1511)
    	at org.junit.platform.engine.support.hierarchical.SameThreadHierarchicalTestExecutorService.invokeAll(SameThreadHierarchicalTestExecutorService.java:41)
    	at org.junit.platform.engine.support.hierarchical.NodeTestTask.lambda$executeRecursively$6(NodeTestTask.java:155)
    	at org.junit.platform.engine.support.hierarchical.ThrowableCollector.execute(ThrowableCollector.java:73)
    	at org.junit.platform.engine.support.hierarchical.NodeTestTask.lambda$executeRecursively$8(NodeTestTask.java:141)
    	at org.junit.platform.engine.support.hierarchical.Node.around(Node.java:137)
    	at org.junit.platform.engine.support.hierarchical.NodeTestTask.lambda$executeRecursively$9(NodeTestTask.java:139)
    	at org.junit.platform.engine.support.hierarchical.ThrowableCollector.execute(ThrowableCollector.java:73)
    	at org.junit.platform.engine.support.hierarchical.NodeTestTask.executeRecursively(NodeTestTask.java:138)
    	at org.junit.platform.engine.support.hierarchical.NodeTestTask.execute(NodeTestTask.java:95)
    	at java.base/java.util.ArrayList.forEach(ArrayList.java:1511)
    	at org.junit.platform.engine.support.hierarchical.SameThreadHierarchicalTestExecutorService.invokeAll(SameThreadHierarchicalTestExecutorService.java:41)
    	at org.junit.platform.engine.support.hierarchical.NodeTestTask.lambda$executeRecursively$6(NodeTestTask.java:155)
    	at org.junit.platform.engine.support.hierarchical.ThrowableCollector.execute(ThrowableCollector.java:73)
    	at org.junit.platform.engine.support.hierarchical.NodeTestTask.lambda$executeRecursively$8(NodeTestTask.java:141)
    	at org.junit.platform.engine.support.hierarchical.Node.around(Node.java:137)
    	at org.junit.platform.engine.support.hierarchical.NodeTestTask.lambda$executeRecursively$9(NodeTestTask.java:139)
    	at org.junit.platform.engine.support.hierarchical.ThrowableCollector.execute(ThrowableCollector.java:73)
    	at org.junit.platform.engine.support.hierarchical.NodeTestTask.executeRecursively(NodeTestTask.java:138)
    	at org.junit.platform.engine.support.hierarchical.NodeTestTask.execute(NodeTestTask.java:95)
    	at org.junit.platform.engine.support.hierarchical.SameThreadHierarchicalTestExecutorService.submit(SameThreadHierarchicalTestExecutorService.java:35)
    	at org.junit.platform.engine.support.hierarchical.HierarchicalTestExecutor.execute(HierarchicalTestExecutor.java:57)
    	at org.junit.platform.engine.support.hierarchical.HierarchicalTestEngine.execute(HierarchicalTestEngine.java:54)
    	at org.junit.platform.launcher.core.EngineExecutionOrchestrator.execute(EngineExecutionOrchestrator.java:198)
    	at org.junit.platform.launcher.core.EngineExecutionOrchestrator.execute(EngineExecutionOrchestrator.java:169)
    	at org.junit.platform.launcher.core.EngineExecutionOrchestrator.execute(EngineExecutionOrchestrator.java:93)
    	at org.junit.platform.launcher.core.EngineExecutionOrchestrator.lambda$execute$0(EngineExecutionOrchestrator.java:58)
    	at org.junit.platform.launcher.core.EngineExecutionOrchestrator.withInterceptedStreams(EngineExecutionOrchestrator.java:141)
    	at org.junit.platform.launcher.core.EngineExecutionOrchestrator.execute(EngineExecutionOrchestrator.java:57)
    	at org.junit.platform.launcher.core.DefaultLauncher.execute(DefaultLauncher.java:103)
    	at org.junit.platform.launcher.core.DefaultLauncher.execute(DefaultLauncher.java:85)
    	at org.junit.platform.launcher.core.DelegatingLauncher.execute(DelegatingLauncher.java:47)
    	at org.gradle.api.internal.tasks.testing.junitplatform.JUnitPlatformTestClassProcessor$CollectAllTestClassesExecutor.processAllTestClasses(JUnitPlatformTestClassProcessor.java:119)
    	at org.gradle.api.internal.tasks.testing.junitplatform.JUnitPlatformTestClassProcessor$CollectAllTestClassesExecutor.access$000(JUnitPlatformTestClassProcessor.java:94)
    	at org.gradle.api.internal.tasks.testing.junitplatform.JUnitPlatformTestClassProcessor.stop(JUnitPlatformTestClassProcessor.java:89)
    	at org.gradle.api.internal.tasks.testing.SuiteTestClassProcessor.stop(SuiteTestClassProcessor.java:62)
    	at java.base/jdk.internal.reflect.DirectMethodHandleAccessor.invoke(DirectMethodHandleAccessor.java:104)
    	at java.base/java.lang.reflect.Method.invoke(Method.java:577)
    	at org.gradle.internal.dispatch.ReflectionDispatch.dispatch(ReflectionDispatch.java:36)
    	at org.gradle.internal.dispatch.ReflectionDispatch.dispatch(ReflectionDispatch.java:24)
    	at org.gradle.internal.dispatch.ContextClassLoaderDispatch.dispatch(ContextClassLoaderDispatch.java:33)
    	at org.gradle.internal.dispatch.ProxyDispatchAdapter$DispatchingInvocationHandler.invoke(ProxyDispatchAdapter.java:94)
    	at jdk.proxy1/jdk.proxy1.$Proxy2.stop(Unknown Source)
    	at org.gradle.api.internal.tasks.testing.worker.TestWorker$3.run(TestWorker.java:193)
    	at org.gradle.api.internal.tasks.testing.worker.TestWorker.executeAndMaintainThreadName(TestWorker.java:129)
    	at org.gradle.api.internal.tasks.testing.worker.TestWorker.execute(TestWorker.java:100)
    	at org.gradle.api.internal.tasks.testing.worker.TestWorker.execute(TestWorker.java:60)
    	at org.gradle.process.internal.worker.child.ActionExecutionWorker.execute(ActionExecutionWorker.java:56)
    	at org.gradle.process.internal.worker.child.SystemApplicationClassLoaderWorker.call(SystemApplicationClassLoaderWorker.java:113)
    	at org.gradle.process.internal.worker.child.SystemApplicationClassLoaderWorker.call(SystemApplicationClassLoaderWorker.java:65)
    	at worker.org.gradle.process.internal.worker.GradleWorkerMain.run(GradleWorkerMain.java:69)
    	at worker.org.gradle.process.internal.worker.GradleWorkerMain.main(GradleWorkerMain.java:74)

AllBlocksCodeGenTest > testBlockCodeGeneration(String) > com.holycityaudio.SpinCAD.CADBlocks.BassmanEQCADBlock STANDARD_OUT
    ; ----------------------------
    ;------ Input

    Optimization complete: saved 0 instruction(s) and 0 register(s).

AllBlocksCodeGenTest > testBlockCodeGeneration(String) > com.holycityaudio.SpinCAD.CADBlocks.BassmanEQCADBlock STANDARD_ERROR
    compactRegisters: no user registers found, nothing to compact.

AllBlocksCodeGenTest > testBlockCodeGeneration(String) > com.holycityaudio.SpinCAD.CADBlocks.BassmanEQCADBlock STANDARD_OUT
      OK: BassmanEQCADBlock ù 0 instr, 0 regs, 0 RAM

AllBlocksCodeGenTest > testBlockCodeGeneration(String) > com.holycityaudio.SpinCAD.CADBlocks.BassmanEQCADBlock PASSED

AllBlocksCodeGenTest > testBlockCodeGeneration(String) > com.holycityaudio.SpinCAD.CADBlocks.BiQuadCADBlock STANDARD_OUT
    BiQuad code gen!
    ; ----------------------------
    ;------ Input
    ;------ BiQuad filter
    SOF 0.0000000000,0.0000000000
    RDAX ADCL,0.0032573236
    RDAX REG0,1.0000000000
    WRAX REG2,0.0000000000
    RDAX ADCL,0.0260585885
    RDAX REG2,1.9253327666
    RDAX REG1,1.0000000000
    WRAX REG0,0.0000000000
    RDAX ADCL,0.0130292943
    RDAX REG2,-0.9774499436
    WRAX REG1,0.0000000000
    ;------ Output
    RDAX REG2,1.0000000000
    WRAX DACL,0.0000000000

    Optimization complete: saved 0 instruction(s) and 0 register(s).

AllBlocksCodeGenTest > testBlockCodeGeneration(String) > com.holycityaudio.SpinCAD.CADBlocks.BiQuadCADBlock STANDARD_ERROR
    ----------------------------------------
    Register compaction report:
      Registers before compaction : 3  (highest was REG2 / 0x22)
      Holes removed               : 0
      Registers after compaction  : 3  (highest is now REG2 / 0x22)
      OK: all registers fit within REG0ûREG31.
    ----------------------------------------
    SpinFXBlock: numRegs updated to 0x23 (REG3)

AllBlocksCodeGenTest > testBlockCodeGeneration(String) > com.holycityaudio.SpinCAD.CADBlocks.BiQuadCADBlock STANDARD_OUT
      OK: BiQuadCADBlock ù 13 instr, 3 regs, 0 RAM

AllBlocksCodeGenTest > testBlockCodeGeneration(String) > com.holycityaudio.SpinCAD.CADBlocks.BiQuadCADBlock PASSED

AllBlocksCodeGenTest > testBlockCodeGeneration(String) > com.holycityaudio.SpinCAD.CADBlocks.ChirpCADBlock STANDARD_OUT
    ; ----------------------------
    ;------ Input
    ;------ Chirp
    RDAX ADCL,0.5000000000
    RDA 4,0.5
    WRAP 0,-0.5
    RDA 9,0.5
    WRAP 5,-0.5
    RDA 14,0.5
    WRAP 10,-0.5
    RDA 19,0.5
    WRAP 15,-0.5
    WRAX REG0,0.0000000000
    ;------ Output
    RDAX REG0,1.0000000000
    WRAX DACL,0.0000000000

    Optimization complete: saved 2 instruction(s) and 1 register(s).

AllBlocksCodeGenTest > testBlockCodeGeneration(String) > com.holycityaudio.SpinCAD.CADBlocks.ChirpCADBlock STANDARD_ERROR
    compactRegisters: no user registers found, nothing to compact.

AllBlocksCodeGenTest > testBlockCodeGeneration(String) > com.holycityaudio.SpinCAD.CADBlocks.ChirpCADBlock STANDARD_OUT
      OK: ChirpCADBlock ù 10 instr, 1 regs, 16 RAM

AllBlocksCodeGenTest > testBlockCodeGeneration(String) > com.holycityaudio.SpinCAD.CADBlocks.ChirpCADBlock PASSED

AllBlocksCodeGenTest > testBlockCodeGeneration(String) > com.holycityaudio.SpinCAD.CADBlocks.ChorusCADBlock STANDARD_OUT
    Constant code gen!
    Constant code gen!
    Constant code gen!
    Constant code gen!
    ; ----------------------------
    ;------ Input
    ;------ Constant
    SOF 0.0000000000,0.9990234375
    WRAX REG0,0.0000000000
    ;------ Constant
    SOF 0.0000000000,0.9990234375
    WRAX REG1,0.0000000000
    ;------ Chorus
    SKP RUN ,1
    WLDS 0,50,64
    RDAX REG1,0.0023436070
    WRAX SIN0_RANGE,0.0000000000
    RDAX REG0,0.0391389432
    WRAX SIN0_RATE,0.0000000000
    LDAX ADCL
    WRA 0,0.0
    CHO RDA,0,REG | COMPC,257
    CHO RDA,0,0,258
    WRAX REG2,0.0000000000
    ;------ Output
    RDAX REG2,1.0000000000
    WRAX DACL,0.0000000000

    Optimization complete: saved 2 instruction(s) and 1 register(s).

AllBlocksCodeGenTest > testBlockCodeGeneration(String) > com.holycityaudio.SpinCAD.CADBlocks.ChorusCADBlock STANDARD_ERROR
    ----------------------------------------
    Register compaction report:
      Registers before compaction : 2  (highest was REG1 / 0x21)
      Holes removed               : 0
      Registers after compaction  : 2  (highest is now REG1 / 0x21)
      OK: all registers fit within REG0ûREG31.
    ----------------------------------------
    SpinFXBlock: numRegs updated to 0x22 (REG2)

AllBlocksCodeGenTest > testBlockCodeGeneration(String) > com.holycityaudio.SpinCAD.CADBlocks.ChorusCADBlock STANDARD_OUT
      OK: ChorusCADBlock ù 15 instr, 2 regs, 512 RAM

AllBlocksCodeGenTest > testBlockCodeGeneration(String) > com.holycityaudio.SpinCAD.CADBlocks.ChorusCADBlock PASSED

AllBlocksCodeGenTest > testBlockCodeGeneration(String) > com.holycityaudio.SpinCAD.CADBlocks.ChorusQuadCADBlock STANDARD_OUT
    Constant code gen!
    Constant code gen!
    Constant code gen!
    Constant code gen!
    ; ----------------------------
    ;------ Input
    ;------ Constant
    SOF 0.0000000000,0.9990234375
    WRAX REG0,0.0000000000
    ;------ Constant
    SOF 0.0000000000,0.9990234375
    WRAX REG1,0.0000000000
    ;------ 4-voice Chorus
    SKP RUN ,1
    WLDS 0,50,64
    RDAX REG1,0.0039062500
    WRAX SIN0_RANGE,0.0000000000
    RDAX REG0,0.0391389432
    WRAX SIN0_RATE,0.0000000000
    RDAX ADCL,1.0000000000
    WRA 0,0.0
    CHO RDA,0,REG | COMPC,141
    CHO RDA,0,0,142
    WRAX REG2,0.0000000000
    ;------ Output
    RDAX REG2,1.0000000000
    WRAX DACL,0.0000000000

    Optimization complete: saved 2 instruction(s) and 1 register(s).

AllBlocksCodeGenTest > testBlockCodeGeneration(String) > com.holycityaudio.SpinCAD.CADBlocks.ChorusQuadCADBlock STANDARD_ERROR
    ----------------------------------------
    Register compaction report:
      Registers before compaction : 2  (highest was REG1 / 0x21)
      Holes removed               : 0
      Registers after compaction  : 2  (highest is now REG1 / 0x21)
      OK: all registers fit within REG0ûREG31.
    ----------------------------------------
    SpinFXBlock: numRegs updated to 0x22 (REG2)

AllBlocksCodeGenTest > testBlockCodeGeneration(String) > com.holycityaudio.SpinCAD.CADBlocks.ChorusQuadCADBlock STANDARD_OUT
      OK: ChorusQuadCADBlock ù 15 instr, 2 regs, 512 RAM

AllBlocksCodeGenTest > testBlockCodeGeneration(String) > com.holycityaudio.SpinCAD.CADBlocks.ChorusQuadCADBlock PASSED

AllBlocksCodeGenTest > testBlockCodeGeneration(String) > com.holycityaudio.SpinCAD.CADBlocks.ClipControlCADBlock STANDARD_OUT
    Constant code gen!
    Constant code gen!
    Clip control code gen! Clip:3.0
    ; ----------------------------
    ;------ Input
    ;------ Constant
    SOF 0.0000000000,0.9990234375
    WRAX REG0,0.0000000000
    ;------ Clip
    RDAX REG0,1.0000000000
    SOF -2.0000000000,0.0000000000
    SOF -1.5000000000,0.0000000000
    WRAX REG1,0.0000000000
    ;------ Output

    Optimization complete: saved 2 instruction(s) and 1 register(s).

AllBlocksCodeGenTest > testBlockCodeGeneration(String) > com.holycityaudio.SpinCAD.CADBlocks.ClipControlCADBlock STANDARD_ERROR
    ----------------------------------------
    Register compaction report:
      Registers before compaction : 2  (highest was REG1 / 0x21)
      Holes removed               : 1
      Registers after compaction  : 1  (highest is now REG0 / 0x20)
      OK: all registers fit within REG0ûREG31.
    ----------------------------------------
    SpinFXBlock: numRegs updated to 0x21 (REG1)

AllBlocksCodeGenTest > testBlockCodeGeneration(String) > com.holycityaudio.SpinCAD.CADBlocks.ClipControlCADBlock STANDARD_OUT
      OK: ClipControlCADBlock ù 4 instr, 1 regs, 0 RAM

AllBlocksCodeGenTest > testBlockCodeGeneration(String) > com.holycityaudio.SpinCAD.CADBlocks.ClipControlCADBlock PASSED

AllBlocksCodeGenTest > testBlockCodeGeneration(String) > com.holycityaudio.SpinCAD.CADBlocks.CoarseDelayCADBlock STANDARD_OUT
    Constant code gen!
    Constant code gen!
    Servo Delay code gen!
    ; ----------------------------
    ;------ Input
    ;------ Constant
    SOF 0.0000000000,0.9990234375
    WRAX REG0,0.0000000000
    ;------ Coarse Delay
    RDAX ADCL,1.0000000000
    WRA 0,0.0
    CLR
    OR $007FFF00
    MULX REG0
    SOF 0.2500000000,0.0000305176
    WRAX ADDR_PTR,0.0000000000
    RMPA 1.0
    WRAX REG1,0.0000000000
    ;------ Output
    RDAX REG1,1.0000000000
    WRAX DACL,0.0000000000

    Optimization complete: saved 2 instruction(s) and 1 register(s).

AllBlocksCodeGenTest > testBlockCodeGeneration(String) > com.holycityaudio.SpinCAD.CADBlocks.CoarseDelayCADBlock STANDARD_ERROR
    ----------------------------------------
    Register compaction report:
      Registers before compaction : 1  (highest was REG0 / 0x20)
      Holes removed               : 0
      Registers after compaction  : 1  (highest is now REG0 / 0x20)
      OK: all registers fit within REG0ûREG31.
    ----------------------------------------
    SpinFXBlock: numRegs updated to 0x21 (REG1)

AllBlocksCodeGenTest > testBlockCodeGeneration(String) > com.holycityaudio.SpinCAD.CADBlocks.CoarseDelayCADBlock STANDARD_OUT
      OK: CoarseDelayCADBlock ù 11 instr, 1 regs, 8192 RAM

AllBlocksCodeGenTest > testBlockCodeGeneration(String) > com.holycityaudio.SpinCAD.CADBlocks.CoarseDelayCADBlock PASSED

AllBlocksCodeGenTest > testBlockCodeGeneration(String) > com.holycityaudio.SpinCAD.CADBlocks.ConstantCADBlock STANDARD_OUT
    Constant code gen!
    ; ----------------------------
    ;------ Input
    ;------ Constant
    SOF 0.0000000000,0.9990234375
    WRAX REG0,0.0000000000
    ;------ Output

    Optimization complete: saved 0 instruction(s) and 0 register(s).

AllBlocksCodeGenTest > testBlockCodeGeneration(String) > com.holycityaudio.SpinCAD.CADBlocks.ConstantCADBlock STANDARD_ERROR
    ----------------------------------------
    Register compaction report:
      Registers before compaction : 1  (highest was REG0 / 0x20)
      Holes removed               : 0
      Registers after compaction  : 1  (highest is now REG0 / 0x20)
      OK: all registers fit within REG0ûREG31.
    ----------------------------------------
    SpinFXBlock: numRegs updated to 0x21 (REG1)

AllBlocksCodeGenTest > testBlockCodeGeneration(String) > com.holycityaudio.SpinCAD.CADBlocks.ConstantCADBlock STANDARD_OUT
      OK: ConstantCADBlock ù 2 instr, 1 regs, 0 RAM

AllBlocksCodeGenTest > testBlockCodeGeneration(String) > com.holycityaudio.SpinCAD.CADBlocks.ConstantCADBlock PASSED

AllBlocksCodeGenTest > testBlockCodeGeneration(String) > com.holycityaudio.SpinCAD.CADBlocks.ControlMixerCADBlock STANDARD_OUT
    Constant code gen!
    Constant code gen!
    Constant code gen!
    Constant code gen!
    Control Mixer code gen!
    ; ----------------------------
    ;------ Input
    ;------ Constant
    SOF 0.0000000000,0.9990234375
    WRAX REG0,0.0000000000
    ;------ Constant
    SOF 0.0000000000,0.9990234375
    WRAX REG1,0.0000000000
    ;------ Control Mixer
    RDAX REG0,1.0000000000
    RDAX REG1,1.0000000000
    WRAX REG2,0.0000000000
    ;------ Output

    Optimization complete: saved 0 instruction(s) and 0 register(s).

AllBlocksCodeGenTest > testBlockCodeGeneration(String) > com.holycityaudio.SpinCAD.CADBlocks.ControlMixerCADBlock STANDARD_ERROR
    ----------------------------------------
    Register compaction report:
      Registers before compaction : 3  (highest was REG2 / 0x22)
      Holes removed               : 0
      Registers after compaction  : 3  (highest is now REG2 / 0x22)
      OK: all registers fit within REG0ûREG31.
    ----------------------------------------
    SpinFXBlock: numRegs updated to 0x23 (REG3)

AllBlocksCodeGenTest > testBlockCodeGeneration(String) > com.holycityaudio.SpinCAD.CADBlocks.ControlMixerCADBlock STANDARD_OUT
      OK: ControlMixerCADBlock ù 7 instr, 3 regs, 0 RAM

AllBlocksCodeGenTest > testBlockCodeGeneration(String) > com.holycityaudio.SpinCAD.CADBlocks.ControlMixerCADBlock PASSED

AllBlocksCodeGenTest > testBlockCodeGeneration(String) > com.holycityaudio.SpinCAD.CADBlocks.ControlMixer_2_to_1CADBlock STANDARD_OUT
    Constant code gen!
    Constant code gen!
    Constant code gen!
    Constant code gen!
    ; ----------------------------
    ;------ Input
    ;------ Constant
    SOF 0.0000000000,0.9990234375
    WRAX REG0,0.0000000000
    ;------ Constant
    SOF 0.0000000000,0.9990234375
    WRAX REG1,0.0000000000
    ;------ Mixer 2:1
    RDAX REG0,1.0000000000
    WRAX REG2,0.0000000000
    RDAX REG1,1.0000000000
    RDAX REG2,1.0000000000
    WRAX REG2,0.0000000000
    ;------ Output

    Optimization complete: saved 0 instruction(s) and 0 register(s).

AllBlocksCodeGenTest > testBlockCodeGeneration(String) > com.holycityaudio.SpinCAD.CADBlocks.ControlMixer_2_to_1CADBlock STANDARD_ERROR
    ----------------------------------------
    Register compaction report:
      Registers before compaction : 3  (highest was REG2 / 0x22)
      Holes removed               : 0
      Registers after compaction  : 3  (highest is now REG2 / 0x22)
      OK: all registers fit within REG0ûREG31.
    ----------------------------------------
    SpinFXBlock: numRegs updated to 0x23 (REG3)

AllBlocksCodeGenTest > testBlockCodeGeneration(String) > com.holycityaudio.SpinCAD.CADBlocks.ControlMixer_2_to_1CADBlock STANDARD_OUT
      OK: ControlMixer_2_to_1CADBlock ù 9 instr, 3 regs, 0 RAM

AllBlocksCodeGenTest > testBlockCodeGeneration(String) > com.holycityaudio.SpinCAD.CADBlocks.ControlMixer_2_to_1CADBlock PASSED

AllBlocksCodeGenTest > testBlockCodeGeneration(String) > com.holycityaudio.SpinCAD.CADBlocks.ControlMixer_3_to_1CADBlock STANDARD_OUT
    Constant code gen!
    Constant code gen!
    Constant code gen!
    Constant code gen!
    Constant code gen!
    Constant code gen!
    ; ----------------------------
    ;------ Input
    ;------ Constant
    SOF 0.0000000000,0.9990234375
    WRAX REG0,0.0000000000
    ;------ Constant
    SOF 0.0000000000,0.9990234375
    WRAX REG1,0.0000000000
    ;------ Constant
    SOF 0.0000000000,0.9990234375
    WRAX REG2,0.0000000000
    ;------ Mixer 3:1
    RDAX REG0,1.0000000000
    WRAX REG3,0.0000000000
    RDAX REG1,1.0000000000
    RDAX REG3,1.0000000000
    WRAX REG3,0.0000000000
    RDAX REG2,1.0000000000
    RDAX REG3,1.0000000000
    ;------ Output

    Optimization complete: saved 0 instruction(s) and 0 register(s).

AllBlocksCodeGenTest > testBlockCodeGeneration(String) > com.holycityaudio.SpinCAD.CADBlocks.ControlMixer_3_to_1CADBlock STANDARD_ERROR
    ----------------------------------------
    Register compaction report:
      Registers before compaction : 4  (highest was REG3 / 0x23)
      Holes removed               : 0
      Registers after compaction  : 4  (highest is now REG3 / 0x23)
      OK: all registers fit within REG0ûREG31.
    ----------------------------------------
    SpinFXBlock: numRegs updated to 0x24 (REG4)

AllBlocksCodeGenTest > testBlockCodeGeneration(String) > com.holycityaudio.SpinCAD.CADBlocks.ControlMixer_3_to_1CADBlock STANDARD_OUT
      OK: ControlMixer_3_to_1CADBlock ù 13 instr, 4 regs, 0 RAM

AllBlocksCodeGenTest > testBlockCodeGeneration(String) > com.holycityaudio.SpinCAD.CADBlocks.ControlMixer_3_to_1CADBlock PASSED

AllBlocksCodeGenTest > testBlockCodeGeneration(String) > com.holycityaudio.SpinCAD.CADBlocks.Crossover_4PCADBlock STANDARD_OUT
    Constant code gen!
    Constant code gen!
    ; ----------------------------
    ;------ Input
    ;------ Constant
    SOF 0.0000000000,0.9990234375
    WRAX REG0,0.0000000000
    ;------ Crossover 4P
    RDAX ADCL,0.2500000000
    RDAX REG2,-2.0000000000
    RDAX REG3,-2.0000000000
    RDAX REG4,-1.0000000000
    RDAX REG5,-0.2500000000
    SOF 1.9990000000,0.0000000000
    WRAX REG6,0.5000000000
    MULX REG0
    RDAX REG2,1.0000000000
    WRAX REG2,1.0000000000
    MULX REG0
    RDAX REG3,1.0000000000
    WRAX REG3,1.0000000000
    MULX REG0
    RDAX REG4,1.0000000000
    WRAX REG4,1.0000000000
    MULX REG0
    RDAX REG5,1.0000000000
    WRAX REG5,0.0000000000
    ;------ Output
    RDAX REG5,1.0000000000
    WRAX DACL,0.0000000000

    Optimization complete: saved 1 instruction(s) and 0 register(s).

AllBlocksCodeGenTest > testBlockCodeGeneration(String) > com.holycityaudio.SpinCAD.CADBlocks.Crossover_4PCADBlock STANDARD_ERROR
    ----------------------------------------
    Register compaction report:
      Registers before compaction : 7  (highest was REG6 / 0x26)
      Holes removed               : 1
      Registers after compaction  : 6  (highest is now REG5 / 0x25)
      OK: all registers fit within REG0ûREG31.
    ----------------------------------------
    SpinFXBlock: numRegs updated to 0x26 (REG6)

AllBlocksCodeGenTest > testBlockCodeGeneration(String) > com.holycityaudio.SpinCAD.CADBlocks.Crossover_4PCADBlock STANDARD_OUT
      OK: Crossover_4PCADBlock ù 22 instr, 6 regs, 0 RAM

AllBlocksCodeGenTest > testBlockCodeGeneration(String) > com.holycityaudio.SpinCAD.CADBlocks.Crossover_4PCADBlock PASSED

AllBlocksCodeGenTest > testBlockCodeGeneration(String) > com.holycityaudio.SpinCAD.CADBlocks.CubeGainCADBlock STANDARD_OUT
    ; ----------------------------
    ;------ Input
    ;------ Cube gain
    RDAX ADCL,1.0000000000
    WRAX REG0,-0.9333300000
    MULX REG0
    MULX REG0
    RDAX REG0,1.0000000000
    SOF 1.5000000000,0.0000000000
    WRAX REG1,0.0000000000
    ;------ Output
    RDAX REG1,1.0000000000
    WRAX DACL,0.0000000000

    Optimization complete: saved 2 instruction(s) and 1 register(s).

AllBlocksCodeGenTest > testBlockCodeGeneration(String) > com.holycityaudio.SpinCAD.CADBlocks.CubeGainCADBlock STANDARD_ERROR
    ----------------------------------------
    Register compaction report:
      Registers before compaction : 1  (highest was REG0 / 0x20)
      Holes removed               : 0
      Registers after compaction  : 1  (highest is now REG0 / 0x20)
      OK: all registers fit within REG0ûREG31.
    ----------------------------------------
    SpinFXBlock: numRegs updated to 0x21 (REG1)

AllBlocksCodeGenTest > testBlockCodeGeneration(String) > com.holycityaudio.SpinCAD.CADBlocks.CubeGainCADBlock STANDARD_OUT
      OK: CubeGainCADBlock ù 7 instr, 1 regs, 0 RAM

AllBlocksCodeGenTest > testBlockCodeGeneration(String) > com.holycityaudio.SpinCAD.CADBlocks.CubeGainCADBlock PASSED

AllBlocksCodeGenTest > testBlockCodeGeneration(String) > com.holycityaudio.SpinCAD.CADBlocks.DelayCADBlock STANDARD_OUT
    Empty!!!!
    ; ----------------------------
    ;------ Input
    ;------ Output

    Optimization complete: saved 0 instruction(s) and 0 register(s).

AllBlocksCodeGenTest > testBlockCodeGeneration(String) > com.holycityaudio.SpinCAD.CADBlocks.DelayCADBlock STANDARD_ERROR
    compactRegisters: no user registers found, nothing to compact.

AllBlocksCodeGenTest > testBlockCodeGeneration(String) > com.holycityaudio.SpinCAD.CADBlocks.DelayCADBlock STANDARD_OUT
      OK: DelayCADBlock ù 0 instr, 0 regs, 0 RAM

AllBlocksCodeGenTest > testBlockCodeGeneration(String) > com.holycityaudio.SpinCAD.CADBlocks.DelayCADBlock PASSED

AllBlocksCodeGenTest > testBlockCodeGeneration(String) > com.holycityaudio.SpinCAD.CADBlocks.DistortionCADBlock STANDARD_OUT
    Distortion code gen!
    ; ----------------------------
    ;------ Input
    ;------ Distortion
    SOF 0.0000000000,-1.0000000000
    WRAX REG0,0.0000000000
    RDAX ADCL,1.0000000000
    SKP NEG,2
    SOF 0.0000000000,0.9990000000
    WRAX REG0,0.0000000000
    LDAX ADCL
    ABSA
    WRAX REG1,1.0000000000
    SOF 1.0000000000,-0.1250000000
    SKP NEG,5
    LDAX REG1
    LOG -1.0,-0.375
    EXP 1.0,0.0
    SOF -1.0000000000,0.2500000000
    SKP RUN ,1
    SOF 1.0000000000,0.1250000000
    MULX REG0
    SOF -2.0000000000,0.0000000000
    SOF -2.0000000000,0.0000000000
    WRAX REG2,0.0000000000
    ;------ Output
    RDAX REG2,1.0000000000
    WRAX DACL,0.0000000000

    Optimization complete: saved 2 instruction(s) and 1 register(s).

AllBlocksCodeGenTest > testBlockCodeGeneration(String) > com.holycityaudio.SpinCAD.CADBlocks.DistortionCADBlock STANDARD_ERROR
    ----------------------------------------
    Register compaction report:
      Registers before compaction : 2  (highest was REG1 / 0x21)
      Holes removed               : 0
      Registers after compaction  : 2  (highest is now REG1 / 0x21)
      OK: all registers fit within REG0ûREG31.
    ----------------------------------------
    SpinFXBlock: numRegs updated to 0x22 (REG2)

AllBlocksCodeGenTest > testBlockCodeGeneration(String) > com.holycityaudio.SpinCAD.CADBlocks.DistortionCADBlock STANDARD_OUT
      OK: DistortionCADBlock ù 21 instr, 2 regs, 0 RAM

AllBlocksCodeGenTest > testBlockCodeGeneration(String) > com.holycityaudio.SpinCAD.CADBlocks.DistortionCADBlock PASSED

AllBlocksCodeGenTest > testBlockCodeGeneration(String) > com.holycityaudio.SpinCAD.CADBlocks.DrumDelayCADBlock STANDARD_OUT
    Constant code gen!
    Constant code gen!
    Constant code gen!
    Constant code gen!
    Constant code gen!
    Constant code gen!
    ; ----------------------------
    ;------ Input
    ;------ Constant
    SOF 0.0000000000,0.9990234375
    WRAX REG0,0.0000000000
    ;------ Constant
    SOF 0.0000000000,0.9990234375
    WRAX REG1,0.0000000000
    ;------ Constant
    SOF 0.0000000000,0.9990234375
    WRAX REG2,0.0000000000
    ;------ Drum Delay
    RDAX ADCR,0.5000000000
    MULX REG2
    RDAX ADCL,1.0000000000
    WRA 0,0.0
    RDAX REG1,1.0000000000
    SOF 1.0000000000,-0.2500000000
    SKP NEG,24
    SOF 1.0000000000,-0.2500000000
    SKP NEG,16
    SOF 1.0000000000,-0.2500000000
    SKP NEG,7
    CLR
    OR $007FFF00
    MULX REG0
    SOF 0.2374927521,0.0125301361
    WRAX ADDR_PTR,0.0000000000
    RMPA 1.0
    WRAX REG3,0.0000000000
    CLR
    OR $007FFF00
    MULX REG0
    SOF 0.4274869537,0.0225298309
    WRAX ADDR_PTR,0.0000000000
    RMPA 1.0
    WRAX REG4,0.0000000000
    CLR
    OR $007FFF00
    MULX REG0
    SOF 0.5699826050,0.0300296021
    WRAX ADDR_PTR,0.0000000000
    RMPA 1.0
    WRAX REG5,0.0000000000
    CLR
    OR $007FFF00
    MULX REG0
    SOF 0.8074753571,0.0425292206
    WRAX ADDR_PTR,0.0000000000
    RMPA 1.0
    WRAX REG6,0.0000000000
    ;------ Output
    RDAX REG6,1.0000000000
    WRAX DACL,0.0000000000

    Optimization complete: saved 2 instruction(s) and 1 register(s).

AllBlocksCodeGenTest > testBlockCodeGeneration(String) > com.holycityaudio.SpinCAD.CADBlocks.DrumDelayCADBlock STANDARD_ERROR
    ----------------------------------------
    Register compaction report:
      Registers before compaction : 6  (highest was REG5 / 0x25)
      Holes removed               : 0
      Registers after compaction  : 6  (highest is now REG5 / 0x25)
      OK: all registers fit within REG0ûREG31.
    ----------------------------------------
    SpinFXBlock: numRegs updated to 0x26 (REG6)

AllBlocksCodeGenTest > testBlockCodeGeneration(String) > com.holycityaudio.SpinCAD.CADBlocks.DrumDelayCADBlock STANDARD_OUT
      OK: DrumDelayCADBlock ù 45 instr, 6 regs, 32767 RAM

AllBlocksCodeGenTest > testBlockCodeGeneration(String) > com.holycityaudio.SpinCAD.CADBlocks.DrumDelayCADBlock PASSED

AllBlocksCodeGenTest > testBlockCodeGeneration(String) > com.holycityaudio.SpinCAD.CADBlocks.DrumDelaySrcCADBlock STANDARD_OUT
    Constant code gen!
    Constant code gen!
    Constant code gen!
    Constant code gen!
    Constant code gen!
    Constant code gen!
    ; ----------------------------
    ;------ Input
    ;------ Constant
    SOF 0.0000000000,0.9990234375
    WRAX REG0,0.0000000000
    ;------ Constant
    SOF 0.0000000000,0.9990234375
    WRAX REG1,0.0000000000
    ;------ Constant
    SOF 0.0000000000,0.9990234375
    WRAX REG2,0.0000000000
    ;------ Drum Delay
    RDAX ADCR,0.5000000000
    MULX REG2
    RDAX ADCL,1.0000000000
    WRA 0,0.0
    RDAX REG1,1.0000000000
    SOF 1.0000000000,-0.2500000000
    SKP NEG,19
    SOF 1.0000000000,-0.2500000000
    SKP NEG,25
    SOF 1.0000000000,-0.2500000000
    SKP NEG,31
    CLR
    OR $007FFF00
    MULX REG0
    SOF 0.8074753571,0.0425292206
    WRAX ADDR_PTR,0.0000000000
    RMPA 1.0
    WRAX REG3,0.0000000000
    CLR
    OR $007FFF00
    MULX REG0
    SOF 0.5699826050,0.0300296021
    WRAX ADDR_PTR,0.0000000000
    RMPA 1.0
    WRAX REG4,0.0000000000
    CLR
    OR $007FFF00
    MULX REG0
    SOF 0.4274869537,0.0225298309
    WRAX ADDR_PTR,0.0000000000
    RMPA 1.0
    WRAX REG5,0.0000000000
    CLR
    OR $007FFF00
    MULX REG0
    SOF 0.2374927521,0.0125301361
    WRAX ADDR_PTR,0.0000000000
    RMPA 1.0
    WRAX REG6,0.0000000000
    ;------ Output
    RDAX REG3,1.0000000000
    WRAX DACL,0.0000000000

    Optimization complete: saved 0 instruction(s) and 0 register(s).
    Output register optimization complete: saved 2 instruction(s) and 1 register(s).

AllBlocksCodeGenTest > testBlockCodeGeneration(String) > com.holycityaudio.SpinCAD.CADBlocks.DrumDelaySrcCADBlock STANDARD_ERROR
    ----------------------------------------
    Register compaction report:
      Registers before compaction : 7  (highest was REG6 / 0x26)
      Holes removed               : 1
      Registers after compaction  : 6  (highest is now REG5 / 0x25)
      OK: all registers fit within REG0ûREG31.
    ----------------------------------------
    SpinFXBlock: numRegs updated to 0x26 (REG6)

AllBlocksCodeGenTest > testBlockCodeGeneration(String) > com.holycityaudio.SpinCAD.CADBlocks.DrumDelaySrcCADBlock STANDARD_OUT
      OK: DrumDelaySrcCADBlock ù 45 instr, 6 regs, 32767 RAM

AllBlocksCodeGenTest > testBlockCodeGeneration(String) > com.holycityaudio.SpinCAD.CADBlocks.DrumDelaySrcCADBlock PASSED

AllBlocksCodeGenTest > testBlockCodeGeneration(String) > com.holycityaudio.SpinCAD.CADBlocks.EnvelopeControlCADBlock STANDARD_OUT
    Constant code gen!
    Constant code gen!
    Envelope control code gen!
    ; ----------------------------
    ;------ Input
    ;------ Constant
    SOF 0.0000000000,0.9990234375
    WRAX REG0,0.0000000000
    ;------ Envelope
    RDAX ADCL,1.0000000000
    MULX REG0
    ABSA
    SOF -2.0000000000,0.0000000000
    SOF -2.0000000000,0.0000000000
    RDFX REG1,0.0001500000
    WRAX REG1,0.0000000000
    RDAX REG2,1.0000000000
    SOF -0.0001000000,0.0000000000
    RDAX REG2,1.0000000000
    WRAX REG3,0.0000000000
    RDAX REG1,1.0000000000
    MAXX REG3,1.0000000000
    WRAX REG2,0.0000000000
    ;------ Output

    Optimization complete: saved 0 instruction(s) and 0 register(s).

AllBlocksCodeGenTest > testBlockCodeGeneration(String) > com.holycityaudio.SpinCAD.CADBlocks.EnvelopeControlCADBlock STANDARD_ERROR
    ----------------------------------------
    Register compaction report:
      Registers before compaction : 4  (highest was REG3 / 0x23)
      Holes removed               : 0
      Registers after compaction  : 4  (highest is now REG3 / 0x23)
      OK: all registers fit within REG0ûREG31.
    ----------------------------------------
    SpinFXBlock: numRegs updated to 0x24 (REG4)

AllBlocksCodeGenTest > testBlockCodeGeneration(String) > com.holycityaudio.SpinCAD.CADBlocks.EnvelopeControlCADBlock STANDARD_OUT
      OK: EnvelopeControlCADBlock ù 16 instr, 4 regs, 0 RAM

AllBlocksCodeGenTest > testBlockCodeGeneration(String) > com.holycityaudio.SpinCAD.CADBlocks.EnvelopeControlCADBlock PASSED

AllBlocksCodeGenTest > testBlockCodeGeneration(String) > com.holycityaudio.SpinCAD.CADBlocks.ExpCADBlock STANDARD_OUT
    Constant code gen!
    Constant code gen!
    ; ----------------------------
    ;------ Input
    ;------ Constant
    SOF 0.0000000000,0.9990234375
    WRAX REG0,0.0000000000
    ;------ Exp
    RDAX REG0,1.0000000000
    EXP 0.5,-0.5
    WRAX REG1,0.0000000000
    ;------ Output

    Optimization complete: saved 2 instruction(s) and 1 register(s).

AllBlocksCodeGenTest > testBlockCodeGeneration(String) > com.holycityaudio.SpinCAD.CADBlocks.ExpCADBlock STANDARD_ERROR
    ----------------------------------------
    Register compaction report:
      Registers before compaction : 2  (highest was REG1 / 0x21)
      Holes removed               : 1
      Registers after compaction  : 1  (highest is now REG0 / 0x20)
      OK: all registers fit within REG0ûREG31.
    ----------------------------------------
    SpinFXBlock: numRegs updated to 0x21 (REG1)

AllBlocksCodeGenTest > testBlockCodeGeneration(String) > com.holycityaudio.SpinCAD.CADBlocks.ExpCADBlock STANDARD_OUT
      OK: ExpCADBlock ù 3 instr, 1 regs, 0 RAM

AllBlocksCodeGenTest > testBlockCodeGeneration(String) > com.holycityaudio.SpinCAD.CADBlocks.ExpCADBlock PASSED

AllBlocksCodeGenTest > testBlockCodeGeneration(String) > com.holycityaudio.SpinCAD.CADBlocks.ExponentialControlCADBlock STANDARD_OUT
    Constant code gen!
    Constant code gen!
    Envelope control code gen!
    ; ----------------------------
    ;------ Input
    ;------ Constant
    SOF 0.0000000000,0.9990234375
    WRAX REG0,0.0000000000
    ;------ Exp
    RDAX REG0,1.0000000000
    SOF 0.5000000000,-0.5000000000
    EXP 1.0,0.0
    WRAX REG1,0.0000000000
    ;------ Output

    Optimization complete: saved 2 instruction(s) and 1 register(s).

AllBlocksCodeGenTest > testBlockCodeGeneration(String) > com.holycityaudio.SpinCAD.CADBlocks.ExponentialControlCADBlock STANDARD_ERROR
    ----------------------------------------
    Register compaction report:
      Registers before compaction : 2  (highest was REG1 / 0x21)
      Holes removed               : 1
      Registers after compaction  : 1  (highest is now REG0 / 0x20)
      OK: all registers fit within REG0ûREG31.
    ----------------------------------------
    SpinFXBlock: numRegs updated to 0x21 (REG1)

AllBlocksCodeGenTest > testBlockCodeGeneration(String) > com.holycityaudio.SpinCAD.CADBlocks.ExponentialControlCADBlock STANDARD_OUT
      OK: ExponentialControlCADBlock ù 4 instr, 1 regs, 0 RAM

AllBlocksCodeGenTest > testBlockCodeGeneration(String) > com.holycityaudio.SpinCAD.CADBlocks.ExponentialControlCADBlock PASSED

AllBlocksCodeGenTest > testBlockCodeGeneration(String) > com.holycityaudio.SpinCAD.CADBlocks.FBInputCADBlock STANDARD_OUT
    ; ----------------------------
    ;------ Input
    ;------ FB In 1
    RDAX ADCL,1.0000000000
    WRAX REG0,0.0000000000
    ;------ Output

    Optimization complete: saved 0 instruction(s) and 0 register(s).

AllBlocksCodeGenTest > testBlockCodeGeneration(String) > com.holycityaudio.SpinCAD.CADBlocks.FBInputCADBlock STANDARD_ERROR
    ----------------------------------------
    Register compaction report:
      Registers before compaction : 1  (highest was REG0 / 0x20)
      Holes removed               : 0
      Registers after compaction  : 1  (highest is now REG0 / 0x20)
      OK: all registers fit within REG0ûREG31.
    ----------------------------------------
    SpinFXBlock: numRegs updated to 0x21 (REG1)

AllBlocksCodeGenTest > testBlockCodeGeneration(String) > com.holycityaudio.SpinCAD.CADBlocks.FBInputCADBlock STANDARD_OUT
      OK: FBInputCADBlock ù 2 instr, 1 regs, 0 RAM

AllBlocksCodeGenTest > testBlockCodeGeneration(String) > com.holycityaudio.SpinCAD.CADBlocks.FBInputCADBlock PASSED

AllBlocksCodeGenTest > testBlockCodeGeneration(String) > com.holycityaudio.SpinCAD.CADBlocks.FBOutputCADBlock STANDARD_OUT
    ; ----------------------------
    ;------ Input
    ;------ Feedback Output
    ;------ Output
    RDAX REG0,1.0000000000
    WRAX DACL,0.0000000000

    Optimization complete: saved 0 instruction(s) and 0 register(s).

AllBlocksCodeGenTest > testBlockCodeGeneration(String) > com.holycityaudio.SpinCAD.CADBlocks.FBOutputCADBlock STANDARD_ERROR
    ----------------------------------------
    Register compaction report:
      Registers before compaction : 1  (highest was REG0 / 0x20)
      Holes removed               : 0
      Registers after compaction  : 1  (highest is now REG0 / 0x20)
      OK: all registers fit within REG0ûREG31.
    ----------------------------------------
    SpinFXBlock: numRegs updated to 0x21 (REG1)

AllBlocksCodeGenTest > testBlockCodeGeneration(String) > com.holycityaudio.SpinCAD.CADBlocks.FBOutputCADBlock STANDARD_OUT
      OK: FBOutputCADBlock ù 2 instr, 1 regs, 0 RAM

AllBlocksCodeGenTest > testBlockCodeGeneration(String) > com.holycityaudio.SpinCAD.CADBlocks.FBOutputCADBlock PASSED

AllBlocksCodeGenTest > testBlockCodeGeneration(String) > com.holycityaudio.SpinCAD.CADBlocks.FilterCADBlock STANDARD_OUT
    Empty!!!!
    ; ----------------------------
    ;------ Input
    ;------ Output

    Optimization complete: saved 0 instruction(s) and 0 register(s).

AllBlocksCodeGenTest > testBlockCodeGeneration(String) > com.holycityaudio.SpinCAD.CADBlocks.FilterCADBlock STANDARD_ERROR
    compactRegisters: no user registers found, nothing to compact.

AllBlocksCodeGenTest > testBlockCodeGeneration(String) > com.holycityaudio.SpinCAD.CADBlocks.FilterCADBlock STANDARD_OUT
      OK: FilterCADBlock ù 0 instr, 0 regs, 0 RAM

AllBlocksCodeGenTest > testBlockCodeGeneration(String) > com.holycityaudio.SpinCAD.CADBlocks.FilterCADBlock PASSED

AllBlocksCodeGenTest > testBlockCodeGeneration(String) > com.holycityaudio.SpinCAD.CADBlocks.FlangerCADBlock STANDARD_OUT
    Constant code gen!
    Constant code gen!
    Constant code gen!
    Constant code gen!
    Constant code gen!
    Constant code gen!
    ; ----------------------------
    ;------ Input
    ;------ Constant
    SOF 0.0000000000,0.9990234375
    WRAX REG0,0.0000000000
    ;------ Constant
    SOF 0.0000000000,0.9990234375
    WRAX REG1,0.0000000000
    ;------ Constant
    SOF 0.0000000000,0.9990234375
    WRAX REG2,0.0000000000
    ;------ Flanger
    SKP RUN ,1
    WLDS 0,20,9
    RDAX REG1,0.0002929509
    WRAX SIN0_RANGE,0.0000000000
    RDAX REG0,0.0391389432
    WRAX SIN0_RATE,0.0000000000
    RDAX ADCR,0.5000000000
    MULX REG2
    RDAX ADCL,1.0000000000
    WRA 0,0.0
    CHO RDA,0,REG | COMPC,33
    CHO RDA,0,0,34
    WRAX REG3,0.0000000000
    ;------ Output
    RDAX REG3,1.0000000000
    WRAX DACL,0.0000000000

    Optimization complete: saved 2 instruction(s) and 1 register(s).

AllBlocksCodeGenTest > testBlockCodeGeneration(String) > com.holycityaudio.SpinCAD.CADBlocks.FlangerCADBlock STANDARD_ERROR
    ----------------------------------------
    Register compaction report:
      Registers before compaction : 3  (highest was REG2 / 0x22)
      Holes removed               : 0
      Registers after compaction  : 3  (highest is now REG2 / 0x22)
      OK: all registers fit within REG0ûREG31.
    ----------------------------------------
    SpinFXBlock: numRegs updated to 0x23 (REG3)

AllBlocksCodeGenTest > testBlockCodeGeneration(String) > com.holycityaudio.SpinCAD.CADBlocks.FlangerCADBlock STANDARD_OUT
      OK: FlangerCADBlock ù 19 instr, 3 regs, 64 RAM

AllBlocksCodeGenTest > testBlockCodeGeneration(String) > com.holycityaudio.SpinCAD.CADBlocks.FlangerCADBlock PASSED

AllBlocksCodeGenTest > testBlockCodeGeneration(String) > com.holycityaudio.SpinCAD.CADBlocks.GainBoostCADBlock STANDARD_OUT
    Gain boost code gen!
    ; ----------------------------
    ;------ Input
    ;------ Gain Boost
    RDAX ADCL,1.0000000000
    SOF -2.0000000000,0.0000000000
    SOF -1.0000000000,0.0000000000
    WRAX REG0,0.0000000000
    ;------ Output
    RDAX REG0,1.0000000000
    WRAX DACL,0.0000000000

    Optimization complete: saved 2 instruction(s) and 1 register(s).

AllBlocksCodeGenTest > testBlockCodeGeneration(String) > com.holycityaudio.SpinCAD.CADBlocks.GainBoostCADBlock STANDARD_ERROR
    compactRegisters: no user registers found, nothing to compact.

AllBlocksCodeGenTest > testBlockCodeGeneration(String) > com.holycityaudio.SpinCAD.CADBlocks.GainBoostCADBlock STANDARD_OUT
      OK: GainBoostCADBlock ù 4 instr, 1 regs, 0 RAM

AllBlocksCodeGenTest > testBlockCodeGeneration(String) > com.holycityaudio.SpinCAD.CADBlocks.GainBoostCADBlock PASSED

AllBlocksCodeGenTest > testBlockCodeGeneration(String) > com.holycityaudio.SpinCAD.CADBlocks.GainCADBlock STANDARD_OUT
    Empty!!!!
    ; ----------------------------
    ;------ Input
    ;------ Output
    RDAX -1,1.0000000000
    WRAX DACL,0.0000000000

    Optimization complete: saved 0 instruction(s) and 0 register(s).

AllBlocksCodeGenTest > testBlockCodeGeneration(String) > com.holycityaudio.SpinCAD.CADBlocks.GainCADBlock STANDARD_ERROR
    compactRegisters: no user registers found, nothing to compact.

AllBlocksCodeGenTest > testBlockCodeGeneration(String) > com.holycityaudio.SpinCAD.CADBlocks.GainCADBlock STANDARD_OUT
      OK: GainCADBlock ù 2 instr, 0 regs, 0 RAM

AllBlocksCodeGenTest > testBlockCodeGeneration(String) > com.holycityaudio.SpinCAD.CADBlocks.GainCADBlock PASSED

AllBlocksCodeGenTest > testBlockCodeGeneration(String) > com.holycityaudio.SpinCAD.CADBlocks.Glitch_shiftCADBlock STANDARD_OUT
    Constant code gen!
    Constant code gen!
    ; ----------------------------
    ;------ Input
    ;------ Constant
    SOF 0.0000000000,0.9990234375
    WRAX REG0,0.0000000000
    ;------ Glitch Shift
    SKP RUN ,1
    WLDR 0, 8192, 4096
    LDAX ADCL
    WRA 0,0.0
    RDAX REG0,0.2500000000
    WRAX RMP0_RATE,0.0000000000
    CHO RDA,2,REG | COMPC,0
    CHO RDA,2,0,1
    WRA 4097,0.0
    CHO RDA,2,COMPC | RPTR2,0
    CHO RDA,2,RPTR2,1
    CHO SOF,2,NA,0.0
    CHO RDA,2,COMPC | NA,4097
    WRAX REG1,0.0000000000
    ;------ Output
    RDAX REG1,1.0000000000
    WRAX DACL,0.0000000000

    Optimization complete: saved 2 instruction(s) and 1 register(s).

AllBlocksCodeGenTest > testBlockCodeGeneration(String) > com.holycityaudio.SpinCAD.CADBlocks.Glitch_shiftCADBlock STANDARD_ERROR
    ----------------------------------------
    Register compaction report:
      Registers before compaction : 1  (highest was REG0 / 0x20)
      Holes removed               : 0
      Registers after compaction  : 1  (highest is now REG0 / 0x20)
      OK: all registers fit within REG0ûREG31.
    ----------------------------------------
    SpinFXBlock: numRegs updated to 0x21 (REG1)

AllBlocksCodeGenTest > testBlockCodeGeneration(String) > com.holycityaudio.SpinCAD.CADBlocks.Glitch_shiftCADBlock STANDARD_OUT
      OK: Glitch_shiftCADBlock ù 16 instr, 1 regs, 4097 RAM

AllBlocksCodeGenTest > testBlockCodeGeneration(String) > com.holycityaudio.SpinCAD.CADBlocks.Glitch_shiftCADBlock PASSED

AllBlocksCodeGenTest > testBlockCodeGeneration(String) > com.holycityaudio.SpinCAD.CADBlocks.HPF1PCADBlock STANDARD_OUT
    HPF 1P code gen!
    ; ----------------------------
    ;------ Input
    ;------ 1 pole high pass
    RDAX REG0,0.9550247082
    RDAX ADCL,0.0449752918
    WRAX REG0,-1.0000000000
    RDAX ADCL,1.0000000000
    WRAX REG1,0.0000000000
    ;------ Output
    RDAX REG1,1.0000000000
    WRAX DACL,0.0000000000

    Optimization complete: saved 2 instruction(s) and 1 register(s).

AllBlocksCodeGenTest > testBlockCodeGeneration(String) > com.holycityaudio.SpinCAD.CADBlocks.HPF1PCADBlock STANDARD_ERROR
    ----------------------------------------
    Register compaction report:
      Registers before compaction : 1  (highest was REG0 / 0x20)
      Holes removed               : 0
      Registers after compaction  : 1  (highest is now REG0 / 0x20)
      OK: all registers fit within REG0ûREG31.
    ----------------------------------------
    SpinFXBlock: numRegs updated to 0x21 (REG1)

AllBlocksCodeGenTest > testBlockCodeGeneration(String) > com.holycityaudio.SpinCAD.CADBlocks.HPF1PCADBlock STANDARD_OUT
      OK: HPF1PCADBlock ù 5 instr, 1 regs, 0 RAM

AllBlocksCodeGenTest > testBlockCodeGeneration(String) > com.holycityaudio.SpinCAD.CADBlocks.HPF1PCADBlock PASSED

AllBlocksCodeGenTest > testBlockCodeGeneration(String) > com.holycityaudio.SpinCAD.CADBlocks.HPF2PCADBlock STANDARD_OUT
    Constant code gen!
    Constant code gen!
    Constant code gen!
    Constant code gen!
    HPF 2/4 pole code gen!
    ; ----------------------------
    ;------ Input
    ;------ Constant
    SOF 0.0000000000,0.9990234375
    WRAX REG0,0.0000000000
    ;------ Constant
    SOF 0.0000000000,0.9990234375
    WRAX REG1,0.0000000000
    ;------ 2 pole high pass
    SKP RUN ,3
    CLR
    WRAX REG4,0.0000000000
    WRAX REG5,0.0000000000
    RDAX REG0,1.0000000000
    SOF 0.3500000000,-0.3500000000
    EXP 1.0,0.0
    WRAX REG2,0.0000000000
    RDAX REG4,1.0000000000
    MULX REG2
    RDAX REG5,1.0000000000
    WRAX REG5,-1.0000000000
    WRAX REG7,0.0000000000
    RDAX REG4,-0.2000000000
    MULX REG1
    RDAX REG7,1.0000000000
    RDAX ADCL,1.0000000000
    WRAX REG6,1.0000000000
    MULX REG2
    RDAX REG4,1.0000000000
    WRAX REG4,0.0000000000
    ;------ Output
    RDAX REG6,1.0000000000
    WRAX DACL,0.0000000000

    Optimization complete: saved 0 instruction(s) and 0 register(s).

AllBlocksCodeGenTest > testBlockCodeGeneration(String) > com.holycityaudio.SpinCAD.CADBlocks.HPF2PCADBlock STANDARD_ERROR
    ----------------------------------------
    Register compaction report:
      Registers before compaction : 8  (highest was REG7 / 0x27)
      Holes removed               : 1
      Registers after compaction  : 7  (highest is now REG6 / 0x26)
      OK: all registers fit within REG0ûREG31.
    ----------------------------------------
    SpinFXBlock: numRegs updated to 0x27 (REG7)

AllBlocksCodeGenTest > testBlockCodeGeneration(String) > com.holycityaudio.SpinCAD.CADBlocks.HPF2PCADBlock STANDARD_OUT
      OK: HPF2PCADBlock ù 27 instr, 7 regs, 0 RAM

AllBlocksCodeGenTest > testBlockCodeGeneration(String) > com.holycityaudio.SpinCAD.CADBlocks.HPF2PCADBlock PASSED

AllBlocksCodeGenTest > testBlockCodeGeneration(String) > com.holycityaudio.SpinCAD.CADBlocks.HPFCADBlock STANDARD_OUT
    HPF-2P-Fixed code gen!
    ; ----------------------------
    ;------ Input
    ;------ High pass filter
    SKP RUN ,3
    CLR
    WRAX REG0,0.0000000000
    WRAX REG1,0.0000000000
    RDAX REG0,0.2131183548
    RDAX REG1,1.0000000000
    WRAX REG1,-1.0000000000
    RDAX REG0,-0.1300000000
    RDAX ADCL,1.0000000000
    WRAX REG2,0.2131183548
    RDAX REG0,1.0000000000
    WRAX REG0,0.0000000000
    RDAX REG1,-1.0000000000
    RDAX ADCL,1.0000000000
    RDAX REG1,1.0000000000
    ;------ Output
    RDAX REG2,1.0000000000
    WRAX DACL,0.0000000000

    Optimization complete: saved 0 instruction(s) and 0 register(s).

AllBlocksCodeGenTest > testBlockCodeGeneration(String) > com.holycityaudio.SpinCAD.CADBlocks.HPFCADBlock STANDARD_ERROR
    ----------------------------------------
    Register compaction report:
      Registers before compaction : 3  (highest was REG2 / 0x22)
      Holes removed               : 0
      Registers after compaction  : 3  (highest is now REG2 / 0x22)
      OK: all registers fit within REG0ûREG31.
    ----------------------------------------
    SpinFXBlock: numRegs updated to 0x23 (REG3)

AllBlocksCodeGenTest > testBlockCodeGeneration(String) > com.holycityaudio.SpinCAD.CADBlocks.HPFCADBlock STANDARD_OUT
      OK: HPFCADBlock ù 17 instr, 3 regs, 0 RAM

AllBlocksCodeGenTest > testBlockCodeGeneration(String) > com.holycityaudio.SpinCAD.CADBlocks.HPFCADBlock PASSED

AllBlocksCodeGenTest > testBlockCodeGeneration(String) > com.holycityaudio.SpinCAD.CADBlocks.HPF_RDFXCADBlock STANDARD_OUT
    Constant code gen!
    Constant code gen!
    ; ----------------------------
    ;------ Input
    ;------ Constant
    SOF 0.0000000000,0.9990234375
    WRAX REG0,0.0000000000
    ;------ HPF 1P
    RDAX ADCL,0.0150000000
    RDAX REG2,-0.0150000000
    MULX REG0
    RDAX REG2,1.0000000000
    WRAX REG2,-1.0000000000
    RDAX ADCL,1.0000000000
    WRAX REG1,0.0000000000
    ;------ Output
    RDAX REG1,1.0000000000
    WRAX DACL,0.0000000000

    Optimization complete: saved 2 instruction(s) and 1 register(s).

AllBlocksCodeGenTest > testBlockCodeGeneration(String) > com.holycityaudio.SpinCAD.CADBlocks.HPF_RDFXCADBlock STANDARD_ERROR
    ----------------------------------------
    Register compaction report:
      Registers before compaction : 3  (highest was REG2 / 0x22)
      Holes removed               : 1
      Registers after compaction  : 2  (highest is now REG1 / 0x21)
      OK: all registers fit within REG0ûREG31.
    ----------------------------------------
    SpinFXBlock: numRegs updated to 0x22 (REG2)

AllBlocksCodeGenTest > testBlockCodeGeneration(String) > com.holycityaudio.SpinCAD.CADBlocks.HPF_RDFXCADBlock STANDARD_OUT
      OK: HPF_RDFXCADBlock ù 9 instr, 2 regs, 0 RAM

AllBlocksCodeGenTest > testBlockCodeGeneration(String) > com.holycityaudio.SpinCAD.CADBlocks.HPF_RDFXCADBlock PASSED

AllBlocksCodeGenTest > testBlockCodeGeneration(String) > com.holycityaudio.SpinCAD.CADBlocks.Half_WaveCADBlock STANDARD_OUT
    Constant code gen!
    Constant code gen!
    ; ----------------------------
    ;------ Input
    ;------ Constant
    SOF 0.0000000000,0.9990234375
    WRAX REG0,0.0000000000
    ;------ Half Wave
    LDAX REG0
    SKP GEZ,1
    CLR
    WRAX REG1,0.0000000000
    ;------ Output

    Optimization complete: saved 0 instruction(s) and 0 register(s).

AllBlocksCodeGenTest > testBlockCodeGeneration(String) > com.holycityaudio.SpinCAD.CADBlocks.Half_WaveCADBlock STANDARD_ERROR
    ----------------------------------------
    Register compaction report:
      Registers before compaction : 2  (highest was REG1 / 0x21)
      Holes removed               : 0
      Registers after compaction  : 2  (highest is now REG1 / 0x21)
      OK: all registers fit within REG0ûREG31.
    ----------------------------------------
    SpinFXBlock: numRegs updated to 0x22 (REG2)

AllBlocksCodeGenTest > testBlockCodeGeneration(String) > com.holycityaudio.SpinCAD.CADBlocks.Half_WaveCADBlock STANDARD_OUT
      OK: Half_WaveCADBlock ù 6 instr, 2 regs, 0 RAM

AllBlocksCodeGenTest > testBlockCodeGeneration(String) > com.holycityaudio.SpinCAD.CADBlocks.Half_WaveCADBlock PASSED

AllBlocksCodeGenTest > testBlockCodeGeneration(String) > com.holycityaudio.SpinCAD.CADBlocks.InputCADBlock STANDARD_OUT
    ; ----------------------------
    ;------ Input
    ;------ Output
    RDAX ADCL,1.0000000000
    WRAX DACL,0.0000000000

    Optimization complete: saved 0 instruction(s) and 0 register(s).

AllBlocksCodeGenTest > testBlockCodeGeneration(String) > com.holycityaudio.SpinCAD.CADBlocks.InputCADBlock STANDARD_ERROR
    compactRegisters: no user registers found, nothing to compact.

AllBlocksCodeGenTest > testBlockCodeGeneration(String) > com.holycityaudio.SpinCAD.CADBlocks.InputCADBlock PASSED

AllBlocksCodeGenTest > testBlockCodeGeneration(String) > com.holycityaudio.SpinCAD.CADBlocks.InvertControlCADBlock STANDARD_OUT
    Constant code gen!
    Constant code gen!
    Invert code gen!
    ; ----------------------------
    ;------ Input
    ;------ Constant
    SOF 0.0000000000,0.9990234375
    WRAX REG0,0.0000000000
    ;------ Invert
    RDAX REG0,1.0000000000
    SOF -0.9990000000,0.9990000000
    WRAX REG1,0.0000000000
    ;------ Output

    Optimization complete: saved 2 instruction(s) and 1 register(s).

AllBlocksCodeGenTest > testBlockCodeGeneration(String) > com.holycityaudio.SpinCAD.CADBlocks.InvertControlCADBlock STANDARD_ERROR
    ----------------------------------------
    Register compaction report:
      Registers before compaction : 2  (highest was REG1 / 0x21)
      Holes removed               : 1
      Registers after compaction  : 1  (highest is now REG0 / 0x20)
      OK: all registers fit within REG0ûREG31.
    ----------------------------------------
    SpinFXBlock: numRegs updated to 0x21 (REG1)

AllBlocksCodeGenTest > testBlockCodeGeneration(String) > com.holycityaudio.SpinCAD.CADBlocks.InvertControlCADBlock STANDARD_OUT
      OK: InvertControlCADBlock ù 3 instr, 1 regs, 0 RAM

AllBlocksCodeGenTest > testBlockCodeGeneration(String) > com.holycityaudio.SpinCAD.CADBlocks.InvertControlCADBlock PASSED

AllBlocksCodeGenTest > testBlockCodeGeneration(String) > com.holycityaudio.SpinCAD.CADBlocks.LFO_ValueCADBlock STANDARD_OUT
    ; ----------------------------
    ;------ Input
    ;------ LFO Value
    ;------ Output

    Optimization complete: saved 0 instruction(s) and 0 register(s).

AllBlocksCodeGenTest > testBlockCodeGeneration(String) > com.holycityaudio.SpinCAD.CADBlocks.LFO_ValueCADBlock STANDARD_ERROR
    compactRegisters: no user registers found, nothing to compact.

AllBlocksCodeGenTest > testBlockCodeGeneration(String) > com.holycityaudio.SpinCAD.CADBlocks.LFO_ValueCADBlock STANDARD_OUT
      OK: LFO_ValueCADBlock ù 0 instr, 0 regs, 0 RAM

AllBlocksCodeGenTest > testBlockCodeGeneration(String) > com.holycityaudio.SpinCAD.CADBlocks.LFO_ValueCADBlock PASSED

AllBlocksCodeGenTest > testBlockCodeGeneration(String) > com.holycityaudio.SpinCAD.CADBlocks.LPF1PCADBlock STANDARD_OUT
    LPF 1P code gen!
    ; ----------------------------
    ;------ Input
    ;------ 1 pole low pass
    RDAX REG0,0.9550247082
    RDAX ADCL,0.0449752918
    WRAX REG0,0.0000000000
    ;------ Output
    RDAX REG0,1.0000000000
    WRAX DACL,0.0000000000

    Optimization complete: saved 1 instruction(s) and 0 register(s).

AllBlocksCodeGenTest > testBlockCodeGeneration(String) > com.holycityaudio.SpinCAD.CADBlocks.LPF1PCADBlock STANDARD_ERROR
    ----------------------------------------
    Register compaction report:
      Registers before compaction : 1  (highest was REG0 / 0x20)
      Holes removed               : 0
      Registers after compaction  : 1  (highest is now REG0 / 0x20)
      OK: all registers fit within REG0ûREG31.
    ----------------------------------------
    SpinFXBlock: numRegs updated to 0x21 (REG1)

AllBlocksCodeGenTest > testBlockCodeGeneration(String) > com.holycityaudio.SpinCAD.CADBlocks.LPF1PCADBlock STANDARD_OUT
      OK: LPF1PCADBlock ù 4 instr, 1 regs, 0 RAM

AllBlocksCodeGenTest > testBlockCodeGeneration(String) > com.holycityaudio.SpinCAD.CADBlocks.LPF1PCADBlock PASSED

AllBlocksCodeGenTest > testBlockCodeGeneration(String) > com.holycityaudio.SpinCAD.CADBlocks.LPF4PCADBlock STANDARD_OUT
    Constant code gen!
    Constant code gen!
    Constant code gen!
    Constant code gen!
    LPF 2/4 pole code gen!
    ; ----------------------------
    ;------ Input
    ;------ Constant
    SOF 0.0000000000,0.9990234375
    WRAX REG0,0.0000000000
    ;------ Constant
    SOF 0.0000000000,0.9990234375
    WRAX REG1,0.0000000000
    ;------ 2 pole low pass
    RDAX REG0,1.0000000000
    SOF 0.3500000000,-0.3500000000
    EXP 1.0,0.0
    WRAX REG2,0.0000000000
    RDAX REG4,1.0000000000
    MULX REG2
    RDAX REG3,1.0000000000
    WRAX REG3,-1.0000000000
    WRAX REG6,0.0000000000
    RDAX REG4,-0.2000000000
    MULX REG1
    RDAX REG6,1.0000000000
    RDAX ADCL,0.5000000000
    WRAX REG5,1.0000000000
    MULX REG2
    RDAX REG4,1.0000000000
    WRAX REG4,0.0000000000
    ;------ Output
    RDAX REG3,1.0000000000
    WRAX DACL,0.0000000000

    Optimization complete: saved 0 instruction(s) and 0 register(s).

AllBlocksCodeGenTest > testBlockCodeGeneration(String) > com.holycityaudio.SpinCAD.CADBlocks.LPF4PCADBlock STANDARD_ERROR
    ----------------------------------------
    Register compaction report:
      Registers before compaction : 7  (highest was REG6 / 0x26)
      Holes removed               : 0
      Registers after compaction  : 7  (highest is now REG6 / 0x26)
      OK: all registers fit within REG0ûREG31.
    ----------------------------------------
    SpinFXBlock: numRegs updated to 0x27 (REG7)

AllBlocksCodeGenTest > testBlockCodeGeneration(String) > com.holycityaudio.SpinCAD.CADBlocks.LPF4PCADBlock STANDARD_OUT
      OK: LPF4PCADBlock ù 23 instr, 7 regs, 0 RAM

AllBlocksCodeGenTest > testBlockCodeGeneration(String) > com.holycityaudio.SpinCAD.CADBlocks.LPF4PCADBlock PASSED

AllBlocksCodeGenTest > testBlockCodeGeneration(String) > com.holycityaudio.SpinCAD.CADBlocks.LPFCADBlock STANDARD_OUT
    LPF code gen!
    ; ----------------------------
    ;------ Input
    SKP RUN ,3
    CLR
    WRAX REG0,0.0000000000
    WRAX REG1,0.0000000000
    RDAX REG0,0.0449752918
    RDAX REG1,1.0000000000
    WRAX REG1,-1.0000000000
    RDAX REG0,-0.1300000000
    RDAX ADCL,1.0000000000
    WRAX REG2,0.0449752918
    RDAX REG0,1.0000000000
    WRAX REG0,0.0000000000
    RDAX REG1,-1.0000000000
    RDAX ADCL,1.0000000000
    RDAX REG1,1.0000000000
    ;------ Output
    RDAX REG2,1.0000000000
    WRAX DACL,0.0000000000

    Optimization complete: saved 0 instruction(s) and 0 register(s).

AllBlocksCodeGenTest > testBlockCodeGeneration(String) > com.holycityaudio.SpinCAD.CADBlocks.LPFCADBlock STANDARD_ERROR
    ----------------------------------------
    Register compaction report:
      Registers before compaction : 3  (highest was REG2 / 0x22)
      Holes removed               : 0
      Registers after compaction  : 3  (highest is now REG2 / 0x22)
      OK: all registers fit within REG0ûREG31.
    ----------------------------------------
    SpinFXBlock: numRegs updated to 0x23 (REG3)

AllBlocksCodeGenTest > testBlockCodeGeneration(String) > com.holycityaudio.SpinCAD.CADBlocks.LPFCADBlock STANDARD_OUT
      OK: LPFCADBlock ù 17 instr, 3 regs, 0 RAM

AllBlocksCodeGenTest > testBlockCodeGeneration(String) > com.holycityaudio.SpinCAD.CADBlocks.LPFCADBlock PASSED

AllBlocksCodeGenTest > testBlockCodeGeneration(String) > com.holycityaudio.SpinCAD.CADBlocks.LPF_RDFXCADBlock STANDARD_OUT
    Constant code gen!
    Constant code gen!
    ; ----------------------------
    ;------ Input
    ;------ Constant
    SOF 0.0000000000,0.9990234375
    WRAX REG0,0.0000000000
    ;------ LPF 1P
    RDAX ADCL,0.1500000000
    RDAX REG1,-0.1500000000
    MULX REG0
    RDAX REG1,1.0000000000
    WRAX REG1,0.0000000000
    ;------ Output
    RDAX REG1,1.0000000000
    WRAX DACL,0.0000000000

    Optimization complete: saved 1 instruction(s) and 0 register(s).

AllBlocksCodeGenTest > testBlockCodeGeneration(String) > com.holycityaudio.SpinCAD.CADBlocks.LPF_RDFXCADBlock STANDARD_ERROR
    ----------------------------------------
    Register compaction report:
      Registers before compaction : 2  (highest was REG1 / 0x21)
      Holes removed               : 0
      Registers after compaction  : 2  (highest is now REG1 / 0x21)
      OK: all registers fit within REG0ûREG31.
    ----------------------------------------
    SpinFXBlock: numRegs updated to 0x22 (REG2)

AllBlocksCodeGenTest > testBlockCodeGeneration(String) > com.holycityaudio.SpinCAD.CADBlocks.LPF_RDFXCADBlock STANDARD_OUT
      OK: LPF_RDFXCADBlock ù 8 instr, 2 regs, 0 RAM

AllBlocksCodeGenTest > testBlockCodeGeneration(String) > com.holycityaudio.SpinCAD.CADBlocks.LPF_RDFXCADBlock PASSED

AllBlocksCodeGenTest > testBlockCodeGeneration(String) > com.holycityaudio.SpinCAD.CADBlocks.LogCADBlock STANDARD_OUT
    Constant code gen!
    Constant code gen!
    ; ----------------------------
    ;------ Input
    ;------ Constant
    SOF 0.0000000000,0.9990234375
    WRAX REG0,0.0000000000
    ;------ Log
    RDAX REG0,1.0000000000
    LOG 0.5,0.03125
    WRAX REG1,0.0000000000
    ;------ Output

    Optimization complete: saved 2 instruction(s) and 1 register(s).

AllBlocksCodeGenTest > testBlockCodeGeneration(String) > com.holycityaudio.SpinCAD.CADBlocks.LogCADBlock STANDARD_ERROR
    ----------------------------------------
    Register compaction report:
      Registers before compaction : 2  (highest was REG1 / 0x21)
      Holes removed               : 1
      Registers after compaction  : 1  (highest is now REG0 / 0x20)
      OK: all registers fit within REG0ûREG31.
    ----------------------------------------
    SpinFXBlock: numRegs updated to 0x21 (REG1)

AllBlocksCodeGenTest > testBlockCodeGeneration(String) > com.holycityaudio.SpinCAD.CADBlocks.LogCADBlock STANDARD_OUT
      OK: LogCADBlock ù 3 instr, 1 regs, 0 RAM

AllBlocksCodeGenTest > testBlockCodeGeneration(String) > com.holycityaudio.SpinCAD.CADBlocks.LogCADBlock PASSED

AllBlocksCodeGenTest > testBlockCodeGeneration(String) > com.holycityaudio.SpinCAD.CADBlocks.MN3011aCADBlock STANDARD_OUT
    Constant code gen!
    Constant code gen!
    Constant code gen!
    Constant code gen!
    ; ----------------------------
    ;------ Input
    ;------ Constant
    SOF 0.0000000000,0.9990234375
    WRAX REG0,0.0000000000
    ;------ Constant
    SOF 0.0000000000,0.9990234375
    WRAX REG1,0.0000000000
    ;------ MN3011
    RDAX ADCR,0.5000000000
    MULX REG1
    RDAX ADCL,0.5000000000
    WRA 0,0.0
    CLR
    OR $007FFF00
    MULX REG0
    WRAX REG3,1.0000000000
    SOF 0.9499710083,0.0500289917
    WRAX ADDR_PTR,0.0000000000
    RMPA 0.5
    WRAX REG2,0.0000000000
    RDAX REG3,1.0000000000
    SOF 0.1130374160,0.0059798553
    WRAX ADDR_PTR,0.0000000000
    RMPA 0.5
    RDAX REG2,1.0000000000
    WRAX REG2,0.0000000000
    RDAX REG3,1.0000000000
    SOF 0.1889665886,0.0099761275
    WRAX ADDR_PTR,0.0000000000
    RMPA 0.5
    RDAX REG2,1.0000000000
    WRAX REG2,0.0000000000
    RDAX REG3,1.0000000000
    SOF 0.3408249346,0.0179686720
    WRAX ADDR_PTR,0.0000000000
    RMPA 0.5
    RDAX REG2,1.0000000000
    WRAX REG2,0.0000000000
    RDAX REG3,1.0000000000
    SOF 0.4926832816,0.0259612166
    WRAX ADDR_PTR,0.0000000000
    RMPA 0.5
    RDAX REG2,1.0000000000
    WRAX REG2,0.0000000000
    RDAX REG3,1.0000000000
    SOF 0.7963999738,0.0419463057
    WRAX ADDR_PTR,0.0000000000
    RMPA 0.5
    RDAX REG2,1.0000000000
    WRAX REG2,0.0000000000
    ;------ Output
    RDAX REG2,1.0000000000
    WRAX DACL,0.0000000000

    Optimization complete: saved 1 instruction(s) and 0 register(s).

AllBlocksCodeGenTest > testBlockCodeGeneration(String) > com.holycityaudio.SpinCAD.CADBlocks.MN3011aCADBlock STANDARD_ERROR
    ----------------------------------------
    Register compaction report:
      Registers before compaction : 4  (highest was REG3 / 0x23)
      Holes removed               : 0
      Registers after compaction  : 4  (highest is now REG3 / 0x23)
      OK: all registers fit within REG0ûREG31.
    ----------------------------------------
    SpinFXBlock: numRegs updated to 0x24 (REG4)

AllBlocksCodeGenTest > testBlockCodeGeneration(String) > com.holycityaudio.SpinCAD.CADBlocks.MN3011aCADBlock STANDARD_OUT
      OK: MN3011aCADBlock ù 47 instr, 4 regs, 32767 RAM

AllBlocksCodeGenTest > testBlockCodeGeneration(String) > com.holycityaudio.SpinCAD.CADBlocks.MN3011aCADBlock PASSED

AllBlocksCodeGenTest > testBlockCodeGeneration(String) > com.holycityaudio.SpinCAD.CADBlocks.MinReverb2CADBlock STANDARD_OUT
    Constant code gen!
    Constant code gen!
    ; ----------------------------
    ;------ Input
    ;------ Constant
    SOF 0.0000000000,0.9990234375
    WRAX REG0,0.0000000000
    ;------ Small Reverb
    RDAX REG0,0.9000000000
    WRAX REG7,0.0000000000
    RDAX ADCL,0.5000000000
    RDAX ADCR,0.5000000000
    RDA 125,0.5
    WRAP 0,-0.5
    RDA 376,0.5
    WRAP 126,-0.5
    RDA 1127,0.5
    WRAP 377,-0.5
    RDA 2628,0.5
    WRAP 1128,-0.5
    WRAX REG8,1.0000000000
    RDA 24132,0.9
    MULX REG0
    RDA 6429,-0.6
    WRAP 2629,0.6
    WRA 6430,1.99
    WRAX REG3,0.0000000000
    RDAX REG8,1.0000000000
    RDA 12680,0.9
    MULX REG0
    RDA 16881,0.6
    WRAP 12681,-0.6
    WRA 16882,1.99
    WRAX REG4,0.0000000000
    ;------ Output
    RDAX REG3,1.0000000000
    WRAX DACL,0.0000000000

    Optimization complete: saved 0 instruction(s) and 0 register(s).
    Output register optimization complete: saved 2 instruction(s) and 1 register(s).

AllBlocksCodeGenTest > testBlockCodeGeneration(String) > com.holycityaudio.SpinCAD.CADBlocks.MinReverb2CADBlock STANDARD_ERROR
    ----------------------------------------
    Register compaction report:
      Registers before compaction : 9  (highest was REG8 / 0x28)
      Holes removed               : 5
      Registers after compaction  : 4  (highest is now REG3 / 0x23)
      OK: all registers fit within REG0ûREG31.
    ----------------------------------------
    SpinFXBlock: numRegs updated to 0x24 (REG4)

AllBlocksCodeGenTest > testBlockCodeGeneration(String) > com.holycityaudio.SpinCAD.CADBlocks.MinReverb2CADBlock STANDARD_OUT
      OK: MinReverb2CADBlock ù 28 instr, 4 regs, 24125 RAM

AllBlocksCodeGenTest > testBlockCodeGeneration(String) > com.holycityaudio.SpinCAD.CADBlocks.MinReverb2CADBlock PASSED

AllBlocksCodeGenTest > testBlockCodeGeneration(String) > com.holycityaudio.SpinCAD.CADBlocks.MinReverbCADBlock STANDARD_OUT
    Constant code gen!
    Constant code gen!
    Min reverb code gen!
    ; ----------------------------
    ;------ Input
    ;------ Constant
    SOF 0.0000000000,0.9990234375
    WRAX REG0,0.0000000000
    ;------ Minimum reverb
    RDAX ADCL,0.2500000000
    RDA 122,0.325
    WRAP 0,-1.0
    RDA 426,0.325
    WRAP 123,-1.0
    RDA 980,0.325
    WRAP 427,-1.0
    RDA 1903,0.325
    WRAP 981,-1.0
    WRAX REG1,1.0000000000
    RDA 21990,1.0
    MULX REG0
    RDA 5727,-0.325
    WRAP 1904,0.325
    WRA 5728,1.99
    RDAX REG1,1.0000000000
    RDA 12240,1.0
    MULX REG0
    RDA 16973,-0.325
    WRAP 12241,0.325
    WRA 16974,1.99
    WRAX REG2,0.0000000000
    ;------ Output
    RDAX REG2,1.0000000000
    WRAX DACL,0.0000000000

    Optimization complete: saved 2 instruction(s) and 1 register(s).

AllBlocksCodeGenTest > testBlockCodeGeneration(String) > com.holycityaudio.SpinCAD.CADBlocks.MinReverbCADBlock STANDARD_ERROR
    ----------------------------------------
    Register compaction report:
      Registers before compaction : 2  (highest was REG1 / 0x21)
      Holes removed               : 0
      Registers after compaction  : 2  (highest is now REG1 / 0x21)
      OK: all registers fit within REG0ûREG31.
    ----------------------------------------
    SpinFXBlock: numRegs updated to 0x22 (REG2)

AllBlocksCodeGenTest > testBlockCodeGeneration(String) > com.holycityaudio.SpinCAD.CADBlocks.MinReverbCADBlock STANDARD_OUT
      OK: MinReverbCADBlock ù 24 instr, 2 regs, 21983 RAM

AllBlocksCodeGenTest > testBlockCodeGeneration(String) > com.holycityaudio.SpinCAD.CADBlocks.MinReverbCADBlock PASSED

AllBlocksCodeGenTest > testBlockCodeGeneration(String) > com.holycityaudio.SpinCAD.CADBlocks.MixCADBlock STANDARD_OUT
    Empty!!!!
    ; ----------------------------
    ;------ Input
    ;------ Output
    RDAX -1,1.0000000000
    WRAX DACL,0.0000000000

    Optimization complete: saved 0 instruction(s) and 0 register(s).

AllBlocksCodeGenTest > testBlockCodeGeneration(String) > com.holycityaudio.SpinCAD.CADBlocks.MixCADBlock STANDARD_ERROR
    compactRegisters: no user registers found, nothing to compact.

AllBlocksCodeGenTest > testBlockCodeGeneration(String) > com.holycityaudio.SpinCAD.CADBlocks.MixCADBlock STANDARD_OUT
      OK: MixCADBlock ù 2 instr, 0 regs, 0 RAM

AllBlocksCodeGenTest > testBlockCodeGeneration(String) > com.holycityaudio.SpinCAD.CADBlocks.MixCADBlock PASSED

AllBlocksCodeGenTest > testBlockCodeGeneration(String) > com.holycityaudio.SpinCAD.CADBlocks.Mixer2_1x2CADBlock STANDARD_OUT
    Constant code gen!
    Constant code gen!
    Constant code gen!
    Constant code gen!
    Constant code gen!
    Constant code gen!
    Constant code gen!
    Constant code gen!
    Mixer 2_1x2 code gen!
    ; ----------------------------
    ;------ Input
    ;------ Constant
    SOF 0.0000000000,0.9990234375
    WRAX REG0,0.0000000000
    ;------ Constant
    SOF 0.0000000000,0.9990234375
    WRAX REG1,0.0000000000
    ;------ Constant
    SOF 0.0000000000,0.9990234375
    WRAX REG2,0.0000000000
    ;------ Constant
    SOF 0.0000000000,0.9990234375
    WRAX REG3,0.0000000000
    ;------ Mixer 2-1x2
    RDAX ADCL,1.0000000000
    MULX REG0
    WRAX REG4,0.0000000000
    RDAX ADCR,1.0000000000
    MULX REG1
    RDAX REG4,1.0000000000
    WRAX REG4,0.0000000000
    ;------ Output
    RDAX REG4,1.0000000000
    WRAX DACL,0.0000000000

    Optimization complete: saved 1 instruction(s) and 0 register(s).

AllBlocksCodeGenTest > testBlockCodeGeneration(String) > com.holycityaudio.SpinCAD.CADBlocks.Mixer2_1x2CADBlock STANDARD_ERROR
    ----------------------------------------
    Register compaction report:
      Registers before compaction : 5  (highest was REG4 / 0x24)
      Holes removed               : 0
      Registers after compaction  : 5  (highest is now REG4 / 0x24)
      OK: all registers fit within REG0ûREG31.
    ----------------------------------------
    SpinFXBlock: numRegs updated to 0x25 (REG5)

AllBlocksCodeGenTest > testBlockCodeGeneration(String) > com.holycityaudio.SpinCAD.CADBlocks.Mixer2_1x2CADBlock STANDARD_OUT
      OK: Mixer2_1x2CADBlock ù 16 instr, 5 regs, 0 RAM

AllBlocksCodeGenTest > testBlockCodeGeneration(String) > com.holycityaudio.SpinCAD.CADBlocks.Mixer2_1x2CADBlock PASSED

AllBlocksCodeGenTest > testBlockCodeGeneration(String) > com.holycityaudio.SpinCAD.CADBlocks.Mixer3_1CADBlock STANDARD_OUT
    Constant code gen!
    Constant code gen!
    Constant code gen!
    Constant code gen!
    Constant code gen!
    Constant code gen!
    Mixer 2_1 code gen!
    ; ----------------------------
    ;------ Input
    ;------ Constant
    SOF 0.0000000000,0.9990234375
    WRAX REG0,0.0000000000
    ;------ Constant
    SOF 0.0000000000,0.9990234375
    WRAX REG1,0.0000000000
    ;------ Constant
    SOF 0.0000000000,0.9990234375
    WRAX REG2,0.0000000000
    ;------ Mixer 3-1
    RDAX ADCL,0.3333333333
    MULX REG0
    WRAX REG3,0.0000000000
    RDAX ADCR,0.3333333333
    MULX REG1
    RDAX REG3,1.0000000000
    WRAX REG3,0.0000000000
    ;------ Output
    RDAX REG3,1.0000000000
    WRAX DACL,0.0000000000

    Optimization complete: saved 1 instruction(s) and 0 register(s).

AllBlocksCodeGenTest > testBlockCodeGeneration(String) > com.holycityaudio.SpinCAD.CADBlocks.Mixer3_1CADBlock STANDARD_ERROR
    ----------------------------------------
    Register compaction report:
      Registers before compaction : 4  (highest was REG3 / 0x23)
      Holes removed               : 0
      Registers after compaction  : 4  (highest is now REG3 / 0x23)
      OK: all registers fit within REG0ûREG31.
    ----------------------------------------
    SpinFXBlock: numRegs updated to 0x24 (REG4)

AllBlocksCodeGenTest > testBlockCodeGeneration(String) > com.holycityaudio.SpinCAD.CADBlocks.Mixer3_1CADBlock STANDARD_OUT
      OK: Mixer3_1CADBlock ù 14 instr, 4 regs, 0 RAM

AllBlocksCodeGenTest > testBlockCodeGeneration(String) > com.holycityaudio.SpinCAD.CADBlocks.Mixer3_1CADBlock PASSED

AllBlocksCodeGenTest > testBlockCodeGeneration(String) > com.holycityaudio.SpinCAD.CADBlocks.Mixer4_1CADBlock STANDARD_OUT
    Constant code gen!
    Constant code gen!
    Constant code gen!
    Constant code gen!
    Constant code gen!
    Constant code gen!
    Constant code gen!
    Constant code gen!
    Mixer 4_1 code gen!
    ; ----------------------------
    ;------ Input
    ;------ Constant
    SOF 0.0000000000,0.9990234375
    WRAX REG0,0.0000000000
    ;------ Constant
    SOF 0.0000000000,0.9990234375
    WRAX REG1,0.0000000000
    ;------ Constant
    SOF 0.0000000000,0.9990234375
    WRAX REG2,0.0000000000
    ;------ Constant
    SOF 0.0000000000,0.9990234375
    WRAX REG3,0.0000000000
    ;------ Mixer 4-1
    RDAX ADCL,0.2500000000
    MULX REG0
    WRAX REG4,0.0000000000
    RDAX ADCR,0.2500000000
    MULX REG1
    RDAX REG4,1.0000000000
    WRAX REG4,0.0000000000
    ;------ Output
    RDAX REG4,1.0000000000
    WRAX DACL,0.0000000000

    Optimization complete: saved 1 instruction(s) and 0 register(s).

AllBlocksCodeGenTest > testBlockCodeGeneration(String) > com.holycityaudio.SpinCAD.CADBlocks.Mixer4_1CADBlock STANDARD_ERROR
    ----------------------------------------
    Register compaction report:
      Registers before compaction : 5  (highest was REG4 / 0x24)
      Holes removed               : 0
      Registers after compaction  : 5  (highest is now REG4 / 0x24)
      OK: all registers fit within REG0ûREG31.
    ----------------------------------------
    SpinFXBlock: numRegs updated to 0x25 (REG5)

AllBlocksCodeGenTest > testBlockCodeGeneration(String) > com.holycityaudio.SpinCAD.CADBlocks.Mixer4_1CADBlock STANDARD_OUT
      OK: Mixer4_1CADBlock ù 16 instr, 5 regs, 0 RAM

AllBlocksCodeGenTest > testBlockCodeGeneration(String) > com.holycityaudio.SpinCAD.CADBlocks.Mixer4_1CADBlock PASSED

AllBlocksCodeGenTest > testBlockCodeGeneration(String) > com.holycityaudio.SpinCAD.CADBlocks.Mixer_2_to_1CADBlock STANDARD_OUT
    Constant code gen!
    Constant code gen!
    Constant code gen!
    Constant code gen!
    ; ----------------------------
    ;------ Input
    ;------ Constant
    SOF 0.0000000000,0.9990234375
    WRAX REG0,0.0000000000
    ;------ Constant
    SOF 0.0000000000,0.9990234375
    WRAX REG1,0.0000000000
    ;------ Mixer 2:1
    RDAX ADCL,1.0000000000
    MULX REG0
    WRAX REG2,0.0000000000
    RDAX ADCR,1.0000000000
    MULX REG1
    RDAX REG2,1.0000000000
    WRAX REG2,0.0000000000
    ;------ Output
    RDAX REG2,1.0000000000
    WRAX DACL,0.0000000000

    Optimization complete: saved 1 instruction(s) and 0 register(s).

AllBlocksCodeGenTest > testBlockCodeGeneration(String) > com.holycityaudio.SpinCAD.CADBlocks.Mixer_2_to_1CADBlock STANDARD_ERROR
    ----------------------------------------
    Register compaction report:
      Registers before compaction : 3  (highest was REG2 / 0x22)
      Holes removed               : 0
      Registers after compaction  : 3  (highest is now REG2 / 0x22)
      OK: all registers fit within REG0ûREG31.
    ----------------------------------------
    SpinFXBlock: numRegs updated to 0x23 (REG3)

AllBlocksCodeGenTest > testBlockCodeGeneration(String) > com.holycityaudio.SpinCAD.CADBlocks.Mixer_2_to_1CADBlock STANDARD_OUT
      OK: Mixer_2_to_1CADBlock ù 12 instr, 3 regs, 0 RAM

AllBlocksCodeGenTest > testBlockCodeGeneration(String) > com.holycityaudio.SpinCAD.CADBlocks.Mixer_2_to_1CADBlock PASSED

AllBlocksCodeGenTest > testBlockCodeGeneration(String) > com.holycityaudio.SpinCAD.CADBlocks.Mixer_3_to_1CADBlock STANDARD_OUT
    Constant code gen!
    Constant code gen!
    Constant code gen!
    Constant code gen!
    Constant code gen!
    Constant code gen!
    ; ----------------------------
    ;------ Input
    ;------ Constant
    SOF 0.0000000000,0.9990234375
    WRAX REG0,0.0000000000
    ;------ Constant
    SOF 0.0000000000,0.9990234375
    WRAX REG1,0.0000000000
    ;------ Constant
    SOF 0.0000000000,0.9990234375
    WRAX REG2,0.0000000000
    ;------ Mixer 3:1
    RDAX ADCL,1.0000000000
    MULX REG0
    WRAX REG3,0.0000000000
    RDAX ADCR,1.0000000000
    MULX REG1
    RDAX REG3,1.0000000000
    WRAX REG3,0.0000000000
    ;------ Output
    RDAX REG3,1.0000000000
    WRAX DACL,0.0000000000

    Optimization complete: saved 1 instruction(s) and 0 register(s).

AllBlocksCodeGenTest > testBlockCodeGeneration(String) > com.holycityaudio.SpinCAD.CADBlocks.Mixer_3_to_1CADBlock STANDARD_ERROR
    ----------------------------------------
    Register compaction report:
      Registers before compaction : 4  (highest was REG3 / 0x23)
      Holes removed               : 0
      Registers after compaction  : 4  (highest is now REG3 / 0x23)
      OK: all registers fit within REG0ûREG31.
    ----------------------------------------
    SpinFXBlock: numRegs updated to 0x24 (REG4)

AllBlocksCodeGenTest > testBlockCodeGeneration(String) > com.holycityaudio.SpinCAD.CADBlocks.Mixer_3_to_1CADBlock STANDARD_OUT
      OK: Mixer_3_to_1CADBlock ù 14 instr, 4 regs, 0 RAM

AllBlocksCodeGenTest > testBlockCodeGeneration(String) > com.holycityaudio.SpinCAD.CADBlocks.Mixer_3_to_1CADBlock PASSED

AllBlocksCodeGenTest > testBlockCodeGeneration(String) > com.holycityaudio.SpinCAD.CADBlocks.Mixer_4_to_1CADBlock STANDARD_OUT
    Constant code gen!
    Constant code gen!
    Constant code gen!
    Constant code gen!
    Constant code gen!
    Constant code gen!
    Constant code gen!
    Constant code gen!
    ; ----------------------------
    ;------ Input
    ;------ Constant
    SOF 0.0000000000,0.9990234375
    WRAX REG0,0.0000000000
    ;------ Constant
    SOF 0.0000000000,0.9990234375
    WRAX REG1,0.0000000000
    ;------ Constant
    SOF 0.0000000000,0.9990234375
    WRAX REG2,0.0000000000
    ;------ Constant
    SOF 0.0000000000,0.9990234375
    WRAX REG3,0.0000000000
    ;------ Mixer 4:1
    RDAX ADCL,1.0000000000
    MULX REG0
    WRAX REG4,0.0000000000
    RDAX ADCR,1.0000000000
    MULX REG1
    RDAX REG4,1.0000000000
    WRAX REG4,0.0000000000
    ;------ Output
    RDAX REG4,1.0000000000
    WRAX DACL,0.0000000000

    Optimization complete: saved 1 instruction(s) and 0 register(s).

AllBlocksCodeGenTest > testBlockCodeGeneration(String) > com.holycityaudio.SpinCAD.CADBlocks.Mixer_4_to_1CADBlock STANDARD_ERROR
    ----------------------------------------
    Register compaction report:
      Registers before compaction : 5  (highest was REG4 / 0x24)
      Holes removed               : 0
      Registers after compaction  : 5  (highest is now REG4 / 0x24)
      OK: all registers fit within REG0ûREG31.
    ----------------------------------------
    SpinFXBlock: numRegs updated to 0x25 (REG5)

AllBlocksCodeGenTest > testBlockCodeGeneration(String) > com.holycityaudio.SpinCAD.CADBlocks.Mixer_4_to_1CADBlock STANDARD_OUT
      OK: Mixer_4_to_1CADBlock ù 16 instr, 5 regs, 0 RAM

AllBlocksCodeGenTest > testBlockCodeGeneration(String) > com.holycityaudio.SpinCAD.CADBlocks.Mixer_4_to_1CADBlock PASSED

AllBlocksCodeGenTest > testBlockCodeGeneration(String) > com.holycityaudio.SpinCAD.CADBlocks.Mixer_4_to_2CADBlock STANDARD_OUT
    Constant code gen!
    Constant code gen!
    Constant code gen!
    Constant code gen!
    Constant code gen!
    Constant code gen!
    Constant code gen!
    Constant code gen!
    ; ----------------------------
    ;------ Input
    ;------ Constant
    SOF 0.0000000000,0.9990234375
    WRAX REG0,0.0000000000
    ;------ Constant
    SOF 0.0000000000,0.9990234375
    WRAX REG1,0.0000000000
    ;------ Constant
    SOF 0.0000000000,0.9990234375
    WRAX REG2,0.0000000000
    ;------ Constant
    SOF 0.0000000000,0.9990234375
    WRAX REG3,0.0000000000
    ;------ Mixer 4:2
    RDAX ADCL,1.0000000000
    MULX REG0
    WRAX REG4,0.0000000000
    RDAX ADCR,1.0000000000
    MULX REG1
    RDAX REG4,1.0000000000
    WRAX REG4,0.0000000000
    ;------ Output
    RDAX REG4,1.0000000000
    WRAX DACL,0.0000000000

    Optimization complete: saved 1 instruction(s) and 0 register(s).

AllBlocksCodeGenTest > testBlockCodeGeneration(String) > com.holycityaudio.SpinCAD.CADBlocks.Mixer_4_to_2CADBlock STANDARD_ERROR
    ----------------------------------------
    Register compaction report:
      Registers before compaction : 5  (highest was REG4 / 0x24)
      Holes removed               : 0
      Registers after compaction  : 5  (highest is now REG4 / 0x24)
      OK: all registers fit within REG0ûREG31.
    ----------------------------------------
    SpinFXBlock: numRegs updated to 0x25 (REG5)

AllBlocksCodeGenTest > testBlockCodeGeneration(String) > com.holycityaudio.SpinCAD.CADBlocks.Mixer_4_to_2CADBlock STANDARD_OUT
      OK: Mixer_4_to_2CADBlock ù 16 instr, 5 regs, 0 RAM

AllBlocksCodeGenTest > testBlockCodeGeneration(String) > com.holycityaudio.SpinCAD.CADBlocks.Mixer_4_to_2CADBlock PASSED

AllBlocksCodeGenTest > testBlockCodeGeneration(String) > com.holycityaudio.SpinCAD.CADBlocks.MonoDelayFBCADBlock STANDARD_OUT
    Empty!!!!
    ; ----------------------------
    ;------ Input
    ;------ Output

    Optimization complete: saved 0 instruction(s) and 0 register(s).

AllBlocksCodeGenTest > testBlockCodeGeneration(String) > com.holycityaudio.SpinCAD.CADBlocks.MonoDelayFBCADBlock STANDARD_ERROR
    compactRegisters: no user registers found, nothing to compact.

AllBlocksCodeGenTest > testBlockCodeGeneration(String) > com.holycityaudio.SpinCAD.CADBlocks.MonoDelayFBCADBlock STANDARD_OUT
      OK: MonoDelayFBCADBlock ù 0 instr, 0 regs, 0 RAM

AllBlocksCodeGenTest > testBlockCodeGeneration(String) > com.holycityaudio.SpinCAD.CADBlocks.MonoDelayFBCADBlock PASSED

AllBlocksCodeGenTest > testBlockCodeGeneration(String) > com.holycityaudio.SpinCAD.CADBlocks.MultiplyCADBlock STANDARD_OUT
    Constant code gen!
    Constant code gen!
    Constant code gen!
    Constant code gen!
    ; ----------------------------
    ;------ Input
    ;------ Constant
    SOF 0.0000000000,0.9990234375
    WRAX REG0,0.0000000000
    ;------ Constant
    SOF 0.0000000000,0.9990234375
    WRAX REG1,0.0000000000
    ;------ Multiply
    RDAX REG0,1.0000000000
    MULX REG1
    WRAX REG2,0.0000000000
    ;------ Output

    Optimization complete: saved 0 instruction(s) and 0 register(s).

AllBlocksCodeGenTest > testBlockCodeGeneration(String) > com.holycityaudio.SpinCAD.CADBlocks.MultiplyCADBlock STANDARD_ERROR
    ----------------------------------------
    Register compaction report:
      Registers before compaction : 3  (highest was REG2 / 0x22)
      Holes removed               : 0
      Registers after compaction  : 3  (highest is now REG2 / 0x22)
      OK: all registers fit within REG0ûREG31.
    ----------------------------------------
    SpinFXBlock: numRegs updated to 0x23 (REG3)

AllBlocksCodeGenTest > testBlockCodeGeneration(String) > com.holycityaudio.SpinCAD.CADBlocks.MultiplyCADBlock STANDARD_OUT
      OK: MultiplyCADBlock ù 7 instr, 3 regs, 0 RAM

AllBlocksCodeGenTest > testBlockCodeGeneration(String) > com.holycityaudio.SpinCAD.CADBlocks.MultiplyCADBlock PASSED

AllBlocksCodeGenTest > testBlockCodeGeneration(String) > com.holycityaudio.SpinCAD.CADBlocks.New_EnvelopeCADBlock STANDARD_OUT
    Constant code gen!
    Constant code gen!
    Constant code gen!
    Constant code gen!
    Constant code gen!
    Constant code gen!
    Couldn't find Output

AllBlocksCodeGenTest > testBlockCodeGeneration(String) > com.holycityaudio.SpinCAD.CADBlocks.New_EnvelopeCADBlock STANDARD_ERROR
    java.lang.NullPointerException: Cannot invoke "com.holycityaudio.SpinCAD.SpinCADPin.setRegister(int)" because the return value of "com.holycityaudio.SpinCAD.CADBlocks.New_EnvelopeCADBlock.getPin(String)" is null
    	at com.holycityaudio.SpinCAD.CADBlocks.New_EnvelopeCADBlock.generateCode(New_EnvelopeCADBlock.java:162)
    	at com.holycityaudio.SpinCAD.SpinCADModel.generateCode(SpinCADModel.java:293)
    	at com.holycityaudio.SpinCAD.SpinCADModel.sortAlignGen(SpinCADModel.java:189)
    	at com.holycityaudio.SpinCAD.AllBlocksCodeGenTest.testBlockCodeGeneration(AllBlocksCodeGenTest.java:126)
    	at java.base/jdk.internal.reflect.DirectMethodHandleAccessor.invoke(DirectMethodHandleAccessor.java:104)
    	at java.base/java.lang.reflect.Method.invoke(Method.java:577)
    	at org.junit.platform.commons.util.ReflectionUtils.invokeMethod(ReflectionUtils.java:728)
    	at org.junit.jupiter.engine.execution.MethodInvocation.proceed(MethodInvocation.java:60)
    	at org.junit.jupiter.engine.execution.InvocationInterceptorChain$ValidatingInvocation.proceed(InvocationInterceptorChain.java:131)
    	at org.junit.jupiter.engine.extension.TimeoutExtension.intercept(TimeoutExtension.java:156)
    	at org.junit.jupiter.engine.extension.TimeoutExtension.interceptTestableMethod(TimeoutExtension.java:147)
    	at org.junit.jupiter.engine.extension.TimeoutExtension.interceptTestTemplateMethod(TimeoutExtension.java:94)
    	at org.junit.jupiter.engine.execution.InterceptingExecutableInvoker$ReflectiveInterceptorCall.lambda$ofVoidMethod$0(InterceptingExecutableInvoker.java:103)
    	at org.junit.jupiter.engine.execution.InterceptingExecutableInvoker.lambda$invoke$0(InterceptingExecutableInvoker.java:93)
    	at org.junit.jupiter.engine.execution.InvocationInterceptorChain$InterceptedInvocation.proceed(InvocationInterceptorChain.java:106)
    	at org.junit.jupiter.engine.execution.InvocationInterceptorChain.proceed(InvocationInterceptorChain.java:64)
    	at org.junit.jupiter.engine.execution.InvocationInterceptorChain.chainAndInvoke(InvocationInterceptorChain.java:45)
    	at org.junit.jupiter.engine.execution.InvocationInterceptorChain.invoke(InvocationInterceptorChain.java:37)
    	at org.junit.jupiter.engine.execution.InterceptingExecutableInvoker.invoke(InterceptingExecutableInvoker.java:92)
    	at org.junit.jupiter.engine.execution.InterceptingExecutableInvoker.invoke(InterceptingExecutableInvoker.java:86)
    	at org.junit.jupiter.engine.descriptor.TestMethodTestDescriptor.lambda$invokeTestMethod$7(TestMethodTestDescriptor.java:218)
    	at org.junit.platform.engine.support.hierarchical.ThrowableCollector.execute(ThrowableCollector.java:73)
    	at org.junit.jupiter.engine.descriptor.TestMethodTestDescriptor.invokeTestMethod(TestMethodTestDescriptor.java:214)
    	at org.junit.jupiter.engine.descriptor.TestMethodTestDescriptor.execute(TestMethodTestDescriptor.java:139)
    	at org.junit.jupiter.engine.descriptor.TestMethodTestDescriptor.execute(TestMethodTestDescriptor.java:69)
    	at org.junit.platform.engine.support.hierarchical.NodeTestTask.lambda$executeRecursively$6(NodeTestTask.java:151)
    	at org.junit.platform.engine.support.hierarchical.ThrowableCollector.execute(ThrowableCollector.java:73)
    	at org.junit.platform.engine.support.hierarchical.NodeTestTask.lambda$executeRecursively$8(NodeTestTask.java:141)
    	at org.junit.platform.engine.support.hierarchical.Node.around(Node.java:137)
    	at org.junit.platform.engine.support.hierarchical.NodeTestTask.lambda$executeRecursively$9(NodeTestTask.java:139)
    	at org.junit.platform.engine.support.hierarchical.ThrowableCollector.execute(ThrowableCollector.java:73)
    	at org.junit.platform.engine.support.hierarchical.NodeTestTask.executeRecursively(NodeTestTask.java:138)
    	at org.junit.platform.engine.support.hierarchical.NodeTestTask.execute(NodeTestTask.java:95)
    	at org.junit.platform.engine.support.hierarchical.SameThreadHierarchicalTestExecutorService.submit(SameThreadHierarchicalTestExecutorService.java:35)
    	at org.junit.platform.engine.support.hierarchical.NodeTestTask$DefaultDynamicTestExecutor.execute(NodeTestTask.java:226)
    	at org.junit.platform.engine.support.hierarchical.NodeTestTask$DefaultDynamicTestExecutor.execute(NodeTestTask.java:204)
    	at org.junit.jupiter.engine.descriptor.TestTemplateTestDescriptor.execute(TestTemplateTestDescriptor.java:142)
    	at org.junit.jupiter.engine.descriptor.TestTemplateTestDescriptor.lambda$execute$2(TestTemplateTestDescriptor.java:110)
    	at java.base/java.util.stream.ForEachOps$ForEachOp$OfRef.accept(ForEachOps.java:183)
    	at java.base/java.util.stream.ReferencePipeline$3$1.accept(ReferencePipeline.java:197)
    	at java.base/java.util.stream.ReferencePipeline$2$1.accept(ReferencePipeline.java:179)
    	at java.base/java.util.stream.ReferencePipeline$3$1.accept(ReferencePipeline.java:197)
    	at java.base/java.util.stream.ForEachOps$ForEachOp$OfRef.accept(ForEachOps.java:183)
    	at java.base/java.util.stream.ReferencePipeline$3$1.accept(ReferencePipeline.java:197)
    	at java.base/java.util.stream.ReferencePipeline$3$1.accept(ReferencePipeline.java:197)
    	at java.base/java.util.stream.ReferencePipeline$3$1.accept(ReferencePipeline.java:197)
    	at java.base/java.util.stream.ForEachOps$ForEachOp$OfRef.accept(ForEachOps.java:183)
    	at java.base/java.util.stream.ReferencePipeline$3$1.accept(ReferencePipeline.java:197)
    	at java.base/java.util.ArrayList$ArrayListSpliterator.forEachRemaining(ArrayList.java:1625)
    	at java.base/java.util.stream.ReferencePipeline$Head.forEach(ReferencePipeline.java:762)
    	at java.base/java.util.stream.ReferencePipeline$7$1.accept(ReferencePipeline.java:276)
    	at java.base/java.util.stream.ReferencePipeline$3$1.accept(ReferencePipeline.java:197)
    	at java.base/java.util.stream.ReferencePipeline$3$1.accept(ReferencePipeline.java:197)
    	at java.base/java.util.stream.ReferencePipeline$3$1.accept(ReferencePipeline.java:197)
    	at java.base/java.util.Spliterators$ArraySpliterator.forEachRemaining(Spliterators.java:992)
    	at java.base/java.util.stream.AbstractPipeline.copyInto(AbstractPipeline.java:509)
    	at java.base/java.util.stream.AbstractPipeline.wrapAndCopyInto(AbstractPipeline.java:499)
    	at java.base/java.util.stream.ForEachOps$ForEachOp.evaluateSequential(ForEachOps.java:150)
    	at java.base/java.util.stream.ForEachOps$ForEachOp$OfRef.evaluateSequential(ForEachOps.java:173)
    	at java.base/java.util.stream.AbstractPipeline.evaluate(AbstractPipeline.java:234)
    	at java.base/java.util.stream.ReferencePipeline.forEach(ReferencePipeline.java:596)
    	at java.base/java.util.stream.ReferencePipeline$7$1.accept(ReferencePipeline.java:276)
    	at java.base/java.util.stream.ReferencePipeline$3$1.accept(ReferencePipeline.java:197)
    	at java.base/java.util.stream.ReferencePipeline$3$1.accept(ReferencePipeline.java:197)
    	at java.base/java.util.stream.ReferencePipeline$3$1.accept(ReferencePipeline.java:197)
    	at java.base/java.util.ArrayList$ArrayListSpliterator.forEachRemaining(ArrayList.java:1625)
    	at java.base/java.util.stream.AbstractPipeline.copyInto(AbstractPipeline.java:509)
    	at java.base/java.util.stream.AbstractPipeline.wrapAndCopyInto(AbstractPipeline.java:499)
    	at java.base/java.util.stream.ForEachOps$ForEachOp.evaluateSequential(ForEachOps.java:150)
    	at java.base/java.util.stream.ForEachOps$ForEachOp$OfRef.evaluateSequential(ForEachOps.java:173)
    	at java.base/java.util.stream.AbstractPipeline.evaluate(AbstractPipeline.java:234)
    	at java.base/java.util.stream.ReferencePipeline.forEach(ReferencePipeline.java:596)
    	at java.base/java.util.stream.ReferencePipeline$7$1.accept(ReferencePipeline.java:276)
    	at java.base/java.util.ArrayList$ArrayListSpliterator.forEachRemaining(ArrayList.java:1625)
    	at java.base/java.util.stream.AbstractPipeline.copyInto(AbstractPipeline.java:509)
    	at java.base/java.util.stream.AbstractPipeline.wrapAndCopyInto(AbstractPipeline.java:499)
    	at java.base/java.util.stream.ForEachOps$ForEachOp.evaluateSequential(ForEachOps.java:150)
    	at java.base/java.util.stream.ForEachOps$ForEachOp$OfRef.evaluateSequential(ForEachOps.java:173)
    	at java.base/java.util.stream.AbstractPipeline.evaluate(AbstractPipeline.java:234)
    	at java.base/java.util.stream.ReferencePipeline.forEach(ReferencePipeline.java:596)
    	at org.junit.jupiter.engine.descriptor.TestTemplateTestDescriptor.execute(TestTemplateTestDescriptor.java:110)
    	at org.junit.jupiter.engine.descriptor.TestTemplateTestDescriptor.execute(TestTemplateTestDescriptor.java:44)
    	at org.junit.platform.engine.support.hierarchical.NodeTestTask.lambda$executeRecursively$6(NodeTestTask.java:151)
    	at org.junit.platform.engine.support.hierarchical.ThrowableCollector.execute(ThrowableCollector.java:73)
    	at org.junit.platform.engine.support.hierarchical.NodeTestTask.lambda$executeRecursively$8(NodeTestTask.java:141)
    	at org.junit.platform.engine.support.hierarchical.Node.around(Node.java:137)
    	at org.junit.platform.engine.support.hierarchical.NodeTestTask.lambda$executeRecursively$9(NodeTestTask.java:139)
    	at org.junit.platform.engine.support.hierarchical.ThrowableCollector.execute(ThrowableCollector.java:73)
    	at org.junit.platform.engine.support.hierarchical.NodeTestTask.executeRecursively(NodeTestTask.java:138)
    	at org.junit.platform.engine.support.hierarchical.NodeTestTask.execute(NodeTestTask.java:95)
    	at java.base/java.util.ArrayList.forEach(ArrayList.java:1511)
    	at org.junit.platform.engine.support.hierarchical.SameThreadHierarchicalTestExecutorService.invokeAll(SameThreadHierarchicalTestExecutorService.java:41)
    	at org.junit.platform.engine.support.hierarchical.NodeTestTask.lambda$executeRecursively$6(NodeTestTask.java:155)
    	at org.junit.platform.engine.support.hierarchical.ThrowableCollector.execute(ThrowableCollector.java:73)
    	at org.junit.platform.engine.support.hierarchical.NodeTestTask.lambda$executeRecursively$8(NodeTestTask.java:141)
    	at org.junit.platform.engine.support.hierarchical.Node.around(Node.java:137)
    	at org.junit.platform.engine.support.hierarchical.NodeTestTask.lambda$executeRecursively$9(NodeTestTask.java:139)
    	at org.junit.platform.engine.support.hierarchical.ThrowableCollector.execute(ThrowableCollector.java:73)
    	at org.junit.platform.engine.support.hierarchical.NodeTestTask.executeRecursively(NodeTestTask.java:138)
    	at org.junit.platform.engine.support.hierarchical.NodeTestTask.execute(NodeTestTask.java:95)
    	at java.base/java.util.ArrayList.forEach(ArrayList.java:1511)
    	at org.junit.platform.engine.support.hierarchical.SameThreadHierarchicalTestExecutorService.invokeAll(SameThreadHierarchicalTestExecutorService.java:41)
    	at org.junit.platform.engine.support.hierarchical.NodeTestTask.lambda$executeRecursively$6(NodeTestTask.java:155)
    	at org.junit.platform.engine.support.hierarchical.ThrowableCollector.execute(ThrowableCollector.java:73)
    	at org.junit.platform.engine.support.hierarchical.NodeTestTask.lambda$executeRecursively$8(NodeTestTask.java:141)
    	at org.junit.platform.engine.support.hierarchical.Node.around(Node.java:137)
    	at org.junit.platform.engine.support.hierarchical.NodeTestTask.lambda$executeRecursively$9(NodeTestTask.java:139)
    	at org.junit.platform.engine.support.hierarchical.ThrowableCollector.execute(ThrowableCollector.java:73)
    	at org.junit.platform.engine.support.hierarchical.NodeTestTask.executeRecursively(NodeTestTask.java:138)
    	at org.junit.platform.engine.support.hierarchical.NodeTestTask.execute(NodeTestTask.java:95)
    	at org.junit.platform.engine.support.hierarchical.SameThreadHierarchicalTestExecutorService.submit(SameThreadHierarchicalTestExecutorService.java:35)
    	at org.junit.platform.engine.support.hierarchical.HierarchicalTestExecutor.execute(HierarchicalTestExecutor.java:57)
    	at org.junit.platform.engine.support.hierarchical.HierarchicalTestEngine.execute(HierarchicalTestEngine.java:54)
    	at org.junit.platform.launcher.core.EngineExecutionOrchestrator.execute(EngineExecutionOrchestrator.java:198)
    	at org.junit.platform.launcher.core.EngineExecutionOrchestrator.execute(EngineExecutionOrchestrator.java:169)
    	at org.junit.platform.launcher.core.EngineExecutionOrchestrator.execute(EngineExecutionOrchestrator.java:93)
    	at org.junit.platform.launcher.core.EngineExecutionOrchestrator.lambda$execute$0(EngineExecutionOrchestrator.java:58)
    	at org.junit.platform.launcher.core.EngineExecutionOrchestrator.withInterceptedStreams(EngineExecutionOrchestrator.java:141)
    	at org.junit.platform.launcher.core.EngineExecutionOrchestrator.execute(EngineExecutionOrchestrator.java:57)
    	at org.junit.platform.launcher.core.DefaultLauncher.execute(DefaultLauncher.java:103)
    	at org.junit.platform.launcher.core.DefaultLauncher.execute(DefaultLauncher.java:85)
    	at org.junit.platform.launcher.core.DelegatingLauncher.execute(DelegatingLauncher.java:47)
    	at org.gradle.api.internal.tasks.testing.junitplatform.JUnitPlatformTestClassProcessor$CollectAllTestClassesExecutor.processAllTestClasses(JUnitPlatformTestClassProcessor.java:119)
    	at org.gradle.api.internal.tasks.testing.junitplatform.JUnitPlatformTestClassProcessor$CollectAllTestClassesExecutor.access$000(JUnitPlatformTestClassProcessor.java:94)
    	at org.gradle.api.internal.tasks.testing.junitplatform.JUnitPlatformTestClassProcessor.stop(JUnitPlatformTestClassProcessor.java:89)
    	at org.gradle.api.internal.tasks.testing.SuiteTestClassProcessor.stop(SuiteTestClassProcessor.java:62)
    	at java.base/jdk.internal.reflect.DirectMethodHandleAccessor.invoke(DirectMethodHandleAccessor.java:104)
    	at java.base/java.lang.reflect.Method.invoke(Method.java:577)
    	at org.gradle.internal.dispatch.ReflectionDispatch.dispatch(ReflectionDispatch.java:36)
    	at org.gradle.internal.dispatch.ReflectionDispatch.dispatch(ReflectionDispatch.java:24)
    	at org.gradle.internal.dispatch.ContextClassLoaderDispatch.dispatch(ContextClassLoaderDispatch.java:33)
    	at org.gradle.internal.dispatch.ProxyDispatchAdapter$DispatchingInvocationHandler.invoke(ProxyDispatchAdapter.java:94)
    	at jdk.proxy1/jdk.proxy1.$Proxy2.stop(Unknown Source)
    	at org.gradle.api.internal.tasks.testing.worker.TestWorker$3.run(TestWorker.java:193)
    	at org.gradle.api.internal.tasks.testing.worker.TestWorker.executeAndMaintainThreadName(TestWorker.java:129)
    	at org.gradle.api.internal.tasks.testing.worker.TestWorker.execute(TestWorker.java:100)
    	at org.gradle.api.internal.tasks.testing.worker.TestWorker.execute(TestWorker.java:60)
    	at org.gradle.process.internal.worker.child.ActionExecutionWorker.execute(ActionExecutionWorker.java:56)
    	at org.gradle.process.internal.worker.child.SystemApplicationClassLoaderWorker.call(SystemApplicationClassLoaderWorker.java:113)
    	at org.gradle.process.internal.worker.child.SystemApplicationClassLoaderWorker.call(SystemApplicationClassLoaderWorker.java:65)
    	at worker.org.gradle.process.internal.worker.GradleWorkerMain.run(GradleWorkerMain.java:69)
    	at worker.org.gradle.process.internal.worker.GradleWorkerMain.main(GradleWorkerMain.java:74)

AllBlocksCodeGenTest > testBlockCodeGeneration(String) > com.holycityaudio.SpinCAD.CADBlocks.New_EnvelopeCADBlock STANDARD_OUT
    ; ----------------------------
    ;------ Input
    ;------ Constant
    SOF 0.0000000000,0.9990234375
    WRAX REG0,0.0000000000
    ;------ Constant
    SOF 0.0000000000,0.9990234375
    WRAX REG1,0.0000000000
    ;------ Constant
    SOF 0.0000000000,0.9990234375
    WRAX REG2,0.0000000000
    ;------ Pluck Detector
    RDAX ADCL,1.0000000000
    ABSA
    RDFX REG7,0.0001500000
    WRAX REG7,0.0000000000
    RDAX REG8,0.0010000000
    SOF -0.0100000000,0.0000000000
    RDAX REG8,1.0000000000
    WRAX REG9,0.0000000000
    RDAX REG7,1.0000000000
    MAXX REG9,1.0000000000
    WRAX REG8,1.0000000000
    SOF 1.0000000000,0.0020000000
    LOG 1.0,0.0
    WRAX REG9,0.0000000000
    RDAX REG7,1.0000000000
    LOG 1.0,0.0
    RDAX REG9,-1.0000000000
    MULX REG2
    EXP 1.0,0.0
    RDFX REG10,0.0001500000
    WRAX REG10,0.0000000000
    RDAX ADCL,0.0001500000
    RDAX REG4,-0.0001500000
    MULX REG0
    RDAX REG4,1.0000000000
    WRAX REG4,0.0000000000
    RDAX ADCL,0.0001500000
    RDAX REG5,-0.0001500000
    MULX REG1
    RDAX REG5,1.0000000000

    Optimization complete: saved 0 instruction(s) and 0 register(s).

AllBlocksCodeGenTest > testBlockCodeGeneration(String) > com.holycityaudio.SpinCAD.CADBlocks.New_EnvelopeCADBlock STANDARD_ERROR
    ----------------------------------------
    Register compaction report:
      Registers before compaction : 11  (highest was REG10 / 0x2a)
      Holes removed               : 2
      Registers after compaction  : 9  (highest is now REG8 / 0x28)
      OK: all registers fit within REG0ûREG31.
    ----------------------------------------
    SpinFXBlock: numRegs updated to 0x29 (REG9)

AllBlocksCodeGenTest > testBlockCodeGeneration(String) > com.holycityaudio.SpinCAD.CADBlocks.New_EnvelopeCADBlock STANDARD_OUT
      OK: New_EnvelopeCADBlock ù 36 instr, 9 regs, 0 RAM

AllBlocksCodeGenTest > testBlockCodeGeneration(String) > com.holycityaudio.SpinCAD.CADBlocks.New_EnvelopeCADBlock PASSED

AllBlocksCodeGenTest > testBlockCodeGeneration(String) > com.holycityaudio.SpinCAD.CADBlocks.New_OscillatorCADBlock STANDARD_OUT
    Constant code gen!
    Constant code gen!
    Constant code gen!
    Constant code gen!
    ; ----------------------------
    ;------ Input
    ;------ Constant
    SOF 0.0000000000,0.9990234375
    WRAX REG0,0.0000000000
    ;------ Constant
    SOF 0.0000000000,0.9990234375
    WRAX REG1,0.0000000000
    ;------ Oscillator II
    SKP RUN ,3
    SOF 0.0000000000,0.5000000000
    WRAX REG2,0.0000000000
    WRAX REG3,0.0000000000
    RDAX REG3,0.1500000000
    MULX REG0
    RDAX REG2,1.0000000000
    WRAX REG2,-0.1500000000
    MULX REG0
    RDAX REG3,1.0000000000
    WRAX REG3,1.0000000000
    MULX REG1
    WRAX REG4,0.0000000000
    ;------ Output

    Optimization complete: saved 0 instruction(s) and 0 register(s).

AllBlocksCodeGenTest > testBlockCodeGeneration(String) > com.holycityaudio.SpinCAD.CADBlocks.New_OscillatorCADBlock STANDARD_ERROR
    ----------------------------------------
    Register compaction report:
      Registers before compaction : 5  (highest was REG4 / 0x24)
      Holes removed               : 0
      Registers after compaction  : 5  (highest is now REG4 / 0x24)
      OK: all registers fit within REG0ûREG31.
    ----------------------------------------
    SpinFXBlock: numRegs updated to 0x25 (REG5)

AllBlocksCodeGenTest > testBlockCodeGeneration(String) > com.holycityaudio.SpinCAD.CADBlocks.New_OscillatorCADBlock STANDARD_OUT
      OK: New_OscillatorCADBlock ù 17 instr, 5 regs, 0 RAM

AllBlocksCodeGenTest > testBlockCodeGeneration(String) > com.holycityaudio.SpinCAD.CADBlocks.New_OscillatorCADBlock PASSED

AllBlocksCodeGenTest > testBlockCodeGeneration(String) > com.holycityaudio.SpinCAD.CADBlocks.NoiseGateCADBlock STANDARD_OUT
    ; ----------------------------
    ;------ Input
    ;------ Noise Gate
    RDAX ADCL,0.0200000000
    ABSA
    RDAX REG1,0.9998000000
    WRAX REG1,1.9990000000
    MULX ADCL
    WRAX REG0,0.0000000000
    ;------ Output
    RDAX REG0,1.0000000000
    WRAX DACL,0.0000000000

    Optimization complete: saved 2 instruction(s) and 1 register(s).

AllBlocksCodeGenTest > testBlockCodeGeneration(String) > com.holycityaudio.SpinCAD.CADBlocks.NoiseGateCADBlock STANDARD_ERROR
    ----------------------------------------
    Register compaction report:
      Registers before compaction : 2  (highest was REG1 / 0x21)
      Holes removed               : 1
      Registers after compaction  : 1  (highest is now REG0 / 0x20)
      OK: all registers fit within REG0ûREG31.
    ----------------------------------------
    SpinFXBlock: numRegs updated to 0x21 (REG1)

AllBlocksCodeGenTest > testBlockCodeGeneration(String) > com.holycityaudio.SpinCAD.CADBlocks.NoiseGateCADBlock STANDARD_OUT
      OK: NoiseGateCADBlock ù 6 instr, 1 regs, 0 RAM

AllBlocksCodeGenTest > testBlockCodeGeneration(String) > com.holycityaudio.SpinCAD.CADBlocks.NoiseGateCADBlock PASSED

AllBlocksCodeGenTest > testBlockCodeGeneration(String) > com.holycityaudio.SpinCAD.CADBlocks.NotchCADBlock STANDARD_OUT
    Constant code gen!
    Constant code gen!
    Constant code gen!
    Constant code gen!
    ; ----------------------------
    ;------ Input
    ;------ Constant
    SOF 0.0000000000,0.9990234375
    WRAX REG0,0.0000000000
    ;------ Constant
    SOF 0.0000000000,0.9990234375
    WRAX REG1,0.0000000000
    ;------ Notch
    RDAX REG0,1.0000000000
    SOF 0.2000000000,0.0000000000
    RDFX REG8,0.0100000000
    WRAX REG8,1.0000000000
    WRAX REG4,0.0000000000
    RDAX REG1,1.0000000000
    SOF 1.0000000000,-1.0000000000
    ABSA
    RDFX REG9,0.0100000000
    WRAX REG9,1.0000000000
    WRAX REG5,0.0000000000
    LDAX REG3
    MULX REG4
    RDAX REG2,1.0000000000
    WRAX REG2,-1.0000000000
    RDAX ADCL,1.0000000000
    WRAX REG6,1.0000000000
    LDAX REG3
    MULX REG5
    SOF 1.4142135624,0.0000000000
    SOF -1.4142135624,0.0000000000
    RDAX REG6,1.0000000000
    WRAX REG6,1.0000000000
    MULX REG4
    SOF 0.4385941600,0.0000000000
    RDAX REG3,1.0000000000
    WRAX REG3,0.0000000000
    LDAX REG2
    RDAX REG6,1.0000000000
    WRAX REG7,1.0000000000
    ;------ Output
    RDAX REG7,1.0000000000
    WRAX DACL,0.0000000000

    Optimization complete: saved 0 instruction(s) and 0 register(s).

AllBlocksCodeGenTest > testBlockCodeGeneration(String) > com.holycityaudio.SpinCAD.CADBlocks.NotchCADBlock STANDARD_ERROR
    ----------------------------------------
    Register compaction report:
      Registers before compaction : 10  (highest was REG9 / 0x29)
      Holes removed               : 0
      Registers after compaction  : 10  (highest is now REG9 / 0x29)
      OK: all registers fit within REG0ûREG31.
    ----------------------------------------
    SpinFXBlock: numRegs updated to 0x2a (REG10)

AllBlocksCodeGenTest > testBlockCodeGeneration(String) > com.holycityaudio.SpinCAD.CADBlocks.NotchCADBlock STANDARD_OUT
      OK: NotchCADBlock ù 36 instr, 10 regs, 0 RAM

AllBlocksCodeGenTest > testBlockCodeGeneration(String) > com.holycityaudio.SpinCAD.CADBlocks.NotchCADBlock PASSED

AllBlocksCodeGenTest > testBlockCodeGeneration(String) > com.holycityaudio.SpinCAD.CADBlocks.OctaveCADBlock STANDARD_OUT
    ; ----------------------------
    ;------ Input
    ;------ Octave
    RDAX ADCL,1.0000000000
    ABSA
    WRAX REG0,0.0000000000
    ;------ Output
    RDAX REG0,1.0000000000
    WRAX DACL,0.0000000000

    Optimization complete: saved 2 instruction(s) and 1 register(s).

AllBlocksCodeGenTest > testBlockCodeGeneration(String) > com.holycityaudio.SpinCAD.CADBlocks.OctaveCADBlock STANDARD_ERROR
    compactRegisters: no user registers found, nothing to compact.

AllBlocksCodeGenTest > testBlockCodeGeneration(String) > com.holycityaudio.SpinCAD.CADBlocks.OctaveCADBlock STANDARD_OUT
      OK: OctaveCADBlock ù 3 instr, 1 regs, 0 RAM

AllBlocksCodeGenTest > testBlockCodeGeneration(String) > com.holycityaudio.SpinCAD.CADBlocks.OctaveCADBlock PASSED

AllBlocksCodeGenTest > testBlockCodeGeneration(String) > com.holycityaudio.SpinCAD.CADBlocks.OneBandEQCADBlock STANDARD_OUT
    One Band EQ code gen!
    ; ----------------------------
    ;------ Input
    ;------ 1-Band EQ
    RDAX ADCL,1.0000000000
    WRAX REG0,1.0000000000
    WRAX REG0,0.0000000000
    ;------ Output
    RDAX REG0,1.0000000000
    WRAX DACL,0.0000000000

    Optimization complete: saved 2 instruction(s) and 1 register(s).

AllBlocksCodeGenTest > testBlockCodeGeneration(String) > com.holycityaudio.SpinCAD.CADBlocks.OneBandEQCADBlock STANDARD_ERROR
    ----------------------------------------
    Register compaction report:
      Registers before compaction : 1  (highest was REG0 / 0x20)
      Holes removed               : 0
      Registers after compaction  : 1  (highest is now REG0 / 0x20)
      OK: all registers fit within REG0ûREG31.
    ----------------------------------------
    SpinFXBlock: numRegs updated to 0x21 (REG1)

AllBlocksCodeGenTest > testBlockCodeGeneration(String) > com.holycityaudio.SpinCAD.CADBlocks.OneBandEQCADBlock STANDARD_OUT
      OK: OneBandEQCADBlock ù 3 instr, 1 regs, 0 RAM

AllBlocksCodeGenTest > testBlockCodeGeneration(String) > com.holycityaudio.SpinCAD.CADBlocks.OneBandEQCADBlock PASSED

AllBlocksCodeGenTest > testBlockCodeGeneration(String) > com.holycityaudio.SpinCAD.CADBlocks.OscillatorCADBlock STANDARD_OUT
    Constant code gen!
    Constant code gen!
    ; ----------------------------
    ;------ Input
    ;------ Constant
    SOF 0.0000000000,0.9990234375
    WRAX REG0,0.0000000000
    ;------ Oscillator
    SKP RUN ,3
    WRAX REG1,0.0000000000
    SOF 0.0000000000,-1.0000000000
    WRAX REG2,0.0000000000
    RDAX REG1,0.0200000000
    MULX REG0
    RDAX REG2,1.0000000000
    WRAX REG2,-0.0200000000
    MULX REG0
    RDAX REG1,1.0000000000
    WRAX REG1,0.0000000000
    ;------ Output

    Optimization complete: saved 0 instruction(s) and 0 register(s).

AllBlocksCodeGenTest > testBlockCodeGeneration(String) > com.holycityaudio.SpinCAD.CADBlocks.OscillatorCADBlock STANDARD_ERROR
    ----------------------------------------
    Register compaction report:
      Registers before compaction : 3  (highest was REG2 / 0x22)
      Holes removed               : 0
      Registers after compaction  : 3  (highest is now REG2 / 0x22)
      OK: all registers fit within REG0ûREG31.
    ----------------------------------------
    SpinFXBlock: numRegs updated to 0x23 (REG3)

AllBlocksCodeGenTest > testBlockCodeGeneration(String) > com.holycityaudio.SpinCAD.CADBlocks.OscillatorCADBlock STANDARD_OUT
      OK: OscillatorCADBlock ù 13 instr, 3 regs, 0 RAM

AllBlocksCodeGenTest > testBlockCodeGeneration(String) > com.holycityaudio.SpinCAD.CADBlocks.OscillatorCADBlock PASSED

AllBlocksCodeGenTest > testBlockCodeGeneration(String) > com.holycityaudio.SpinCAD.CADBlocks.OutputCADBlock STANDARD_OUT
    ; ----------------------------
    ;------ Input
    ;------ Output
    RDAX ADCL,1.0000000000
    WRAX DACL,0.0000000000

    Optimization complete: saved 0 instruction(s) and 0 register(s).

AllBlocksCodeGenTest > testBlockCodeGeneration(String) > com.holycityaudio.SpinCAD.CADBlocks.OutputCADBlock STANDARD_ERROR
    compactRegisters: no user registers found, nothing to compact.

AllBlocksCodeGenTest > testBlockCodeGeneration(String) > com.holycityaudio.SpinCAD.CADBlocks.OutputCADBlock PASSED

AllBlocksCodeGenTest > testBlockCodeGeneration(String) > com.holycityaudio.SpinCAD.CADBlocks.OverdriveCADBlock STANDARD_OUT
    Constant code gen!
    Constant code gen!
    Overdrive code gen!
    ; ----------------------------
    ;------ Input
    ;------ Constant
    SOF 0.0000000000,0.9990234375
    WRAX REG0,0.0000000000
    ;------ Overdrive
    RDAX ADCL,1.0000000000
    MULX REG0
    SOF -2.0000000000,0.0000000000
    RDAX REG4,0.3000000000
    WRAX REG4,1.0000000000
    SOF -2.0000000000,0.0000000000
    RDAX REG1,0.7000000000
    WRAX REG1,1.0000000000
    RDAX REG2,-0.3000000000
    WRAX REG2,0.3000000000
    WRAX REG3,0.0000000000
    ;------ Output
    RDAX REG3,1.0000000000
    WRAX DACL,0.0000000000

    Optimization complete: saved 2 instruction(s) and 1 register(s).

AllBlocksCodeGenTest > testBlockCodeGeneration(String) > com.holycityaudio.SpinCAD.CADBlocks.OverdriveCADBlock STANDARD_ERROR
    ----------------------------------------
    Register compaction report:
      Registers before compaction : 5  (highest was REG4 / 0x24)
      Holes removed               : 1
      Registers after compaction  : 4  (highest is now REG3 / 0x23)
      OK: all registers fit within REG0ûREG31.
    ----------------------------------------
    SpinFXBlock: numRegs updated to 0x24 (REG4)

AllBlocksCodeGenTest > testBlockCodeGeneration(String) > com.holycityaudio.SpinCAD.CADBlocks.OverdriveCADBlock STANDARD_OUT
      OK: OverdriveCADBlock ù 13 instr, 4 regs, 0 RAM

AllBlocksCodeGenTest > testBlockCodeGeneration(String) > com.holycityaudio.SpinCAD.CADBlocks.OverdriveCADBlock PASSED

AllBlocksCodeGenTest > testBlockCodeGeneration(String) > com.holycityaudio.SpinCAD.CADBlocks.PatternGeneratorCADBlock STANDARD_OUT
    Constant code gen!
    Constant code gen!
    ; ----------------------------
    ;------ Input
    ;------ Constant
    SOF 0.0000000000,0.9990234375
    WRAX REG0,0.0000000000
    ;------ PatternGenerator
    SKP RUN ,1
    WLDR 0, 20, 4096
    LDAX REG0
    MULX REG0
    MULX REG0
    SOF 0.5000000000,0.1000000000
    WRAX RMP0_RATE,0.0000000000
    CHO RDAL,2
    SOF 1.0000000000,-0.2500000000
    SKP ZRC,4
    CLR
    RDAX REG2,1.0000000000
    WRAX REG1,0.0000000000
    SKP ZRO,2
    SOF 0.0000000000,0.1000000000
    WRAX REG2,0.0000000000
    ;------ Output

    Optimization complete: saved 0 instruction(s) and 0 register(s).

AllBlocksCodeGenTest > testBlockCodeGeneration(String) > com.holycityaudio.SpinCAD.CADBlocks.PatternGeneratorCADBlock STANDARD_ERROR
    ----------------------------------------
    Register compaction report:
      Registers before compaction : 3  (highest was REG2 / 0x22)
      Holes removed               : 0
      Registers after compaction  : 3  (highest is now REG2 / 0x22)
      OK: all registers fit within REG0ûREG31.
    ----------------------------------------
    SpinFXBlock: numRegs updated to 0x23 (REG3)

AllBlocksCodeGenTest > testBlockCodeGeneration(String) > com.holycityaudio.SpinCAD.CADBlocks.PatternGeneratorCADBlock STANDARD_OUT
      OK: PatternGeneratorCADBlock ù 18 instr, 3 regs, 0 RAM

AllBlocksCodeGenTest > testBlockCodeGeneration(String) > com.holycityaudio.SpinCAD.CADBlocks.PatternGeneratorCADBlock PASSED

AllBlocksCodeGenTest > testBlockCodeGeneration(String) > com.holycityaudio.SpinCAD.CADBlocks.Peak_EnvelopeCADBlock STANDARD_OUT
    Constant code gen!
    Constant code gen!
    ; ----------------------------
    ;------ Input
    ;------ Constant
    SOF 0.0000000000,0.9990234375
    WRAX REG0,0.0000000000
    ;------ Peak/Envelope
    RDAX ADCL,1.0000000000
    ABSA
    MULX REG0
    RDAX REG1,-1.0000000000
    SKP NEG,3
    RDAX REG1,1.0000000000
    WRAX REG1,0.0000000000
    SKP ZRO,3
    CLR
    RDFX REG1,0.0001500000
    WRLX REG1,0.0000000000
    ;------ Output

    Optimization complete: saved 0 instruction(s) and 0 register(s).

AllBlocksCodeGenTest > testBlockCodeGeneration(String) > com.holycityaudio.SpinCAD.CADBlocks.Peak_EnvelopeCADBlock STANDARD_ERROR
    ----------------------------------------
    Register compaction report:
      Registers before compaction : 2  (highest was REG1 / 0x21)
      Holes removed               : 0
      Registers after compaction  : 2  (highest is now REG1 / 0x21)
      OK: all registers fit within REG0ûREG31.
    ----------------------------------------
    SpinFXBlock: numRegs updated to 0x22 (REG2)

AllBlocksCodeGenTest > testBlockCodeGeneration(String) > com.holycityaudio.SpinCAD.CADBlocks.Peak_EnvelopeCADBlock STANDARD_OUT
      OK: Peak_EnvelopeCADBlock ù 13 instr, 2 regs, 0 RAM

AllBlocksCodeGenTest > testBlockCodeGeneration(String) > com.holycityaudio.SpinCAD.CADBlocks.Peak_EnvelopeCADBlock PASSED

AllBlocksCodeGenTest > testBlockCodeGeneration(String) > com.holycityaudio.SpinCAD.CADBlocks.Phase_InvertCADBlock STANDARD_OUT
    ; ----------------------------
    ;------ Input
    ;------ Phase_Invert
    RDAX ADCL,-1.0000000000
    WRAX REG0,0.0000000000
    ;------ Output
    RDAX REG0,1.0000000000
    WRAX DACL,0.0000000000

    Optimization complete: saved 2 instruction(s) and 1 register(s).

AllBlocksCodeGenTest > testBlockCodeGeneration(String) > com.holycityaudio.SpinCAD.CADBlocks.Phase_InvertCADBlock STANDARD_ERROR
    compactRegisters: no user registers found, nothing to compact.

AllBlocksCodeGenTest > testBlockCodeGeneration(String) > com.holycityaudio.SpinCAD.CADBlocks.Phase_InvertCADBlock STANDARD_OUT
      OK: Phase_InvertCADBlock ù 2 instr, 1 regs, 0 RAM

AllBlocksCodeGenTest > testBlockCodeGeneration(String) > com.holycityaudio.SpinCAD.CADBlocks.Phase_InvertCADBlock PASSED

AllBlocksCodeGenTest > testBlockCodeGeneration(String) > com.holycityaudio.SpinCAD.CADBlocks.PhaserCADBlock STANDARD_OUT
    Constant code gen!
    Constant code gen!
    Constant code gen!
    Constant code gen!
    Constant code gen!
    Constant code gen!
    Phaser code gen!
    ; ----------------------------
    ;------ Input
    ;------ Constant
    SOF 0.0000000000,0.9990234375
    WRAX REG0,0.0000000000
    ;------ Constant
    SOF 0.0000000000,0.9990234375
    WRAX REG1,0.0000000000
    ;------ Constant
    SOF 0.0000000000,0.9990234375
    WRAX REG2,0.0000000000
    ;------ Phaser
    SKP RUN ,1
    WLDS 1,0,32767
    LDAX REG1
    SOF 0.5000000000,0.0000000000
    WRAX REG17,1.0000000000
    RDAX REG15,0.9000000000
    WRAX REG15,0.0000000000
    SOF 0.0000000000,0.5000000000
    MULX REG0
    WRAX SIN1_RATE,0.0000000000
    CHO RDAL,1
    SOF 0.5000000000,0.5000000000
    LOG 0.5,0.0
    EXP 1.0,0.0
    SOF 1.0000000000,-0.5000000000
    SOF 1.9990000000,0.0000000000
    MULX REG17
    SOF 0.1500000000,0.8300000000
    WRAX REG16,0.0000000000
    RDAX REG4,1.0000000000
    WRAX REG12,1.0000000000
    MULX REG16
    RDAX ADCL,0.0156250000
    WRAX REG4,-1.0000000000
    MULX REG16
    RDAX REG12,1.0000000000
    WRAX REG13,0.0000000000
    RDAX REG5,1.0000000000
    WRAX REG12,1.0000000000
    MULX REG16
    RDAX REG13,1.0000000000
    WRAX REG5,-1.0000000000
    MULX REG16
    RDAX REG12,1.0000000000
    WRAX REG13,0.0000000000
    RDAX REG6,1.0000000000
    WRAX REG12,1.0000000000
    MULX REG16
    RDAX REG13,1.0000000000
    WRAX REG6,-1.0000000000
    MULX REG16
    RDAX REG12,1.0000000000
    WRAX REG13,0.0000000000
    RDAX REG7,1.0000000000
    WRAX REG12,1.0000000000
    MULX REG16
    RDAX REG13,1.0000000000
    WRAX REG7,-1.0000000000
    MULX REG16
    RDAX REG12,1.0000000000
    WRAX REG13,0.0000000000
    RDAX REG8,1.0000000000
    WRAX REG12,1.0000000000
    MULX REG16
    RDAX REG13,1.0000000000
    WRAX REG8,-1.0000000000
    MULX REG16
    RDAX REG12,1.0000000000
    WRAX REG13,0.0000000000
    RDAX REG9,1.0000000000
    WRAX REG12,1.0000000000
    MULX REG16
    RDAX REG13,1.0000000000
    WRAX REG9,-1.0000000000
    MULX REG16
    RDAX REG12,1.0000000000
    WRAX REG13,0.0000000000
    RDAX REG10,1.0000000000
    WRAX REG12,1.0000000000
    MULX REG16
    RDAX REG13,1.0000000000
    WRAX REG10,-1.0000000000
    MULX REG16
    RDAX REG12,1.0000000000
    WRAX REG13,0.0000000000
    RDAX REG11,1.0000000000
    WRAX REG12,1.0000000000
    MULX REG16
    RDAX REG13,1.0000000000
    WRAX REG11,-1.0000000000
    MULX REG16
    RDAX REG12,1.0000000000
    SOF -2.0000000000,0.0000000000
    SOF -2.0000000000,0.0000000000
    SOF -2.0000000000,0.0000000000
    SOF -2.0000000000,0.0000000000
    SOF -2.0000000000,0.0000000000
    SOF -2.0000000000,0.0000000000
    WRAX REG14,1.0000000000
    MULX REG15
    RDAX ADCL,1.0000000000
    WRAX REG3,0.0000000000
    ;------ Output
    RDAX REG3,1.0000000000
    WRAX DACL,0.0000000000

    Optimization complete: saved 2 instruction(s) and 1 register(s).

AllBlocksCodeGenTest > testBlockCodeGeneration(String) > com.holycityaudio.SpinCAD.CADBlocks.PhaserCADBlock STANDARD_ERROR
    ----------------------------------------
    Register compaction report:
      Registers before compaction : 18  (highest was REG17 / 0x31)
      Holes removed               : 1
      Registers after compaction  : 17  (highest is now REG16 / 0x30)
      OK: all registers fit within REG0ûREG31.
    ----------------------------------------
    SpinFXBlock: numRegs updated to 0x31 (REG17)

AllBlocksCodeGenTest > testBlockCodeGeneration(String) > com.holycityaudio.SpinCAD.CADBlocks.PhaserCADBlock STANDARD_OUT
      OK: PhaserCADBlock ù 98 instr, 17 regs, 0 RAM

AllBlocksCodeGenTest > testBlockCodeGeneration(String) > com.holycityaudio.SpinCAD.CADBlocks.PhaserCADBlock PASSED

AllBlocksCodeGenTest > testBlockCodeGeneration(String) > com.holycityaudio.SpinCAD.CADBlocks.PingPongCADBlock STANDARD_OUT
    Constant code gen!
    Constant code gen!
    Constant code gen!
    Constant code gen!
    Couldn't find Audio Input 1

AllBlocksCodeGenTest > testBlockCodeGeneration(String) > com.holycityaudio.SpinCAD.CADBlocks.PingPongCADBlock STANDARD_ERROR
    java.lang.NullPointerException: Cannot invoke "com.holycityaudio.SpinCAD.SpinCADPin.getPinConnection()" because the return value of "com.holycityaudio.SpinCAD.CADBlocks.PingPongCADBlock.getPin(String)" is null
    	at com.holycityaudio.SpinCAD.CADBlocks.PingPongCADBlock.generateCode(PingPongCADBlock.java:73)
    	at com.holycityaudio.SpinCAD.SpinCADModel.generateCode(SpinCADModel.java:293)
    	at com.holycityaudio.SpinCAD.SpinCADModel.sortAlignGen(SpinCADModel.java:189)
    	at com.holycityaudio.SpinCAD.AllBlocksCodeGenTest.testBlockCodeGeneration(AllBlocksCodeGenTest.java:126)
    	at java.base/jdk.internal.reflect.DirectMethodHandleAccessor.invoke(DirectMethodHandleAccessor.java:104)
    	at java.base/java.lang.reflect.Method.invoke(Method.java:577)
    	at org.junit.platform.commons.util.ReflectionUtils.invokeMethod(ReflectionUtils.java:728)
    	at org.junit.jupiter.engine.execution.MethodInvocation.proceed(MethodInvocation.java:60)
    	at org.junit.jupiter.engine.execution.InvocationInterceptorChain$ValidatingInvocation.proceed(InvocationInterceptorChain.java:131)
    	at org.junit.jupiter.engine.extension.TimeoutExtension.intercept(TimeoutExtension.java:156)
    	at org.junit.jupiter.engine.extension.TimeoutExtension.interceptTestableMethod(TimeoutExtension.java:147)
    	at org.junit.jupiter.engine.extension.TimeoutExtension.interceptTestTemplateMethod(TimeoutExtension.java:94)
    	at org.junit.jupiter.engine.execution.InterceptingExecutableInvoker$ReflectiveInterceptorCall.lambda$ofVoidMethod$0(InterceptingExecutableInvoker.java:103)
    	at org.junit.jupiter.engine.execution.InterceptingExecutableInvoker.lambda$invoke$0(InterceptingExecutableInvoker.java:93)
    	at org.junit.jupiter.engine.execution.InvocationInterceptorChain$InterceptedInvocation.proceed(InvocationInterceptorChain.java:106)
    	at org.junit.jupiter.engine.execution.InvocationInterceptorChain.proceed(InvocationInterceptorChain.java:64)
    	at org.junit.jupiter.engine.execution.InvocationInterceptorChain.chainAndInvoke(InvocationInterceptorChain.java:45)
    	at org.junit.jupiter.engine.execution.InvocationInterceptorChain.invoke(InvocationInterceptorChain.java:37)
    	at org.junit.jupiter.engine.execution.InterceptingExecutableInvoker.invoke(InterceptingExecutableInvoker.java:92)
    	at org.junit.jupiter.engine.execution.InterceptingExecutableInvoker.invoke(InterceptingExecutableInvoker.java:86)
    	at org.junit.jupiter.engine.descriptor.TestMethodTestDescriptor.lambda$invokeTestMethod$7(TestMethodTestDescriptor.java:218)
    	at org.junit.platform.engine.support.hierarchical.ThrowableCollector.execute(ThrowableCollector.java:73)
    	at org.junit.jupiter.engine.descriptor.TestMethodTestDescriptor.invokeTestMethod(TestMethodTestDescriptor.java:214)
    	at org.junit.jupiter.engine.descriptor.TestMethodTestDescriptor.execute(TestMethodTestDescriptor.java:139)
    	at org.junit.jupiter.engine.descriptor.TestMethodTestDescriptor.execute(TestMethodTestDescriptor.java:69)
    	at org.junit.platform.engine.support.hierarchical.NodeTestTask.lambda$executeRecursively$6(NodeTestTask.java:151)
    	at org.junit.platform.engine.support.hierarchical.ThrowableCollector.execute(ThrowableCollector.java:73)
    	at org.junit.platform.engine.support.hierarchical.NodeTestTask.lambda$executeRecursively$8(NodeTestTask.java:141)
    	at org.junit.platform.engine.support.hierarchical.Node.around(Node.java:137)
    	at org.junit.platform.engine.support.hierarchical.NodeTestTask.lambda$executeRecursively$9(NodeTestTask.java:139)
    	at org.junit.platform.engine.support.hierarchical.ThrowableCollector.execute(ThrowableCollector.java:73)
    	at org.junit.platform.engine.support.hierarchical.NodeTestTask.executeRecursively(NodeTestTask.java:138)
    	at org.junit.platform.engine.support.hierarchical.NodeTestTask.execute(NodeTestTask.java:95)
    	at org.junit.platform.engine.support.hierarchical.SameThreadHierarchicalTestExecutorService.submit(SameThreadHierarchicalTestExecutorService.java:35)
    	at org.junit.platform.engine.support.hierarchical.NodeTestTask$DefaultDynamicTestExecutor.execute(NodeTestTask.java:226)
    	at org.junit.platform.engine.support.hierarchical.NodeTestTask$DefaultDynamicTestExecutor.execute(NodeTestTask.java:204)
    	at org.junit.jupiter.engine.descriptor.TestTemplateTestDescriptor.execute(TestTemplateTestDescriptor.java:142)
    	at org.junit.jupiter.engine.descriptor.TestTemplateTestDescriptor.lambda$execute$2(TestTemplateTestDescriptor.java:110)
    	at java.base/java.util.stream.ForEachOps$ForEachOp$OfRef.accept(ForEachOps.java:183)
    	at java.base/java.util.stream.ReferencePipeline$3$1.accept(ReferencePipeline.java:197)
    	at java.base/java.util.stream.ReferencePipeline$2$1.accept(ReferencePipeline.java:179)
    	at java.base/java.util.stream.ReferencePipeline$3$1.accept(ReferencePipeline.java:197)
    	at java.base/java.util.stream.ForEachOps$ForEachOp$OfRef.accept(ForEachOps.java:183)
    	at java.base/java.util.stream.ReferencePipeline$3$1.accept(ReferencePipeline.java:197)
    	at java.base/java.util.stream.ReferencePipeline$3$1.accept(ReferencePipeline.java:197)
    	at java.base/java.util.stream.ReferencePipeline$3$1.accept(ReferencePipeline.java:197)
    	at java.base/java.util.stream.ForEachOps$ForEachOp$OfRef.accept(ForEachOps.java:183)
    	at java.base/java.util.stream.ReferencePipeline$3$1.accept(ReferencePipeline.java:197)
    	at java.base/java.util.ArrayList$ArrayListSpliterator.forEachRemaining(ArrayList.java:1625)
    	at java.base/java.util.stream.ReferencePipeline$Head.forEach(ReferencePipeline.java:762)
    	at java.base/java.util.stream.ReferencePipeline$7$1.accept(ReferencePipeline.java:276)
    	at java.base/java.util.stream.ReferencePipeline$3$1.accept(ReferencePipeline.java:197)
    	at java.base/java.util.stream.ReferencePipeline$3$1.accept(ReferencePipeline.java:197)
    	at java.base/java.util.stream.ReferencePipeline$3$1.accept(ReferencePipeline.java:197)
    	at java.base/java.util.Spliterators$ArraySpliterator.forEachRemaining(Spliterators.java:992)
    	at java.base/java.util.stream.AbstractPipeline.copyInto(AbstractPipeline.java:509)
    	at java.base/java.util.stream.AbstractPipeline.wrapAndCopyInto(AbstractPipeline.java:499)
    	at java.base/java.util.stream.ForEachOps$ForEachOp.evaluateSequential(ForEachOps.java:150)
    	at java.base/java.util.stream.ForEachOps$ForEachOp$OfRef.evaluateSequential(ForEachOps.java:173)
    	at java.base/java.util.stream.AbstractPipeline.evaluate(AbstractPipeline.java:234)
    	at java.base/java.util.stream.ReferencePipeline.forEach(ReferencePipeline.java:596)
    	at java.base/java.util.stream.ReferencePipeline$7$1.accept(ReferencePipeline.java:276)
    	at java.base/java.util.stream.ReferencePipeline$3$1.accept(ReferencePipeline.java:197)
    	at java.base/java.util.stream.ReferencePipeline$3$1.accept(ReferencePipeline.java:197)
    	at java.base/java.util.stream.ReferencePipeline$3$1.accept(ReferencePipeline.java:197)
    	at java.base/java.util.ArrayList$ArrayListSpliterator.forEachRemaining(ArrayList.java:1625)
    	at java.base/java.util.stream.AbstractPipeline.copyInto(AbstractPipeline.java:509)
    	at java.base/java.util.stream.AbstractPipeline.wrapAndCopyInto(AbstractPipeline.java:499)
    	at java.base/java.util.stream.ForEachOps$ForEachOp.evaluateSequential(ForEachOps.java:150)
    	at java.base/java.util.stream.ForEachOps$ForEachOp$OfRef.evaluateSequential(ForEachOps.java:173)
    	at java.base/java.util.stream.AbstractPipeline.evaluate(AbstractPipeline.java:234)
    	at java.base/java.util.stream.ReferencePipeline.forEach(ReferencePipeline.java:596)
    	at java.base/java.util.stream.ReferencePipeline$7$1.accept(ReferencePipeline.java:276)
    	at java.base/java.util.ArrayList$ArrayListSpliterator.forEachRemaining(ArrayList.java:1625)
    	at java.base/java.util.stream.AbstractPipeline.copyInto(AbstractPipeline.java:509)
    	at java.base/java.util.stream.AbstractPipeline.wrapAndCopyInto(AbstractPipeline.java:499)
    	at java.base/java.util.stream.ForEachOps$ForEachOp.evaluateSequential(ForEachOps.java:150)
    	at java.base/java.util.stream.ForEachOps$ForEachOp$OfRef.evaluateSequential(ForEachOps.java:173)
    	at java.base/java.util.stream.AbstractPipeline.evaluate(AbstractPipeline.java:234)
    	at java.base/java.util.stream.ReferencePipeline.forEach(ReferencePipeline.java:596)
    	at org.junit.jupiter.engine.descriptor.TestTemplateTestDescriptor.execute(TestTemplateTestDescriptor.java:110)
    	at org.junit.jupiter.engine.descriptor.TestTemplateTestDescriptor.execute(TestTemplateTestDescriptor.java:44)
    	at org.junit.platform.engine.support.hierarchical.NodeTestTask.lambda$executeRecursively$6(NodeTestTask.java:151)
    	at org.junit.platform.engine.support.hierarchical.ThrowableCollector.execute(ThrowableCollector.java:73)
    	at org.junit.platform.engine.support.hierarchical.NodeTestTask.lambda$executeRecursively$8(NodeTestTask.java:141)
    	at org.junit.platform.engine.support.hierarchical.Node.around(Node.java:137)
    	at org.junit.platform.engine.support.hierarchical.NodeTestTask.lambda$executeRecursively$9(NodeTestTask.java:139)
    	at org.junit.platform.engine.support.hierarchical.ThrowableCollector.execute(ThrowableCollector.java:73)
    	at org.junit.platform.engine.support.hierarchical.NodeTestTask.executeRecursively(NodeTestTask.java:138)
    	at org.junit.platform.engine.support.hierarchical.NodeTestTask.execute(NodeTestTask.java:95)
    	at java.base/java.util.ArrayList.forEach(ArrayList.java:1511)
    	at org.junit.platform.engine.support.hierarchical.SameThreadHierarchicalTestExecutorService.invokeAll(SameThreadHierarchicalTestExecutorService.java:41)
    	at org.junit.platform.engine.support.hierarchical.NodeTestTask.lambda$executeRecursively$6(NodeTestTask.java:155)
    	at org.junit.platform.engine.support.hierarchical.ThrowableCollector.execute(ThrowableCollector.java:73)
    	at org.junit.platform.engine.support.hierarchical.NodeTestTask.lambda$executeRecursively$8(NodeTestTask.java:141)
    	at org.junit.platform.engine.support.hierarchical.Node.around(Node.java:137)
    	at org.junit.platform.engine.support.hierarchical.NodeTestTask.lambda$executeRecursively$9(NodeTestTask.java:139)
    	at org.junit.platform.engine.support.hierarchical.ThrowableCollector.execute(ThrowableCollector.java:73)
    	at org.junit.platform.engine.support.hierarchical.NodeTestTask.executeRecursively(NodeTestTask.java:138)
    	at org.junit.platform.engine.support.hierarchical.NodeTestTask.execute(NodeTestTask.java:95)
    	at java.base/java.util.ArrayList.forEach(ArrayList.java:1511)
    	at org.junit.platform.engine.support.hierarchical.SameThreadHierarchicalTestExecutorService.invokeAll(SameThreadHierarchicalTestExecutorService.java:41)
    	at org.junit.platform.engine.support.hierarchical.NodeTestTask.lambda$executeRecursively$6(NodeTestTask.java:155)
    	at org.junit.platform.engine.support.hierarchical.ThrowableCollector.execute(ThrowableCollector.java:73)
    	at org.junit.platform.engine.support.hierarchical.NodeTestTask.lambda$executeRecursively$8(NodeTestTask.java:141)
    	at org.junit.platform.engine.support.hierarchical.Node.around(Node.java:137)
    	at org.junit.platform.engine.support.hierarchical.NodeTestTask.lambda$executeRecursively$9(NodeTestTask.java:139)
    	at org.junit.platform.engine.support.hierarchical.ThrowableCollector.execute(ThrowableCollector.java:73)
    	at org.junit.platform.engine.support.hierarchical.NodeTestTask.executeRecursively(NodeTestTask.java:138)
    	at org.junit.platform.engine.support.hierarchical.NodeTestTask.execute(NodeTestTask.java:95)
    	at org.junit.platform.engine.support.hierarchical.SameThreadHierarchicalTestExecutorService.submit(SameThreadHierarchicalTestExecutorService.java:35)
    	at org.junit.platform.engine.support.hierarchical.HierarchicalTestExecutor.execute(HierarchicalTestExecutor.java:57)
    	at org.junit.platform.engine.support.hierarchical.HierarchicalTestEngine.execute(HierarchicalTestEngine.java:54)
    	at org.junit.platform.launcher.core.EngineExecutionOrchestrator.execute(EngineExecutionOrchestrator.java:198)
    	at org.junit.platform.launcher.core.EngineExecutionOrchestrator.execute(EngineExecutionOrchestrator.java:169)
    	at org.junit.platform.launcher.core.EngineExecutionOrchestrator.execute(EngineExecutionOrchestrator.java:93)
    	at org.junit.platform.launcher.core.EngineExecutionOrchestrator.lambda$execute$0(EngineExecutionOrchestrator.java:58)
    	at org.junit.platform.launcher.core.EngineExecutionOrchestrator.withInterceptedStreams(EngineExecutionOrchestrator.java:141)
    	at org.junit.platform.launcher.core.EngineExecutionOrchestrator.execute(EngineExecutionOrchestrator.java:57)
    	at org.junit.platform.launcher.core.DefaultLauncher.execute(DefaultLauncher.java:103)
    	at org.junit.platform.launcher.core.DefaultLauncher.execute(DefaultLauncher.java:85)
    	at org.junit.platform.launcher.core.DelegatingLauncher.execute(DelegatingLauncher.java:47)
    	at org.gradle.api.internal.tasks.testing.junitplatform.JUnitPlatformTestClassProcessor$CollectAllTestClassesExecutor.processAllTestClasses(JUnitPlatformTestClassProcessor.java:119)
    	at org.gradle.api.internal.tasks.testing.junitplatform.JUnitPlatformTestClassProcessor$CollectAllTestClassesExecutor.access$000(JUnitPlatformTestClassProcessor.java:94)
    	at org.gradle.api.internal.tasks.testing.junitplatform.JUnitPlatformTestClassProcessor.stop(JUnitPlatformTestClassProcessor.java:89)
    	at org.gradle.api.internal.tasks.testing.SuiteTestClassProcessor.stop(SuiteTestClassProcessor.java:62)
    	at java.base/jdk.internal.reflect.DirectMethodHandleAccessor.invoke(DirectMethodHandleAccessor.java:104)
    	at java.base/java.lang.reflect.Method.invoke(Method.java:577)
    	at org.gradle.internal.dispatch.ReflectionDispatch.dispatch(ReflectionDispatch.java:36)
    	at org.gradle.internal.dispatch.ReflectionDispatch.dispatch(ReflectionDispatch.java:24)
    	at org.gradle.internal.dispatch.ContextClassLoaderDispatch.dispatch(ContextClassLoaderDispatch.java:33)
    	at org.gradle.internal.dispatch.ProxyDispatchAdapter$DispatchingInvocationHandler.invoke(ProxyDispatchAdapter.java:94)
    	at jdk.proxy1/jdk.proxy1.$Proxy2.stop(Unknown Source)
    	at org.gradle.api.internal.tasks.testing.worker.TestWorker$3.run(TestWorker.java:193)
    	at org.gradle.api.internal.tasks.testing.worker.TestWorker.executeAndMaintainThreadName(TestWorker.java:129)
    	at org.gradle.api.internal.tasks.testing.worker.TestWorker.execute(TestWorker.java:100)
    	at org.gradle.api.internal.tasks.testing.worker.TestWorker.execute(TestWorker.java:60)
    	at org.gradle.process.internal.worker.child.ActionExecutionWorker.execute(ActionExecutionWorker.java:56)
    	at org.gradle.process.internal.worker.child.SystemApplicationClassLoaderWorker.call(SystemApplicationClassLoaderWorker.java:113)
    	at org.gradle.process.internal.worker.child.SystemApplicationClassLoaderWorker.call(SystemApplicationClassLoaderWorker.java:65)
    	at worker.org.gradle.process.internal.worker.GradleWorkerMain.run(GradleWorkerMain.java:69)
    	at worker.org.gradle.process.internal.worker.GradleWorkerMain.main(GradleWorkerMain.java:74)

AllBlocksCodeGenTest > testBlockCodeGeneration(String) > com.holycityaudio.SpinCAD.CADBlocks.PingPongCADBlock STANDARD_OUT
    ; ----------------------------
    ;------ Input
    ;------ Constant
    SOF 0.0000000000,0.9990234375
    WRAX REG0,0.0000000000
    ;------ Constant
    SOF 0.0000000000,0.9990234375
    WRAX REG1,0.0000000000

    Optimization complete: saved 0 instruction(s) and 0 register(s).

AllBlocksCodeGenTest > testBlockCodeGeneration(String) > com.holycityaudio.SpinCAD.CADBlocks.PingPongCADBlock STANDARD_ERROR
    ----------------------------------------
    Register compaction report:
      Registers before compaction : 2  (highest was REG1 / 0x21)
      Holes removed               : 0
      Registers after compaction  : 2  (highest is now REG1 / 0x21)
      OK: all registers fit within REG0ûREG31.
    ----------------------------------------
    SpinFXBlock: numRegs updated to 0x22 (REG2)

AllBlocksCodeGenTest > testBlockCodeGeneration(String) > com.holycityaudio.SpinCAD.CADBlocks.PingPongCADBlock STANDARD_OUT
      OK: PingPongCADBlock ù 4 instr, 2 regs, 0 RAM

AllBlocksCodeGenTest > testBlockCodeGeneration(String) > com.holycityaudio.SpinCAD.CADBlocks.PingPongCADBlock PASSED

AllBlocksCodeGenTest > testBlockCodeGeneration(String) > com.holycityaudio.SpinCAD.CADBlocks.PitchShiftFixedCADBlock STANDARD_ERROR
    org.andrewkilpatrick.elmGen.ElmProgramException: attempt to allocate memory segment with size < 1
    	at org.andrewkilpatrick.elmGen.ElmProgram.allocDelayMem(ElmProgram.java:225)
    	at com.holycityaudio.SpinCAD.SpinFXBlock.FXallocDelayMem(SpinFXBlock.java:57)
    	at com.holycityaudio.SpinCAD.CADBlocks.PitchShiftFixedCADBlock.generateCode(PitchShiftFixedCADBlock.java:97)
    	at com.holycityaudio.SpinCAD.SpinCADModel.generateCode(SpinCADModel.java:293)
    	at com.holycityaudio.SpinCAD.SpinCADModel.sortAlignGen(SpinCADModel.java:189)
    	at com.holycityaudio.SpinCAD.AllBlocksCodeGenTest.testBlockCodeGeneration(AllBlocksCodeGenTest.java:126)
    	at java.base/jdk.internal.reflect.DirectMethodHandleAccessor.invoke(DirectMethodHandleAccessor.java:104)
    	at java.base/java.lang.reflect.Method.invoke(Method.java:577)
    	at org.junit.platform.commons.util.ReflectionUtils.invokeMethod(ReflectionUtils.java:728)
    	at org.junit.jupiter.engine.execution.MethodInvocation.proceed(MethodInvocation.java:60)
    	at org.junit.jupiter.engine.execution.InvocationInterceptorChain$ValidatingInvocation.proceed(InvocationInterceptorChain.java:131)
    	at org.junit.jupiter.engine.extension.TimeoutExtension.intercept(TimeoutExtension.java:156)
    	at org.junit.jupiter.engine.extension.TimeoutExtension.interceptTestableMethod(TimeoutExtension.java:147)
    	at org.junit.jupiter.engine.extension.TimeoutExtension.interceptTestTemplateMethod(TimeoutExtension.java:94)
    	at org.junit.jupiter.engine.execution.InterceptingExecutableInvoker$ReflectiveInterceptorCall.lambda$ofVoidMethod$0(InterceptingExecutableInvoker.java:103)
    	at org.junit.jupiter.engine.execution.InterceptingExecutableInvoker.lambda$invoke$0(InterceptingExecutableInvoker.java:93)
    	at org.junit.jupiter.engine.execution.InvocationInterceptorChain$InterceptedInvocation.proceed(InvocationInterceptorChain.java:106)
    	at org.junit.jupiter.engine.execution.InvocationInterceptorChain.proceed(InvocationInterceptorChain.java:64)
    	at org.junit.jupiter.engine.execution.InvocationInterceptorChain.chainAndInvoke(InvocationInterceptorChain.java:45)
    	at org.junit.jupiter.engine.execution.InvocationInterceptorChain.invoke(InvocationInterceptorChain.java:37)
    	at org.junit.jupiter.engine.execution.InterceptingExecutableInvoker.invoke(InterceptingExecutableInvoker.java:92)
    	at org.junit.jupiter.engine.execution.InterceptingExecutableInvoker.invoke(InterceptingExecutableInvoker.java:86)
    	at org.junit.jupiter.engine.descriptor.TestMethodTestDescriptor.lambda$invokeTestMethod$7(TestMethodTestDescriptor.java:218)
    	at org.junit.platform.engine.support.hierarchical.ThrowableCollector.execute(ThrowableCollector.java:73)
    	at org.junit.jupiter.engine.descriptor.TestMethodTestDescriptor.invokeTestMethod(TestMethodTestDescriptor.java:214)
    	at org.junit.jupiter.engine.descriptor.TestMethodTestDescriptor.execute(TestMethodTestDescriptor.java:139)
    	at org.junit.jupiter.engine.descriptor.TestMethodTestDescriptor.execute(TestMethodTestDescriptor.java:69)
    	at org.junit.platform.engine.support.hierarchical.NodeTestTask.lambda$executeRecursively$6(NodeTestTask.java:151)
    	at org.junit.platform.engine.support.hierarchical.ThrowableCollector.execute(ThrowableCollector.java:73)
    	at org.junit.platform.engine.support.hierarchical.NodeTestTask.lambda$executeRecursively$8(NodeTestTask.java:141)
    	at org.junit.platform.engine.support.hierarchical.Node.around(Node.java:137)
    	at org.junit.platform.engine.support.hierarchical.NodeTestTask.lambda$executeRecursively$9(NodeTestTask.java:139)
    	at org.junit.platform.engine.support.hierarchical.ThrowableCollector.execute(ThrowableCollector.java:73)
    	at org.junit.platform.engine.support.hierarchical.NodeTestTask.executeRecursively(NodeTestTask.java:138)
    	at org.junit.platform.engine.support.hierarchical.NodeTestTask.execute(NodeTestTask.java:95)
    	at org.junit.platform.engine.support.hierarchical.SameThreadHierarchicalTestExecutorService.submit(SameThreadHierarchicalTestExecutorService.java:35)
    	at org.junit.platform.engine.support.hierarchical.NodeTestTask$DefaultDynamicTestExecutor.execute(NodeTestTask.java:226)
    	at org.junit.platform.engine.support.hierarchical.NodeTestTask$DefaultDynamicTestExecutor.execute(NodeTestTask.java:204)
    	at org.junit.jupiter.engine.descriptor.TestTemplateTestDescriptor.execute(TestTemplateTestDescriptor.java:142)
    	at org.junit.jupiter.engine.descriptor.TestTemplateTestDescriptor.lambda$execute$2(TestTemplateTestDescriptor.java:110)
    	at java.base/java.util.stream.ForEachOps$ForEachOp$OfRef.accept(ForEachOps.java:183)
    	at java.base/java.util.stream.ReferencePipeline$3$1.accept(ReferencePipeline.java:197)
    	at java.base/java.util.stream.ReferencePipeline$2$1.accept(ReferencePipeline.java:179)
    	at java.base/java.util.stream.ReferencePipeline$3$1.accept(ReferencePipeline.java:197)
    	at java.base/java.util.stream.ForEachOps$ForEachOp$OfRef.accept(ForEachOps.java:183)
    	at java.base/java.util.stream.ReferencePipeline$3$1.accept(ReferencePipeline.java:197)
    	at java.base/java.util.stream.ReferencePipeline$3$1.accept(ReferencePipeline.java:197)
    	at java.base/java.util.stream.ReferencePipeline$3$1.accept(ReferencePipeline.java:197)
    	at java.base/java.util.stream.ForEachOps$ForEachOp$OfRef.accept(ForEachOps.java:183)
    	at java.base/java.util.stream.ReferencePipeline$3$1.accept(ReferencePipeline.java:197)
    	at java.base/java.util.ArrayList$ArrayListSpliterator.forEachRemaining(ArrayList.java:1625)
    	at java.base/java.util.stream.ReferencePipeline$Head.forEach(ReferencePipeline.java:762)
    	at java.base/java.util.stream.ReferencePipeline$7$1.accept(ReferencePipeline.java:276)
    	at java.base/java.util.stream.ReferencePipeline$3$1.accept(ReferencePipeline.java:197)
    	at java.base/java.util.stream.ReferencePipeline$3$1.accept(ReferencePipeline.java:197)
    	at java.base/java.util.stream.ReferencePipeline$3$1.accept(ReferencePipeline.java:197)
    	at java.base/java.util.Spliterators$ArraySpliterator.forEachRemaining(Spliterators.java:992)
    	at java.base/java.util.stream.AbstractPipeline.copyInto(AbstractPipeline.java:509)
    	at java.base/java.util.stream.AbstractPipeline.wrapAndCopyInto(AbstractPipeline.java:499)
    	at java.base/java.util.stream.ForEachOps$ForEachOp.evaluateSequential(ForEachOps.java:150)
    	at java.base/java.util.stream.ForEachOps$ForEachOp$OfRef.evaluateSequential(ForEachOps.java:173)
    	at java.base/java.util.stream.AbstractPipeline.evaluate(AbstractPipeline.java:234)
    	at java.base/java.util.stream.ReferencePipeline.forEach(ReferencePipeline.java:596)
    	at java.base/java.util.stream.ReferencePipeline$7$1.accept(ReferencePipeline.java:276)
    	at java.base/java.util.stream.ReferencePipeline$3$1.accept(ReferencePipeline.java:197)
    	at java.base/java.util.stream.ReferencePipeline$3$1.accept(ReferencePipeline.java:197)
    	at java.base/java.util.stream.ReferencePipeline$3$1.accept(ReferencePipeline.java:197)
    	at java.base/java.util.ArrayList$ArrayListSpliterator.forEachRemaining(ArrayList.java:1625)
    	at java.base/java.util.stream.AbstractPipeline.copyInto(AbstractPipeline.java:509)
    	at java.base/java.util.stream.AbstractPipeline.wrapAndCopyInto(AbstractPipeline.java:499)
    	at java.base/java.util.stream.ForEachOps$ForEachOp.evaluateSequential(ForEachOps.java:150)
    	at java.base/java.util.stream.ForEachOps$ForEachOp$OfRef.evaluateSequential(ForEachOps.java:173)
    	at java.base/java.util.stream.AbstractPipeline.evaluate(AbstractPipeline.java:234)
    	at java.base/java.util.stream.ReferencePipeline.forEach(ReferencePipeline.java:596)
    	at java.base/java.util.stream.ReferencePipeline$7$1.accept(ReferencePipeline.java:276)
    	at java.base/java.util.ArrayList$ArrayListSpliterator.forEachRemaining(ArrayList.java:1625)
    	at java.base/java.util.stream.AbstractPipeline.copyInto(AbstractPipeline.java:509)
    	at java.base/java.util.stream.AbstractPipeline.wrapAndCopyInto(AbstractPipeline.java:499)
    	at java.base/java.util.stream.ForEachOps$ForEachOp.evaluateSequential(ForEachOps.java:150)
    	at java.base/java.util.stream.ForEachOps$ForEachOp$OfRef.evaluateSequential(ForEachOps.java:173)
    	at java.base/java.util.stream.AbstractPipeline.evaluate(AbstractPipeline.java:234)
    	at java.base/java.util.stream.ReferencePipeline.forEach(ReferencePipeline.java:596)
    	at org.junit.jupiter.engine.descriptor.TestTemplateTestDescriptor.execute(TestTemplateTestDescriptor.java:110)
    	at org.junit.jupiter.engine.descriptor.TestTemplateTestDescriptor.execute(TestTemplateTestDescriptor.java:44)
    	at org.junit.platform.engine.support.hierarchical.NodeTestTask.lambda$executeRecursively$6(NodeTestTask.java:151)
    	at org.junit.platform.engine.support.hierarchical.ThrowableCollector.execute(ThrowableCollector.java:73)
    	at org.junit.platform.engine.support.hierarchical.NodeTestTask.lambda$executeRecursively$8(NodeTestTask.java:141)
    	at org.junit.platform.engine.support.hierarchical.Node.around(Node.java:137)
    	at org.junit.platform.engine.support.hierarchical.NodeTestTask.lambda$executeRecursively$9(NodeTestTask.java:139)
    	at org.junit.platform.engine.support.hierarchical.ThrowableCollector.execute(ThrowableCollector.java:73)
    	at org.junit.platform.engine.support.hierarchical.NodeTestTask.executeRecursively(NodeTestTask.java:138)
    	at org.junit.platform.engine.support.hierarchical.NodeTestTask.execute(NodeTestTask.java:95)
    	at java.base/java.util.ArrayList.forEach(ArrayList.java:1511)
    	at org.junit.platform.engine.support.hierarchical.SameThreadHierarchicalTestExecutorService.invokeAll(SameThreadHierarchicalTestExecutorService.java:41)
    	at org.junit.platform.engine.support.hierarchical.NodeTestTask.lambda$executeRecursively$6(NodeTestTask.java:155)
    	at org.junit.platform.engine.support.hierarchical.ThrowableCollector.execute(ThrowableCollector.java:73)
    	at org.junit.platform.engine.support.hierarchical.NodeTestTask.lambda$executeRecursively$8(NodeTestTask.java:141)
    	at org.junit.platform.engine.support.hierarchical.Node.around(Node.java:137)
    	at org.junit.platform.engine.support.hierarchical.NodeTestTask.lambda$executeRecursively$9(NodeTestTask.java:139)
    	at org.junit.platform.engine.support.hierarchical.ThrowableCollector.execute(ThrowableCollector.java:73)
    	at org.junit.platform.engine.support.hierarchical.NodeTestTask.executeRecursively(NodeTestTask.java:138)
    	at org.junit.platform.engine.support.hierarchical.NodeTestTask.execute(NodeTestTask.java:95)
    	at java.base/java.util.ArrayList.forEach(ArrayList.java:1511)
    	at org.junit.platform.engine.support.hierarchical.SameThreadHierarchicalTestExecutorService.invokeAll(SameThreadHierarchicalTestExecutorService.java:41)
    	at org.junit.platform.engine.support.hierarchical.NodeTestTask.lambda$executeRecursively$6(NodeTestTask.java:155)
    	at org.junit.platform.engine.support.hierarchical.ThrowableCollector.execute(ThrowableCollector.java:73)
    	at org.junit.platform.engine.support.hierarchical.NodeTestTask.lambda$executeRecursively$8(NodeTestTask.java:141)
    	at org.junit.platform.engine.support.hierarchical.Node.around(Node.java:137)
    	at org.junit.platform.engine.support.hierarchical.NodeTestTask.lambda$executeRecursively$9(NodeTestTask.java:139)
    	at org.junit.platform.engine.support.hierarchical.ThrowableCollector.execute(ThrowableCollector.java:73)
    	at org.junit.platform.engine.support.hierarchical.NodeTestTask.executeRecursively(NodeTestTask.java:138)
    	at org.junit.platform.engine.support.hierarchical.NodeTestTask.execute(NodeTestTask.java:95)
    	at org.junit.platform.engine.support.hierarchical.SameThreadHierarchicalTestExecutorService.submit(SameThreadHierarchicalTestExecutorService.java:35)
    	at org.junit.platform.engine.support.hierarchical.HierarchicalTestExecutor.execute(HierarchicalTestExecutor.java:57)
    	at org.junit.platform.engine.support.hierarchical.HierarchicalTestEngine.execute(HierarchicalTestEngine.java:54)
    	at org.junit.platform.launcher.core.EngineExecutionOrchestrator.execute(EngineExecutionOrchestrator.java:198)
    	at org.junit.platform.launcher.core.EngineExecutionOrchestrator.execute(EngineExecutionOrchestrator.java:169)
    	at org.junit.platform.launcher.core.EngineExecutionOrchestrator.execute(EngineExecutionOrchestrator.java:93)
    	at org.junit.platform.launcher.core.EngineExecutionOrchestrator.lambda$execute$0(EngineExecutionOrchestrator.java:58)
    	at org.junit.platform.launcher.core.EngineExecutionOrchestrator.withInterceptedStreams(EngineExecutionOrchestrator.java:141)
    	at org.junit.platform.launcher.core.EngineExecutionOrchestrator.execute(EngineExecutionOrchestrator.java:57)
    	at org.junit.platform.launcher.core.DefaultLauncher.execute(DefaultLauncher.java:103)
    	at org.junit.platform.launcher.core.DefaultLauncher.execute(DefaultLauncher.java:85)
    	at org.junit.platform.launcher.core.DelegatingLauncher.execute(DelegatingLauncher.java:47)
    	at org.gradle.api.internal.tasks.testing.junitplatform.JUnitPlatformTestClassProcessor$CollectAllTestClassesExecutor.processAllTestClasses(JUnitPlatformTestClassProcessor.java:119)
    	at org.gradle.api.internal.tasks.testing.junitplatform.JUnitPlatformTestClassProcessor$CollectAllTestClassesExecutor.access$000(JUnitPlatformTestClassProcessor.java:94)
    	at org.gradle.api.internal.tasks.testing.junitplatform.JUnitPlatformTestClassProcessor.stop(JUnitPlatformTestClassProcessor.java:89)
    	at org.gradle.api.internal.tasks.testing.SuiteTestClassProcessor.stop(SuiteTestClassProcessor.java:62)
    	at java.base/jdk.internal.reflect.DirectMethodHandleAccessor.invoke(DirectMethodHandleAccessor.java:104)
    	at java.base/java.lang.reflect.Method.invoke(Method.java:577)
    	at org.gradle.internal.dispatch.ReflectionDispatch.dispatch(ReflectionDispatch.java:36)
    	at org.gradle.internal.dispatch.ReflectionDispatch.dispatch(ReflectionDispatch.java:24)
    	at org.gradle.internal.dispatch.ContextClassLoaderDispatch.dispatch(ContextClassLoaderDispatch.java:33)
    	at org.gradle.internal.dispatch.ProxyDispatchAdapter$DispatchingInvocationHandler.invoke(ProxyDispatchAdapter.java:94)
    	at jdk.proxy1/jdk.proxy1.$Proxy2.stop(Unknown Source)
    	at org.gradle.api.internal.tasks.testing.worker.TestWorker$3.run(TestWorker.java:193)
    	at org.gradle.api.internal.tasks.testing.worker.TestWorker.executeAndMaintainThreadName(TestWorker.java:129)
    	at org.gradle.api.internal.tasks.testing.worker.TestWorker.execute(TestWorker.java:100)
    	at org.gradle.api.internal.tasks.testing.worker.TestWorker.execute(TestWorker.java:60)
    	at org.gradle.process.internal.worker.child.ActionExecutionWorker.execute(ActionExecutionWorker.java:56)
    	at org.gradle.process.internal.worker.child.SystemApplicationClassLoaderWorker.call(SystemApplicationClassLoaderWorker.java:113)
    	at org.gradle.process.internal.worker.child.SystemApplicationClassLoaderWorker.call(SystemApplicationClassLoaderWorker.java:65)
    	at worker.org.gradle.process.internal.worker.GradleWorkerMain.run(GradleWorkerMain.java:69)
    	at worker.org.gradle.process.internal.worker.GradleWorkerMain.main(GradleWorkerMain.java:74)

AllBlocksCodeGenTest > testBlockCodeGeneration(String) > com.holycityaudio.SpinCAD.CADBlocks.PitchShiftFixedCADBlock STANDARD_OUT
    ; ----------------------------
    ;------ Input
    ;------ Pitch Shift 0

    Optimization complete: saved 0 instruction(s) and 0 register(s).

AllBlocksCodeGenTest > testBlockCodeGeneration(String) > com.holycityaudio.SpinCAD.CADBlocks.PitchShiftFixedCADBlock STANDARD_ERROR
    compactRegisters: no user registers found, nothing to compact.

AllBlocksCodeGenTest > testBlockCodeGeneration(String) > com.holycityaudio.SpinCAD.CADBlocks.PitchShiftFixedCADBlock STANDARD_OUT
      OK: PitchShiftFixedCADBlock ù 0 instr, 5 regs, 0 RAM

AllBlocksCodeGenTest > testBlockCodeGeneration(String) > com.holycityaudio.SpinCAD.CADBlocks.PitchShiftFixedCADBlock PASSED

AllBlocksCodeGenTest > testBlockCodeGeneration(String) > com.holycityaudio.SpinCAD.CADBlocks.PitchTestCADBlock STANDARD_ERROR
    org.andrewkilpatrick.elmGen.ElmProgramException: attempt to allocate memory segment with size < 1
    	at org.andrewkilpatrick.elmGen.ElmProgram.allocDelayMem(ElmProgram.java:225)
    	at com.holycityaudio.SpinCAD.SpinFXBlock.FXallocDelayMem(SpinFXBlock.java:57)
    	at com.holycityaudio.SpinCAD.CADBlocks.PitchTestCADBlock.generateCode(PitchTestCADBlock.java:88)
    	at com.holycityaudio.SpinCAD.SpinCADModel.generateCode(SpinCADModel.java:293)
    	at com.holycityaudio.SpinCAD.SpinCADModel.sortAlignGen(SpinCADModel.java:189)
    	at com.holycityaudio.SpinCAD.AllBlocksCodeGenTest.testBlockCodeGeneration(AllBlocksCodeGenTest.java:126)
    	at java.base/jdk.internal.reflect.DirectMethodHandleAccessor.invoke(DirectMethodHandleAccessor.java:104)
    	at java.base/java.lang.reflect.Method.invoke(Method.java:577)
    	at org.junit.platform.commons.util.ReflectionUtils.invokeMethod(ReflectionUtils.java:728)
    	at org.junit.jupiter.engine.execution.MethodInvocation.proceed(MethodInvocation.java:60)
    	at org.junit.jupiter.engine.execution.InvocationInterceptorChain$ValidatingInvocation.proceed(InvocationInterceptorChain.java:131)
    	at org.junit.jupiter.engine.extension.TimeoutExtension.intercept(TimeoutExtension.java:156)
    	at org.junit.jupiter.engine.extension.TimeoutExtension.interceptTestableMethod(TimeoutExtension.java:147)
    	at org.junit.jupiter.engine.extension.TimeoutExtension.interceptTestTemplateMethod(TimeoutExtension.java:94)
    	at org.junit.jupiter.engine.execution.InterceptingExecutableInvoker$ReflectiveInterceptorCall.lambda$ofVoidMethod$0(InterceptingExecutableInvoker.java:103)
    	at org.junit.jupiter.engine.execution.InterceptingExecutableInvoker.lambda$invoke$0(InterceptingExecutableInvoker.java:93)
    	at org.junit.jupiter.engine.execution.InvocationInterceptorChain$InterceptedInvocation.proceed(InvocationInterceptorChain.java:106)
    	at org.junit.jupiter.engine.execution.InvocationInterceptorChain.proceed(InvocationInterceptorChain.java:64)
    	at org.junit.jupiter.engine.execution.InvocationInterceptorChain.chainAndInvoke(InvocationInterceptorChain.java:45)
    	at org.junit.jupiter.engine.execution.InvocationInterceptorChain.invoke(InvocationInterceptorChain.java:37)
    	at org.junit.jupiter.engine.execution.InterceptingExecutableInvoker.invoke(InterceptingExecutableInvoker.java:92)
    	at org.junit.jupiter.engine.execution.InterceptingExecutableInvoker.invoke(InterceptingExecutableInvoker.java:86)
    	at org.junit.jupiter.engine.descriptor.TestMethodTestDescriptor.lambda$invokeTestMethod$7(TestMethodTestDescriptor.java:218)
    	at org.junit.platform.engine.support.hierarchical.ThrowableCollector.execute(ThrowableCollector.java:73)
    	at org.junit.jupiter.engine.descriptor.TestMethodTestDescriptor.invokeTestMethod(TestMethodTestDescriptor.java:214)
    	at org.junit.jupiter.engine.descriptor.TestMethodTestDescriptor.execute(TestMethodTestDescriptor.java:139)
    	at org.junit.jupiter.engine.descriptor.TestMethodTestDescriptor.execute(TestMethodTestDescriptor.java:69)
    	at org.junit.platform.engine.support.hierarchical.NodeTestTask.lambda$executeRecursively$6(NodeTestTask.java:151)
    	at org.junit.platform.engine.support.hierarchical.ThrowableCollector.execute(ThrowableCollector.java:73)
    	at org.junit.platform.engine.support.hierarchical.NodeTestTask.lambda$executeRecursively$8(NodeTestTask.java:141)
    	at org.junit.platform.engine.support.hierarchical.Node.around(Node.java:137)
    	at org.junit.platform.engine.support.hierarchical.NodeTestTask.lambda$executeRecursively$9(NodeTestTask.java:139)
    	at org.junit.platform.engine.support.hierarchical.ThrowableCollector.execute(ThrowableCollector.java:73)
    	at org.junit.platform.engine.support.hierarchical.NodeTestTask.executeRecursively(NodeTestTask.java:138)
    	at org.junit.platform.engine.support.hierarchical.NodeTestTask.execute(NodeTestTask.java:95)
    	at org.junit.platform.engine.support.hierarchical.SameThreadHierarchicalTestExecutorService.submit(SameThreadHierarchicalTestExecutorService.java:35)
    	at org.junit.platform.engine.support.hierarchical.NodeTestTask$DefaultDynamicTestExecutor.execute(NodeTestTask.java:226)
    	at org.junit.platform.engine.support.hierarchical.NodeTestTask$DefaultDynamicTestExecutor.execute(NodeTestTask.java:204)
    	at org.junit.jupiter.engine.descriptor.TestTemplateTestDescriptor.execute(TestTemplateTestDescriptor.java:142)
    	at org.junit.jupiter.engine.descriptor.TestTemplateTestDescriptor.lambda$execute$2(TestTemplateTestDescriptor.java:110)
    	at java.base/java.util.stream.ForEachOps$ForEachOp$OfRef.accept(ForEachOps.java:183)
    	at java.base/java.util.stream.ReferencePipeline$3$1.accept(ReferencePipeline.java:197)
    	at java.base/java.util.stream.ReferencePipeline$2$1.accept(ReferencePipeline.java:179)
    	at java.base/java.util.stream.ReferencePipeline$3$1.accept(ReferencePipeline.java:197)
    	at java.base/java.util.stream.ForEachOps$ForEachOp$OfRef.accept(ForEachOps.java:183)
    	at java.base/java.util.stream.ReferencePipeline$3$1.accept(ReferencePipeline.java:197)
    	at java.base/java.util.stream.ReferencePipeline$3$1.accept(ReferencePipeline.java:197)
    	at java.base/java.util.stream.ReferencePipeline$3$1.accept(ReferencePipeline.java:197)
    	at java.base/java.util.stream.ForEachOps$ForEachOp$OfRef.accept(ForEachOps.java:183)
    	at java.base/java.util.stream.ReferencePipeline$3$1.accept(ReferencePipeline.java:197)
    	at java.base/java.util.ArrayList$ArrayListSpliterator.forEachRemaining(ArrayList.java:1625)
    	at java.base/java.util.stream.ReferencePipeline$Head.forEach(ReferencePipeline.java:762)
    	at java.base/java.util.stream.ReferencePipeline$7$1.accept(ReferencePipeline.java:276)
    	at java.base/java.util.stream.ReferencePipeline$3$1.accept(ReferencePipeline.java:197)
    	at java.base/java.util.stream.ReferencePipeline$3$1.accept(ReferencePipeline.java:197)
    	at java.base/java.util.stream.ReferencePipeline$3$1.accept(ReferencePipeline.java:197)
    	at java.base/java.util.Spliterators$ArraySpliterator.forEachRemaining(Spliterators.java:992)
    	at java.base/java.util.stream.AbstractPipeline.copyInto(AbstractPipeline.java:509)
    	at java.base/java.util.stream.AbstractPipeline.wrapAndCopyInto(AbstractPipeline.java:499)
    	at java.base/java.util.stream.ForEachOps$ForEachOp.evaluateSequential(ForEachOps.java:150)
    	at java.base/java.util.stream.ForEachOps$ForEachOp$OfRef.evaluateSequential(ForEachOps.java:173)
    	at java.base/java.util.stream.AbstractPipeline.evaluate(AbstractPipeline.java:234)
    	at java.base/java.util.stream.ReferencePipeline.forEach(ReferencePipeline.java:596)
    	at java.base/java.util.stream.ReferencePipeline$7$1.accept(ReferencePipeline.java:276)
    	at java.base/java.util.stream.ReferencePipeline$3$1.accept(ReferencePipeline.java:197)
    	at java.base/java.util.stream.ReferencePipeline$3$1.accept(ReferencePipeline.java:197)
    	at java.base/java.util.stream.ReferencePipeline$3$1.accept(ReferencePipeline.java:197)
    	at java.base/java.util.ArrayList$ArrayListSpliterator.forEachRemaining(ArrayList.java:1625)
    	at java.base/java.util.stream.AbstractPipeline.copyInto(AbstractPipeline.java:509)
    	at java.base/java.util.stream.AbstractPipeline.wrapAndCopyInto(AbstractPipeline.java:499)
    	at java.base/java.util.stream.ForEachOps$ForEachOp.evaluateSequential(ForEachOps.java:150)
    	at java.base/java.util.stream.ForEachOps$ForEachOp$OfRef.evaluateSequential(ForEachOps.java:173)
    	at java.base/java.util.stream.AbstractPipeline.evaluate(AbstractPipeline.java:234)
    	at java.base/java.util.stream.ReferencePipeline.forEach(ReferencePipeline.java:596)
    	at java.base/java.util.stream.ReferencePipeline$7$1.accept(ReferencePipeline.java:276)
    	at java.base/java.util.ArrayList$ArrayListSpliterator.forEachRemaining(ArrayList.java:1625)
    	at java.base/java.util.stream.AbstractPipeline.copyInto(AbstractPipeline.java:509)
    	at java.base/java.util.stream.AbstractPipeline.wrapAndCopyInto(AbstractPipeline.java:499)
    	at java.base/java.util.stream.ForEachOps$ForEachOp.evaluateSequential(ForEachOps.java:150)
    	at java.base/java.util.stream.ForEachOps$ForEachOp$OfRef.evaluateSequential(ForEachOps.java:173)
    	at java.base/java.util.stream.AbstractPipeline.evaluate(AbstractPipeline.java:234)
    	at java.base/java.util.stream.ReferencePipeline.forEach(ReferencePipeline.java:596)
    	at org.junit.jupiter.engine.descriptor.TestTemplateTestDescriptor.execute(TestTemplateTestDescriptor.java:110)
    	at org.junit.jupiter.engine.descriptor.TestTemplateTestDescriptor.execute(TestTemplateTestDescriptor.java:44)
    	at org.junit.platform.engine.support.hierarchical.NodeTestTask.lambda$executeRecursively$6(NodeTestTask.java:151)
    	at org.junit.platform.engine.support.hierarchical.ThrowableCollector.execute(ThrowableCollector.java:73)
    	at org.junit.platform.engine.support.hierarchical.NodeTestTask.lambda$executeRecursively$8(NodeTestTask.java:141)
    	at org.junit.platform.engine.support.hierarchical.Node.around(Node.java:137)
    	at org.junit.platform.engine.support.hierarchical.NodeTestTask.lambda$executeRecursively$9(NodeTestTask.java:139)
    	at org.junit.platform.engine.support.hierarchical.ThrowableCollector.execute(ThrowableCollector.java:73)
    	at org.junit.platform.engine.support.hierarchical.NodeTestTask.executeRecursively(NodeTestTask.java:138)
    	at org.junit.platform.engine.support.hierarchical.NodeTestTask.execute(NodeTestTask.java:95)
    	at java.base/java.util.ArrayList.forEach(ArrayList.java:1511)
    	at org.junit.platform.engine.support.hierarchical.SameThreadHierarchicalTestExecutorService.invokeAll(SameThreadHierarchicalTestExecutorService.java:41)
    	at org.junit.platform.engine.support.hierarchical.NodeTestTask.lambda$executeRecursively$6(NodeTestTask.java:155)
    	at org.junit.platform.engine.support.hierarchical.ThrowableCollector.execute(ThrowableCollector.java:73)
    	at org.junit.platform.engine.support.hierarchical.NodeTestTask.lambda$executeRecursively$8(NodeTestTask.java:141)
    	at org.junit.platform.engine.support.hierarchical.Node.around(Node.java:137)
    	at org.junit.platform.engine.support.hierarchical.NodeTestTask.lambda$executeRecursively$9(NodeTestTask.java:139)
    	at org.junit.platform.engine.support.hierarchical.ThrowableCollector.execute(ThrowableCollector.java:73)
    	at org.junit.platform.engine.support.hierarchical.NodeTestTask.executeRecursively(NodeTestTask.java:138)
    	at org.junit.platform.engine.support.hierarchical.NodeTestTask.execute(NodeTestTask.java:95)
    	at java.base/java.util.ArrayList.forEach(ArrayList.java:1511)
    	at org.junit.platform.engine.support.hierarchical.SameThreadHierarchicalTestExecutorService.invokeAll(SameThreadHierarchicalTestExecutorService.java:41)
    	at org.junit.platform.engine.support.hierarchical.NodeTestTask.lambda$executeRecursively$6(NodeTestTask.java:155)
    	at org.junit.platform.engine.support.hierarchical.ThrowableCollector.execute(ThrowableCollector.java:73)
    	at org.junit.platform.engine.support.hierarchical.NodeTestTask.lambda$executeRecursively$8(NodeTestTask.java:141)
    	at org.junit.platform.engine.support.hierarchical.Node.around(Node.java:137)
    	at org.junit.platform.engine.support.hierarchical.NodeTestTask.lambda$executeRecursively$9(NodeTestTask.java:139)
    	at org.junit.platform.engine.support.hierarchical.ThrowableCollector.execute(ThrowableCollector.java:73)
    	at org.junit.platform.engine.support.hierarchical.NodeTestTask.executeRecursively(NodeTestTask.java:138)
    	at org.junit.platform.engine.support.hierarchical.NodeTestTask.execute(NodeTestTask.java:95)
    	at org.junit.platform.engine.support.hierarchical.SameThreadHierarchicalTestExecutorService.submit(SameThreadHierarchicalTestExecutorService.java:35)
    	at org.junit.platform.engine.support.hierarchical.HierarchicalTestExecutor.execute(HierarchicalTestExecutor.java:57)
    	at org.junit.platform.engine.support.hierarchical.HierarchicalTestEngine.execute(HierarchicalTestEngine.java:54)
    	at org.junit.platform.launcher.core.EngineExecutionOrchestrator.execute(EngineExecutionOrchestrator.java:198)
    	at org.junit.platform.launcher.core.EngineExecutionOrchestrator.execute(EngineExecutionOrchestrator.java:169)
    	at org.junit.platform.launcher.core.EngineExecutionOrchestrator.execute(EngineExecutionOrchestrator.java:93)
    	at org.junit.platform.launcher.core.EngineExecutionOrchestrator.lambda$execute$0(EngineExecutionOrchestrator.java:58)
    	at org.junit.platform.launcher.core.EngineExecutionOrchestrator.withInterceptedStreams(EngineExecutionOrchestrator.java:141)
    	at org.junit.platform.launcher.core.EngineExecutionOrchestrator.execute(EngineExecutionOrchestrator.java:57)
    	at org.junit.platform.launcher.core.DefaultLauncher.execute(DefaultLauncher.java:103)
    	at org.junit.platform.launcher.core.DefaultLauncher.execute(DefaultLauncher.java:85)
    	at org.junit.platform.launcher.core.DelegatingLauncher.execute(DelegatingLauncher.java:47)
    	at org.gradle.api.internal.tasks.testing.junitplatform.JUnitPlatformTestClassProcessor$CollectAllTestClassesExecutor.processAllTestClasses(JUnitPlatformTestClassProcessor.java:119)
    	at org.gradle.api.internal.tasks.testing.junitplatform.JUnitPlatformTestClassProcessor$CollectAllTestClassesExecutor.access$000(JUnitPlatformTestClassProcessor.java:94)
    	at org.gradle.api.internal.tasks.testing.junitplatform.JUnitPlatformTestClassProcessor.stop(JUnitPlatformTestClassProcessor.java:89)
    	at org.gradle.api.internal.tasks.testing.SuiteTestClassProcessor.stop(SuiteTestClassProcessor.java:62)
    	at java.base/jdk.internal.reflect.DirectMethodHandleAccessor.invoke(DirectMethodHandleAccessor.java:104)
    	at java.base/java.lang.reflect.Method.invoke(Method.java:577)
    	at org.gradle.internal.dispatch.ReflectionDispatch.dispatch(ReflectionDispatch.java:36)
    	at org.gradle.internal.dispatch.ReflectionDispatch.dispatch(ReflectionDispatch.java:24)
    	at org.gradle.internal.dispatch.ContextClassLoaderDispatch.dispatch(ContextClassLoaderDispatch.java:33)
    	at org.gradle.internal.dispatch.ProxyDispatchAdapter$DispatchingInvocationHandler.invoke(ProxyDispatchAdapter.java:94)
    	at jdk.proxy1/jdk.proxy1.$Proxy2.stop(Unknown Source)
    	at org.gradle.api.internal.tasks.testing.worker.TestWorker$3.run(TestWorker.java:193)
    	at org.gradle.api.internal.tasks.testing.worker.TestWorker.executeAndMaintainThreadName(TestWorker.java:129)
    	at org.gradle.api.internal.tasks.testing.worker.TestWorker.execute(TestWorker.java:100)
    	at org.gradle.api.internal.tasks.testing.worker.TestWorker.execute(TestWorker.java:60)
    	at org.gradle.process.internal.worker.child.ActionExecutionWorker.execute(ActionExecutionWorker.java:56)
    	at org.gradle.process.internal.worker.child.SystemApplicationClassLoaderWorker.call(SystemApplicationClassLoaderWorker.java:113)
    	at org.gradle.process.internal.worker.child.SystemApplicationClassLoaderWorker.call(SystemApplicationClassLoaderWorker.java:65)
    	at worker.org.gradle.process.internal.worker.GradleWorkerMain.run(GradleWorkerMain.java:69)
    	at worker.org.gradle.process.internal.worker.GradleWorkerMain.main(GradleWorkerMain.java:74)

AllBlocksCodeGenTest > testBlockCodeGeneration(String) > com.holycityaudio.SpinCAD.CADBlocks.PitchTestCADBlock STANDARD_OUT
    ; ----------------------------
    ;------ Input

    Optimization complete: saved 0 instruction(s) and 0 register(s).

AllBlocksCodeGenTest > testBlockCodeGeneration(String) > com.holycityaudio.SpinCAD.CADBlocks.PitchTestCADBlock STANDARD_ERROR
    compactRegisters: no user registers found, nothing to compact.

AllBlocksCodeGenTest > testBlockCodeGeneration(String) > com.holycityaudio.SpinCAD.CADBlocks.PitchTestCADBlock STANDARD_OUT
      OK: PitchTestCADBlock ù 0 instr, 2 regs, 0 RAM

AllBlocksCodeGenTest > testBlockCodeGeneration(String) > com.holycityaudio.SpinCAD.CADBlocks.PitchTestCADBlock PASSED

AllBlocksCodeGenTest > testBlockCodeGeneration(String) > com.holycityaudio.SpinCAD.CADBlocks.PitchUpCADBlock STANDARD_OUT
    Constant code gen!
    Constant code gen!
    ; ----------------------------
    ;------ Input
    ;------ Constant
    SOF 0.0000000000,0.9990234375
    WRAX REG0,0.0000000000
    ;------ Pitch Up
    SKP RUN ,1
    WLDR 0, 0, 4096
    RDAX REG0,1.0000000000
    SOF 0.2500000000,-0.1250000000
    RDAX REG2,0.0200000000
    WRAX REG2,1.0000000000
    WRAX RMP0_RATE,0.0000000000
    LDAX ADCL
    WRA 0,0.0
    CHO RDA,2,REG | COMPC,0
    CHO RDA,2,0,1
    WRA 4097,0.0
    CHO RDA,2,COMPC | RPTR2,0
    CHO RDA,2,RPTR2,0
    CHO SOF,2,COMPC | NA,0.0
    CHO RDA,2,NA,4097
    WRAX REG1,0.0000000000
    ;------ Output
    RDAX REG1,1.0000000000
    WRAX DACL,0.0000000000

    Optimization complete: saved 2 instruction(s) and 1 register(s).

AllBlocksCodeGenTest > testBlockCodeGeneration(String) > com.holycityaudio.SpinCAD.CADBlocks.PitchUpCADBlock STANDARD_ERROR
    ----------------------------------------
    Register compaction report:
      Registers before compaction : 3  (highest was REG2 / 0x22)
      Holes removed               : 1
      Registers after compaction  : 2  (highest is now REG1 / 0x21)
      OK: all registers fit within REG0ûREG31.
    ----------------------------------------
    SpinFXBlock: numRegs updated to 0x22 (REG2)

AllBlocksCodeGenTest > testBlockCodeGeneration(String) > com.holycityaudio.SpinCAD.CADBlocks.PitchUpCADBlock STANDARD_OUT
      OK: PitchUpCADBlock ù 19 instr, 2 regs, 4097 RAM

AllBlocksCodeGenTest > testBlockCodeGeneration(String) > com.holycityaudio.SpinCAD.CADBlocks.PitchUpCADBlock PASSED

AllBlocksCodeGenTest > testBlockCodeGeneration(String) > com.holycityaudio.SpinCAD.CADBlocks.Pitch_shift_testCADBlock STANDARD_OUT
    Constant code gen!
    Constant code gen!
    ; ----------------------------
    ;------ Input
    ;------ Constant
    SOF 0.0000000000,0.9990234375
    WRAX REG0,0.0000000000
    ;------ Pitch Shift
    SKP RUN ,1
    WLDR 0, 8192, 4096
    LDAX ADCL
    WRA 0,0.0
    RDAX REG0,0.2500000000
    WRAX RMP0_RATE,0.0000000000
    CHO RDA,2,REG | COMPC,0
    CHO RDA,2,0,1
    WRA 4097,0.0
    CHO RDA,2,COMPC | RPTR2,0
    CHO RDA,2,RPTR2,1
    CHO SOF,2,COMPC | NA,0.0
    CHO RDA,2,NA,4097
    WRAX REG1,0.0000000000
    ;------ Output
    RDAX REG1,1.0000000000
    WRAX DACL,0.0000000000

    Optimization complete: saved 2 instruction(s) and 1 register(s).

AllBlocksCodeGenTest > testBlockCodeGeneration(String) > com.holycityaudio.SpinCAD.CADBlocks.Pitch_shift_testCADBlock STANDARD_ERROR
    ----------------------------------------
    Register compaction report:
      Registers before compaction : 1  (highest was REG0 / 0x20)
      Holes removed               : 0
      Registers after compaction  : 1  (highest is now REG0 / 0x20)
      OK: all registers fit within REG0ûREG31.
    ----------------------------------------
    SpinFXBlock: numRegs updated to 0x21 (REG1)

AllBlocksCodeGenTest > testBlockCodeGeneration(String) > com.holycityaudio.SpinCAD.CADBlocks.Pitch_shift_testCADBlock STANDARD_OUT
      OK: Pitch_shift_testCADBlock ù 16 instr, 1 regs, 4097 RAM

AllBlocksCodeGenTest > testBlockCodeGeneration(String) > com.holycityaudio.SpinCAD.CADBlocks.Pitch_shift_testCADBlock PASSED

AllBlocksCodeGenTest > testBlockCodeGeneration(String) > com.holycityaudio.SpinCAD.CADBlocks.PluckCADBlock STANDARD_OUT
    ; ----------------------------
    ;------ Input
    ;------ Pluck
    RDAX REG0,-1.0000000000
    SKP NEG,11
    CLR
    RDAX ADCL,1.0000000000
    ABSA
    SOF 1.0000000000,-0.0150000000
    SKP NEG,17
    CLR
    OR $00000001
    WRAX REG1,1.0000000000
    WRAX REG0,0.0000000000
    SOF 0.0000000000,-0.5500000000
    WRAX REG2,0.0000000000
    CLR
    OR $00000001
    RDAX REG0,1.0000000000
    WRAX REG0,1.0000000000
    SKP ZRO,2
    LDAX REG0
    SKP RUN ,2
    WRAX REG0,0.0000000000
    SKP RUN ,2
    RDAX REG2,1.0000000000
    SKP RUN ,2
    RDFX REG2,0.0018000000
    WRLX REG2,-1.0000000000
    WRAX REG3,0.0000000000
    ;------ Output

    Optimization complete: saved 0 instruction(s) and 0 register(s).

AllBlocksCodeGenTest > testBlockCodeGeneration(String) > com.holycityaudio.SpinCAD.CADBlocks.PluckCADBlock STANDARD_ERROR
    ----------------------------------------
    Register compaction report:
      Registers before compaction : 4  (highest was REG3 / 0x23)
      Holes removed               : 0
      Registers after compaction  : 4  (highest is now REG3 / 0x23)
      OK: all registers fit within REG0ûREG31.
    ----------------------------------------
    SpinFXBlock: numRegs updated to 0x24 (REG4)

AllBlocksCodeGenTest > testBlockCodeGeneration(String) > com.holycityaudio.SpinCAD.CADBlocks.PluckCADBlock STANDARD_OUT
      OK: PluckCADBlock ù 27 instr, 4 regs, 0 RAM

AllBlocksCodeGenTest > testBlockCodeGeneration(String) > com.holycityaudio.SpinCAD.CADBlocks.PluckCADBlock PASSED

AllBlocksCodeGenTest > testBlockCodeGeneration(String) > com.holycityaudio.SpinCAD.CADBlocks.Pot0CADBlock STANDARD_OUT
    ; ----------------------------
    ;------ Input
    ;------ Pot 0
    ;------ Output

    Optimization complete: saved 0 instruction(s) and 0 register(s).

AllBlocksCodeGenTest > testBlockCodeGeneration(String) > com.holycityaudio.SpinCAD.CADBlocks.Pot0CADBlock STANDARD_ERROR
    compactRegisters: no user registers found, nothing to compact.

AllBlocksCodeGenTest > testBlockCodeGeneration(String) > com.holycityaudio.SpinCAD.CADBlocks.Pot0CADBlock STANDARD_OUT
      OK: Pot0CADBlock ù 0 instr, 0 regs, 0 RAM

AllBlocksCodeGenTest > testBlockCodeGeneration(String) > com.holycityaudio.SpinCAD.CADBlocks.Pot0CADBlock PASSED

AllBlocksCodeGenTest > testBlockCodeGeneration(String) > com.holycityaudio.SpinCAD.CADBlocks.Pot1CADBlock STANDARD_OUT
    ; ----------------------------
    ;------ Input
    ;------ Pot 1
    ;------ Output

    Optimization complete: saved 0 instruction(s) and 0 register(s).

AllBlocksCodeGenTest > testBlockCodeGeneration(String) > com.holycityaudio.SpinCAD.CADBlocks.Pot1CADBlock STANDARD_ERROR
    compactRegisters: no user registers found, nothing to compact.

AllBlocksCodeGenTest > testBlockCodeGeneration(String) > com.holycityaudio.SpinCAD.CADBlocks.Pot1CADBlock STANDARD_OUT
      OK: Pot1CADBlock ù 0 instr, 0 regs, 0 RAM

AllBlocksCodeGenTest > testBlockCodeGeneration(String) > com.holycityaudio.SpinCAD.CADBlocks.Pot1CADBlock PASSED

AllBlocksCodeGenTest > testBlockCodeGeneration(String) > com.holycityaudio.SpinCAD.CADBlocks.Pot2CADBlock STANDARD_OUT
    ; ----------------------------
    ;------ Input
    ;------ Pot 2
    ;------ Output

    Optimization complete: saved 0 instruction(s) and 0 register(s).

AllBlocksCodeGenTest > testBlockCodeGeneration(String) > com.holycityaudio.SpinCAD.CADBlocks.Pot2CADBlock STANDARD_ERROR
    compactRegisters: no user registers found, nothing to compact.

AllBlocksCodeGenTest > testBlockCodeGeneration(String) > com.holycityaudio.SpinCAD.CADBlocks.Pot2CADBlock STANDARD_OUT
      OK: Pot2CADBlock ù 0 instr, 0 regs, 0 RAM

AllBlocksCodeGenTest > testBlockCodeGeneration(String) > com.holycityaudio.SpinCAD.CADBlocks.Pot2CADBlock PASSED

AllBlocksCodeGenTest > testBlockCodeGeneration(String) > com.holycityaudio.SpinCAD.CADBlocks.PotCADBlock STANDARD_OUT
    ; ----------------------------
    ;------ Input
    ;------ null
    ;------ Output

    Optimization complete: saved 0 instruction(s) and 0 register(s).

AllBlocksCodeGenTest > testBlockCodeGeneration(String) > com.holycityaudio.SpinCAD.CADBlocks.PotCADBlock STANDARD_ERROR
    compactRegisters: no user registers found, nothing to compact.

AllBlocksCodeGenTest > testBlockCodeGeneration(String) > com.holycityaudio.SpinCAD.CADBlocks.PotCADBlock STANDARD_OUT
      OK: PotCADBlock ù 0 instr, 0 regs, 0 RAM

AllBlocksCodeGenTest > testBlockCodeGeneration(String) > com.holycityaudio.SpinCAD.CADBlocks.PotCADBlock PASSED

AllBlocksCodeGenTest > testBlockCodeGeneration(String) > com.holycityaudio.SpinCAD.CADBlocks.PotSkipCADBlock STANDARD_OUT
    Constant code gen!
    Constant code gen!
    ; ----------------------------
    ;------ Input
    ;------ Constant
    SOF 0.0000000000,0.9990234375
    WRAX REG0,0.0000000000
    ;------ PotSkip
    RDAX REG0,1.0000000000
    AND $00600000
    SKP ZRO,7
    SOF 1.0000000000,-0.2500000000
    SKP ZRO,4
    SOF 1.0000000000,-0.2500000000
    SKP ZRO,1
    SKP RUN ,3
    SKP RUN ,2
    SKP RUN ,1
    CLR
    ;------ Output

    Optimization complete: saved 2 instruction(s) and 1 register(s).

AllBlocksCodeGenTest > testBlockCodeGeneration(String) > com.holycityaudio.SpinCAD.CADBlocks.PotSkipCADBlock STANDARD_ERROR
    compactRegisters: no user registers found, nothing to compact.

AllBlocksCodeGenTest > testBlockCodeGeneration(String) > com.holycityaudio.SpinCAD.CADBlocks.PotSkipCADBlock STANDARD_OUT
      OK: PotSkipCADBlock ù 11 instr, 1 regs, 0 RAM

AllBlocksCodeGenTest > testBlockCodeGeneration(String) > com.holycityaudio.SpinCAD.CADBlocks.PotSkipCADBlock PASSED

AllBlocksCodeGenTest > testBlockCodeGeneration(String) > com.holycityaudio.SpinCAD.CADBlocks.PowerControlCADBlock STANDARD_OUT
    Constant code gen!
    Constant code gen!
    Power control code gen! Power:3.0
    ; ----------------------------
    ;------ Input
    ;------ Constant
    SOF 0.0000000000,0.9990234375
    WRAX REG0,0.0000000000
    ;------ Power
    RDAX REG0,1.0000000000
    WRAX REG1,1.0000000000
    MULX REG1
    MULX REG1
    WRAX REG2,0.0000000000
    ;------ Output

    Optimization complete: saved 2 instruction(s) and 1 register(s).

AllBlocksCodeGenTest > testBlockCodeGeneration(String) > com.holycityaudio.SpinCAD.CADBlocks.PowerControlCADBlock STANDARD_ERROR
    ----------------------------------------
    Register compaction report:
      Registers before compaction : 3  (highest was REG2 / 0x22)
      Holes removed               : 1
      Registers after compaction  : 2  (highest is now REG1 / 0x21)
      OK: all registers fit within REG0ûREG31.
    ----------------------------------------
    SpinFXBlock: numRegs updated to 0x22 (REG2)

AllBlocksCodeGenTest > testBlockCodeGeneration(String) > com.holycityaudio.SpinCAD.CADBlocks.PowerControlCADBlock STANDARD_OUT
      OK: PowerControlCADBlock ù 5 instr, 2 regs, 0 RAM

AllBlocksCodeGenTest > testBlockCodeGeneration(String) > com.holycityaudio.SpinCAD.CADBlocks.PowerControlCADBlock PASSED

AllBlocksCodeGenTest > testBlockCodeGeneration(String) > com.holycityaudio.SpinCAD.CADBlocks.QuantizerCADBlock STANDARD_OUT
    Constant code gen!
    Constant code gen!
    Bit crusher code gen!
    ; ----------------------------
    ;------ Input
    ;------ Constant
    SOF 0.0000000000,0.9990234375
    WRAX REG0,0.0000000000
    ;------ Quantizer
    RDAX REG0,1.0000000000
    SOF 1.0000000000,-0.1666666667
    SKP NEG,18
    SOF 1.0000000000,-0.1666666667
    SKP NEG,26
    SOF 1.0000000000,-0.1666666667
    SKP NEG,34
    SOF 1.0000000000,-0.1666666667
    SKP NEG,42
    SOF 1.0000000000,-0.1666666667
    SKP NEG,50
    CLR
    RDAX ADCL,1.0000000000
    SKP NEG,2
    AND $00F00000
    SKP GEZ,3
    SOF -1.0000000000,0.0000000000
    AND $00F00000
    SOF -1.0000000000,0.0000000000
    WRAX REG1,0.0000000000
    SKP ZRO,49
    CLR
    RDAX ADCL,1.0000000000
    SKP NEG,2
    AND $00FF8000
    SKP GEZ,3
    SOF -1.0000000000,0.0000000000
    AND $00FF8000
    SOF -1.0000000000,0.0000000000
    WRAX REG1,0.0000000000
    SKP ZRO,39
    CLR
    RDAX ADCL,1.0000000000
    SKP NEG,2
    AND $00FF0000
    SKP GEZ,3
    SOF -1.0000000000,0.0000000000
    AND $00FF0000
    SOF -1.0000000000,0.0000000000
    WRAX REG1,0.0000000000
    SKP ZRO,29
    CLR
    RDAX ADCL,1.0000000000
    SKP NEG,2
    AND $00FE0000
    SKP GEZ,3
    SOF -1.0000000000,0.0000000000
    AND $00FE0000
    SOF -1.0000000000,0.0000000000
    WRAX REG1,0.0000000000
    SKP ZRO,19
    CLR
    RDAX ADCL,1.0000000000
    SKP NEG,2
    AND $00FC0000
    SKP GEZ,3
    SOF -1.0000000000,0.0000000000
    AND $00FC0000
    SOF -1.0000000000,0.0000000000
    WRAX REG1,0.0000000000
    SKP ZRO,9
    CLR
    RDAX ADCL,1.0000000000
    SKP NEG,2
    AND $00F80000
    SKP GEZ,3
    SOF -1.0000000000,0.0000000000
    AND $00F80000
    SOF -1.0000000000,0.0000000000
    WRAX REG1,0.0000000000
    ;------ Output
    RDAX REG1,1.0000000000
    WRAX DACL,0.0000000000

    Optimization complete: saved 4 instruction(s) and 2 register(s).

AllBlocksCodeGenTest > testBlockCodeGeneration(String) > com.holycityaudio.SpinCAD.CADBlocks.QuantizerCADBlock STANDARD_ERROR
    ----------------------------------------
    Register compaction report:
      Registers before compaction : 2  (highest was REG1 / 0x21)
      Holes removed               : 1
      Registers after compaction  : 1  (highest is now REG0 / 0x20)
      OK: all registers fit within REG0ûREG31.
    ----------------------------------------
    SpinFXBlock: numRegs updated to 0x21 (REG1)

AllBlocksCodeGenTest > testBlockCodeGeneration(String) > com.holycityaudio.SpinCAD.CADBlocks.QuantizerCADBlock STANDARD_OUT
      OK: QuantizerCADBlock ù 70 instr, 1 regs, 0 RAM

AllBlocksCodeGenTest > testBlockCodeGeneration(String) > com.holycityaudio.SpinCAD.CADBlocks.QuantizerCADBlock PASSED

AllBlocksCodeGenTest > testBlockCodeGeneration(String) > com.holycityaudio.SpinCAD.CADBlocks.RampLFOCADBlock STANDARD_OUT
    Constant code gen!
    Constant code gen!
    Constant code gen!
    Constant code gen!
    Ramp LFO code gen!
    ; ----------------------------
    ;------ Input
    ;------ Constant
    SOF 0.0000000000,0.9990234375
    WRAX REG0,0.0000000000
    ;------ Constant
    SOF 0.0000000000,0.9990234375
    WRAX REG1,0.0000000000
    ;------ Ramp LFO 0
    SKP RUN ,1
    WLDR 0, 1, 1024
    RDAX REG0,0.0000305185
    WRAX RMP0_RATE,0.0000000000
    CHO RDAL,2
    WRAX REG2,0.0000000000
    ;------ Output

    Optimization complete: saved 0 instruction(s) and 0 register(s).

AllBlocksCodeGenTest > testBlockCodeGeneration(String) > com.holycityaudio.SpinCAD.CADBlocks.RampLFOCADBlock STANDARD_ERROR
    ----------------------------------------
    Register compaction report:
      Registers before compaction : 3  (highest was REG2 / 0x22)
      Holes removed               : 0
      Registers after compaction  : 3  (highest is now REG2 / 0x22)
      OK: all registers fit within REG0ûREG31.
    ----------------------------------------
    SpinFXBlock: numRegs updated to 0x23 (REG3)

AllBlocksCodeGenTest > testBlockCodeGeneration(String) > com.holycityaudio.SpinCAD.CADBlocks.RampLFOCADBlock STANDARD_OUT
      OK: RampLFOCADBlock ù 10 instr, 3 regs, 0 RAM

AllBlocksCodeGenTest > testBlockCodeGeneration(String) > com.holycityaudio.SpinCAD.CADBlocks.RampLFOCADBlock PASSED

AllBlocksCodeGenTest > testBlockCodeGeneration(String) > com.holycityaudio.SpinCAD.CADBlocks.RatioCADBlock STANDARD_OUT
    Constant code gen!
    Constant code gen!
    ; ----------------------------
    ;------ Input
    ;------ Constant
    SOF 0.0000000000,0.9990234375
    WRAX REG0,0.0000000000
    ;------ Ratio
    RDAX REG0,1.0000000000
    SOF 0.8000000000,0.2000000000
    WRAX REG1,1.0000000000
    LOG -1.0,-0.14512050593046014
    EXP 1.0,0.0
    WRAX REG2,0.0000000000
    ;------ Output

    Optimization complete: saved 2 instruction(s) and 1 register(s).

AllBlocksCodeGenTest > testBlockCodeGeneration(String) > com.holycityaudio.SpinCAD.CADBlocks.RatioCADBlock STANDARD_ERROR
    ----------------------------------------
    Register compaction report:
      Registers before compaction : 3  (highest was REG2 / 0x22)
      Holes removed               : 1
      Registers after compaction  : 2  (highest is now REG1 / 0x21)
      OK: all registers fit within REG0ûREG31.
    ----------------------------------------
    SpinFXBlock: numRegs updated to 0x22 (REG2)

AllBlocksCodeGenTest > testBlockCodeGeneration(String) > com.holycityaudio.SpinCAD.CADBlocks.RatioCADBlock STANDARD_OUT
      OK: RatioCADBlock ù 6 instr, 2 regs, 0 RAM

AllBlocksCodeGenTest > testBlockCodeGeneration(String) > com.holycityaudio.SpinCAD.CADBlocks.RatioCADBlock PASSED

AllBlocksCodeGenTest > testBlockCodeGeneration(String) > com.holycityaudio.SpinCAD.CADBlocks.ReverseDelayCADBlock STANDARD_OUT
    ; ----------------------------
    ;------ Input
    ;------ Reverse Delay
    SKP RUN ,3
    SOF 0.0000000000,-0.2500000000
    WRAX RMP0_RATE,0.0000000000
    WRAX RMP0_RANGE,0.0000000000
    RDAX ADCL,1.0000000000
    WRA 32767,0.0
    CHO RDAL,2
    WRAX ADDR_PTR,1.0000000000
    WRAX REG2,1.0000000000
    SOF 1.0000000000,-0.2500000000
    ABSA
    SOF -2.0000000000,0.2500000000
    SOF -2.0000000000,0.0000000000
    SOF -2.0000000000,0.0000000000
    SOF -2.0000000000,0.0000000000
    SOF -2.0000000000,0.0000000000
    SOF 0.5000000000,0.5000000000
    WRAX REG4,0.0000000000
    RMPA 1.0
    MULX REG4
    WRAX REG0,0.0000000000
    RDAX REG2,1.0000000000
    SOF 1.0000000000,-0.2500000000
    WRAX REG3,1.0000000000
    SKP GEZ,1
    SOF 1.0000000000,0.5000000000
    WRAX ADDR_PTR,0.0000000000
    RMPA 1.0
    WRAX REG5,0.0000000000
    RDAX REG4,1.0000000000
    SOF -1.0000000000,0.9900000000
    MULX REG5
    RDAX REG0,1.0000000000
    WRAX REG1,0.0000000000
    ;------ Output
    RDAX REG1,1.0000000000
    WRAX DACL,0.0000000000

    Optimization complete: saved 2 instruction(s) and 1 register(s).
    Output register optimization complete: saved 2 instruction(s) and 1 register(s).

AllBlocksCodeGenTest > testBlockCodeGeneration(String) > com.holycityaudio.SpinCAD.CADBlocks.ReverseDelayCADBlock STANDARD_ERROR
    ----------------------------------------
    Register compaction report:
      Registers before compaction : 6  (highest was REG5 / 0x25)
      Holes removed               : 2
      Registers after compaction  : 4  (highest is now REG3 / 0x23)
      OK: all registers fit within REG0ûREG31.
    ----------------------------------------
    SpinFXBlock: numRegs updated to 0x24 (REG4)

AllBlocksCodeGenTest > testBlockCodeGeneration(String) > com.holycityaudio.SpinCAD.CADBlocks.ReverseDelayCADBlock STANDARD_OUT
      OK: ReverseDelayCADBlock ù 32 instr, 4 regs, 32767 RAM

AllBlocksCodeGenTest > testBlockCodeGeneration(String) > com.holycityaudio.SpinCAD.CADBlocks.ReverseDelayCADBlock PASSED

AllBlocksCodeGenTest > testBlockCodeGeneration(String) > com.holycityaudio.SpinCAD.CADBlocks.RingModCADBlock STANDARD_OUT
    Constant code gen!
    Constant code gen!
    ; ----------------------------
    ;------ Input
    ;------ Constant
    SOF 0.0000000000,0.9990234375
    WRAX REG0,0.0000000000
    ;------ Ring Mod
    SKP RUN ,3
    WRAX REG1,0.0000000000
    SOF 0.0000000000,-1.0000000000
    WRAX REG2,0.0000000000
    RDAX REG1,0.0200000000
    MULX REG0
    RDAX REG2,1.0000000000
    WRAX REG2,-0.0200000000
    MULX REG0
    RDAX REG1,1.0000000000
    WRAX REG1,1.0000000000
    MULX ADCL
    WRAX REG3,0.0000000000
    ;------ Output
    RDAX REG3,1.0000000000
    WRAX DACL,0.0000000000

    Optimization complete: saved 2 instruction(s) and 1 register(s).

AllBlocksCodeGenTest > testBlockCodeGeneration(String) > com.holycityaudio.SpinCAD.CADBlocks.RingModCADBlock STANDARD_ERROR
    ----------------------------------------
    Register compaction report:
      Registers before compaction : 3  (highest was REG2 / 0x22)
      Holes removed               : 0
      Registers after compaction  : 3  (highest is now REG2 / 0x22)
      OK: all registers fit within REG0ûREG31.
    ----------------------------------------
    SpinFXBlock: numRegs updated to 0x23 (REG3)

AllBlocksCodeGenTest > testBlockCodeGeneration(String) > com.holycityaudio.SpinCAD.CADBlocks.RingModCADBlock STANDARD_OUT
      OK: RingModCADBlock ù 15 instr, 3 regs, 0 RAM

AllBlocksCodeGenTest > testBlockCodeGeneration(String) > com.holycityaudio.SpinCAD.CADBlocks.RingModCADBlock PASSED

AllBlocksCodeGenTest > testBlockCodeGeneration(String) > com.holycityaudio.SpinCAD.CADBlocks.RootCADBlock STANDARD_OUT
    Constant code gen!
    Constant code gen!
    Root code gen!
    ; ----------------------------
    ;------ Input
    ;------ Constant
    SOF 0.0000000000,0.9990234375
    WRAX REG0,0.0000000000
    ;------ Root
    RDAX REG0,1.0000000000
    LOG 0.5,0.0
    EXP 1.0,0.0
    WRAX REG1,0.0000000000
    ;------ Output

    Optimization complete: saved 2 instruction(s) and 1 register(s).

AllBlocksCodeGenTest > testBlockCodeGeneration(String) > com.holycityaudio.SpinCAD.CADBlocks.RootCADBlock STANDARD_ERROR
    ----------------------------------------
    Register compaction report:
      Registers before compaction : 2  (highest was REG1 / 0x21)
      Holes removed               : 1
      Registers after compaction  : 1  (highest is now REG0 / 0x20)
      OK: all registers fit within REG0ûREG31.
    ----------------------------------------
    SpinFXBlock: numRegs updated to 0x21 (REG1)

AllBlocksCodeGenTest > testBlockCodeGeneration(String) > com.holycityaudio.SpinCAD.CADBlocks.RootCADBlock STANDARD_OUT
      OK: RootCADBlock ù 4 instr, 1 regs, 0 RAM

AllBlocksCodeGenTest > testBlockCodeGeneration(String) > com.holycityaudio.SpinCAD.CADBlocks.RootCADBlock PASSED

AllBlocksCodeGenTest > testBlockCodeGeneration(String) > com.holycityaudio.SpinCAD.CADBlocks.SVF2PCADBlock STANDARD_OUT
    Constant code gen!
    Constant code gen!
    SVF 2P code gen!
    ; ----------------------------
    ;------ Input
    ;------ Constant
    SOF 0.0000000000,0.9990234375
    WRAX REG0,0.0000000000
    ;------ SVF 2P
    SOF 0.0000000000,0.0000000000
    RDAX ADCL,1.0000000000
    RDAX REG3,-1.0000000000
    RDAX REG2,-1.0000000000
    WRAX REG1,0.1414175630
    MULX REG0
    RDAX REG2,1.0000000000
    WRAX REG2,0.1414175630
    MULX REG0
    RDAX REG3,1.0000000000
    WRAX REG3,0.0000000000
    ;------ Output
    RDAX REG3,1.0000000000
    WRAX DACL,0.0000000000

    Optimization complete: saved 1 instruction(s) and 0 register(s).

AllBlocksCodeGenTest > testBlockCodeGeneration(String) > com.holycityaudio.SpinCAD.CADBlocks.SVF2PCADBlock STANDARD_ERROR
    ----------------------------------------
    Register compaction report:
      Registers before compaction : 4  (highest was REG3 / 0x23)
      Holes removed               : 0
      Registers after compaction  : 4  (highest is now REG3 / 0x23)
      OK: all registers fit within REG0ûREG31.
    ----------------------------------------
    SpinFXBlock: numRegs updated to 0x24 (REG4)

AllBlocksCodeGenTest > testBlockCodeGeneration(String) > com.holycityaudio.SpinCAD.CADBlocks.SVF2PCADBlock STANDARD_OUT
      OK: SVF2PCADBlock ù 14 instr, 4 regs, 0 RAM

AllBlocksCodeGenTest > testBlockCodeGeneration(String) > com.holycityaudio.SpinCAD.CADBlocks.SVF2PCADBlock PASSED

AllBlocksCodeGenTest > testBlockCodeGeneration(String) > com.holycityaudio.SpinCAD.CADBlocks.SVF2PVariableCADBlock STANDARD_OUT
    Constant code gen!
    Constant code gen!
    Constant code gen!
    Constant code gen!
    LPF 2/4 pole code gen!
    ; ----------------------------
    ;------ Input
    ;------ Constant
    SOF 0.0000000000,0.9990234375
    WRAX REG0,0.0000000000
    ;------ Constant
    SOF 0.0000000000,0.9990234375
    WRAX REG1,0.0000000000
    ;------ 2 pole low pass
    RDAX REG0,1.0000000000
    SOF 0.3500000000,-0.3500000000
    EXP 1.0,0.0
    WRAX REG2,0.0000000000
    RDAX REG0,1.0000000000
    SOF 1.0000000000,-0.9990000000
    EXP 1.0,0.0
    WRAX REG3,0.0000000000
    RDAX REG5,1.0000000000
    MULX REG2
    RDAX REG4,1.0000000000
    WRAX REG4,-1.0000000000
    WRAX REG7,0.0000000000
    RDAX REG5,-0.4000000000
    RDAX REG7,1.0000000000
    RDAX ADCL,0.5000000000
    WRAX REG6,1.0000000000
    MULX REG2
    RDAX REG5,1.0000000000
    WRAX REG5,0.0000000000
    ;------ Output
    RDAX REG4,1.0000000000
    WRAX DACL,0.0000000000

    Optimization complete: saved 0 instruction(s) and 0 register(s).

AllBlocksCodeGenTest > testBlockCodeGeneration(String) > com.holycityaudio.SpinCAD.CADBlocks.SVF2PVariableCADBlock STANDARD_ERROR
    ----------------------------------------
    Register compaction report:
      Registers before compaction : 8  (highest was REG7 / 0x27)
      Holes removed               : 0
      Registers after compaction  : 8  (highest is now REG7 / 0x27)
      OK: all registers fit within REG0ûREG31.
    ----------------------------------------
    SpinFXBlock: numRegs updated to 0x28 (REG8)

AllBlocksCodeGenTest > testBlockCodeGeneration(String) > com.holycityaudio.SpinCAD.CADBlocks.SVF2PVariableCADBlock STANDARD_OUT
      OK: SVF2PVariableCADBlock ù 26 instr, 8 regs, 0 RAM

AllBlocksCodeGenTest > testBlockCodeGeneration(String) > com.holycityaudio.SpinCAD.CADBlocks.SVF2PVariableCADBlock PASSED

AllBlocksCodeGenTest > testBlockCodeGeneration(String) > com.holycityaudio.SpinCAD.CADBlocks.SVF_2P_adjustableCADBlock STANDARD_OUT
    Constant code gen!
    Constant code gen!
    Constant code gen!
    Constant code gen!
    ; ----------------------------
    ;------ Input
    ;------ Constant
    SOF 0.0000000000,0.9990234375
    WRAX REG0,0.0000000000
    ;------ Constant
    SOF 0.0000000000,0.9990234375
    WRAX REG1,0.0000000000
    ;------ SVF 2 Pole
    CLR
    RDAX REG3,0.1500000000
    MULX REG0
    RDAX REG4,1.0000000000
    WRAX REG5,1.0000000000
    WRAX REG4,-1.0000000000
    WRAX SIN0_RATE,0.0000000000
    RDAX REG1,1.0000000000
    SOF 0.9800000000,-1.0000000000
    WRAX REG9,0.0000000000
    RDAX REG3,1.0000000000
    MULX REG9
    RDAX REG8,1.0000000000
    RDAX ADCL,1.0000000000
    WRAX REG6,0.1500000000
    MULX REG0
    RDAX REG3,1.0000000000
    WRAX REG3,0.0000000000
    ;------ Output
    RDAX REG5,1.0000000000
    WRAX DACL,0.0000000000

    Optimization complete: saved 0 instruction(s) and 0 register(s).

AllBlocksCodeGenTest > testBlockCodeGeneration(String) > com.holycityaudio.SpinCAD.CADBlocks.SVF_2P_adjustableCADBlock STANDARD_ERROR
    ----------------------------------------
    Register compaction report:
      Registers before compaction : 10  (highest was REG9 / 0x29)
      Holes removed               : 2
      Registers after compaction  : 8  (highest is now REG7 / 0x27)
      OK: all registers fit within REG0ûREG31.
    ----------------------------------------
    SpinFXBlock: numRegs updated to 0x28 (REG8)

AllBlocksCodeGenTest > testBlockCodeGeneration(String) > com.holycityaudio.SpinCAD.CADBlocks.SVF_2P_adjustableCADBlock STANDARD_OUT
      OK: SVF_2P_adjustableCADBlock ù 24 instr, 8 regs, 0 RAM

AllBlocksCodeGenTest > testBlockCodeGeneration(String) > com.holycityaudio.SpinCAD.CADBlocks.SVF_2P_adjustableCADBlock PASSED

AllBlocksCodeGenTest > testBlockCodeGeneration(String) > com.holycityaudio.SpinCAD.CADBlocks.SampleHoldCADBlock STANDARD_OUT
    Constant code gen!
    Constant code gen!
    Constant code gen!
    Constant code gen!
    ; ----------------------------
    ;------ Input
    ;------ Constant
    SOF 0.0000000000,0.9990234375
    WRAX REG0,0.0000000000
    ;------ Constant
    SOF 0.0000000000,0.9990234375
    WRAX REG1,0.0000000000
    ;------ SampleHold
    SKP RUN ,1
    WLDR 0, 20, 4096
    LDAX REG1
    MULX REG1
    MULX REG1
    SOF 0.5000000000,0.1000000000
    WRAX RMP0_RATE,0.0000000000
    CHO RDAL,2
    SOF 1.0000000000,-0.2500000000
    SKP ZRC,4
    CLR
    RDAX REG3,1.0000000000
    WRAX REG2,0.0000000000
    SKP ZRO,2
    LDAX REG0
    WRAX REG3,0.0000000000
    ;------ Output

    Optimization complete: saved 0 instruction(s) and 0 register(s).

AllBlocksCodeGenTest > testBlockCodeGeneration(String) > com.holycityaudio.SpinCAD.CADBlocks.SampleHoldCADBlock STANDARD_ERROR
    ----------------------------------------
    Register compaction report:
      Registers before compaction : 4  (highest was REG3 / 0x23)
      Holes removed               : 0
      Registers after compaction  : 4  (highest is now REG3 / 0x23)
      OK: all registers fit within REG0ûREG31.
    ----------------------------------------
    SpinFXBlock: numRegs updated to 0x24 (REG4)

AllBlocksCodeGenTest > testBlockCodeGeneration(String) > com.holycityaudio.SpinCAD.CADBlocks.SampleHoldCADBlock STANDARD_OUT
      OK: SampleHoldCADBlock ù 20 instr, 4 regs, 0 RAM

AllBlocksCodeGenTest > testBlockCodeGeneration(String) > com.holycityaudio.SpinCAD.CADBlocks.SampleHoldCADBlock PASSED

AllBlocksCodeGenTest > testBlockCodeGeneration(String) > com.holycityaudio.SpinCAD.CADBlocks.ScaleOffsetControlCADBlock STANDARD_OUT
    Constant code gen!
    Constant code gen!
    Scale Offset code gen!
    ; ----------------------------
    ;------ Input
    ;------ Constant
    SOF 0.0000000000,0.9990234375
    WRAX REG0,0.0000000000
    ;------ Scale/Offset
    RDAX REG0,1.0000000000
    SOF 0.7500000000,0.0000000000
    WRAX REG1,0.0000000000
    ;------ Output

    Optimization complete: saved 2 instruction(s) and 1 register(s).

AllBlocksCodeGenTest > testBlockCodeGeneration(String) > com.holycityaudio.SpinCAD.CADBlocks.ScaleOffsetControlCADBlock STANDARD_ERROR
    ----------------------------------------
    Register compaction report:
      Registers before compaction : 2  (highest was REG1 / 0x21)
      Holes removed               : 1
      Registers after compaction  : 1  (highest is now REG0 / 0x20)
      OK: all registers fit within REG0ûREG31.
    ----------------------------------------
    SpinFXBlock: numRegs updated to 0x21 (REG1)

AllBlocksCodeGenTest > testBlockCodeGeneration(String) > com.holycityaudio.SpinCAD.CADBlocks.ScaleOffsetControlCADBlock STANDARD_OUT
      OK: ScaleOffsetControlCADBlock ù 3 instr, 1 regs, 0 RAM

AllBlocksCodeGenTest > testBlockCodeGeneration(String) > com.holycityaudio.SpinCAD.CADBlocks.ScaleOffsetControlCADBlock PASSED

AllBlocksCodeGenTest > testBlockCodeGeneration(String) > com.holycityaudio.SpinCAD.CADBlocks.Shelving_HipassCADBlock STANDARD_OUT
    Constant code gen!
    Constant code gen!
    ; ----------------------------
    ;------ Input
    ;------ Constant
    SOF 0.0000000000,0.9990234375
    WRAX REG0,0.0000000000
    ;------ Shelving Hipass
    RDAX ADCL,1.0000000000
    WRAX REG3,-0.5000000000
    RDFX REG2,0.1500000000
    WRLX REG2,-1.0000000000
    MULX REG0
    RDAX REG3,1.0000000000
    WRAX REG1,0.0000000000
    ;------ Output
    RDAX REG1,1.0000000000
    WRAX DACL,0.0000000000

    Optimization complete: saved 2 instruction(s) and 1 register(s).

AllBlocksCodeGenTest > testBlockCodeGeneration(String) > com.holycityaudio.SpinCAD.CADBlocks.Shelving_HipassCADBlock STANDARD_ERROR
    ----------------------------------------
    Register compaction report:
      Registers before compaction : 4  (highest was REG3 / 0x23)
      Holes removed               : 1
      Registers after compaction  : 3  (highest is now REG2 / 0x22)
      OK: all registers fit within REG0ûREG31.
    ----------------------------------------
    SpinFXBlock: numRegs updated to 0x23 (REG3)

AllBlocksCodeGenTest > testBlockCodeGeneration(String) > com.holycityaudio.SpinCAD.CADBlocks.Shelving_HipassCADBlock STANDARD_OUT
      OK: Shelving_HipassCADBlock ù 9 instr, 3 regs, 0 RAM

AllBlocksCodeGenTest > testBlockCodeGeneration(String) > com.holycityaudio.SpinCAD.CADBlocks.Shelving_HipassCADBlock PASSED

AllBlocksCodeGenTest > testBlockCodeGeneration(String) > com.holycityaudio.SpinCAD.CADBlocks.Shelving_lowpassCADBlock STANDARD_OUT
    Constant code gen!
    Constant code gen!
    ; ----------------------------
    ;------ Input
    ;------ Constant
    SOF 0.0000000000,0.9990234375
    WRAX REG0,0.0000000000
    ;------ Shelving Lowpass
    RDAX ADCL,1.0000000000
    WRAX REG3,-0.5000000000
    RDFX REG2,0.1500000000
    WRHX REG2,-1.0000000000
    MULX REG0
    RDAX REG3,1.0000000000
    WRAX REG1,0.0000000000
    ;------ Output
    RDAX REG1,1.0000000000
    WRAX DACL,0.0000000000

    Optimization complete: saved 2 instruction(s) and 1 register(s).

AllBlocksCodeGenTest > testBlockCodeGeneration(String) > com.holycityaudio.SpinCAD.CADBlocks.Shelving_lowpassCADBlock STANDARD_ERROR
    ----------------------------------------
    Register compaction report:
      Registers before compaction : 4  (highest was REG3 / 0x23)
      Holes removed               : 1
      Registers after compaction  : 3  (highest is now REG2 / 0x22)
      OK: all registers fit within REG0ûREG31.
    ----------------------------------------
    SpinFXBlock: numRegs updated to 0x23 (REG3)

AllBlocksCodeGenTest > testBlockCodeGeneration(String) > com.holycityaudio.SpinCAD.CADBlocks.Shelving_lowpassCADBlock STANDARD_OUT
      OK: Shelving_lowpassCADBlock ù 9 instr, 3 regs, 0 RAM

AllBlocksCodeGenTest > testBlockCodeGeneration(String) > com.holycityaudio.SpinCAD.CADBlocks.Shelving_lowpassCADBlock PASSED

AllBlocksCodeGenTest > testBlockCodeGeneration(String) > com.holycityaudio.SpinCAD.CADBlocks.SinCosLFOACADBlock STANDARD_OUT
    Constant code gen!
    Constant code gen!
    Constant code gen!
    Constant code gen!
    ; ----------------------------
    ;------ Input
    ;------ Constant
    SOF 0.0000000000,0.9990234375
    WRAX REG0,0.0000000000
    ;------ Constant
    SOF 0.0000000000,0.9990234375
    WRAX REG1,0.0000000000
    ;------ LFO 0
    SKP RUN ,1
    WLDS 0,1,1
    RDAX REG0,0.0019569472
    WRAX SIN0_RATE,0.0000000000
    RDAX REG1,0.0000305185
    WRAX SIN0_RANGE,0.0000000000
    ;------ Output

    Optimization complete: saved 0 instruction(s) and 0 register(s).

AllBlocksCodeGenTest > testBlockCodeGeneration(String) > com.holycityaudio.SpinCAD.CADBlocks.SinCosLFOACADBlock STANDARD_ERROR
    ----------------------------------------
    Register compaction report:
      Registers before compaction : 2  (highest was REG1 / 0x21)
      Holes removed               : 0
      Registers after compaction  : 2  (highest is now REG1 / 0x21)
      OK: all registers fit within REG0ûREG31.
    ----------------------------------------
    SpinFXBlock: numRegs updated to 0x22 (REG2)

AllBlocksCodeGenTest > testBlockCodeGeneration(String) > com.holycityaudio.SpinCAD.CADBlocks.SinCosLFOACADBlock STANDARD_OUT
      OK: SinCosLFOACADBlock ù 10 instr, 2 regs, 0 RAM

AllBlocksCodeGenTest > testBlockCodeGeneration(String) > com.holycityaudio.SpinCAD.CADBlocks.SinCosLFOACADBlock PASSED

AllBlocksCodeGenTest > testBlockCodeGeneration(String) > com.holycityaudio.SpinCAD.CADBlocks.Sine_Sample_HoldCADBlock STANDARD_OUT
    Constant code gen!
    Constant code gen!
    Constant code gen!
    Constant code gen!
    ; ----------------------------
    ;------ Input
    ;------ Constant
    SOF 0.0000000000,0.9990234375
    WRAX REG0,0.0000000000
    ;------ Constant
    SOF 0.0000000000,0.9990234375
    WRAX REG1,0.0000000000
    ;------ 4-Phase Sample/Hold
    SKP RUN ,1
    WLDS 0,50,32000
    RDAX REG1,0.0978473581
    WRAX SIN0_RATE,0.0000000000
    LDAX REG6
    CHO RDAL,0
    SKP ZRC,3
    WRAX REG8,1.0000000000
    WRAX REG6,0.0000000000
    SKP ZRO,9
    SKP NEG,4
    WRAX REG6,0.0000000000
    LDAX REG0
    WRAX REG2,0.0000000000
    SKP ZRO,17
    WRAX REG6,0.0000000000
    LDAX REG0
    WRAX REG4,0.0000000000
    SKP ZRO,13
    LDAX REG7
    CHO RDAL,8
    SKP ZRC,2
    WRAX REG7,0.0000000000
    SKP ZRO,8
    SKP NEG,4
    WRAX REG7,0.0000000000
    LDAX REG0
    WRAX REG3,0.0000000000
    SKP ZRO,3
    WRAX REG7,0.0000000000
    LDAX REG0
    WRAX REG5,0.0000000000
    ;------ Output

    Optimization complete: saved 0 instruction(s) and 0 register(s).

AllBlocksCodeGenTest > testBlockCodeGeneration(String) > com.holycityaudio.SpinCAD.CADBlocks.Sine_Sample_HoldCADBlock STANDARD_ERROR
    ----------------------------------------
    Register compaction report:
      Registers before compaction : 9  (highest was REG8 / 0x28)
      Holes removed               : 0
      Registers after compaction  : 9  (highest is now REG8 / 0x28)
      OK: all registers fit within REG0ûREG31.
    ----------------------------------------
    SpinFXBlock: numRegs updated to 0x29 (REG9)

AllBlocksCodeGenTest > testBlockCodeGeneration(String) > com.holycityaudio.SpinCAD.CADBlocks.Sine_Sample_HoldCADBlock STANDARD_OUT
      OK: Sine_Sample_HoldCADBlock ù 36 instr, 9 regs, 0 RAM

AllBlocksCodeGenTest > testBlockCodeGeneration(String) > com.holycityaudio.SpinCAD.CADBlocks.Sine_Sample_HoldCADBlock PASSED

AllBlocksCodeGenTest > testBlockCodeGeneration(String) > com.holycityaudio.SpinCAD.CADBlocks.SingleDelayCADBlock STANDARD_OUT
    Constant code gen!
    Constant code gen!
    Constant code gen!
    Constant code gen!
    ; ----------------------------
    ;------ Input
    ;------ Constant
    SOF 0.0000000000,0.9990234375
    WRAX REG0,0.0000000000
    ;------ Constant
    SOF 0.0000000000,0.9990234375
    WRAX REG1,0.0000000000
    ;------ Single Delay
    WRAX REG3,0.0000000000
    RDAX REG1,0.4500000000
    WRAX REG3,0.0000000000
    RDAX REG0,0.9990000000
    SOF 0.2500000000,0.0000305176
    WRAX ADDR_PTR,0.0000000000
    RMPA 1.0
    WRAX REG2,1.0000000000
    MULX REG3
    RDAX ADCL,0.5000000000
    WRA 0,0.0
    RDAX REG2,1.0000000000
    WRAX REG2,0.0000000000
    ;------ Output
    RDAX REG2,1.0000000000
    WRAX DACL,0.0000000000

    Optimization complete: saved 1 instruction(s) and 0 register(s).

AllBlocksCodeGenTest > testBlockCodeGeneration(String) > com.holycityaudio.SpinCAD.CADBlocks.SingleDelayCADBlock STANDARD_ERROR
    ----------------------------------------
    Register compaction report:
      Registers before compaction : 4  (highest was REG3 / 0x23)
      Holes removed               : 0
      Registers after compaction  : 4  (highest is now REG3 / 0x23)
      OK: all registers fit within REG0ûREG31.
    ----------------------------------------
    SpinFXBlock: numRegs updated to 0x24 (REG4)

AllBlocksCodeGenTest > testBlockCodeGeneration(String) > com.holycityaudio.SpinCAD.CADBlocks.SingleDelayCADBlock STANDARD_OUT
      OK: SingleDelayCADBlock ù 18 instr, 4 regs, 8191 RAM

AllBlocksCodeGenTest > testBlockCodeGeneration(String) > com.holycityaudio.SpinCAD.CADBlocks.SingleDelayCADBlock PASSED

AllBlocksCodeGenTest > testBlockCodeGeneration(String) > com.holycityaudio.SpinCAD.CADBlocks.SixBandEQCADBlock STANDARD_OUT
    Filter EQ code gen!
    ; ----------------------------
    ;------ Input
    ;------ 6-Band EQ
    RDAX ADCL,1.0000000000
    WRAX REG1,0.0000000000
    RDAX REG1,0.0063507462
    RDAX REG4,-0.0152908708
    RDAX REG3,1.0000000000
    WRAX REG2,0.9872985076
    RDAX REG1,0.0063507462
    WRAX REG3,0.0000000000
    RDAX REG3,0.0152908708
    RDAX REG4,1.0000000000
    WRAX REG4,0.0000000000
    RDAX REG1,1.0000000000
    RDAX REG2,0.2500000000
    WRAX REG1,0.0126198713
    RDAX REG6,-0.0304842191
    RDAX REG5,1.0000000000
    WRAX REG2,0.9747602574
    RDAX REG1,0.0126198713
    WRAX REG5,0.0000000000
    RDAX REG5,0.0304842191
    RDAX REG6,1.0000000000
    WRAX REG6,0.0000000000
    RDAX REG1,1.0000000000
    RDAX REG2,0.1000000000
    WRAX REG1,0.0249137528
    RDAX REG8,-0.0605805617
    RDAX REG7,1.0000000000
    WRAX REG2,0.9501724945
    RDAX REG1,0.0249137528
    WRAX REG7,0.0000000000
    RDAX REG7,0.0605805617
    RDAX REG8,1.0000000000
    WRAX REG8,0.0000000000
    RDAX REG1,1.0000000000
    RDAX REG2,0.2500000000
    WRAX REG1,0.0485292409
    RDAX REG10,-0.1196286163
    RDAX REG9,1.0000000000
    WRAX REG2,0.9029415183
    RDAX REG1,0.0485292409
    WRAX REG9,0.0000000000
    RDAX REG9,0.1196286163
    RDAX REG10,1.0000000000
    WRAX REG10,0.0000000000
    RDAX REG1,1.0000000000
    RDAX REG2,0.7500000000
    WRAX REG1,0.0919341665
    RDAX REG12,-0.2332963568
    RDAX REG11,1.0000000000
    WRAX REG2,0.8161316670
    RDAX REG1,0.0919341665
    WRAX REG11,0.0000000000
    RDAX REG11,0.2332963568
    RDAX REG12,1.0000000000
    WRAX REG12,0.0000000000
    RDAX REG1,1.0000000000
    RDAX REG2,0.9900000000
    WRAX REG1,0.1641698379
    RDAX REG14,-0.4442831727
    RDAX REG13,1.0000000000
    WRAX REG2,0.6716603242
    RDAX REG1,0.1641698379
    WRAX REG13,0.0000000000
    RDAX REG13,0.2332963568
    RDAX REG14,1.0000000000
    WRAX REG14,0.0000000000
    RDAX REG1,1.0000000000
    RDAX REG2,1.9900000000
    WRAX REG1,1.0000000000
    WRAX REG0,0.0000000000
    ;------ Output
    RDAX REG0,1.0000000000
    WRAX DACL,0.0000000000

    Optimization complete: saved 2 instruction(s) and 1 register(s).

AllBlocksCodeGenTest > testBlockCodeGeneration(String) > com.holycityaudio.SpinCAD.CADBlocks.SixBandEQCADBlock STANDARD_ERROR
    ----------------------------------------
    Register compaction report:
      Registers before compaction : 15  (highest was REG14 / 0x2e)
      Holes removed               : 1
      Registers after compaction  : 14  (highest is now REG13 / 0x2d)
      OK: all registers fit within REG0ûREG31.
    ----------------------------------------
    SpinFXBlock: numRegs updated to 0x2e (REG14)

AllBlocksCodeGenTest > testBlockCodeGeneration(String) > com.holycityaudio.SpinCAD.CADBlocks.SixBandEQCADBlock STANDARD_OUT
      OK: SixBandEQCADBlock ù 70 instr, 14 regs, 0 RAM

AllBlocksCodeGenTest > testBlockCodeGeneration(String) > com.holycityaudio.SpinCAD.CADBlocks.SixBandEQCADBlock PASSED

AllBlocksCodeGenTest > testBlockCodeGeneration(String) > com.holycityaudio.SpinCAD.CADBlocks.SlicerCADBlock STANDARD_OUT
    Constant code gen!
    Constant code gen!
    Constant code gen!
    Constant code gen!
    ; ----------------------------
    ;------ Input
    ;------ Constant
    SOF 0.0000000000,0.9990234375
    WRAX REG0,0.0000000000
    ;------ Constant
    SOF 0.0000000000,0.9990234375
    WRAX REG1,0.0000000000
    ;------ Slicer
    SOF 0.0000000000,0.5000000000
    MULX REG1
    RDAX REG0,-1.0000000000
    SKP NEG,2
    SOF 0.0000000000,0.9990234275
    SKP RUN ,1
    CLR
    WRAX REG2,0.0000000000
    ;------ Output

    Optimization complete: saved 0 instruction(s) and 0 register(s).

AllBlocksCodeGenTest > testBlockCodeGeneration(String) > com.holycityaudio.SpinCAD.CADBlocks.SlicerCADBlock STANDARD_ERROR
    ----------------------------------------
    Register compaction report:
      Registers before compaction : 3  (highest was REG2 / 0x22)
      Holes removed               : 0
      Registers after compaction  : 3  (highest is now REG2 / 0x22)
      OK: all registers fit within REG0ûREG31.
    ----------------------------------------
    SpinFXBlock: numRegs updated to 0x23 (REG3)

AllBlocksCodeGenTest > testBlockCodeGeneration(String) > com.holycityaudio.SpinCAD.CADBlocks.SlicerCADBlock STANDARD_OUT
      OK: SlicerCADBlock ù 12 instr, 3 regs, 0 RAM

AllBlocksCodeGenTest > testBlockCodeGeneration(String) > com.holycityaudio.SpinCAD.CADBlocks.SlicerCADBlock PASSED

AllBlocksCodeGenTest > testBlockCodeGeneration(String) > com.holycityaudio.SpinCAD.CADBlocks.SquareRootCADBlock STANDARD_OUT
    Constant code gen!
    Constant code gen!
    Square Root code gen!
    ; ----------------------------
    ;------ Input
    ;------ Constant
    SOF 0.0000000000,0.9990234375
    WRAX REG0,0.0000000000
    ;------ Square Root
    RDAX REG0,1.0000000000
    LOG 0.5,0.0
    EXP 1.0,0.0
    SOF 1.0000000000,-0.5000000000
    SOF 1.9990000000,0.0000000000
    WRAX REG1,0.0000000000
    ;------ Output

    Optimization complete: saved 2 instruction(s) and 1 register(s).

AllBlocksCodeGenTest > testBlockCodeGeneration(String) > com.holycityaudio.SpinCAD.CADBlocks.SquareRootCADBlock STANDARD_ERROR
    ----------------------------------------
    Register compaction report:
      Registers before compaction : 2  (highest was REG1 / 0x21)
      Holes removed               : 1
      Registers after compaction  : 1  (highest is now REG0 / 0x20)
      OK: all registers fit within REG0ûREG31.
    ----------------------------------------
    SpinFXBlock: numRegs updated to 0x21 (REG1)

AllBlocksCodeGenTest > testBlockCodeGeneration(String) > com.holycityaudio.SpinCAD.CADBlocks.SquareRootCADBlock STANDARD_OUT
      OK: SquareRootCADBlock ù 6 instr, 1 regs, 0 RAM

AllBlocksCodeGenTest > testBlockCodeGeneration(String) > com.holycityaudio.SpinCAD.CADBlocks.SquareRootCADBlock PASSED

AllBlocksCodeGenTest > testBlockCodeGeneration(String) > com.holycityaudio.SpinCAD.CADBlocks.StraightDelayCADBlock STANDARD_OUT
    Constant code gen!
    Constant code gen!
    Straight Delay code gen!
    ; ----------------------------
    ;------ Input
    ;------ Constant
    SOF 0.0000000000,0.9990234375
    WRAX REG0,0.0000000000
    ;------ Straight Delay
    RDAX ADCL,1.0000000000
    WRA 0,0.0
    CLR
    OR $007FFF00
    MULX REG0
    RDFX REG2,0.0012500000
    WRAX REG2,1.0000000000
    SOF 0.2500000000,0.0000305176
    WRAX ADDR_PTR,0.0000000000
    RMPA 1.0
    WRAX REG1,0.0000000000
    ;------ Output
    RDAX REG1,1.0000000000
    WRAX DACL,0.0000000000

    Optimization complete: saved 2 instruction(s) and 1 register(s).

AllBlocksCodeGenTest > testBlockCodeGeneration(String) > com.holycityaudio.SpinCAD.CADBlocks.StraightDelayCADBlock STANDARD_ERROR
    ----------------------------------------
    Register compaction report:
      Registers before compaction : 3  (highest was REG2 / 0x22)
      Holes removed               : 1
      Registers after compaction  : 2  (highest is now REG1 / 0x21)
      OK: all registers fit within REG0ûREG31.
    ----------------------------------------
    SpinFXBlock: numRegs updated to 0x22 (REG2)

AllBlocksCodeGenTest > testBlockCodeGeneration(String) > com.holycityaudio.SpinCAD.CADBlocks.StraightDelayCADBlock STANDARD_OUT
      OK: StraightDelayCADBlock ù 13 instr, 2 regs, 8192 RAM

AllBlocksCodeGenTest > testBlockCodeGeneration(String) > com.holycityaudio.SpinCAD.CADBlocks.StraightDelayCADBlock PASSED

AllBlocksCodeGenTest > testBlockCodeGeneration(String) > com.holycityaudio.SpinCAD.CADBlocks.StretchChirpCADBlock STANDARD_OUT
    ; ----------------------------
    ;------ Input
    ;------ StretchChirp
    WRAX REG0,0.0000000000
    ;------ Output
    RDAX REG0,1.0000000000
    WRAX DACL,0.0000000000

    Optimization complete: saved 2 instruction(s) and 1 register(s).

AllBlocksCodeGenTest > testBlockCodeGeneration(String) > com.holycityaudio.SpinCAD.CADBlocks.StretchChirpCADBlock STANDARD_ERROR
    compactRegisters: no user registers found, nothing to compact.

AllBlocksCodeGenTest > testBlockCodeGeneration(String) > com.holycityaudio.SpinCAD.CADBlocks.StretchChirpCADBlock STANDARD_OUT
      OK: StretchChirpCADBlock ù 1 instr, 1 regs, 4 RAM

AllBlocksCodeGenTest > testBlockCodeGeneration(String) > com.holycityaudio.SpinCAD.CADBlocks.StretchChirpCADBlock PASSED

AllBlocksCodeGenTest > testBlockCodeGeneration(String) > com.holycityaudio.SpinCAD.CADBlocks.StutterCADBlock STANDARD_OUT
    Constant code gen!
    Constant code gen!
    ; ----------------------------
    ;------ Input
    ;------ Constant
    SOF 0.0000000000,0.9990234375
    WRAX REG0,0.0000000000
    ;------ Stutter
    RDAX ADCL,1.0000000000
    WRA 0,0.0
    RDAX REG0,1.0000000000
    SOF 1.0000000000,-0.5000000000
    SKP NEG,2
    CLR
    SKP RUN ,1
    SOF 0.0000000000,0.9990234375
    RDFX REG2,0.0015000000
    WRAX REG2,0.0000000000
    RDA 0,-0.5
    RDA 32767,0.5
    MULX REG2
    RDA 0,0.5
    WRAX REG1,0.0000000000
    ;------ Output
    RDAX REG1,1.0000000000
    WRAX DACL,0.0000000000

    Optimization complete: saved 2 instruction(s) and 1 register(s).

AllBlocksCodeGenTest > testBlockCodeGeneration(String) > com.holycityaudio.SpinCAD.CADBlocks.StutterCADBlock STANDARD_ERROR
    ----------------------------------------
    Register compaction report:
      Registers before compaction : 3  (highest was REG2 / 0x22)
      Holes removed               : 1
      Registers after compaction  : 2  (highest is now REG1 / 0x21)
      OK: all registers fit within REG0ûREG31.
    ----------------------------------------
    SpinFXBlock: numRegs updated to 0x22 (REG2)

AllBlocksCodeGenTest > testBlockCodeGeneration(String) > com.holycityaudio.SpinCAD.CADBlocks.StutterCADBlock STANDARD_OUT
      OK: StutterCADBlock ù 17 instr, 2 regs, 32767 RAM

AllBlocksCodeGenTest > testBlockCodeGeneration(String) > com.holycityaudio.SpinCAD.CADBlocks.StutterCADBlock PASSED

AllBlocksCodeGenTest > testBlockCodeGeneration(String) > com.holycityaudio.SpinCAD.CADBlocks.TapTempoCADBlock STANDARD_OUT
    Constant code gen!
    Constant code gen!
    Tap Tempo code gen!
    ; ----------------------------
    ;------ Input
    ;------ Constant
    SOF 0.0000000000,0.9990234375
    WRAX REG0,0.0000000000
    ;------ Tap-Tempo
    SKP RUN ,5
    WLDR 0, 0, 4096
    SOF 0.0000000000,0.9900000000
    WRAX REG3,1.0000000000
    SOF 0.0000000000,0.3300000000
    WRAX REG4,0.0000000000
    LDAX REG0
    SOF 1.0000000000,-0.5000000000
    SKP NEG,4
    LDAX REG1
    SOF 1.0000000000,0.0100000000
    WRAX REG1,0.0000000000
    SKP ZRO,3
    LDAX REG1
    SOF 1.0000000000,-0.0100000000
    WRAX REG1,0.0000000000
    LDAX REG1
    ABSA
    SOF 1.0000000000,-0.9000000000
    SKP NEG,13
    LDAX REG1
    SOF 1.0000000000,-0.9000000000
    SKP NEG,3
    SOF 0.0000000000,0.9990000000
    WRAX REG2,0.0000000000
    SKP ZRO,7
    LDAX REG2
    SKP NEG,5
    SOF 0.0000000000,-0.9990000000
    WRAX REG2,0.0000000000
    LDAX REG3
    SOF -1.0000000000,0.0000000000
    WRAX REG3,0.0000000000
    LDAX REG3
    SKP NEG,4
    JAM 2
    LDAX REG4
    WRAX REG5,0.0000000000
    SKP ZRO,12
    SOF 0.0000000000,0.0625000000
    WRAX RMP0_RATE,0.0000000000
    CHO RDAL,2
    SOF -2.0000000000,0.9990000000
    SOF 1.0000000000,0.0010000000
    WRAX REG4,1.0000000000
    SOF 1.0000000000,-0.9990000000
    SKP NEG,4
    LDAX REG5
    WRAX REG4,0.0000000000
    SOF 0.0000000000,0.9990000000
    WRAX REG3,0.0000000000
    ;------ Output

    Optimization complete: saved 0 instruction(s) and 0 register(s).

AllBlocksCodeGenTest > testBlockCodeGeneration(String) > com.holycityaudio.SpinCAD.CADBlocks.TapTempoCADBlock STANDARD_ERROR
    ----------------------------------------
    Register compaction report:
      Registers before compaction : 6  (highest was REG5 / 0x25)
      Holes removed               : 0
      Registers after compaction  : 6  (highest is now REG5 / 0x25)
      OK: all registers fit within REG0ûREG31.
    ----------------------------------------
    SpinFXBlock: numRegs updated to 0x26 (REG6)

AllBlocksCodeGenTest > testBlockCodeGeneration(String) > com.holycityaudio.SpinCAD.CADBlocks.TapTempoCADBlock STANDARD_OUT
      OK: TapTempoCADBlock ù 53 instr, 6 regs, 0 RAM

AllBlocksCodeGenTest > testBlockCodeGeneration(String) > com.holycityaudio.SpinCAD.CADBlocks.TapTempoCADBlock PASSED

AllBlocksCodeGenTest > testBlockCodeGeneration(String) > com.holycityaudio.SpinCAD.CADBlocks.Ted_Rev_ReverbCADBlock STANDARD_OUT
    Constant code gen!
    Constant code gen!
    Constant code gen!
    Constant code gen!
    Constant code gen!
    Constant code gen!
    ; ----------------------------
    ;------ Input
    ;------ Constant
    SOF 0.0000000000,0.9990234375
    WRAX REG0,0.0000000000
    ;------ Constant
    SOF 0.0000000000,0.9990234375
    WRAX REG1,0.0000000000
    ;------ Constant
    SOF 0.0000000000,0.9990234375
    WRAX REG2,0.0000000000
    ;------ Ted_Rev_Reverb
    RDAX ADCR,1.0000000000
    RDAX ADCL,1.0000000000
    WRA 0,0.0
    RDAX REG7,0.3000000000
    RDFX REG8,0.0010000000
    WRAX REG8,1.0000000000
    WRAX ADDR_PTR,0.0000000000
    RMPA 1.0
    WRAX REG7,0.0000000000
    WRA 3001,0.0
    RDAX REG10,1.0000000000
    SKP ZRO,13
    SOF 1.0000000000,-0.1250000000
    SKP NEG,16
    SOF 1.0000000000,-0.1250000000
    SKP NEG,18
    SOF 1.0000000000,-0.1250000000
    SKP NEG,20
    SOF 1.0000000000,-0.1250000000
    SKP NEG,22
    SOF 1.0000000000,-0.1250000000
    SKP NEG,24
    SOF 1.0000000000,-0.1250000000
    SKP NEG,26
    SKP RUN ,29
    LDAX REG7
    WRA 17001,0.0
    SKP ZRO,27
    LDAX REG7
    WRA 15001,0.0
    SKP ZRO,23
    LDAX REG7
    WRA 13001,0.0
    SKP ZRO,19
    LDAX REG7
    WRA 11001,0.0
    SKP ZRO,15
    LDAX REG7
    WRA 9001,0.0
    SKP ZRO,11
    LDAX REG7
    WRA 7001,0.0
    SKP ZRO,7
    LDAX REG7
    WRA 5001,0.0
    SKP ZRO,3
    LDAX REG7
    WRA 3001,0.0
    RDAX REG8,1.0000000000
    SOF 0.8000000000,0.1000000000
    WRAX REG9,0.0000000000
    RDA 3002,0.05
    RDA 3304,-0.05
    RDA 3570,0.06
    RDA 3912,0.07
    RDA 4257,-0.008
    RDA 4479,0.008
    RDA 4819,-0.01
    RDA 5090,0.01
    RDA 5359,-0.011
    RDA 5711,0.012
    RDA 6019,0.0135
    RDA 6346,-0.012
    RDA 6568,-0.015
    RDA 6923,0.02
    RDA 7168,-0.02
    RDAX REG3,-1.0000000000
    MULX REG9
    RDAX REG3,1.0000000000
    WRAX REG3,1.0000000000
    RDA 22236,0.5
    WRAP 21002,-0.5
    RDA 7523,-0.029
    RDA 7755,0.04
    RDA 8157,-0.034
    RDA 8343,-0.04
    RDA 8658,0.035
    RDA 9009,0.04
    RDA 9284,-0.04
    RDA 9624,-0.045
    RDA 9846,-0.055
    RDA 10220,0.06
    RDA 10488,-0.06
    RDA 10833,-0.05
    RDA 11066,0.07
    RDAX REG4,-1.0000000000
    MULX REG9
    RDAX REG4,1.0000000000
    WRAX REG4,1.0000000000
    RDA 23194,0.5
    WRAP 22237,-0.5
    RDA 11405,0.08
    RDA 11714,-0.07
    RDA 11968,-0.08
    RDA 12308,0.08
    RDA 12577,-0.09
    RDA 12925,-0.09
    RDA 13299,-0.11
    RDA 13579,0.1
    RDA 13836,0.12
    RDA 14208,-0.1
    RDA 14524,-0.14
    RDA 14766,-0.18
    RDA 15114,0.16
    RDA 15325,-0.13
    RDA 15736,-0.17
    RDAX REG5,-1.0000000000
    MULX REG9
    RDAX REG5,1.0000000000
    WRAX REG5,1.0000000000
    RDA 23960,0.5
    WRAP 23195,-0.5
    RDA 16004,0.19
    RDA 16268,-0.14
    RDA 16611,0.16
    RDA 16946,-0.18
    RDA 17131,0.2
    RDA 17551,-0.25
    RDA 17801,-0.25
    RDAX REG6,-1.0000000000
    MULX REG9
    RDAX REG6,1.0000000000
    WRAX REG6,1.0000000000
    RDA 24282,0.5
    WRAP 23961,-0.5
    RDA 19001,1.0
    WRAX REG11,1.0000000000
    WRAX REG12,0.0000000000
    ;------ Output
    RDAX REG11,1.0000000000
    WRAX DACL,0.0000000000

    Optimization complete: saved 0 instruction(s) and 0 register(s).

AllBlocksCodeGenTest > testBlockCodeGeneration(String) > com.holycityaudio.SpinCAD.CADBlocks.Ted_Rev_ReverbCADBlock STANDARD_ERROR
    ----------------------------------------
    Register compaction report:
      Registers before compaction : 13  (highest was REG12 / 0x2c)
      Holes removed               : 0
      Registers after compaction  : 13  (highest is now REG12 / 0x2c)
      OK: all registers fit within REG0ûREG31.
    ----------------------------------------
    SpinFXBlock: numRegs updated to 0x2d (REG13)
    Warning: program length (136) exceeds maximum (128)

AllBlocksCodeGenTest > testBlockCodeGeneration(String) > com.holycityaudio.SpinCAD.CADBlocks.Ted_Rev_ReverbCADBlock STANDARD_OUT
      WARN: Ted_Rev_ReverbCADBlock exceeds instruction limit (136 > 128) ù expected for large blocks tested with Input/Output overhead
      OK: Ted_Rev_ReverbCADBlock ù 136 instr, 13 regs, 24277 RAM

AllBlocksCodeGenTest > testBlockCodeGeneration(String) > com.holycityaudio.SpinCAD.CADBlocks.Ted_Rev_ReverbCADBlock PASSED

AllBlocksCodeGenTest > testBlockCodeGeneration(String) > com.holycityaudio.SpinCAD.CADBlocks.ThreeTapCADBlock STANDARD_OUT
    Constant code gen!
    Constant code gen!
    Constant code gen!
    Constant code gen!
    Constant code gen!
    Constant code gen!
    Constant code gen!
    Constant code gen!
    Couldn't find Audio Input 1

AllBlocksCodeGenTest > testBlockCodeGeneration(String) > com.holycityaudio.SpinCAD.CADBlocks.ThreeTapCADBlock STANDARD_ERROR
    java.lang.NullPointerException: Cannot invoke "com.holycityaudio.SpinCAD.SpinCADPin.getPinConnection()" because the return value of "com.holycityaudio.SpinCAD.CADBlocks.ThreeTapCADBlock.getPin(String)" is null
    	at com.holycityaudio.SpinCAD.CADBlocks.ThreeTapCADBlock.generateCode(ThreeTapCADBlock.java:82)
    	at com.holycityaudio.SpinCAD.SpinCADModel.generateCode(SpinCADModel.java:293)
    	at com.holycityaudio.SpinCAD.SpinCADModel.sortAlignGen(SpinCADModel.java:189)
    	at com.holycityaudio.SpinCAD.AllBlocksCodeGenTest.testBlockCodeGeneration(AllBlocksCodeGenTest.java:126)
    	at java.base/jdk.internal.reflect.DirectMethodHandleAccessor.invoke(DirectMethodHandleAccessor.java:104)
    	at java.base/java.lang.reflect.Method.invoke(Method.java:577)
    	at org.junit.platform.commons.util.ReflectionUtils.invokeMethod(ReflectionUtils.java:728)
    	at org.junit.jupiter.engine.execution.MethodInvocation.proceed(MethodInvocation.java:60)
    	at org.junit.jupiter.engine.execution.InvocationInterceptorChain$ValidatingInvocation.proceed(InvocationInterceptorChain.java:131)
    	at org.junit.jupiter.engine.extension.TimeoutExtension.intercept(TimeoutExtension.java:156)
    	at org.junit.jupiter.engine.extension.TimeoutExtension.interceptTestableMethod(TimeoutExtension.java:147)
    	at org.junit.jupiter.engine.extension.TimeoutExtension.interceptTestTemplateMethod(TimeoutExtension.java:94)
    	at org.junit.jupiter.engine.execution.InterceptingExecutableInvoker$ReflectiveInterceptorCall.lambda$ofVoidMethod$0(InterceptingExecutableInvoker.java:103)
    	at org.junit.jupiter.engine.execution.InterceptingExecutableInvoker.lambda$invoke$0(InterceptingExecutableInvoker.java:93)
    	at org.junit.jupiter.engine.execution.InvocationInterceptorChain$InterceptedInvocation.proceed(InvocationInterceptorChain.java:106)
    	at org.junit.jupiter.engine.execution.InvocationInterceptorChain.proceed(InvocationInterceptorChain.java:64)
    	at org.junit.jupiter.engine.execution.InvocationInterceptorChain.chainAndInvoke(InvocationInterceptorChain.java:45)
    	at org.junit.jupiter.engine.execution.InvocationInterceptorChain.invoke(InvocationInterceptorChain.java:37)
    	at org.junit.jupiter.engine.execution.InterceptingExecutableInvoker.invoke(InterceptingExecutableInvoker.java:92)
    	at org.junit.jupiter.engine.execution.InterceptingExecutableInvoker.invoke(InterceptingExecutableInvoker.java:86)
    	at org.junit.jupiter.engine.descriptor.TestMethodTestDescriptor.lambda$invokeTestMethod$7(TestMethodTestDescriptor.java:218)
    	at org.junit.platform.engine.support.hierarchical.ThrowableCollector.execute(ThrowableCollector.java:73)
    	at org.junit.jupiter.engine.descriptor.TestMethodTestDescriptor.invokeTestMethod(TestMethodTestDescriptor.java:214)
    	at org.junit.jupiter.engine.descriptor.TestMethodTestDescriptor.execute(TestMethodTestDescriptor.java:139)
    	at org.junit.jupiter.engine.descriptor.TestMethodTestDescriptor.execute(TestMethodTestDescriptor.java:69)
    	at org.junit.platform.engine.support.hierarchical.NodeTestTask.lambda$executeRecursively$6(NodeTestTask.java:151)
    	at org.junit.platform.engine.support.hierarchical.ThrowableCollector.execute(ThrowableCollector.java:73)
    	at org.junit.platform.engine.support.hierarchical.NodeTestTask.lambda$executeRecursively$8(NodeTestTask.java:141)
    	at org.junit.platform.engine.support.hierarchical.Node.around(Node.java:137)
    	at org.junit.platform.engine.support.hierarchical.NodeTestTask.lambda$executeRecursively$9(NodeTestTask.java:139)
    	at org.junit.platform.engine.support.hierarchical.ThrowableCollector.execute(ThrowableCollector.java:73)
    	at org.junit.platform.engine.support.hierarchical.NodeTestTask.executeRecursively(NodeTestTask.java:138)
    	at org.junit.platform.engine.support.hierarchical.NodeTestTask.execute(NodeTestTask.java:95)
    	at org.junit.platform.engine.support.hierarchical.SameThreadHierarchicalTestExecutorService.submit(SameThreadHierarchicalTestExecutorService.java:35)
    	at org.junit.platform.engine.support.hierarchical.NodeTestTask$DefaultDynamicTestExecutor.execute(NodeTestTask.java:226)
    	at org.junit.platform.engine.support.hierarchical.NodeTestTask$DefaultDynamicTestExecutor.execute(NodeTestTask.java:204)
    	at org.junit.jupiter.engine.descriptor.TestTemplateTestDescriptor.execute(TestTemplateTestDescriptor.java:142)
    	at org.junit.jupiter.engine.descriptor.TestTemplateTestDescriptor.lambda$execute$2(TestTemplateTestDescriptor.java:110)
    	at java.base/java.util.stream.ForEachOps$ForEachOp$OfRef.accept(ForEachOps.java:183)
    	at java.base/java.util.stream.ReferencePipeline$3$1.accept(ReferencePipeline.java:197)
    	at java.base/java.util.stream.ReferencePipeline$2$1.accept(ReferencePipeline.java:179)
    	at java.base/java.util.stream.ReferencePipeline$3$1.accept(ReferencePipeline.java:197)
    	at java.base/java.util.stream.ForEachOps$ForEachOp$OfRef.accept(ForEachOps.java:183)
    	at java.base/java.util.stream.ReferencePipeline$3$1.accept(ReferencePipeline.java:197)
    	at java.base/java.util.stream.ReferencePipeline$3$1.accept(ReferencePipeline.java:197)
    	at java.base/java.util.stream.ReferencePipeline$3$1.accept(ReferencePipeline.java:197)
    	at java.base/java.util.stream.ForEachOps$ForEachOp$OfRef.accept(ForEachOps.java:183)
    	at java.base/java.util.stream.ReferencePipeline$3$1.accept(ReferencePipeline.java:197)
    	at java.base/java.util.ArrayList$ArrayListSpliterator.forEachRemaining(ArrayList.java:1625)
    	at java.base/java.util.stream.ReferencePipeline$Head.forEach(ReferencePipeline.java:762)
    	at java.base/java.util.stream.ReferencePipeline$7$1.accept(ReferencePipeline.java:276)
    	at java.base/java.util.stream.ReferencePipeline$3$1.accept(ReferencePipeline.java:197)
    	at java.base/java.util.stream.ReferencePipeline$3$1.accept(ReferencePipeline.java:197)
    	at java.base/java.util.stream.ReferencePipeline$3$1.accept(ReferencePipeline.java:197)
    	at java.base/java.util.Spliterators$ArraySpliterator.forEachRemaining(Spliterators.java:992)
    	at java.base/java.util.stream.AbstractPipeline.copyInto(AbstractPipeline.java:509)
    	at java.base/java.util.stream.AbstractPipeline.wrapAndCopyInto(AbstractPipeline.java:499)
    	at java.base/java.util.stream.ForEachOps$ForEachOp.evaluateSequential(ForEachOps.java:150)
    	at java.base/java.util.stream.ForEachOps$ForEachOp$OfRef.evaluateSequential(ForEachOps.java:173)
    	at java.base/java.util.stream.AbstractPipeline.evaluate(AbstractPipeline.java:234)
    	at java.base/java.util.stream.ReferencePipeline.forEach(ReferencePipeline.java:596)
    	at java.base/java.util.stream.ReferencePipeline$7$1.accept(ReferencePipeline.java:276)
    	at java.base/java.util.stream.ReferencePipeline$3$1.accept(ReferencePipeline.java:197)
    	at java.base/java.util.stream.ReferencePipeline$3$1.accept(ReferencePipeline.java:197)
    	at java.base/java.util.stream.ReferencePipeline$3$1.accept(ReferencePipeline.java:197)
    	at java.base/java.util.ArrayList$ArrayListSpliterator.forEachRemaining(ArrayList.java:1625)
    	at java.base/java.util.stream.AbstractPipeline.copyInto(AbstractPipeline.java:509)
    	at java.base/java.util.stream.AbstractPipeline.wrapAndCopyInto(AbstractPipeline.java:499)
    	at java.base/java.util.stream.ForEachOps$ForEachOp.evaluateSequential(ForEachOps.java:150)
    	at java.base/java.util.stream.ForEachOps$ForEachOp$OfRef.evaluateSequential(ForEachOps.java:173)
    	at java.base/java.util.stream.AbstractPipeline.evaluate(AbstractPipeline.java:234)
    	at java.base/java.util.stream.ReferencePipeline.forEach(ReferencePipeline.java:596)
    	at java.base/java.util.stream.ReferencePipeline$7$1.accept(ReferencePipeline.java:276)
    	at java.base/java.util.ArrayList$ArrayListSpliterator.forEachRemaining(ArrayList.java:1625)
    	at java.base/java.util.stream.AbstractPipeline.copyInto(AbstractPipeline.java:509)
    	at java.base/java.util.stream.AbstractPipeline.wrapAndCopyInto(AbstractPipeline.java:499)
    	at java.base/java.util.stream.ForEachOps$ForEachOp.evaluateSequential(ForEachOps.java:150)
    	at java.base/java.util.stream.ForEachOps$ForEachOp$OfRef.evaluateSequential(ForEachOps.java:173)
    	at java.base/java.util.stream.AbstractPipeline.evaluate(AbstractPipeline.java:234)
    	at java.base/java.util.stream.ReferencePipeline.forEach(ReferencePipeline.java:596)
    	at org.junit.jupiter.engine.descriptor.TestTemplateTestDescriptor.execute(TestTemplateTestDescriptor.java:110)
    	at org.junit.jupiter.engine.descriptor.TestTemplateTestDescriptor.execute(TestTemplateTestDescriptor.java:44)
    	at org.junit.platform.engine.support.hierarchical.NodeTestTask.lambda$executeRecursively$6(NodeTestTask.java:151)
    	at org.junit.platform.engine.support.hierarchical.ThrowableCollector.execute(ThrowableCollector.java:73)
    	at org.junit.platform.engine.support.hierarchical.NodeTestTask.lambda$executeRecursively$8(NodeTestTask.java:141)
    	at org.junit.platform.engine.support.hierarchical.Node.around(Node.java:137)
    	at org.junit.platform.engine.support.hierarchical.NodeTestTask.lambda$executeRecursively$9(NodeTestTask.java:139)
    	at org.junit.platform.engine.support.hierarchical.ThrowableCollector.execute(ThrowableCollector.java:73)
    	at org.junit.platform.engine.support.hierarchical.NodeTestTask.executeRecursively(NodeTestTask.java:138)
    	at org.junit.platform.engine.support.hierarchical.NodeTestTask.execute(NodeTestTask.java:95)
    	at java.base/java.util.ArrayList.forEach(ArrayList.java:1511)
    	at org.junit.platform.engine.support.hierarchical.SameThreadHierarchicalTestExecutorService.invokeAll(SameThreadHierarchicalTestExecutorService.java:41)
    	at org.junit.platform.engine.support.hierarchical.NodeTestTask.lambda$executeRecursively$6(NodeTestTask.java:155)
    	at org.junit.platform.engine.support.hierarchical.ThrowableCollector.execute(ThrowableCollector.java:73)
    	at org.junit.platform.engine.support.hierarchical.NodeTestTask.lambda$executeRecursively$8(NodeTestTask.java:141)
    	at org.junit.platform.engine.support.hierarchical.Node.around(Node.java:137)
    	at org.junit.platform.engine.support.hierarchical.NodeTestTask.lambda$executeRecursively$9(NodeTestTask.java:139)
    	at org.junit.platform.engine.support.hierarchical.ThrowableCollector.execute(ThrowableCollector.java:73)
    	at org.junit.platform.engine.support.hierarchical.NodeTestTask.executeRecursively(NodeTestTask.java:138)
    	at org.junit.platform.engine.support.hierarchical.NodeTestTask.execute(NodeTestTask.java:95)
    	at java.base/java.util.ArrayList.forEach(ArrayList.java:1511)
    	at org.junit.platform.engine.support.hierarchical.SameThreadHierarchicalTestExecutorService.invokeAll(SameThreadHierarchicalTestExecutorService.java:41)
    	at org.junit.platform.engine.support.hierarchical.NodeTestTask.lambda$executeRecursively$6(NodeTestTask.java:155)
    	at org.junit.platform.engine.support.hierarchical.ThrowableCollector.execute(ThrowableCollector.java:73)
    	at org.junit.platform.engine.support.hierarchical.NodeTestTask.lambda$executeRecursively$8(NodeTestTask.java:141)
    	at org.junit.platform.engine.support.hierarchical.Node.around(Node.java:137)
    	at org.junit.platform.engine.support.hierarchical.NodeTestTask.lambda$executeRecursively$9(NodeTestTask.java:139)
    	at org.junit.platform.engine.support.hierarchical.ThrowableCollector.execute(ThrowableCollector.java:73)
    	at org.junit.platform.engine.support.hierarchical.NodeTestTask.executeRecursively(NodeTestTask.java:138)
    	at org.junit.platform.engine.support.hierarchical.NodeTestTask.execute(NodeTestTask.java:95)
    	at org.junit.platform.engine.support.hierarchical.SameThreadHierarchicalTestExecutorService.submit(SameThreadHierarchicalTestExecutorService.java:35)
    	at org.junit.platform.engine.support.hierarchical.HierarchicalTestExecutor.execute(HierarchicalTestExecutor.java:57)
    	at org.junit.platform.engine.support.hierarchical.HierarchicalTestEngine.execute(HierarchicalTestEngine.java:54)
    	at org.junit.platform.launcher.core.EngineExecutionOrchestrator.execute(EngineExecutionOrchestrator.java:198)
    	at org.junit.platform.launcher.core.EngineExecutionOrchestrator.execute(EngineExecutionOrchestrator.java:169)
    	at org.junit.platform.launcher.core.EngineExecutionOrchestrator.execute(EngineExecutionOrchestrator.java:93)
    	at org.junit.platform.launcher.core.EngineExecutionOrchestrator.lambda$execute$0(EngineExecutionOrchestrator.java:58)
    	at org.junit.platform.launcher.core.EngineExecutionOrchestrator.withInterceptedStreams(EngineExecutionOrchestrator.java:141)
    	at org.junit.platform.launcher.core.EngineExecutionOrchestrator.execute(EngineExecutionOrchestrator.java:57)
    	at org.junit.platform.launcher.core.DefaultLauncher.execute(DefaultLauncher.java:103)
    	at org.junit.platform.launcher.core.DefaultLauncher.execute(DefaultLauncher.java:85)
    	at org.junit.platform.launcher.core.DelegatingLauncher.execute(DelegatingLauncher.java:47)
    	at org.gradle.api.internal.tasks.testing.junitplatform.JUnitPlatformTestClassProcessor$CollectAllTestClassesExecutor.processAllTestClasses(JUnitPlatformTestClassProcessor.java:119)
    	at org.gradle.api.internal.tasks.testing.junitplatform.JUnitPlatformTestClassProcessor$CollectAllTestClassesExecutor.access$000(JUnitPlatformTestClassProcessor.java:94)
    	at org.gradle.api.internal.tasks.testing.junitplatform.JUnitPlatformTestClassProcessor.stop(JUnitPlatformTestClassProcessor.java:89)
    	at org.gradle.api.internal.tasks.testing.SuiteTestClassProcessor.stop(SuiteTestClassProcessor.java:62)
    	at java.base/jdk.internal.reflect.DirectMethodHandleAccessor.invoke(DirectMethodHandleAccessor.java:104)
    	at java.base/java.lang.reflect.Method.invoke(Method.java:577)
    	at org.gradle.internal.dispatch.ReflectionDispatch.dispatch(ReflectionDispatch.java:36)
    	at org.gradle.internal.dispatch.ReflectionDispatch.dispatch(ReflectionDispatch.java:24)
    	at org.gradle.internal.dispatch.ContextClassLoaderDispatch.dispatch(ContextClassLoaderDispatch.java:33)
    	at org.gradle.internal.dispatch.ProxyDispatchAdapter$DispatchingInvocationHandler.invoke(ProxyDispatchAdapter.java:94)
    	at jdk.proxy1/jdk.proxy1.$Proxy2.stop(Unknown Source)
    	at org.gradle.api.internal.tasks.testing.worker.TestWorker$3.run(TestWorker.java:193)
    	at org.gradle.api.internal.tasks.testing.worker.TestWorker.executeAndMaintainThreadName(TestWorker.java:129)
    	at org.gradle.api.internal.tasks.testing.worker.TestWorker.execute(TestWorker.java:100)
    	at org.gradle.api.internal.tasks.testing.worker.TestWorker.execute(TestWorker.java:60)
    	at org.gradle.process.internal.worker.child.ActionExecutionWorker.execute(ActionExecutionWorker.java:56)
    	at org.gradle.process.internal.worker.child.SystemApplicationClassLoaderWorker.call(SystemApplicationClassLoaderWorker.java:113)
    	at org.gradle.process.internal.worker.child.SystemApplicationClassLoaderWorker.call(SystemApplicationClassLoaderWorker.java:65)
    	at worker.org.gradle.process.internal.worker.GradleWorkerMain.run(GradleWorkerMain.java:69)
    	at worker.org.gradle.process.internal.worker.GradleWorkerMain.main(GradleWorkerMain.java:74)

AllBlocksCodeGenTest > testBlockCodeGeneration(String) > com.holycityaudio.SpinCAD.CADBlocks.ThreeTapCADBlock STANDARD_OUT
    ; ----------------------------
    ;------ Input
    ;------ Constant
    SOF 0.0000000000,0.9990234375
    WRAX REG0,0.0000000000
    ;------ Constant
    SOF 0.0000000000,0.9990234375
    WRAX REG1,0.0000000000
    ;------ Constant
    SOF 0.0000000000,0.9990234375
    WRAX REG2,0.0000000000
    ;------ Constant
    SOF 0.0000000000,0.9990234375
    WRAX REG3,0.0000000000

    Optimization complete: saved 0 instruction(s) and 0 register(s).

AllBlocksCodeGenTest > testBlockCodeGeneration(String) > com.holycityaudio.SpinCAD.CADBlocks.ThreeTapCADBlock STANDARD_ERROR
    ----------------------------------------
    Register compaction report:
      Registers before compaction : 4  (highest was REG3 / 0x23)
      Holes removed               : 0
      Registers after compaction  : 4  (highest is now REG3 / 0x23)
      OK: all registers fit within REG0ûREG31.
    ----------------------------------------
    SpinFXBlock: numRegs updated to 0x24 (REG4)

AllBlocksCodeGenTest > testBlockCodeGeneration(String) > com.holycityaudio.SpinCAD.CADBlocks.ThreeTapCADBlock STANDARD_OUT
      OK: ThreeTapCADBlock ù 8 instr, 4 regs, 0 RAM

AllBlocksCodeGenTest > testBlockCodeGeneration(String) > com.holycityaudio.SpinCAD.CADBlocks.ThreeTapCADBlock PASSED

AllBlocksCodeGenTest > testBlockCodeGeneration(String) > com.holycityaudio.SpinCAD.CADBlocks.ToverXCADBlock STANDARD_OUT
    ; ----------------------------
    ;------ Input
    ;------ ToverX
    RDAX ADCL,1.0000000000
    LOG -1.0,-0.1875
    EXP 1.0,0.0
    WRAX REG0,1.0000000000
    MULX REG0
    RDAX REG0,-2.0000000000
    MULX ADCL
    SOF -2.0000000000,0.0000000000
    SOF 1.9990000000,0.0000000000
    WRAX REG1,0.0000000000
    ;------ Output
    RDAX REG1,1.0000000000
    WRAX DACL,0.0000000000

    Optimization complete: saved 2 instruction(s) and 1 register(s).

AllBlocksCodeGenTest > testBlockCodeGeneration(String) > com.holycityaudio.SpinCAD.CADBlocks.ToverXCADBlock STANDARD_ERROR
    ----------------------------------------
    Register compaction report:
      Registers before compaction : 1  (highest was REG0 / 0x20)
      Holes removed               : 0
      Registers after compaction  : 1  (highest is now REG0 / 0x20)
      OK: all registers fit within REG0ûREG31.
    ----------------------------------------
    SpinFXBlock: numRegs updated to 0x21 (REG1)

AllBlocksCodeGenTest > testBlockCodeGeneration(String) > com.holycityaudio.SpinCAD.CADBlocks.ToverXCADBlock STANDARD_OUT
      OK: ToverXCADBlock ù 10 instr, 1 regs, 0 RAM

AllBlocksCodeGenTest > testBlockCodeGeneration(String) > com.holycityaudio.SpinCAD.CADBlocks.ToverXCADBlock PASSED

AllBlocksCodeGenTest > testBlockCodeGeneration(String) > com.holycityaudio.SpinCAD.CADBlocks.TripleTapCADBlock STANDARD_OUT
    Constant code gen!
    Constant code gen!
    Constant code gen!
    Constant code gen!
    Constant code gen!
    Constant code gen!
    Constant code gen!
    Constant code gen!
    ; ----------------------------
    ;------ Input
    ;------ Constant
    SOF 0.0000000000,0.9990234375
    WRAX REG0,0.0000000000
    ;------ Constant
    SOF 0.0000000000,0.9990234375
    WRAX REG1,0.0000000000
    ;------ Constant
    SOF 0.0000000000,0.9990234375
    WRAX REG2,0.0000000000
    ;------ Constant
    SOF 0.0000000000,0.9990234375
    WRAX REG3,0.0000000000
    ;------ ThreeTap
    RDAX ADCR,0.5000000000
    MULX REG3
    RDAX ADCL,1.0000000000
    WRA 0,0.0
    CLR
    OR $007FFF00
    MULX REG0
    SOF 0.8074753571,0.0425292206
    WRAX ADDR_PTR,0.0000000000
    RMPA 1.0
    WRAX REG4,0.0000000000
    ;------ Output
    RDAX REG4,1.0000000000
    WRAX DACL,0.0000000000

    Optimization complete: saved 2 instruction(s) and 1 register(s).

AllBlocksCodeGenTest > testBlockCodeGeneration(String) > com.holycityaudio.SpinCAD.CADBlocks.TripleTapCADBlock STANDARD_ERROR
    ----------------------------------------
    Register compaction report:
      Registers before compaction : 4  (highest was REG3 / 0x23)
      Holes removed               : 0
      Registers after compaction  : 4  (highest is now REG3 / 0x23)
      OK: all registers fit within REG0ûREG31.
    ----------------------------------------
    SpinFXBlock: numRegs updated to 0x24 (REG4)

AllBlocksCodeGenTest > testBlockCodeGeneration(String) > com.holycityaudio.SpinCAD.CADBlocks.TripleTapCADBlock STANDARD_OUT
      OK: TripleTapCADBlock ù 19 instr, 4 regs, 32767 RAM

AllBlocksCodeGenTest > testBlockCodeGeneration(String) > com.holycityaudio.SpinCAD.CADBlocks.TripleTapCADBlock PASSED

AllBlocksCodeGenTest > testBlockCodeGeneration(String) > com.holycityaudio.SpinCAD.CADBlocks.Two_StageCADBlock STANDARD_OUT
    Constant code gen!
    Constant code gen!
    ; ----------------------------
    ;------ Input
    ;------ Constant
    SOF 0.0000000000,0.9990234375
    WRAX REG0,0.0000000000
    ;------ Two Stage
    ;------ Output

    Optimization complete: saved 0 instruction(s) and 0 register(s).

AllBlocksCodeGenTest > testBlockCodeGeneration(String) > com.holycityaudio.SpinCAD.CADBlocks.Two_StageCADBlock STANDARD_ERROR
    ----------------------------------------
    Register compaction report:
      Registers before compaction : 1  (highest was REG0 / 0x20)
      Holes removed               : 0
      Registers after compaction  : 1  (highest is now REG0 / 0x20)
      OK: all registers fit within REG0ûREG31.
    ----------------------------------------
    SpinFXBlock: numRegs updated to 0x21 (REG1)

AllBlocksCodeGenTest > testBlockCodeGeneration(String) > com.holycityaudio.SpinCAD.CADBlocks.Two_StageCADBlock STANDARD_OUT
      OK: Two_StageCADBlock ù 2 instr, 1 regs, 0 RAM

AllBlocksCodeGenTest > testBlockCodeGeneration(String) > com.holycityaudio.SpinCAD.CADBlocks.Two_StageCADBlock PASSED

AllBlocksCodeGenTest > testBlockCodeGeneration(String) > com.holycityaudio.SpinCAD.CADBlocks.VeeCADBlock STANDARD_OUT
    Constant code gen!
    Constant code gen!
    ; ----------------------------
    ;------ Input
    ;------ Constant
    SOF 0.0000000000,0.9990234375
    WRAX REG0,0.0000000000
    ;------ Vee
    ;------ Output

    Optimization complete: saved 0 instruction(s) and 0 register(s).

AllBlocksCodeGenTest > testBlockCodeGeneration(String) > com.holycityaudio.SpinCAD.CADBlocks.VeeCADBlock STANDARD_ERROR
    ----------------------------------------
    Register compaction report:
      Registers before compaction : 1  (highest was REG0 / 0x20)
      Holes removed               : 0
      Registers after compaction  : 1  (highest is now REG0 / 0x20)
      OK: all registers fit within REG0ûREG31.
    ----------------------------------------
    SpinFXBlock: numRegs updated to 0x21 (REG1)

AllBlocksCodeGenTest > testBlockCodeGeneration(String) > com.holycityaudio.SpinCAD.CADBlocks.VeeCADBlock STANDARD_OUT
      OK: VeeCADBlock ù 2 instr, 1 regs, 0 RAM

AllBlocksCodeGenTest > testBlockCodeGeneration(String) > com.holycityaudio.SpinCAD.CADBlocks.VeeCADBlock PASSED

AllBlocksCodeGenTest > testBlockCodeGeneration(String) > com.holycityaudio.SpinCAD.CADBlocks.VolumeCADBlock STANDARD_OUT
    Constant code gen!
    Constant code gen!
    ; ----------------------------
    ;------ Input
    ;------ Constant
    SOF 0.0000000000,0.9990234375
    WRAX REG0,0.0000000000
    ;------ Volume
    RDAX ADCL,1.0000000000
    MULX REG0
    WRAX REG1,0.0000000000
    ;------ Output
    RDAX REG1,1.0000000000
    WRAX DACL,0.0000000000

    Optimization complete: saved 2 instruction(s) and 1 register(s).

AllBlocksCodeGenTest > testBlockCodeGeneration(String) > com.holycityaudio.SpinCAD.CADBlocks.VolumeCADBlock STANDARD_ERROR
    ----------------------------------------
    Register compaction report:
      Registers before compaction : 1  (highest was REG0 / 0x20)
      Holes removed               : 0
      Registers after compaction  : 1  (highest is now REG0 / 0x20)
      OK: all registers fit within REG0ûREG31.
    ----------------------------------------
    SpinFXBlock: numRegs updated to 0x21 (REG1)

AllBlocksCodeGenTest > testBlockCodeGeneration(String) > com.holycityaudio.SpinCAD.CADBlocks.VolumeCADBlock STANDARD_OUT
      OK: VolumeCADBlock ù 5 instr, 1 regs, 0 RAM

AllBlocksCodeGenTest > testBlockCodeGeneration(String) > com.holycityaudio.SpinCAD.CADBlocks.VolumeCADBlock PASSED

AllBlocksCodeGenTest > testBlockCodeGeneration(String) > com.holycityaudio.SpinCAD.CADBlocks.act_xoverCADBlock STANDARD_OUT
    ; ----------------------------
    ;------ Input
    ;------ L-R Crossover
    RDAX ADCR,0.5000000000
    RDAX ADCL,0.5000000000
    WRAX REG10,0.0000000000
    RDAX REG10,0.0000000000
    RDAX REG12,-0.0000000000
    RDAX REG11,1.0000000000
    WRAX REG8,0.0000000000
    RDAX REG10,0.0000000000
    WRAX REG11,0.0000000000
    RDAX REG8,0.0000000000
    RDAX REG12,1.0000000000
    WRAX REG12,0.0000000000
    RDAX REG10,1.0000000000
    RDAX REG8,0.0000000000
    WRAX REG10,0.0000000000
    RDAX REG14,-0.0000000000
    RDAX REG13,1.0000000000
    WRAX REG8,0.0000000000
    RDAX REG10,0.0000000000
    WRAX REG13,0.0000000000
    RDAX REG8,0.0000000000
    RDAX REG14,1.0000000000
    WRAX REG14,0.0000000000
    RDAX REG10,1.0000000000
    RDAX REG8,0.0000000000
    WRAX REG10,0.0000000000
    RDAX REG16,-0.0000000000
    RDAX REG15,1.0000000000
    WRAX REG8,0.0000000000
    RDAX REG10,0.0000000000
    WRAX REG15,0.0000000000
    RDAX REG8,0.0000000000
    RDAX REG16,1.0000000000
    WRAX REG16,0.0000000000
    RDAX REG10,1.0000000000
    RDAX REG8,0.0000000000
    WRAX REG10,0.0000000000
    RDAX REG18,-0.0000000000
    RDAX REG17,1.0000000000
    WRAX REG8,0.0000000000
    RDAX REG10,0.0000000000
    WRAX REG17,0.0000000000
    RDAX REG8,0.0000000000
    RDAX REG18,1.0000000000
    WRAX REG18,0.0000000000
    RDAX REG10,1.0000000000
    RDAX REG8,0.0000000000
    WRAX REG10,0.0000000000
    RDAX REG20,-0.0000000000
    RDAX REG19,1.0000000000
    WRAX REG8,0.0000000000
    RDAX REG10,0.0000000000
    WRAX REG19,0.0000000000
    RDAX REG8,0.0000000000
    RDAX REG20,1.0000000000
    WRAX REG20,0.0000000000
    RDAX REG10,1.0000000000
    RDAX REG8,0.0000000000
    WRAX REG10,0.0000000000
    RDAX REG22,-0.0000000000
    RDAX REG21,1.0000000000
    WRAX REG8,0.0000000000
    RDAX REG10,0.0000000000
    WRAX REG21,0.0000000000
    RDAX REG8,0.0000000000
    RDAX REG22,1.0000000000
    WRAX REG22,0.0000000000
    RDAX REG10,1.0000000000
    RDAX REG8,0.0000000000
    WRAX REG10,0.0000000000
    RDAX REG24,-0.0000000000
    RDAX REG23,1.0000000000
    WRAX REG8,0.0000000000
    RDAX REG10,0.0000000000
    WRAX REG23,0.0000000000
    RDAX REG8,0.0000000000
    RDAX REG24,1.0000000000
    WRAX REG24,0.0000000000
    RDAX REG10,1.0000000000
    RDAX REG8,0.0000000000
    WRAX REG10,1.0000000000
    WRA 0,1.0
    RDA 0,-1.0
    WRA 1001,0.0
    RDA 0,1.0
    RDA 1001,1.0
    WRAX REG9,0.0000000000
    RDAX REG0,0.4800000000
    RDAX REG1,1.0000000000
    WRAX REG1,-0.4800000000
    RDAX REG0,0.5000000000
    RDAX REG10,0.0500000000
    WRAX REG0,0.0000000000
    RDAX REG2,0.4800000000
    RDAX REG3,1.0000000000
    WRAX REG3,-0.4800000000
    RDAX REG2,0.5000000000
    RDAX REG1,1.0000000000
    WRAX REG2,0.0000000000
    RDAX REG4,0.6000000000
    RDAX REG5,1.0000000000
    WRAX REG5,1.0000000000
    RDAX REG9,0.2500000000
    RDAX REG4,0.8500000000
    WRAX REG9,1.0000000000
    SOF -0.6000000000,0.0000000000
    RDAX REG4,1.0000000000
    WRAX REG4,0.0000000000
    RDAX REG6,0.6000000000
    RDAX REG7,1.0000000000
    WRAX REG7,1.0000000000
    RDAX REG9,0.3000000000
    RDAX REG6,0.8500000000
    WRAX REG9,1.0000000000
    SOF -0.6000000000,0.0000000000
    RDAX REG6,1.0000000000
    WRAX REG6,0.0000000000
    RDAX REG3,-2.0000000000
    RDFX REG25,0.0100000000
    WRLX REG25,-0.5000000000
    SOF -2.0000000000,0.0000000000
    SOF 1.0000000000,0.0000000000
    WRAX REG26,0.0000000000
    RDAX REG9,-2.0000000000
    SOF -2.0000000000,0.0000000000
    SOF 1.0000000000,0.0000000000
    WRAX REG27,0.0000000000
    ;------ Output
    RDAX -1,1.0000000000
    WRAX DACL,0.0000000000

    Optimization complete: saved 0 instruction(s) and 0 register(s).

AllBlocksCodeGenTest > testBlockCodeGeneration(String) > com.holycityaudio.SpinCAD.CADBlocks.act_xoverCADBlock STANDARD_ERROR
    ----------------------------------------
    Register compaction report:
      Registers before compaction : 28  (highest was REG27 / 0x3b)
      Holes removed               : 0
      Registers after compaction  : 28  (highest is now REG27 / 0x3b)
      OK: all registers fit within REG0ûREG31.
    ----------------------------------------
    SpinFXBlock: numRegs updated to 0x3c (REG28)
    Warning: program length (129) exceeds maximum (128)

AllBlocksCodeGenTest > testBlockCodeGeneration(String) > com.holycityaudio.SpinCAD.CADBlocks.act_xoverCADBlock STANDARD_OUT
      WARN: act_xoverCADBlock exceeds instruction limit (129 > 128) ù expected for large blocks tested with Input/Output overhead
      OK: act_xoverCADBlock ù 129 instr, 28 regs, 2000 RAM

AllBlocksCodeGenTest > testBlockCodeGeneration(String) > com.holycityaudio.SpinCAD.CADBlocks.act_xoverCADBlock PASSED

AllBlocksCodeGenTest > testBlockCodeGeneration(String) > com.holycityaudio.SpinCAD.CADBlocks.allpassCADBlock STANDARD_OUT
    ; ----------------------------
    ;------ Input
    ;------ Allpass
    RDAX ADCL,0.5000000000
    RDA 156,0.5
    WRAP 0,-0.5
    RDA 380,0.5
    WRAP 157,-0.5
    RDA 713,0.5
    WRAP 381,-0.5
    RDA 1162,0.5
    WRAP 714,-0.5
    WRAX REG0,0.0000000000
    ;------ Output
    RDAX REG0,1.0000000000
    WRAX DACL,0.0000000000

    Optimization complete: saved 2 instruction(s) and 1 register(s).

AllBlocksCodeGenTest > testBlockCodeGeneration(String) > com.holycityaudio.SpinCAD.CADBlocks.allpassCADBlock STANDARD_ERROR
    compactRegisters: no user registers found, nothing to compact.

AllBlocksCodeGenTest > testBlockCodeGeneration(String) > com.holycityaudio.SpinCAD.CADBlocks.allpassCADBlock STANDARD_OUT
      OK: allpassCADBlock ù 10 instr, 1 regs, 1159 RAM

AllBlocksCodeGenTest > testBlockCodeGeneration(String) > com.holycityaudio.SpinCAD.CADBlocks.allpassCADBlock PASSED

AllBlocksCodeGenTest > testBlockCodeGeneration(String) > com.holycityaudio.SpinCAD.CADBlocks.control_smootherCADBlock STANDARD_OUT
    Constant code gen!
    Constant code gen!
    ; ----------------------------
    ;------ Input
    ;------ Constant
    SOF 0.0000000000,0.9990234375
    WRAX REG0,0.0000000000
    ;------ Smoother
    RDAX REG0,1.0000000000
    RDFX REG2,0.0001500000
    WRAX REG2,0.0000000000
    ;------ Output

    Optimization complete: saved 2 instruction(s) and 1 register(s).

AllBlocksCodeGenTest > testBlockCodeGeneration(String) > com.holycityaudio.SpinCAD.CADBlocks.control_smootherCADBlock STANDARD_ERROR
    ----------------------------------------
    Register compaction report:
      Registers before compaction : 3  (highest was REG2 / 0x22)
      Holes removed               : 2
      Registers after compaction  : 1  (highest is now REG0 / 0x20)
      OK: all registers fit within REG0ûREG31.
    ----------------------------------------
    SpinFXBlock: numRegs updated to 0x21 (REG1)

AllBlocksCodeGenTest > testBlockCodeGeneration(String) > com.holycityaudio.SpinCAD.CADBlocks.control_smootherCADBlock STANDARD_OUT
      OK: control_smootherCADBlock ù 3 instr, 1 regs, 0 RAM

AllBlocksCodeGenTest > testBlockCodeGeneration(String) > com.holycityaudio.SpinCAD.CADBlocks.control_smootherCADBlock PASSED

AllBlocksCodeGenTest > testBlockCodeGeneration(String) > com.holycityaudio.SpinCAD.CADBlocks.crossfadeCADBlock STANDARD_OUT
    Constant code gen!
    Constant code gen!
    ; ----------------------------
    ;------ Input
    ;------ Constant
    SOF 0.0000000000,0.9990234375
    WRAX REG0,0.0000000000
    ;------ Crossfade
    RDAX ADCL,-0.5000000000
    RDAX ADCR,0.5000000000
    MULX REG0
    RDAX ADCL,0.5000000000
    WRAX REG1,0.0000000000
    ;------ Output
    RDAX REG1,1.0000000000
    WRAX DACL,0.0000000000

    Optimization complete: saved 2 instruction(s) and 1 register(s).

AllBlocksCodeGenTest > testBlockCodeGeneration(String) > com.holycityaudio.SpinCAD.CADBlocks.crossfadeCADBlock STANDARD_ERROR
    ----------------------------------------
    Register compaction report:
      Registers before compaction : 1  (highest was REG0 / 0x20)
      Holes removed               : 0
      Registers after compaction  : 1  (highest is now REG0 / 0x20)
      OK: all registers fit within REG0ûREG31.
    ----------------------------------------
    SpinFXBlock: numRegs updated to 0x21 (REG1)

AllBlocksCodeGenTest > testBlockCodeGeneration(String) > com.holycityaudio.SpinCAD.CADBlocks.crossfadeCADBlock STANDARD_OUT
      OK: crossfadeCADBlock ù 7 instr, 1 regs, 0 RAM

AllBlocksCodeGenTest > testBlockCodeGeneration(String) > com.holycityaudio.SpinCAD.CADBlocks.crossfadeCADBlock PASSED

AllBlocksCodeGenTest > testBlockCodeGeneration(String) > com.holycityaudio.SpinCAD.CADBlocks.crossfade_2CADBlock STANDARD_OUT
    Constant code gen!
    Constant code gen!
    ; ----------------------------
    ;------ Input
    ;------ Constant
    SOF 0.0000000000,0.9990234375
    WRAX REG0,0.0000000000
    ;------ Crossfade 2
    RDAX REG0,-1.0000000000
    SOF -2.0000000000,0.0000000000
    MULX ADCR
    WRAX REG2,0.0000000000
    RDAX REG0,1.0000000000
    SOF 1.0000000000,-1.0000000000
    SOF -2.0000000000,0.0000000000
    MULX ADCL
    RDAX REG2,1.0000000000
    WRAX REG1,0.0000000000
    ;------ Output
    RDAX REG1,1.0000000000
    WRAX DACL,0.0000000000

    Optimization complete: saved 2 instruction(s) and 1 register(s).
    Output register optimization complete: saved 2 instruction(s) and 1 register(s).

AllBlocksCodeGenTest > testBlockCodeGeneration(String) > com.holycityaudio.SpinCAD.CADBlocks.crossfade_2CADBlock STANDARD_ERROR
    ----------------------------------------
    Register compaction report:
      Registers before compaction : 1  (highest was REG0 / 0x20)
      Holes removed               : 0
      Registers after compaction  : 1  (highest is now REG0 / 0x20)
      OK: all registers fit within REG0ûREG31.
    ----------------------------------------
    SpinFXBlock: numRegs updated to 0x21 (REG1)

AllBlocksCodeGenTest > testBlockCodeGeneration(String) > com.holycityaudio.SpinCAD.CADBlocks.crossfade_2CADBlock STANDARD_OUT
      OK: crossfade_2CADBlock ù 10 instr, 1 regs, 0 RAM

AllBlocksCodeGenTest > testBlockCodeGeneration(String) > com.holycityaudio.SpinCAD.CADBlocks.crossfade_2CADBlock PASSED

AllBlocksCodeGenTest > testBlockCodeGeneration(String) > com.holycityaudio.SpinCAD.CADBlocks.crossfade_3CADBlock STANDARD_OUT
    Constant code gen!
    Constant code gen!
    ; ----------------------------
    ;------ Input
    ;------ Constant
    SOF 0.0000000000,0.9990234375
    WRAX REG0,0.0000000000
    ;------ Crossfade 3
    RDAX REG0,1.0000000000
    SOF 1.0000000000,-0.5000000000
    SKP NEG,10
    RDAX REG0,0.5860000000
    SOF 1.0000000000,0.4140000000
    MULX ADCR
    WRAX REG2,0.0000000000
    RDAX REG0,1.0000000000
    SOF 0.7070000000,-0.7070000000
    SOF -2.0000000000,0.0000000000
    MULX ADCL
    RDAX REG2,1.0000000000
    SKP RUN ,8
    CLR
    RDAX REG0,1.4140000000
    MULX ADCR
    WRAX REG2,0.0000000000
    RDAX REG0,-0.5860000000
    SOF 0.9990000000,0.9990000000
    MULX ADCL
    RDAX REG2,1.0000000000
    WRAX REG1,0.0000000000
    ;------ Output
    RDAX REG1,1.0000000000
    WRAX DACL,0.0000000000

    Optimization complete: saved 3 instruction(s) and 1 register(s).

AllBlocksCodeGenTest > testBlockCodeGeneration(String) > com.holycityaudio.SpinCAD.CADBlocks.crossfade_3CADBlock STANDARD_ERROR
    ----------------------------------------
    Register compaction report:
      Registers before compaction : 3  (highest was REG2 / 0x22)
      Holes removed               : 1
      Registers after compaction  : 2  (highest is now REG1 / 0x21)
      OK: all registers fit within REG0ûREG31.
    ----------------------------------------
    SpinFXBlock: numRegs updated to 0x22 (REG2)

AllBlocksCodeGenTest > testBlockCodeGeneration(String) > com.holycityaudio.SpinCAD.CADBlocks.crossfade_3CADBlock STANDARD_OUT
      OK: crossfade_3CADBlock ù 23 instr, 2 regs, 0 RAM

AllBlocksCodeGenTest > testBlockCodeGeneration(String) > com.holycityaudio.SpinCAD.CADBlocks.crossfade_3CADBlock PASSED

AllBlocksCodeGenTest > testBlockCodeGeneration(String) > com.holycityaudio.SpinCAD.CADBlocks.dance_ir_fla_lCADBlock STANDARD_OUT
    Constant code gen!
    Constant code gen!
    Constant code gen!
    Constant code gen!
    Constant code gen!
    Constant code gen!
    ; ----------------------------
    ;------ Input
    ;------ Constant
    SOF 0.0000000000,0.9990234375
    WRAX REG0,0.0000000000
    ;------ Constant
    SOF 0.0000000000,0.9990234375
    WRAX REG1,0.0000000000
    ;------ Constant
    SOF 0.0000000000,0.9990234375
    WRAX REG2,0.0000000000
    ;------ Infinite_Rev_Flange
    SKP RUN ,1
    WLDR 0, 0, 512
    RDAX REG0,1.9990000000
    WRAX REG5,0.0000000000
    RDAX REG0,-1.0000000000
    SOF 1.0000000000,0.9990000000
    SOF 1.9990000000,0.0000000000
    WRAX REG4,0.0000000000
    RDAX REG0,1.0000000000
    WRAX REG3,1.0000000000
    SOF 1.0000000000,-0.5000000000
    SKP GEZ,2
    SOF 0.0000000000,0.5000000000
    WRAX REG3,0.0000000000
    RDAX REG2,1.0000000000
    SOF 0.3500000000,-0.3500000000
    EXP 1.0,0.0
    WRAX REG20,0.0000000000
    RDAX REG2,1.0000000000
    SOF 1.0000000000,-0.9990000000
    EXP 1.0,0.0
    WRAX REG24,0.0000000000
    RDAX ADCL,0.5000000000
    MULX REG4
    RDA 202,0.6
    WRAP 0,-0.6
    RDA 744,0.6
    WRAP 203,-0.6
    WRAX REG21,0.0000000000
    RDA 21169,1.0
    MULX REG3
    RDAX REG21,1.0000000000
    RDA 2949,0.6
    WRAP 745,-0.6
    RDA 5651,0.6
    WRAP 2950,-0.6
    WRA 5652,0.0
    RDA 10108,1.0
    MULX REG3
    RDAX REG21,1.0000000000
    RDA 12641,0.6
    WRAP 10109,-0.6
    RDA 14843,0.6
    WRAP 12642,-0.6
    WRA 14844,0.0
    RDAX ADCL,-1.0000000000
    RDA 5652,1.0
    MULX REG0
    RDAX ADCL,1.0000000000
    WRA 21170,0.0
    RDAX ADCL,-1.0000000000
    RDA 14844,1.0
    MULX REG0
    RDAX ADCL,1.0000000000
    WRA 21683,0.0
    CHO RDA,2,REG | COMPC,21170
    CHO RDA,2,0,21171
    SOF 0.7070000000,0.0000000000
    RDA 21170,0.707
    WRAX REG16,0.0000000000
    CHO RDA,2,COMPC,21683
    CHO RDA,2,0,21684
    SOF 0.7070000000,0.0000000000
    RDA 21683,0.707
    WRAX REG17,0.0000000000
    CHO RDAL,2
    RDAX REG1,-0.0300000000
    WRAX RMP0_RATE,1.0000000000
    RDAX REG6,1.0000000000
    MULX REG20
    RDAX REG7,1.0000000000
    WRAX REG7,-1.0000000000
    RDAX REG6,-0.4000000000
    RDAX REG16,1.0000000000
    MULX REG20
    RDAX REG6,1.0000000000
    WRAX REG6,0.0000000000
    RDAX REG10,1.0000000000
    MULX REG20
    RDAX REG11,1.0000000000
    WRAX REG11,-1.0000000000
    RDAX REG10,-0.4000000000
    RDAX REG7,1.0000000000
    MULX REG20
    RDAX REG10,1.0000000000
    WRAX REG10,0.0000000000
    RDAX REG8,1.0000000000
    MULX REG20
    RDAX REG9,1.0000000000
    WRAX REG9,-1.0000000000
    RDAX REG8,-0.4000000000
    RDAX REG17,1.0000000000
    MULX REG20
    RDAX REG8,1.0000000000
    WRAX REG8,0.0000000000
    RDAX REG12,1.0000000000
    MULX REG20
    RDAX REG13,1.0000000000
    WRAX REG13,-1.0000000000
    RDAX REG12,-0.4000000000
    RDAX REG9,1.0000000000
    MULX REG20
    RDAX REG12,1.0000000000
    WRAX REG12,0.0000000000
    RDAX REG11,-1.0000000000
    RDAX REG16,1.0000000000
    MULX REG24
    RDAX REG11,1.0000000000
    WRAX REG25,0.0000000000
    RDAX REG13,-1.0000000000
    RDAX REG17,1.0000000000
    MULX REG24
    RDAX REG13,1.0000000000
    WRAX REG26,0.0000000000
    ;------ Output
    RDAX -1,1.0000000000
    WRAX DACL,0.0000000000

    Optimization complete: saved 0 instruction(s) and 0 register(s).

AllBlocksCodeGenTest > testBlockCodeGeneration(String) > com.holycityaudio.SpinCAD.CADBlocks.dance_ir_fla_lCADBlock STANDARD_ERROR
    ----------------------------------------
    Register compaction report:
      Registers before compaction : 27  (highest was REG26 / 0x3a)
      Holes removed               : 6
      Registers after compaction  : 21  (highest is now REG20 / 0x34)
      OK: all registers fit within REG0ûREG31.
    ----------------------------------------
    SpinFXBlock: numRegs updated to 0x35 (REG21)

AllBlocksCodeGenTest > testBlockCodeGeneration(String) > com.holycityaudio.SpinCAD.CADBlocks.dance_ir_fla_lCADBlock STANDARD_OUT
      OK: dance_ir_fla_lCADBlock ù 122 instr, 21 regs, 22186 RAM

AllBlocksCodeGenTest > testBlockCodeGeneration(String) > com.holycityaudio.SpinCAD.CADBlocks.dance_ir_fla_lCADBlock PASSED

AllBlocksCodeGenTest > testBlockCodeGeneration(String) > com.holycityaudio.SpinCAD.CADBlocks.distCADBlock STANDARD_OUT
    Couldn't find Input

AllBlocksCodeGenTest > testBlockCodeGeneration(String) > com.holycityaudio.SpinCAD.CADBlocks.distCADBlock STANDARD_ERROR
    java.lang.NullPointerException: Cannot invoke "com.holycityaudio.SpinCAD.SpinCADPin.isConnected()" because the return value of "com.holycityaudio.SpinCAD.CADBlocks.distCADBlock.getPin(String)" is null
    	at com.holycityaudio.SpinCAD.CADBlocks.distCADBlock.generateCode(distCADBlock.java:81)
    	at com.holycityaudio.SpinCAD.SpinCADModel.generateCode(SpinCADModel.java:293)
    	at com.holycityaudio.SpinCAD.SpinCADModel.sortAlignGen(SpinCADModel.java:189)
    	at com.holycityaudio.SpinCAD.AllBlocksCodeGenTest.testBlockCodeGeneration(AllBlocksCodeGenTest.java:126)
    	at java.base/jdk.internal.reflect.DirectMethodHandleAccessor.invoke(DirectMethodHandleAccessor.java:104)
    	at java.base/java.lang.reflect.Method.invoke(Method.java:577)
    	at org.junit.platform.commons.util.ReflectionUtils.invokeMethod(ReflectionUtils.java:728)
    	at org.junit.jupiter.engine.execution.MethodInvocation.proceed(MethodInvocation.java:60)
    	at org.junit.jupiter.engine.execution.InvocationInterceptorChain$ValidatingInvocation.proceed(InvocationInterceptorChain.java:131)
    	at org.junit.jupiter.engine.extension.TimeoutExtension.intercept(TimeoutExtension.java:156)
    	at org.junit.jupiter.engine.extension.TimeoutExtension.interceptTestableMethod(TimeoutExtension.java:147)
    	at org.junit.jupiter.engine.extension.TimeoutExtension.interceptTestTemplateMethod(TimeoutExtension.java:94)
    	at org.junit.jupiter.engine.execution.InterceptingExecutableInvoker$ReflectiveInterceptorCall.lambda$ofVoidMethod$0(InterceptingExecutableInvoker.java:103)
    	at org.junit.jupiter.engine.execution.InterceptingExecutableInvoker.lambda$invoke$0(InterceptingExecutableInvoker.java:93)
    	at org.junit.jupiter.engine.execution.InvocationInterceptorChain$InterceptedInvocation.proceed(InvocationInterceptorChain.java:106)
    	at org.junit.jupiter.engine.execution.InvocationInterceptorChain.proceed(InvocationInterceptorChain.java:64)
    	at org.junit.jupiter.engine.execution.InvocationInterceptorChain.chainAndInvoke(InvocationInterceptorChain.java:45)
    	at org.junit.jupiter.engine.execution.InvocationInterceptorChain.invoke(InvocationInterceptorChain.java:37)
    	at org.junit.jupiter.engine.execution.InterceptingExecutableInvoker.invoke(InterceptingExecutableInvoker.java:92)
    	at org.junit.jupiter.engine.execution.InterceptingExecutableInvoker.invoke(InterceptingExecutableInvoker.java:86)
    	at org.junit.jupiter.engine.descriptor.TestMethodTestDescriptor.lambda$invokeTestMethod$7(TestMethodTestDescriptor.java:218)
    	at org.junit.platform.engine.support.hierarchical.ThrowableCollector.execute(ThrowableCollector.java:73)
    	at org.junit.jupiter.engine.descriptor.TestMethodTestDescriptor.invokeTestMethod(TestMethodTestDescriptor.java:214)
    	at org.junit.jupiter.engine.descriptor.TestMethodTestDescriptor.execute(TestMethodTestDescriptor.java:139)
    	at org.junit.jupiter.engine.descriptor.TestMethodTestDescriptor.execute(TestMethodTestDescriptor.java:69)
    	at org.junit.platform.engine.support.hierarchical.NodeTestTask.lambda$executeRecursively$6(NodeTestTask.java:151)
    	at org.junit.platform.engine.support.hierarchical.ThrowableCollector.execute(ThrowableCollector.java:73)
    	at org.junit.platform.engine.support.hierarchical.NodeTestTask.lambda$executeRecursively$8(NodeTestTask.java:141)
    	at org.junit.platform.engine.support.hierarchical.Node.around(Node.java:137)
    	at org.junit.platform.engine.support.hierarchical.NodeTestTask.lambda$executeRecursively$9(NodeTestTask.java:139)
    	at org.junit.platform.engine.support.hierarchical.ThrowableCollector.execute(ThrowableCollector.java:73)
    	at org.junit.platform.engine.support.hierarchical.NodeTestTask.executeRecursively(NodeTestTask.java:138)
    	at org.junit.platform.engine.support.hierarchical.NodeTestTask.execute(NodeTestTask.java:95)
    	at org.junit.platform.engine.support.hierarchical.SameThreadHierarchicalTestExecutorService.submit(SameThreadHierarchicalTestExecutorService.java:35)
    	at org.junit.platform.engine.support.hierarchical.NodeTestTask$DefaultDynamicTestExecutor.execute(NodeTestTask.java:226)
    	at org.junit.platform.engine.support.hierarchical.NodeTestTask$DefaultDynamicTestExecutor.execute(NodeTestTask.java:204)
    	at org.junit.jupiter.engine.descriptor.TestTemplateTestDescriptor.execute(TestTemplateTestDescriptor.java:142)
    	at org.junit.jupiter.engine.descriptor.TestTemplateTestDescriptor.lambda$execute$2(TestTemplateTestDescriptor.java:110)
    	at java.base/java.util.stream.ForEachOps$ForEachOp$OfRef.accept(ForEachOps.java:183)
    	at java.base/java.util.stream.ReferencePipeline$3$1.accept(ReferencePipeline.java:197)
    	at java.base/java.util.stream.ReferencePipeline$2$1.accept(ReferencePipeline.java:179)
    	at java.base/java.util.stream.ReferencePipeline$3$1.accept(ReferencePipeline.java:197)
    	at java.base/java.util.stream.ForEachOps$ForEachOp$OfRef.accept(ForEachOps.java:183)
    	at java.base/java.util.stream.ReferencePipeline$3$1.accept(ReferencePipeline.java:197)
    	at java.base/java.util.stream.ReferencePipeline$3$1.accept(ReferencePipeline.java:197)
    	at java.base/java.util.stream.ReferencePipeline$3$1.accept(ReferencePipeline.java:197)
    	at java.base/java.util.stream.ForEachOps$ForEachOp$OfRef.accept(ForEachOps.java:183)
    	at java.base/java.util.stream.ReferencePipeline$3$1.accept(ReferencePipeline.java:197)
    	at java.base/java.util.ArrayList$ArrayListSpliterator.forEachRemaining(ArrayList.java:1625)
    	at java.base/java.util.stream.ReferencePipeline$Head.forEach(ReferencePipeline.java:762)
    	at java.base/java.util.stream.ReferencePipeline$7$1.accept(ReferencePipeline.java:276)
    	at java.base/java.util.stream.ReferencePipeline$3$1.accept(ReferencePipeline.java:197)
    	at java.base/java.util.stream.ReferencePipeline$3$1.accept(ReferencePipeline.java:197)
    	at java.base/java.util.stream.ReferencePipeline$3$1.accept(ReferencePipeline.java:197)
    	at java.base/java.util.Spliterators$ArraySpliterator.forEachRemaining(Spliterators.java:992)
    	at java.base/java.util.stream.AbstractPipeline.copyInto(AbstractPipeline.java:509)
    	at java.base/java.util.stream.AbstractPipeline.wrapAndCopyInto(AbstractPipeline.java:499)
    	at java.base/java.util.stream.ForEachOps$ForEachOp.evaluateSequential(ForEachOps.java:150)
    	at java.base/java.util.stream.ForEachOps$ForEachOp$OfRef.evaluateSequential(ForEachOps.java:173)
    	at java.base/java.util.stream.AbstractPipeline.evaluate(AbstractPipeline.java:234)
    	at java.base/java.util.stream.ReferencePipeline.forEach(ReferencePipeline.java:596)
    	at java.base/java.util.stream.ReferencePipeline$7$1.accept(ReferencePipeline.java:276)
    	at java.base/java.util.stream.ReferencePipeline$3$1.accept(ReferencePipeline.java:197)
    	at java.base/java.util.stream.ReferencePipeline$3$1.accept(ReferencePipeline.java:197)
    	at java.base/java.util.stream.ReferencePipeline$3$1.accept(ReferencePipeline.java:197)
    	at java.base/java.util.ArrayList$ArrayListSpliterator.forEachRemaining(ArrayList.java:1625)
    	at java.base/java.util.stream.AbstractPipeline.copyInto(AbstractPipeline.java:509)
    	at java.base/java.util.stream.AbstractPipeline.wrapAndCopyInto(AbstractPipeline.java:499)
    	at java.base/java.util.stream.ForEachOps$ForEachOp.evaluateSequential(ForEachOps.java:150)
    	at java.base/java.util.stream.ForEachOps$ForEachOp$OfRef.evaluateSequential(ForEachOps.java:173)
    	at java.base/java.util.stream.AbstractPipeline.evaluate(AbstractPipeline.java:234)
    	at java.base/java.util.stream.ReferencePipeline.forEach(ReferencePipeline.java:596)
    	at java.base/java.util.stream.ReferencePipeline$7$1.accept(ReferencePipeline.java:276)
    	at java.base/java.util.ArrayList$ArrayListSpliterator.forEachRemaining(ArrayList.java:1625)
    	at java.base/java.util.stream.AbstractPipeline.copyInto(AbstractPipeline.java:509)
    	at java.base/java.util.stream.AbstractPipeline.wrapAndCopyInto(AbstractPipeline.java:499)
    	at java.base/java.util.stream.ForEachOps$ForEachOp.evaluateSequential(ForEachOps.java:150)
    	at java.base/java.util.stream.ForEachOps$ForEachOp$OfRef.evaluateSequential(ForEachOps.java:173)
    	at java.base/java.util.stream.AbstractPipeline.evaluate(AbstractPipeline.java:234)
    	at java.base/java.util.stream.ReferencePipeline.forEach(ReferencePipeline.java:596)
    	at org.junit.jupiter.engine.descriptor.TestTemplateTestDescriptor.execute(TestTemplateTestDescriptor.java:110)
    	at org.junit.jupiter.engine.descriptor.TestTemplateTestDescriptor.execute(TestTemplateTestDescriptor.java:44)
    	at org.junit.platform.engine.support.hierarchical.NodeTestTask.lambda$executeRecursively$6(NodeTestTask.java:151)
    	at org.junit.platform.engine.support.hierarchical.ThrowableCollector.execute(ThrowableCollector.java:73)
    	at org.junit.platform.engine.support.hierarchical.NodeTestTask.lambda$executeRecursively$8(NodeTestTask.java:141)
    	at org.junit.platform.engine.support.hierarchical.Node.around(Node.java:137)
    	at org.junit.platform.engine.support.hierarchical.NodeTestTask.lambda$executeRecursively$9(NodeTestTask.java:139)
    	at org.junit.platform.engine.support.hierarchical.ThrowableCollector.execute(ThrowableCollector.java:73)
    	at org.junit.platform.engine.support.hierarchical.NodeTestTask.executeRecursively(NodeTestTask.java:138)
    	at org.junit.platform.engine.support.hierarchical.NodeTestTask.execute(NodeTestTask.java:95)
    	at java.base/java.util.ArrayList.forEach(ArrayList.java:1511)
    	at org.junit.platform.engine.support.hierarchical.SameThreadHierarchicalTestExecutorService.invokeAll(SameThreadHierarchicalTestExecutorService.java:41)
    	at org.junit.platform.engine.support.hierarchical.NodeTestTask.lambda$executeRecursively$6(NodeTestTask.java:155)
    	at org.junit.platform.engine.support.hierarchical.ThrowableCollector.execute(ThrowableCollector.java:73)
    	at org.junit.platform.engine.support.hierarchical.NodeTestTask.lambda$executeRecursively$8(NodeTestTask.java:141)
    	at org.junit.platform.engine.support.hierarchical.Node.around(Node.java:137)
    	at org.junit.platform.engine.support.hierarchical.NodeTestTask.lambda$executeRecursively$9(NodeTestTask.java:139)
    	at org.junit.platform.engine.support.hierarchical.ThrowableCollector.execute(ThrowableCollector.java:73)
    	at org.junit.platform.engine.support.hierarchical.NodeTestTask.executeRecursively(NodeTestTask.java:138)
    	at org.junit.platform.engine.support.hierarchical.NodeTestTask.execute(NodeTestTask.java:95)
    	at java.base/java.util.ArrayList.forEach(ArrayList.java:1511)
    	at org.junit.platform.engine.support.hierarchical.SameThreadHierarchicalTestExecutorService.invokeAll(SameThreadHierarchicalTestExecutorService.java:41)
    	at org.junit.platform.engine.support.hierarchical.NodeTestTask.lambda$executeRecursively$6(NodeTestTask.java:155)
    	at org.junit.platform.engine.support.hierarchical.ThrowableCollector.execute(ThrowableCollector.java:73)
    	at org.junit.platform.engine.support.hierarchical.NodeTestTask.lambda$executeRecursively$8(NodeTestTask.java:141)
    	at org.junit.platform.engine.support.hierarchical.Node.around(Node.java:137)
    	at org.junit.platform.engine.support.hierarchical.NodeTestTask.lambda$executeRecursively$9(NodeTestTask.java:139)
    	at org.junit.platform.engine.support.hierarchical.ThrowableCollector.execute(ThrowableCollector.java:73)
    	at org.junit.platform.engine.support.hierarchical.NodeTestTask.executeRecursively(NodeTestTask.java:138)
    	at org.junit.platform.engine.support.hierarchical.NodeTestTask.execute(NodeTestTask.java:95)
    	at org.junit.platform.engine.support.hierarchical.SameThreadHierarchicalTestExecutorService.submit(SameThreadHierarchicalTestExecutorService.java:35)
    	at org.junit.platform.engine.support.hierarchical.HierarchicalTestExecutor.execute(HierarchicalTestExecutor.java:57)
    	at org.junit.platform.engine.support.hierarchical.HierarchicalTestEngine.execute(HierarchicalTestEngine.java:54)
    	at org.junit.platform.launcher.core.EngineExecutionOrchestrator.execute(EngineExecutionOrchestrator.java:198)
    	at org.junit.platform.launcher.core.EngineExecutionOrchestrator.execute(EngineExecutionOrchestrator.java:169)
    	at org.junit.platform.launcher.core.EngineExecutionOrchestrator.execute(EngineExecutionOrchestrator.java:93)
    	at org.junit.platform.launcher.core.EngineExecutionOrchestrator.lambda$execute$0(EngineExecutionOrchestrator.java:58)
    	at org.junit.platform.launcher.core.EngineExecutionOrchestrator.withInterceptedStreams(EngineExecutionOrchestrator.java:141)
    	at org.junit.platform.launcher.core.EngineExecutionOrchestrator.execute(EngineExecutionOrchestrator.java:57)
    	at org.junit.platform.launcher.core.DefaultLauncher.execute(DefaultLauncher.java:103)
    	at org.junit.platform.launcher.core.DefaultLauncher.execute(DefaultLauncher.java:85)
    	at org.junit.platform.launcher.core.DelegatingLauncher.execute(DelegatingLauncher.java:47)
    	at org.gradle.api.internal.tasks.testing.junitplatform.JUnitPlatformTestClassProcessor$CollectAllTestClassesExecutor.processAllTestClasses(JUnitPlatformTestClassProcessor.java:119)
    	at org.gradle.api.internal.tasks.testing.junitplatform.JUnitPlatformTestClassProcessor$CollectAllTestClassesExecutor.access$000(JUnitPlatformTestClassProcessor.java:94)
    	at org.gradle.api.internal.tasks.testing.junitplatform.JUnitPlatformTestClassProcessor.stop(JUnitPlatformTestClassProcessor.java:89)
    	at org.gradle.api.internal.tasks.testing.SuiteTestClassProcessor.stop(SuiteTestClassProcessor.java:62)
    	at java.base/jdk.internal.reflect.DirectMethodHandleAccessor.invoke(DirectMethodHandleAccessor.java:104)
    	at java.base/java.lang.reflect.Method.invoke(Method.java:577)
    	at org.gradle.internal.dispatch.ReflectionDispatch.dispatch(ReflectionDispatch.java:36)
    	at org.gradle.internal.dispatch.ReflectionDispatch.dispatch(ReflectionDispatch.java:24)
    	at org.gradle.internal.dispatch.ContextClassLoaderDispatch.dispatch(ContextClassLoaderDispatch.java:33)
    	at org.gradle.internal.dispatch.ProxyDispatchAdapter$DispatchingInvocationHandler.invoke(ProxyDispatchAdapter.java:94)
    	at jdk.proxy1/jdk.proxy1.$Proxy2.stop(Unknown Source)
    	at org.gradle.api.internal.tasks.testing.worker.TestWorker$3.run(TestWorker.java:193)
    	at org.gradle.api.internal.tasks.testing.worker.TestWorker.executeAndMaintainThreadName(TestWorker.java:129)
    	at org.gradle.api.internal.tasks.testing.worker.TestWorker.execute(TestWorker.java:100)
    	at org.gradle.api.internal.tasks.testing.worker.TestWorker.execute(TestWorker.java:60)
    	at org.gradle.process.internal.worker.child.ActionExecutionWorker.execute(ActionExecutionWorker.java:56)
    	at org.gradle.process.internal.worker.child.SystemApplicationClassLoaderWorker.call(SystemApplicationClassLoaderWorker.java:113)
    	at org.gradle.process.internal.worker.child.SystemApplicationClassLoaderWorker.call(SystemApplicationClassLoaderWorker.java:65)
    	at worker.org.gradle.process.internal.worker.GradleWorkerMain.run(GradleWorkerMain.java:69)
    	at worker.org.gradle.process.internal.worker.GradleWorkerMain.main(GradleWorkerMain.java:74)

AllBlocksCodeGenTest > testBlockCodeGeneration(String) > com.holycityaudio.SpinCAD.CADBlocks.distCADBlock STANDARD_OUT
    ; ----------------------------
    ;------ Input
    ;------ Distortion

    Optimization complete: saved 0 instruction(s) and 0 register(s).

AllBlocksCodeGenTest > testBlockCodeGeneration(String) > com.holycityaudio.SpinCAD.CADBlocks.distCADBlock STANDARD_ERROR
    compactRegisters: no user registers found, nothing to compact.

AllBlocksCodeGenTest > testBlockCodeGeneration(String) > com.holycityaudio.SpinCAD.CADBlocks.distCADBlock STANDARD_OUT
      OK: distCADBlock ù 0 instr, 4 regs, 0 RAM

AllBlocksCodeGenTest > testBlockCodeGeneration(String) > com.holycityaudio.SpinCAD.CADBlocks.distCADBlock PASSED

AllBlocksCodeGenTest > testBlockCodeGeneration(String) > com.holycityaudio.SpinCAD.CADBlocks.eighttapCADBlock STANDARD_OUT
    Constant code gen!
    Constant code gen!
    Constant code gen!
    Constant code gen!
    ; ----------------------------
    ;------ Input
    ;------ Constant
    SOF 0.0000000000,0.9990234375
    WRAX REG0,0.0000000000
    ;------ Constant
    SOF 0.0000000000,0.9990234375
    WRAX REG1,0.0000000000
    ;------ Eight Tap
    RDAX ADCR,0.5000000000
    MULX REG1
    RDAX ADCL,1.0000000000
    WRA 0,0.0
    CLR
    OR $007FFF00
    MULX REG0
    WRAX REG4,0.0000000000
    SOF 0.1187463760,0.0062803268
    WRAX ADDR_PTR,0.0000000000
    RMPA 0.5
    WRAX REG2,0.0000000000
    RDAX REG4,1.0000000000
    SOF 0.3562391281,0.0187799454
    WRAX ADDR_PTR,0.0000000000
    RMPA 0.5
    RDAX REG2,1.0000000000
    WRAX REG2,0.0000000000
    RDAX REG4,1.0000000000
    SOF 0.5937318802,0.0312795639
    WRAX ADDR_PTR,0.0000000000
    RMPA 0.5
    RDAX REG2,1.0000000000
    WRAX REG2,0.0000000000
    RDAX REG4,1.0000000000
    SOF 0.8312246323,0.0437791824
    WRAX ADDR_PTR,0.0000000000
    RMPA 0.5
    RDAX REG2,1.0000000000
    WRAX REG2,0.0000000000
    RDAX REG4,1.0000000000
    SOF 0.2374927521,0.0125301361
    WRAX ADDR_PTR,0.0000000000
    RMPA 0.5
    WRAX REG3,0.0000000000
    RDAX REG4,1.0000000000
    SOF 0.4749855042,0.0250297546
    WRAX ADDR_PTR,0.0000000000
    RMPA 0.5
    RDAX REG3,1.0000000000
    WRAX REG3,0.0000000000
    RDAX REG4,1.0000000000
    SOF 0.7124782562,0.0375293732
    WRAX ADDR_PTR,0.0000000000
    RMPA 0.8
    RDAX REG3,1.0000000000
    WRAX REG3,0.0000000000
    RDAX REG4,1.0000000000
    SOF 0.9499710083,0.0500289917
    WRAX ADDR_PTR,0.0000000000
    RMPA 0.5
    RDAX REG3,1.0000000000
    WRAX REG3,0.0000000000
    ;------ Output
    RDAX REG2,1.0000000000
    WRAX DACL,0.0000000000

    Optimization complete: saved 0 instruction(s) and 0 register(s).

AllBlocksCodeGenTest > testBlockCodeGeneration(String) > com.holycityaudio.SpinCAD.CADBlocks.eighttapCADBlock STANDARD_ERROR
    ----------------------------------------
    Register compaction report:
      Registers before compaction : 5  (highest was REG4 / 0x24)
      Holes removed               : 0
      Registers after compaction  : 5  (highest is now REG4 / 0x24)
      OK: all registers fit within REG0ûREG31.
    ----------------------------------------
    SpinFXBlock: numRegs updated to 0x25 (REG5)

AllBlocksCodeGenTest > testBlockCodeGeneration(String) > com.holycityaudio.SpinCAD.CADBlocks.eighttapCADBlock STANDARD_OUT
      OK: eighttapCADBlock ù 59 instr, 5 regs, 32767 RAM

AllBlocksCodeGenTest > testBlockCodeGeneration(String) > com.holycityaudio.SpinCAD.CADBlocks.eighttapCADBlock PASSED

AllBlocksCodeGenTest > testBlockCodeGeneration(String) > com.holycityaudio.SpinCAD.CADBlocks.expanderCADBlock STANDARD_OUT
    Constant code gen!
    Constant code gen!
    ; ----------------------------
    ;------ Input
    ;------ Constant
    SOF 0.0000000000,0.9990234375
    WRAX REG0,0.0000000000
    ;------ Expander
    WRAX REG6,0.0200000000
    ABSA
    RDAX REG7,0.9998000000
    WRAX REG7,1.9990000000
    MULX REG6
    ;------ Output
    RDAX -1,1.0000000000
    WRAX DACL,0.0000000000

    Optimization complete: saved 0 instruction(s) and 0 register(s).

AllBlocksCodeGenTest > testBlockCodeGeneration(String) > com.holycityaudio.SpinCAD.CADBlocks.expanderCADBlock STANDARD_ERROR
    ----------------------------------------
    Register compaction report:
      Registers before compaction : 8  (highest was REG7 / 0x27)
      Holes removed               : 5
      Registers after compaction  : 3  (highest is now REG2 / 0x22)
      OK: all registers fit within REG0ûREG31.
    ----------------------------------------
    SpinFXBlock: numRegs updated to 0x23 (REG3)

AllBlocksCodeGenTest > testBlockCodeGeneration(String) > com.holycityaudio.SpinCAD.CADBlocks.expanderCADBlock STANDARD_OUT
      OK: expanderCADBlock ù 9 instr, 3 regs, 0 RAM

AllBlocksCodeGenTest > testBlockCodeGeneration(String) > com.holycityaudio.SpinCAD.CADBlocks.expanderCADBlock PASSED

AllBlocksCodeGenTest > testBlockCodeGeneration(String) > com.holycityaudio.SpinCAD.CADBlocks.ga_demo_chorusCADBlock STANDARD_OUT
    Constant code gen!
    Constant code gen!
    Constant code gen!
    Constant code gen!
    Constant code gen!
    Constant code gen!
    ; ----------------------------
    ;------ Input
    ;------ Constant
    SOF 0.0000000000,0.9990234375
    WRAX REG0,0.0000000000
    ;------ Constant
    SOF 0.0000000000,0.9990234375
    WRAX REG1,0.0000000000
    ;------ Constant
    SOF 0.0000000000,0.9990234375
    WRAX REG2,0.0000000000
    ;------ GA_Demo_Chorus
    SKP RUN ,4
    WRAX REG5,0.0000000000
    WRAX REG6,0.0000000000
    WLDS 0,12,100
    WLDS 1,0,800
    RDAX ADCL,0.5000000000
    RDAX ADCR,0.5000000000
    WRA 12091,1.0
    WRAX REG3,0.5000000000
    RDA 334,0.6
    WRAP 0,-0.6
    RDA 891,0.6
    WRAP 335,-0.6
    RDA 1763,0.6
    WRAP 892,-0.6
    WRAX REG4,0.0000000000
    RDA 12090,0.55
    RDAX REG4,1.0000000000
    RDA 2572,0.6
    WRAP 1764,-0.6
    RDA 4507,0.6
    WRAP 2573,-0.6
    RDFX REG5,0.5000000000
    WRLX REG5,-0.6000000000
    WRA 4508,0.0
    RDA 6997,0.55
    RDAX REG4,1.0000000000
    RDA 8014,0.6
    WRAP 6998,-0.6
    RDA 9802,0.6
    WRAP 8015,-0.6
    RDFX REG6,0.5000000000
    WRLX REG6,-0.6000000000
    WRA 9803,1.99
    RDA 4508,1.99
    MULX REG0
    MULX REG0
    WRAX REG7,0.0000000000
    CHO RDA,0,REG | COMPC,2673
    CHO RDA,0,0,2674
    WRA 2773,0.0
    CHO RDA,0,REG | COMPC,8115
    CHO RDA,0,0,8116
    WRA 8215,0.0
    RDAX REG1,1.0000000000
    MULX REG1
    SOF 0.0200000000,0.0100000000
    WRAX SIN1_RATE,0.0000000000
    CHO RDA,1,REG | COMPC,13491
    CHO RDA,1,0,13492
    CHO RDA,1,COS  | REG | COMPC,13291
    CHO RDA,1,COS ,13292
    CHO RDA,1,REG | COMPA,13691
    CHO RDA,1,COMPC | COMPA,13692
    CHO RDA,1,COS  | REG | COMPA,12991
    CHO RDA,1,COS  | COMPC | COMPA,12992
    MULX REG2
    WRAX REG8,0.0000000000
    RDAX REG3,1.0000000000
    RDAX REG7,1.0000000000
    RDAX REG8,0.5000000000
    SOF 1.0000000000,0.0200000000
    WRAX REG9,1.0000000000
    SOF 1.0000000000,-0.0400000000
    WRAX REG10,0.0000000000
    ;------ Output
    RDAX REG9,1.0000000000
    WRAX DACL,0.0000000000

    Optimization complete: saved 0 instruction(s) and 0 register(s).

AllBlocksCodeGenTest > testBlockCodeGeneration(String) > com.holycityaudio.SpinCAD.CADBlocks.ga_demo_chorusCADBlock STANDARD_ERROR
    ----------------------------------------
    Register compaction report:
      Registers before compaction : 11  (highest was REG10 / 0x2a)
      Holes removed               : 0
      Registers after compaction  : 11  (highest is now REG10 / 0x2a)
      OK: all registers fit within REG0ûREG31.
    ----------------------------------------
    SpinFXBlock: numRegs updated to 0x2b (REG11)

AllBlocksCodeGenTest > testBlockCodeGeneration(String) > com.holycityaudio.SpinCAD.CADBlocks.ga_demo_chorusCADBlock STANDARD_OUT
      OK: ga_demo_chorusCADBlock ù 73 instr, 11 regs, 17082 RAM

AllBlocksCodeGenTest > testBlockCodeGeneration(String) > com.holycityaudio.SpinCAD.CADBlocks.ga_demo_chorusCADBlock PASSED

AllBlocksCodeGenTest > testBlockCodeGeneration(String) > com.holycityaudio.SpinCAD.CADBlocks.ga_demo_echoCADBlock STANDARD_OUT
    Constant code gen!
    Constant code gen!
    Constant code gen!
    Constant code gen!
    Constant code gen!
    Constant code gen!
    ; ----------------------------
    ;------ Input
    ;------ Constant
    SOF 0.0000000000,0.9990234375
    WRAX REG0,0.0000000000
    ;------ Constant
    SOF 0.0000000000,0.9990234375
    WRAX REG1,0.0000000000
    ;------ Constant
    SOF 0.0000000000,0.9990234375
    WRAX REG2,0.0000000000
    ;------ Echo
    SKP RUN ,4
    WRAX REG5,0.0000000000
    WRAX REG6,0.0000000000
    WRAX REG10,0.0000000000
    WLDS 0,12,100
    RDAX ADCL,0.5000000000
    RDAX ADCR,0.5000000000
    WRAX REG3,0.0000000000
    RDAX REG8,0.0000000000
    RDAX REG3,1.0000000000
    WRA 0,0.0
    RDAX REG3,0.5000000000
    RDAX REG9,0.5000000000
    RDA 20335,0.6
    WRAP 20001,-0.6
    RDA 20892,0.6
    WRAP 20336,-0.6
    RDA 21764,0.6
    WRAP 20893,-0.6
    WRAX REG4,0.0000000000
    RDA 32091,0.55
    RDAX REG4,1.0000000000
    RDA 22573,0.6
    WRAP 21765,-0.6
    RDA 24508,0.6
    WRAP 22574,-0.6
    RDFX REG5,0.5000000000
    WRLX REG5,-0.6000000000
    WRA 24509,0.0
    RDA 26998,0.55
    RDAX REG4,1.0000000000
    RDA 28015,0.6
    WRAP 26999,-0.6
    RDA 29803,0.6
    WRAP 28016,-0.6
    RDFX REG6,0.5000000000
    WRLX REG6,-0.6000000000
    WRA 29804,1.99
    RDA 24509,1.99
    MULX REG0
    MULX REG0
    WRAX REG7,0.0000000000
    CHO RDA,0,REG | COMPC,22674
    CHO RDA,0,0,22675
    WRA 22774,0.0
    CHO RDA,0,REG | COMPC,28116
    CHO RDA,0,0,28117
    WRA 28216,0.0
    RDAX REG1,1.0000000000
    AND $007E0000
    SOF 0.5500000000,0.0500000000
    WRAX ADDR_PTR,0.0000000000
    RMPA 1.0
    RDFX REG10,0.3000000000
    WRLX REG10,-1.0000000000
    WRAX REG8,1.0000000000
    MULX REG2
    MULX REG2
    WRAX REG9,1.0000000000
    RDAX REG3,1.0000000000
    RDAX REG7,1.0000000000
    SOF 1.0000000000,0.0200000000
    WRAX REG11,1.0000000000
    SOF 1.0000000000,-0.0400000000
    WRAX REG12,0.0000000000
    ;------ Output
    RDAX -1,1.0000000000
    WRAX DACL,0.0000000000

    Optimization complete: saved 0 instruction(s) and 0 register(s).

AllBlocksCodeGenTest > testBlockCodeGeneration(String) > com.holycityaudio.SpinCAD.CADBlocks.ga_demo_echoCADBlock STANDARD_ERROR
    ----------------------------------------
    Register compaction report:
      Registers before compaction : 13  (highest was REG12 / 0x2c)
      Holes removed               : 0
      Registers after compaction  : 13  (highest is now REG12 / 0x2c)
      OK: all registers fit within REG0ûREG31.
    ----------------------------------------
    SpinFXBlock: numRegs updated to 0x2d (REG13)

AllBlocksCodeGenTest > testBlockCodeGeneration(String) > com.holycityaudio.SpinCAD.CADBlocks.ga_demo_echoCADBlock STANDARD_OUT
      OK: ga_demo_echoCADBlock ù 73 instr, 13 regs, 32082 RAM

AllBlocksCodeGenTest > testBlockCodeGeneration(String) > com.holycityaudio.SpinCAD.CADBlocks.ga_demo_echoCADBlock PASSED

AllBlocksCodeGenTest > testBlockCodeGeneration(String) > com.holycityaudio.SpinCAD.CADBlocks.ga_demo_echo_repeatCADBlock STANDARD_OUT
    Constant code gen!
    Constant code gen!
    Constant code gen!
    Constant code gen!
    Constant code gen!
    Constant code gen!
    ; ----------------------------
    ;------ Input
    ;------ Constant
    SOF 0.0000000000,0.9990234375
    WRAX REG0,0.0000000000
    ;------ Constant
    SOF 0.0000000000,0.9990234375
    WRAX REG1,0.0000000000
    ;------ Constant
    SOF 0.0000000000,0.9990234375
    WRAX REG2,0.0000000000
    ;------ Repeat_echo
    SKP RUN ,4
    WRAX REG5,0.0000000000
    WRAX REG6,0.0000000000
    WRAX REG10,0.0000000000
    WLDS 0,12,100
    RDAX ADCL,0.5000000000
    RDAX ADCR,0.5000000000
    WRAX REG3,0.0000000000
    RDAX REG8,0.2500000000
    RDAX REG3,1.0000000000
    WRA 0,0.0
    RDAX REG3,0.5000000000
    RDAX REG9,0.5000000000
    RDA 20335,0.6
    WRAP 20001,-0.6
    RDA 20892,0.6
    WRAP 20336,-0.6
    RDA 21764,0.6
    WRAP 20893,-0.6
    WRAX REG4,0.0000000000
    RDA 32091,0.55
    RDAX REG4,1.0000000000
    RDA 22573,0.6
    WRAP 21765,-0.6
    RDA 24508,0.6
    WRAP 22574,-0.6
    RDFX REG5,0.5000000000
    WRLX REG5,-0.6000000000
    WRA 24509,0.0
    RDA 26998,0.55
    RDAX REG4,1.0000000000
    RDA 28015,0.6
    WRAP 26999,-0.6
    RDA 29803,0.6
    WRAP 28016,-0.6
    RDFX REG6,0.5000000000
    WRLX REG6,-0.6000000000
    WRA 29804,1.99
    RDA 24509,1.99
    MULX REG0
    MULX REG0
    WRAX REG7,0.0000000000
    CHO RDA,0,REG | COMPC,22674
    CHO RDA,0,0,22675
    WRA 22774,0.0
    CHO RDA,0,REG | COMPC,28116
    CHO RDA,0,0,28117
    WRA 28216,0.0
    RDAX REG1,1.0000000000
    AND $007E0000
    SOF 0.5500000000,0.0500000000
    WRAX ADDR_PTR,0.0000000000
    RMPA 1.0
    RDFX REG10,0.3000000000
    WRLX REG10,-1.0000000000
    WRAX REG8,1.0000000000
    MULX REG2
    MULX REG2
    WRAX REG9,1.0000000000
    RDAX REG3,1.0000000000
    RDAX REG7,1.0000000000
    SOF 1.0000000000,0.0200000000
    WRAX REG11,1.0000000000
    SOF 1.0000000000,-0.0400000000
    WRAX REG12,0.0000000000
    ;------ Output
    RDAX -1,1.0000000000
    WRAX DACL,0.0000000000

    Optimization complete: saved 0 instruction(s) and 0 register(s).

AllBlocksCodeGenTest > testBlockCodeGeneration(String) > com.holycityaudio.SpinCAD.CADBlocks.ga_demo_echo_repeatCADBlock STANDARD_ERROR
    ----------------------------------------
    Register compaction report:
      Registers before compaction : 13  (highest was REG12 / 0x2c)
      Holes removed               : 0
      Registers after compaction  : 13  (highest is now REG12 / 0x2c)
      OK: all registers fit within REG0ûREG31.
    ----------------------------------------
    SpinFXBlock: numRegs updated to 0x2d (REG13)

AllBlocksCodeGenTest > testBlockCodeGeneration(String) > com.holycityaudio.SpinCAD.CADBlocks.ga_demo_echo_repeatCADBlock STANDARD_OUT
      OK: ga_demo_echo_repeatCADBlock ù 73 instr, 13 regs, 32082 RAM

AllBlocksCodeGenTest > testBlockCodeGeneration(String) > com.holycityaudio.SpinCAD.CADBlocks.ga_demo_echo_repeatCADBlock PASSED

AllBlocksCodeGenTest > testBlockCodeGeneration(String) > com.holycityaudio.SpinCAD.CADBlocks.ga_demo_flangerCADBlock STANDARD_OUT
    Constant code gen!
    Constant code gen!
    Constant code gen!
    Constant code gen!
    ; ----------------------------
    ;------ Input
    ;------ Constant
    SOF 0.0000000000,0.9990234375
    WRAX REG0,0.0000000000
    ;------ Constant
    SOF 0.0000000000,0.9990234375
    WRAX REG1,0.0000000000
    ;------ Flanger
    SKP RUN ,2
    WLDR 0, 10, 4096
    WLDR 1, 0, 512
    RDAX ADCL,1.0000000000
    WRAX REG2,0.5000000000
    RDAX REG3,0.9000000000
    MULX REG4
    RDAX REG2,1.0000000000
    WRA 0,0.0
    RDAX REG1,1.0000000000
    SOF 1.9900000000,0.0000000000
    WRAX REG5,0.0000000000
    RDAX REG1,1.0000000000
    SOF 1.0000000000,-1.0000000000
    SOF 1.9990000000,0.0000000000
    SOF 1.0000000000,0.9990000000
    WRAX REG4,0.0000000000
    RDAX REG0,1.0000000000
    MULX REG0
    MULX REG0
    SOF 0.4000000000,0.0100000000
    WRAX RMP0_RATE,0.0000000000
    CHO RDAL,2
    SOF 1.0000000000,-0.2500000000
    ABSA
    WRAX REG6,0.0000000000
    CHO RDAL,3
    WRAX REG9,1.0000000000
    RDAX REG6,-0.1600000000
    SOF 0.2500000000,0.0000000000
    WRAX RMP1_RATE,0.0000000000
    CHO RDA,3,REG | COMPC,0
    CHO RDA,3,0,1
    WRAX REG3,0.0000000000
    RDAX REG3,1.0000000000
    MULX REG5
    RDAX REG2,1.0000000000
    WRAX REG8,0.0000000000
    ;------ Output
    RDAX REG8,1.0000000000
    WRAX DACL,0.0000000000

    Optimization complete: saved 3 instruction(s) and 1 register(s).

AllBlocksCodeGenTest > testBlockCodeGeneration(String) > com.holycityaudio.SpinCAD.CADBlocks.ga_demo_flangerCADBlock STANDARD_ERROR
    ----------------------------------------
    Register compaction report:
      Registers before compaction : 10  (highest was REG9 / 0x29)
      Holes removed               : 2
      Registers after compaction  : 8  (highest is now REG7 / 0x27)
      OK: all registers fit within REG0ûREG31.
    ----------------------------------------
    SpinFXBlock: numRegs updated to 0x28 (REG8)

AllBlocksCodeGenTest > testBlockCodeGeneration(String) > com.holycityaudio.SpinCAD.CADBlocks.ga_demo_flangerCADBlock STANDARD_OUT
      OK: ga_demo_flangerCADBlock ù 41 instr, 8 regs, 512 RAM

AllBlocksCodeGenTest > testBlockCodeGeneration(String) > com.holycityaudio.SpinCAD.CADBlocks.ga_demo_flangerCADBlock PASSED

AllBlocksCodeGenTest > testBlockCodeGeneration(String) > com.holycityaudio.SpinCAD.CADBlocks.ga_demo_phaserCADBlock STANDARD_OUT
    Constant code gen!
    Constant code gen!
    Constant code gen!
    Constant code gen!
    Constant code gen!
    Constant code gen!
    ; ----------------------------
    ;------ Input
    ;------ Constant
    SOF 0.0000000000,0.9990234375
    WRAX REG0,0.0000000000
    ;------ Constant
    SOF 0.0000000000,0.9990234375
    WRAX REG1,0.0000000000
    ;------ Constant
    SOF 0.0000000000,0.9990234375
    WRAX REG2,0.0000000000
    ;------ Phaser
    SKP RUN ,4
    WRAX REG5,0.0000000000
    WRAX REG6,0.0000000000
    WLDS 0,12,100
    WLDS 1,0,32767
    RDAX ADCL,0.5000000000
    RDAX ADCR,0.5000000000
    WRAX REG3,0.0000000000
    RDAX REG9,0.5000000000
    RDA 334,0.6
    WRAP 0,-0.6
    RDA 891,0.6
    WRAP 335,-0.6
    RDA 1763,0.6
    WRAP 892,-0.6
    WRAX REG4,0.0000000000
    RDA 12090,0.55
    RDAX REG4,1.0000000000
    RDA 2572,0.6
    WRAP 1764,-0.6
    RDA 4507,0.6
    WRAP 2573,-0.6
    RDFX REG5,0.5000000000
    WRLX REG5,-0.6000000000
    WRA 4508,0.0
    RDA 6997,0.55
    RDAX REG4,1.0000000000
    RDA 8014,0.6
    WRAP 6998,-0.6
    RDA 9802,0.6
    WRAP 8015,-0.6
    RDFX REG6,0.5000000000
    WRLX REG6,-0.6000000000
    WRA 9803,1.99
    RDA 4508,1.99
    MULX REG0
    MULX REG0
    WRAX REG7,0.0000000000
    CHO RDA,0,REG | COMPC,2673
    CHO RDA,0,0,2674
    WRA 2773,0.0
    CHO RDA,0,REG | COMPC,8115
    CHO RDA,0,0,8116
    WRA 8215,0.0
    RDAX REG2,1.0000000000
    RDAX REG20,0.9000000000
    WRAX REG20,0.0000000000
    RDAX REG1,1.0000000000
    MULX REG1
    SOF 0.2000000000,0.0200000000
    WRAX SIN1_RATE,0.0000000000
    CHO RDAL,1
    SOF 0.5000000000,0.5000000000
    LOG 0.5,0.0
    EXP 1.0,0.0
    SOF 1.0000000000,-0.5000000000
    SOF 1.9990000000,0.0000000000
    MULX REG2
    SOF 0.1000000000,0.8500000000
    WRAX REG8,0.0000000000
    RDAX REG10,1.0000000000
    WRAX REG18,1.0000000000
    MULX REG8
    RDAX REG3,0.0156250000
    WRAX REG10,-1.0000000000
    MULX REG8
    RDAX REG18,1.0000000000
    WRAX REG19,0.0000000000
    RDAX REG11,1.0000000000
    WRAX REG18,1.0000000000
    MULX REG8
    RDAX REG19,1.0000000000
    WRAX REG11,-1.0000000000
    MULX REG8
    RDAX REG18,1.0000000000
    WRAX REG19,0.0000000000
    RDAX REG12,1.0000000000
    WRAX REG18,1.0000000000
    MULX REG8
    RDAX REG19,1.0000000000
    WRAX REG12,-1.0000000000
    MULX REG8
    RDAX REG18,1.0000000000
    WRAX REG19,0.0000000000
    RDAX REG13,1.0000000000
    WRAX REG18,1.0000000000
    MULX REG8
    RDAX REG19,1.0000000000
    WRAX REG13,-1.0000000000
    MULX REG8
    RDAX REG18,1.0000000000
    WRAX REG19,0.0000000000
    RDAX REG14,1.0000000000
    WRAX REG18,1.0000000000
    MULX REG8
    RDAX REG19,1.0000000000
    WRAX REG14,-1.0000000000
    MULX REG8
    RDAX REG18,1.0000000000
    WRAX REG19,0.0000000000
    RDAX REG15,1.0000000000
    WRAX REG18,1.0000000000
    MULX REG8
    RDAX REG19,1.0000000000
    WRAX REG15,-1.0000000000
    MULX REG8
    RDAX REG18,1.0000000000
    SOF -2.0000000000,0.0000000000
    SOF -2.0000000000,0.0000000000
    SOF -2.0000000000,0.0000000000
    SOF -2.0000000000,0.0000000000
    SOF -2.0000000000,0.0000000000
    SOF -2.0000000000,0.0000000000
    MULX REG20
    RDAX REG3,1.0000000000
    WRAX REG9,1.0000000000
    RDAX REG7,1.0000000000
    SOF 1.0000000000,0.0200000000
    WRAX REG21,1.0000000000
    SOF 1.0000000000,-0.0400000000
    WRAX REG22,0.0000000000
    ;------ Output
    RDAX -1,1.0000000000
    WRAX DACL,0.0000000000

    Optimization complete: saved 0 instruction(s) and 0 register(s).

AllBlocksCodeGenTest > testBlockCodeGeneration(String) > com.holycityaudio.SpinCAD.CADBlocks.ga_demo_phaserCADBlock STANDARD_ERROR
    ----------------------------------------
    Register compaction report:
      Registers before compaction : 23  (highest was REG22 / 0x36)
      Holes removed               : 2
      Registers after compaction  : 21  (highest is now REG20 / 0x34)
      OK: all registers fit within REG0ûREG31.
    ----------------------------------------
    SpinFXBlock: numRegs updated to 0x35 (REG21)
    Warning: program length (129) exceeds maximum (128)

AllBlocksCodeGenTest > testBlockCodeGeneration(String) > com.holycityaudio.SpinCAD.CADBlocks.ga_demo_phaserCADBlock STANDARD_OUT
      WARN: ga_demo_phaserCADBlock exceeds instruction limit (129 > 128) ù expected for large blocks tested with Input/Output overhead
      OK: ga_demo_phaserCADBlock ù 129 instr, 21 regs, 12082 RAM

AllBlocksCodeGenTest > testBlockCodeGeneration(String) > com.holycityaudio.SpinCAD.CADBlocks.ga_demo_phaserCADBlock PASSED

AllBlocksCodeGenTest > testBlockCodeGeneration(String) > com.holycityaudio.SpinCAD.CADBlocks.ga_demo_vibratoCADBlock STANDARD_OUT
    Constant code gen!
    Constant code gen!
    Constant code gen!
    Constant code gen!
    Constant code gen!
    Constant code gen!
    ; ----------------------------
    ;------ Input
    ;------ Constant
    SOF 0.0000000000,0.9990234375
    WRAX REG0,0.0000000000
    ;------ Constant
    SOF 0.0000000000,0.9990234375
    WRAX REG1,0.0000000000
    ;------ Constant
    SOF 0.0000000000,0.9990234375
    WRAX REG2,0.0000000000
    ;------ Vibrato
    SKP RUN ,4
    WRAX REG5,0.0000000000
    WRAX REG6,0.0000000000
    WLDS 0,12,100
    WLDS 1,0,0
    RDAX ADCL,0.5000000000
    RDAX ADCR,0.5000000000
    WRA 12091,1.0
    WRAX REG3,0.0000000000
    RDAX REG15,0.5000000000
    RDA 334,0.6
    WRAP 0,-0.6
    RDA 891,0.6
    WRAP 335,-0.6
    RDA 1763,0.6
    WRAP 892,-0.6
    WRAX REG4,0.0000000000
    RDA 12090,0.55
    RDAX REG4,1.0000000000
    RDA 2572,0.6
    WRAP 1764,-0.6
    RDA 4507,0.6
    WRAP 2573,-0.6
    RDFX REG5,0.5000000000
    WRLX REG5,-0.6000000000
    WRA 4508,0.0
    RDA 6997,0.55
    RDAX REG4,1.0000000000
    RDA 8014,0.6
    WRAP 6998,-0.6
    RDA 9802,0.6
    WRAP 8015,-0.6
    RDFX REG6,0.5000000000
    WRLX REG6,-0.6000000000
    WRA 9803,1.99
    RDA 4508,1.99
    MULX REG0
    MULX REG0
    WRAX REG7,0.0000000000
    CHO RDA,0,REG | COMPC,2673
    CHO RDA,0,0,2674
    WRA 2773,0.0
    CHO RDA,0,REG | COMPC,8115
    CHO RDA,0,0,8116
    WRA 8215,0.0
    RDAX REG1,1.0000000000
    SOF 0.3000000000,0.1000000000
    MULX REG10
    WRAX SIN1_RATE,0.0000000000
    RDAX REG2,0.0100000000
    RDFX REG11,0.0010000000
    WRLX REG11,-1.0000000000
    WRAX SIN1_RANGE,0.0000000000
    CHO RDA,1,REG | COMPC,12261
    CHO RDA,1,0,12262
    WRAX REG12,0.0000000000
    RDAX REG3,1.0000000000
    ABSA
    WRAX REG13,0.8000000000
    RDAX REG9,-1.0000000000
    SKP NEG,2
    CLR
    WRAX REG10,0.0000000000
    CLR
    RDAX REG13,1.0000000000
    MAXX REG9,0.9990000000
    WRAX REG9,0.0000000000
    RDAX REG10,1.0000000000
    WRAX REG10,0.0000000000
    RDAX REG2,1.0000000000
    RDAX REG14,0.9000000000
    WRAX REG14,0.0000000000
    RDAX REG12,1.0000000000
    RDAX REG3,-1.0000000000
    MULX REG14
    RDAX REG3,1.0000000000
    WRAX REG15,1.0000000000
    RDAX REG7,1.0000000000
    SOF 1.0000000000,0.0200000000
    WRAX REG16,1.0000000000
    SOF 1.0000000000,-0.0400000000
    WRAX REG17,0.0000000000
    ;------ Output
    RDAX -1,1.0000000000
    WRAX DACL,0.0000000000

    Optimization complete: saved 0 instruction(s) and 0 register(s).

AllBlocksCodeGenTest > testBlockCodeGeneration(String) > com.holycityaudio.SpinCAD.CADBlocks.ga_demo_vibratoCADBlock STANDARD_ERROR
    ----------------------------------------
    Register compaction report:
      Registers before compaction : 18  (highest was REG17 / 0x31)
      Holes removed               : 1
      Registers after compaction  : 17  (highest is now REG16 / 0x30)
      OK: all registers fit within REG0ûREG31.
    ----------------------------------------
    SpinFXBlock: numRegs updated to 0x31 (REG17)

AllBlocksCodeGenTest > testBlockCodeGeneration(String) > com.holycityaudio.SpinCAD.CADBlocks.ga_demo_vibratoCADBlock STANDARD_OUT
      OK: ga_demo_vibratoCADBlock ù 90 instr, 17 regs, 13082 RAM

AllBlocksCodeGenTest > testBlockCodeGeneration(String) > com.holycityaudio.SpinCAD.CADBlocks.ga_demo_vibratoCADBlock PASSED

AllBlocksCodeGenTest > testBlockCodeGeneration(String) > com.holycityaudio.SpinCAD.CADBlocks.ga_demo_wahCADBlock STANDARD_OUT
    Constant code gen!
    Constant code gen!
    Constant code gen!
    Constant code gen!
    Constant code gen!
    Constant code gen!
    ; ----------------------------
    ;------ Input
    ;------ Constant
    SOF 0.0000000000,0.9990234375
    WRAX REG0,0.0000000000
    ;------ Constant
    SOF 0.0000000000,0.9990234375
    WRAX REG1,0.0000000000
    ;------ Constant
    SOF 0.0000000000,0.9990234375
    WRAX REG2,0.0000000000
    ;------ Wah
    SKP RUN ,5
    WRAX REG5,0.0000000000
    WRAX REG6,0.0000000000
    WRAX REG9,0.0000000000
    WRAX REG10,0.0000000000
    WLDS 0,12,100
    RDAX ADCL,0.5000000000
    RDAX ADCR,0.5000000000
    WRAX REG3,0.0000000000
    RDAX REG8,0.5000000000
    RDA 334,0.6
    WRAP 0,-0.6
    RDA 891,0.6
    WRAP 335,-0.6
    RDA 1763,0.6
    WRAP 892,-0.6
    WRAX REG4,0.0000000000
    RDA 12090,0.55
    RDAX REG4,1.0000000000
    RDA 2572,0.6
    WRAP 1764,-0.6
    RDA 4507,0.6
    WRAP 2573,-0.6
    RDFX REG5,0.5000000000
    WRLX REG5,-0.6000000000
    WRA 4508,0.0
    RDA 6997,0.55
    RDAX REG4,1.0000000000
    RDA 8014,0.6
    WRAP 6998,-0.6
    RDA 9802,0.6
    WRAP 8015,-0.6
    RDFX REG6,0.5000000000
    WRLX REG6,-0.6000000000
    WRA 9803,1.99
    RDA 4508,1.99
    MULX REG0
    MULX REG0
    WRAX REG7,0.0000000000
    CHO RDA,0,REG | COMPC,2673
    CHO RDA,0,0,2674
    WRA 2773,0.0
    CHO RDA,0,REG | COMPC,8115
    CHO RDA,0,0,8116
    WRA 8215,0.0
    RDAX REG3,1.0000000000
    ABSA
    RDFX REG14,0.0100000000
    WRAX REG14,0.0000000000
    RDAX REG15,0.0010000000
    SOF -0.0100000000,0.0000000000
    RDAX REG15,1.0000000000
    WRAX REG13,0.0000000000
    RDAX REG14,1.0000000000
    MAXX REG13,1.0000000000
    WRAX REG15,1.0000000000
    SOF 1.0000000000,0.0020000000
    LOG 1.0,0.0
    WRAX REG13,0.0000000000
    RDAX REG14,1.0000000000
    LOG 1.0,0.0
    RDAX REG13,-1.0000000000
    MULX REG1
    EXP 1.0,0.0
    RDFX REG16,0.0005000000
    WRAX REG16,1.0000000000
    SOF 0.7000000000,0.0200000000
    WRAX REG11,0.0000000000
    RDAX REG2,1.0000000000
    SOF -0.2000000000,0.2500000000
    WRAX REG12,0.0000000000
    RDAX REG9,1.0000000000
    MULX REG11
    RDAX REG10,1.0000000000
    WRAX REG10,-1.0000000000
    RDAX REG3,1.0000000000
    WRAX REG13,0.0000000000
    RDAX REG9,-1.0000000000
    MULX REG12
    RDAX REG13,1.0000000000
    MULX REG11
    RDAX REG9,1.0000000000
    WRAX REG9,0.0000000000
    RDAX REG2,1.0000000000
    RDAX REG17,0.9000000000
    WRAX REG17,0.0000000000
    RDAX REG3,-1.0000000000
    RDAX REG10,1.0000000000
    MULX REG17
    RDAX REG3,1.0000000000
    WRAX REG8,1.0000000000
    RDAX REG7,1.0000000000
    WRAX REG18,1.0000000000
    WRAX REG19,0.0000000000
    ;------ Output
    RDAX REG18,1.0000000000
    WRAX DACL,0.0000000000

    Optimization complete: saved 0 instruction(s) and 0 register(s).

AllBlocksCodeGenTest > testBlockCodeGeneration(String) > com.holycityaudio.SpinCAD.CADBlocks.ga_demo_wahCADBlock STANDARD_ERROR
    ----------------------------------------
    Register compaction report:
      Registers before compaction : 20  (highest was REG19 / 0x33)
      Holes removed               : 0
      Registers after compaction  : 20  (highest is now REG19 / 0x33)
      OK: all registers fit within REG0ûREG31.
    ----------------------------------------
    SpinFXBlock: numRegs updated to 0x34 (REG20)

AllBlocksCodeGenTest > testBlockCodeGeneration(String) > com.holycityaudio.SpinCAD.CADBlocks.ga_demo_wahCADBlock STANDARD_OUT
      OK: ga_demo_wahCADBlock ù 102 instr, 20 regs, 12082 RAM

AllBlocksCodeGenTest > testBlockCodeGeneration(String) > com.holycityaudio.SpinCAD.CADBlocks.ga_demo_wahCADBlock PASSED

AllBlocksCodeGenTest > testBlockCodeGeneration(String) > com.holycityaudio.SpinCAD.CADBlocks.gated_verbCADBlock STANDARD_OUT
    Constant code gen!
    Constant code gen!
    Constant code gen!
    Constant code gen!
    Constant code gen!
    Constant code gen!
    ; ----------------------------
    ;------ Input
    ;------ Constant
    SOF 0.0000000000,0.9990234375
    WRAX REG0,0.0000000000
    ;------ Constant
    SOF 0.0000000000,0.9990234375
    WRAX REG1,0.0000000000
    ;------ Constant
    SOF 0.0000000000,0.9990234375
    WRAX REG2,0.0000000000
    ;------ Gated_reverb
    CLR
    WRAX REG3,0.0000000000
    SKP RUN ,4
    WRAX REG6,0.0000000000
    WRAX REG7,0.0000000000
    WRAX REG8,0.0000000000
    WRAX REG9,0.0000000000
    RDAX REG0,0.1000000000
    AND $007E0000
    WRAX ADDR_PTR,0.0000000000
    RDAX ADCL,0.2500000000
    RDAX ADCR,0.2500000000
    WRA 0,0.0
    RMPA 1.0
    RDA 5618,0.2
    RDA 26344,0.5
    WRAP 26217,-0.5
    RDA 26536,-0.5
    WRAP 26345,0.5
    RDA 26911,0.5
    WRAP 26537,-0.5
    RDA 27485,-0.5
    WRAP 26912,0.5
    WRA 3278,0.0
    RDA 5278,-1.0
    RDFX REG6,0.5000000000
    WRHX REG6,-1.0000000000
    MULX REG3
    RDA 5278,1.0
    WRA 5278,0.0
    RDA 7278,-1.0
    RDFX REG7,0.5000000000
    WRHX REG7,-1.0000000000
    MULX REG3
    RDA 7278,1.0
    WRA 7278,0.0
    RDA 11278,-1.0
    RDFX REG8,0.5000000000
    WRHX REG8,-1.0000000000
    MULX REG3
    RDA 11278,1.0
    WRA 11278,0.0
    RDA 17278,-1.0
    RDFX REG9,0.5000000000
    WRHX REG9,-1.0000000000
    MULX REG3
    RDA 17278,1.0
    WRA 17278,0.0
    RDAX REG1,1.0000000000
    AND $00780000
    SKP ZRO,50
    SOF 1.0000000000,-0.5625000000
    SKP ZRO,47
    SOF 1.0000000000,-0.5625000000
    SKP ZRO,43
    SOF 1.0000000000,-0.5625000000
    SKP ZRO,39
    SOF 1.0000000000,-0.5625000000
    SKP ZRO,36
    SOF 1.0000000000,-0.5625000000
    SKP ZRO,32
    SOF 1.0000000000,-0.5625000000
    SKP ZRO,29
    SOF 1.0000000000,-0.5625000000
    SKP ZRO,26
    SOF 1.0000000000,-0.5625000000
    SKP ZRO,22
    SOF 1.0000000000,-0.5625000000
    SKP ZRO,19
    SOF 1.0000000000,-0.5625000000
    SKP ZRO,15
    SOF 1.0000000000,-0.5625000000
    SKP ZRO,12
    SOF 1.0000000000,-0.5625000000
    SKP ZRO,8
    SOF 1.0000000000,-0.5625000000
    SKP ZRO,5
    SOF 1.0000000000,-0.5625000000
    SKP ZRO,2
    CLR
    RDA 26215,0.45
    RDA 25157,0.5
    RDA 23780,0.45
    RDA 23048,0.4
    RDA 22001,0.4
    RDA 21421,0.5
    RDA 20412,0.5
    RDA 19110,0.55
    RDA 18323,0.5
    RDA 17159,0.5
    RDA 16334,0.55
    RDA 15474,0.6
    RDA 14675,0.6
    RDA 13286,0.6
    RDA 12301,0.55
    RDA 11134,0.4
    RDA 10365,0.65
    RDA 9521,0.6
    RDA 8472,0.7
    RDA 7301,0.6
    RDA 6379,0.5
    RDA 5163,0.7
    RDA 4434,0.5
    RDA 3278,0.5
    WRAX REG4,1.0000000000
    RDA 31744,-0.3
    RDA 27940,0.5
    WRAP 27486,-0.5
    RDA 28604,-0.5
    WRAP 28297,0.5
    WRA 30287,1.0
    WRAX REG10,0.0000000000
    RDAX REG4,1.0000000000
    RDA 30286,-0.3
    RDA 28296,0.5
    WRAP 27941,-0.5
    RDA 29082,-0.5
    WRAP 28605,0.5
    WRA 29083,1.0
    WRAX REG11,0.0000000000
    ;------ Output
    RDAX REG10,1.0000000000
    WRAX DACL,0.0000000000

    Optimization complete: saved 0 instruction(s) and 0 register(s).
    Output register optimization complete: saved 2 instruction(s) and 1 register(s).

AllBlocksCodeGenTest > testBlockCodeGeneration(String) > com.holycityaudio.SpinCAD.CADBlocks.gated_verbCADBlock STANDARD_ERROR
    ----------------------------------------
    Register compaction report:
      Registers before compaction : 12  (highest was REG11 / 0x2b)
      Holes removed               : 2
      Registers after compaction  : 10  (highest is now REG9 / 0x29)
      OK: all registers fit within REG0ûREG31.
    ----------------------------------------
    SpinFXBlock: numRegs updated to 0x2a (REG10)

AllBlocksCodeGenTest > testBlockCodeGeneration(String) > com.holycityaudio.SpinCAD.CADBlocks.gated_verbCADBlock STANDARD_OUT
      OK: gated_verbCADBlock ù 126 instr, 10 regs, 31733 RAM

AllBlocksCodeGenTest > testBlockCodeGeneration(String) > com.holycityaudio.SpinCAD.CADBlocks.gated_verbCADBlock PASSED

AllBlocksCodeGenTest > testBlockCodeGeneration(String) > com.holycityaudio.SpinCAD.CADBlocks.maxxCADBlock STANDARD_OUT
    Constant code gen!
    Constant code gen!
    Constant code gen!
    Constant code gen!
    ; ----------------------------
    ;------ Input
    ;------ Constant
    SOF 0.0000000000,0.9990234375
    WRAX REG0,0.0000000000
    ;------ Constant
    SOF 0.0000000000,0.9990234375
    WRAX REG1,0.0000000000
    ;------ Maximum
    RDAX REG0,1.0000000000
    MAXX REG1,0.5000000000
    WRAX REG2,0.0000000000
    ;------ Output

    Optimization complete: saved 0 instruction(s) and 0 register(s).

AllBlocksCodeGenTest > testBlockCodeGeneration(String) > com.holycityaudio.SpinCAD.CADBlocks.maxxCADBlock STANDARD_ERROR
    ----------------------------------------
    Register compaction report:
      Registers before compaction : 3  (highest was REG2 / 0x22)
      Holes removed               : 0
      Registers after compaction  : 3  (highest is now REG2 / 0x22)
      OK: all registers fit within REG0ûREG31.
    ----------------------------------------
    SpinFXBlock: numRegs updated to 0x23 (REG3)

AllBlocksCodeGenTest > testBlockCodeGeneration(String) > com.holycityaudio.SpinCAD.CADBlocks.maxxCADBlock STANDARD_OUT
      OK: maxxCADBlock ù 7 instr, 3 regs, 0 RAM

AllBlocksCodeGenTest > testBlockCodeGeneration(String) > com.holycityaudio.SpinCAD.CADBlocks.maxxCADBlock PASSED

AllBlocksCodeGenTest > testBlockCodeGeneration(String) > com.holycityaudio.SpinCAD.CADBlocks.noise_amzCADBlock STANDARD_OUT
    ; ----------------------------
    ;------ Input
    ;------ Noise_AMZ
    SKP RUN ,2
    SOF 0.0000000000,0.6660000000
    WRAX REG0,0.0000000000
    LDAX REG0
    AND $00000001
    WRAX REG1,0.0000000000
    RDAX REG0,0.5000000000
    AND $007FFFFF
    WRAX REG0,0.0000000000
    LDAX REG1
    SKP ZRO,4
    CLR
    LDAX REG0
    XOR $00D80000
    WRAX REG0,0.0000000000
    LDAX REG0
    ABSA
    WRAX REG2,0.0000000000
    ;------ Output
    RDAX REG2,1.0000000000
    WRAX DACL,0.0000000000

    Optimization complete: saved 2 instruction(s) and 1 register(s).

AllBlocksCodeGenTest > testBlockCodeGeneration(String) > com.holycityaudio.SpinCAD.CADBlocks.noise_amzCADBlock STANDARD_ERROR
    ----------------------------------------
    Register compaction report:
      Registers before compaction : 2  (highest was REG1 / 0x21)
      Holes removed               : 0
      Registers after compaction  : 2  (highest is now REG1 / 0x21)
      OK: all registers fit within REG0ûREG31.
    ----------------------------------------
    SpinFXBlock: numRegs updated to 0x22 (REG2)

AllBlocksCodeGenTest > testBlockCodeGeneration(String) > com.holycityaudio.SpinCAD.CADBlocks.noise_amzCADBlock STANDARD_OUT
      OK: noise_amzCADBlock ù 18 instr, 2 regs, 0 RAM

AllBlocksCodeGenTest > testBlockCodeGeneration(String) > com.holycityaudio.SpinCAD.CADBlocks.noise_amzCADBlock PASSED

AllBlocksCodeGenTest > testBlockCodeGeneration(String) > com.holycityaudio.SpinCAD.CADBlocks.pannerCADBlock STANDARD_OUT
    Constant code gen!
    Constant code gen!
    ; ----------------------------
    ;------ Input
    ;------ Constant
    SOF 0.0000000000,0.9990234375
    WRAX REG0,0.0000000000
    ;------ Panner
    RDAX ADCL,0.5000000000
    MULX REG0
    WRAX REG2,-1.0000000000
    RDAX ADCL,0.5000000000
    WRAX REG1,0.0000000000
    ;------ Output
    RDAX REG1,1.0000000000
    WRAX DACL,0.0000000000

    Optimization complete: saved 2 instruction(s) and 1 register(s).

AllBlocksCodeGenTest > testBlockCodeGeneration(String) > com.holycityaudio.SpinCAD.CADBlocks.pannerCADBlock STANDARD_ERROR
    ----------------------------------------
    Register compaction report:
      Registers before compaction : 3  (highest was REG2 / 0x22)
      Holes removed               : 1
      Registers after compaction  : 2  (highest is now REG1 / 0x21)
      OK: all registers fit within REG0ûREG31.
    ----------------------------------------
    SpinFXBlock: numRegs updated to 0x22 (REG2)

AllBlocksCodeGenTest > testBlockCodeGeneration(String) > com.holycityaudio.SpinCAD.CADBlocks.pannerCADBlock STANDARD_OUT
      OK: pannerCADBlock ù 7 instr, 2 regs, 0 RAM

AllBlocksCodeGenTest > testBlockCodeGeneration(String) > com.holycityaudio.SpinCAD.CADBlocks.pannerCADBlock PASSED

AllBlocksCodeGenTest > testBlockCodeGeneration(String) > com.holycityaudio.SpinCAD.CADBlocks.pitch_fourCADBlock STANDARD_OUT
    Constant code gen!
    Constant code gen!
    ; ----------------------------
    ;------ Input
    ;------ Constant
    SOF 0.0000000000,0.9990234375
    WRAX REG0,0.0000000000
    ;------ Pitch_Four
    SKP RUN ,2
    WLDR 0, 16384, 4096
    RDAX RMP0_RATE,1.0000000000
    LDAX REG0
    AND $00600000
    SKP ZRO,13
    SOF 1.0000000000,-0.2500000000
    SKP ZRO,8
    SOF 1.0000000000,-0.2500000000
    SKP ZRO,3
    SOF 0.0000000000,0.5000000000
    WRAX RMP0_RATE,0.0000000000
    SKP RUN ,8
    SOF 0.0000000000,0.3745767692
    WRAX RMP0_RATE,0.0000000000
    SKP RUN ,5
    SOF 0.0000000000,-0.0007315953
    WRAX RMP0_RATE,0.0000000000
    SKP RUN ,2
    SOF 0.0000000000,-0.0009765625
    WRAX RMP0_RATE,0.0000000000
    LDAX ADCL
    WRA 0,0.0
    CHO RDA,2,REG | COMPC,0
    CHO RDA,2,0,1
    WRA 4097,0.0
    CHO RDA,2,COMPC | RPTR2,0
    CHO RDA,2,RPTR2,1
    CHO SOF,2,COMPC | NA,0.0
    CHO RDA,2,NA,4097
    WRAX REG1,0.0000000000
    ;------ Output
    RDAX REG1,1.0000000000
    WRAX DACL,0.0000000000

    Optimization complete: saved 2 instruction(s) and 1 register(s).

AllBlocksCodeGenTest > testBlockCodeGeneration(String) > com.holycityaudio.SpinCAD.CADBlocks.pitch_fourCADBlock STANDARD_ERROR
    ----------------------------------------
    Register compaction report:
      Registers before compaction : 1  (highest was REG0 / 0x20)
      Holes removed               : 0
      Registers after compaction  : 1  (highest is now REG0 / 0x20)
      OK: all registers fit within REG0ûREG31.
    ----------------------------------------
    SpinFXBlock: numRegs updated to 0x21 (REG1)

AllBlocksCodeGenTest > testBlockCodeGeneration(String) > com.holycityaudio.SpinCAD.CADBlocks.pitch_fourCADBlock STANDARD_OUT
      OK: pitch_fourCADBlock ù 33 instr, 1 regs, 4097 RAM

AllBlocksCodeGenTest > testBlockCodeGeneration(String) > com.holycityaudio.SpinCAD.CADBlocks.pitch_fourCADBlock PASSED

AllBlocksCodeGenTest > testBlockCodeGeneration(String) > com.holycityaudio.SpinCAD.CADBlocks.pitchoffset1_2CADBlock STANDARD_OUT
    Constant code gen!
    Constant code gen!
    Constant code gen!
    Constant code gen!
    ; ----------------------------
    ;------ Input
    ;------ Constant
    SOF 0.0000000000,0.9990234375
    WRAX REG0,0.0000000000
    ;------ Constant
    SOF 0.0000000000,0.9990234375
    WRAX REG1,0.0000000000
    ;------ Pitch Offset 1->2
    SKP RUN ,3
    OR $007FFFFF
    WRAX REG8,1.0000000000
    WRAX REG13,0.0000000000
    RDAX REG0,0.1000000000
    RDFX REG11,0.0010000000
    WRLX REG11,-1.0000000000
    SOF 1.0000000000,-0.0500000000
    WRAX REG10,0.0000000000
    RDAX REG1,0.1000000000
    RDFX REG16,0.0010000000
    WRLX REG16,-1.0000000000
    SOF 1.0000000000,-0.0500000000
    WRAX REG15,0.0000000000
    RDAX ADCL,1.0000000000
    RDFX REG5,0.0400000000
    WRHX REG5,-1.0000000000
    RDFX REG4,0.4000000000
    WRLX REG4,-1.0000000000
    WRAX REG6,0.0039000000
    RDA 1,0.995
    WRAP 0,-0.995
    RDA 3,0.937
    WRAP 2,-0.937
    RDA 5,0.61
    WRAP 4,-0.61
    WRAX REG2,0.0000000000
    RDAX REG6,0.0039000000
    RDA 7,0.978
    WRAP 6,-0.978
    RDA 9,0.84
    WRAP 8,-0.84
    RDA 11,0.0
    WRAP 10,0.0
    WRAX REG3,0.0000000000
    RDAX REG8,1.0000000000
    MULX REG10
    RDAX REG7,1.0000000000
    WRAX REG7,-1.0000000000
    MULX REG10
    RDAX REG8,1.0000000000
    WRAX REG8,0.0000000000
    RDAX REG3,-2.0000000000
    MULX REG8
    WRAX REG9,0.0000000000
    RDAX REG2,-2.0000000000
    MULX REG7
    RDAX REG9,1.0000000000
    WRAX REG9,0.0000000000
    RDAX REG13,1.0000000000
    MULX REG15
    RDAX REG12,1.0000000000
    WRAX REG12,-1.0000000000
    MULX REG15
    RDAX REG13,1.0000000000
    WRAX REG13,0.0000000000
    RDAX REG3,-2.0000000000
    MULX REG13
    WRAX REG14,0.0000000000
    RDAX REG2,-2.0000000000
    MULX REG12
    RDAX REG14,1.0000000000
    RDAX REG9,1.0000000000
    SOF -2.0000000000,0.0000000000
    SOF -2.0000000000,0.0000000000
    SOF -2.0000000000,0.0000000000
    SOF -2.0000000000,0.0000000000
    SOF -2.0000000000,0.0000000000
    SOF -2.0000000000,0.0000000000
    SOF -2.0000000000,0.0000000000
    WRAX REG17,0.0000000000
    ;------ Output
    RDAX REG17,1.0000000000
    WRAX DACL,0.0000000000

    Optimization complete: saved 2 instruction(s) and 1 register(s).

AllBlocksCodeGenTest > testBlockCodeGeneration(String) > com.holycityaudio.SpinCAD.CADBlocks.pitchoffset1_2CADBlock STANDARD_ERROR
    ----------------------------------------
    Register compaction report:
      Registers before compaction : 17  (highest was REG16 / 0x30)
      Holes removed               : 0
      Registers after compaction  : 17  (highest is now REG16 / 0x30)
      OK: all registers fit within REG0ûREG31.
    ----------------------------------------
    SpinFXBlock: numRegs updated to 0x31 (REG17)

AllBlocksCodeGenTest > testBlockCodeGeneration(String) > com.holycityaudio.SpinCAD.CADBlocks.pitchoffset1_2CADBlock STANDARD_OUT
      OK: pitchoffset1_2CADBlock ù 75 instr, 17 regs, 6 RAM

AllBlocksCodeGenTest > testBlockCodeGeneration(String) > com.holycityaudio.SpinCAD.CADBlocks.pitchoffset1_2CADBlock PASSED

AllBlocksCodeGenTest > testBlockCodeGeneration(String) > com.holycityaudio.SpinCAD.CADBlocks.pitchoffsetCADBlock STANDARD_OUT
    Constant code gen!
    Constant code gen!
    ; ----------------------------
    ;------ Input
    ;------ Constant
    SOF 0.0000000000,0.9990234375
    WRAX REG0,0.0000000000
    ;------ PitchOffset
    SKP RUN ,2
    OR $007FFFFF
    WRAX REG7,0.0000000000
    RDAX REG0,0.1000000000
    RDFX REG10,0.0010000000
    WRLX REG10,-1.0000000000
    SOF 1.0000000000,-0.0500000000
    WRAX REG9,0.0000000000
    RDAX ADCL,1.0000000000
    RDFX REG4,0.0400000000
    WRHX REG4,-1.0000000000
    RDFX REG3,0.4000000000
    WRLX REG3,-1.0000000000
    WRAX REG5,0.0039000000
    RDA 1,0.995
    WRAP 0,-0.995
    RDA 3,0.937
    WRAP 2,-0.937
    RDA 5,0.61
    WRAP 4,-0.61
    WRAX REG1,0.0000000000
    RDAX REG5,0.0039000000
    RDA 7,0.978
    WRAP 6,-0.978
    RDA 9,0.84
    WRAP 8,-0.84
    RDA 11,0.0
    WRAP 10,0.0
    WRAX REG2,0.0000000000
    RDAX REG7,1.0000000000
    MULX REG9
    RDAX REG6,1.0000000000
    WRAX REG6,-1.0000000000
    MULX REG9
    RDAX REG7,1.0000000000
    WRAX REG7,0.0000000000
    RDAX REG2,-2.0000000000
    MULX REG7
    WRAX REG8,0.0000000000
    RDAX REG1,-2.0000000000
    MULX REG6
    RDAX REG8,1.0000000000
    SOF -2.0000000000,0.0000000000
    SOF -2.0000000000,0.0000000000
    SOF -2.0000000000,0.0000000000
    SOF -2.0000000000,0.0000000000
    SOF -2.0000000000,0.0000000000
    SOF -2.0000000000,0.0000000000
    SOF -2.0000000000,0.0000000000
    WRAX REG11,0.0000000000
    ;------ Output
    RDAX REG11,1.0000000000
    WRAX DACL,0.0000000000

    Optimization complete: saved 2 instruction(s) and 1 register(s).

AllBlocksCodeGenTest > testBlockCodeGeneration(String) > com.holycityaudio.SpinCAD.CADBlocks.pitchoffsetCADBlock STANDARD_ERROR
    ----------------------------------------
    Register compaction report:
      Registers before compaction : 11  (highest was REG10 / 0x2a)
      Holes removed               : 0
      Registers after compaction  : 11  (highest is now REG10 / 0x2a)
      OK: all registers fit within REG0ûREG31.
    ----------------------------------------
    SpinFXBlock: numRegs updated to 0x2b (REG11)

AllBlocksCodeGenTest > testBlockCodeGeneration(String) > com.holycityaudio.SpinCAD.CADBlocks.pitchoffsetCADBlock STANDARD_OUT
      OK: pitchoffsetCADBlock ù 52 instr, 11 regs, 6 RAM

AllBlocksCodeGenTest > testBlockCodeGeneration(String) > com.holycityaudio.SpinCAD.CADBlocks.pitchoffsetCADBlock PASSED

AllBlocksCodeGenTest > testBlockCodeGeneration(String) > com.holycityaudio.SpinCAD.CADBlocks.pitchupdownCADBlock STANDARD_OUT
    ; ----------------------------
    ;------ Input
    ;------ Pitch_Up_Down
    SKP RUN ,2
    WLDR 1, 16384, 4096
    WLDR 0, -8192, 4096
    LDAX ADCL
    WRA 0,0.0
    CHO RDA,2,REG | COMPC,0
    CHO RDA,2,0,1
    WRA 4097,0.0
    CHO RDA,2,COMPC | RPTR2,0
    CHO RDA,2,RPTR2,1
    CHO SOF,2,COMPC | NA,0.0
    CHO RDA,2,NA,4097
    WRAX REG0,0.0000000000
    ;------ Output
    RDAX REG0,1.0000000000
    WRAX DACL,0.0000000000

    Optimization complete: saved 2 instruction(s) and 1 register(s).

AllBlocksCodeGenTest > testBlockCodeGeneration(String) > com.holycityaudio.SpinCAD.CADBlocks.pitchupdownCADBlock STANDARD_ERROR
    compactRegisters: no user registers found, nothing to compact.

AllBlocksCodeGenTest > testBlockCodeGeneration(String) > com.holycityaudio.SpinCAD.CADBlocks.pitchupdownCADBlock STANDARD_OUT
      OK: pitchupdownCADBlock ù 13 instr, 1 regs, 4097 RAM

AllBlocksCodeGenTest > testBlockCodeGeneration(String) > com.holycityaudio.SpinCAD.CADBlocks.pitchupdownCADBlock PASSED

AllBlocksCodeGenTest > testBlockCodeGeneration(String) > com.holycityaudio.SpinCAD.CADBlocks.ramp_lfo_testCADBlock STANDARD_OUT
    Constant code gen!
    Constant code gen!
    Constant code gen!
    Constant code gen!
    ; ----------------------------
    ;------ Input
    ;------ Constant
    SOF 0.0000000000,0.9990234375
    WRAX REG0,0.0000000000
    ;------ Constant
    SOF 0.0000000000,0.9990234375
    WRAX REG1,0.0000000000
    ;------ Ramp_LFO_Test
    SKP RUN ,2
    WLDR 0, 141, 4096
    WLDR 1, 221, 4096
    RDAX REG0,1.0000000000
    WRAX RMP0_RATE,0.0000000000
    RDAX REG1,1.0000000000
    WRAX RMP1_RATE,0.0000000000
    CHO RDAL,2
    WRAX REG2,0.0000000000
    CHO RDAL,3
    WRAX REG3,0.0000000000
    ;------ Output

    Optimization complete: saved 0 instruction(s) and 0 register(s).

AllBlocksCodeGenTest > testBlockCodeGeneration(String) > com.holycityaudio.SpinCAD.CADBlocks.ramp_lfo_testCADBlock STANDARD_ERROR
    ----------------------------------------
    Register compaction report:
      Registers before compaction : 4  (highest was REG3 / 0x23)
      Holes removed               : 0
      Registers after compaction  : 4  (highest is now REG3 / 0x23)
      OK: all registers fit within REG0ûREG31.
    ----------------------------------------
    SpinFXBlock: numRegs updated to 0x24 (REG4)

AllBlocksCodeGenTest > testBlockCodeGeneration(String) > com.holycityaudio.SpinCAD.CADBlocks.ramp_lfo_testCADBlock STANDARD_OUT
      OK: ramp_lfo_testCADBlock ù 15 instr, 4 regs, 0 RAM

AllBlocksCodeGenTest > testBlockCodeGeneration(String) > com.holycityaudio.SpinCAD.CADBlocks.ramp_lfo_testCADBlock PASSED

AllBlocksCodeGenTest > testBlockCodeGeneration(String) > com.holycityaudio.SpinCAD.CADBlocks.reverbCADBlock STANDARD_OUT
    Constant code gen!
    Constant code gen!
    Constant code gen!
    Constant code gen!
    ; ----------------------------
    ;------ Input
    ;------ Constant
    SOF 0.0000000000,0.9990234375
    WRAX REG0,0.0000000000
    ;------ Constant
    SOF 0.0000000000,0.9990234375
    WRAX REG1,0.0000000000
    ;------ Reverb
    RDAX REG0,1.0000000000
    SOF 0.5500000000,0.3000000000
    WRAX REG5,0.0000000000
    RDAX ADCL,0.5000000000
    RDA 7260,0.5
    WRAP 7104,-0.5
    RDA 7484,0.5
    WRAP 7261,-0.5
    RDA 7817,0.5
    WRAP 7485,-0.5
    RDA 8266,0.5
    WRAP 7818,-0.5
    WRAX REG6,0.0000000000
    RDA 7103,1.0
    MULX REG5
    RDAX REG6,1.0000000000
    RDA 12656,0.6
    WRAP 11213,-0.6
    RDA 14000,0.6
    WRAP 12657,-0.6
    WRAX REG4,1.0000000000
    RDFX REG9,0.4000000000
    WRLX REG9,-1.0000000000
    RDFX REG8,0.0100000000
    WRHX REG8,-1.0000000000
    RDAX REG4,-1.0000000000
    MULX REG1
    RDAX REG4,1.0000000000
    WRA 8267,0.0
    RDA 11212,1.0
    MULX REG5
    RDAX REG6,1.0000000000
    RDA 19560,0.6
    WRAP 17978,-0.6
    RDA 21542,0.6
    WRAP 19561,-0.6
    WRAX REG4,1.0000000000
    RDFX REG11,0.4000000000
    WRLX REG11,-1.0000000000
    RDFX REG10,0.0100000000
    WRHX REG10,-1.0000000000
    RDAX REG4,-1.0000000000
    MULX REG1
    RDAX REG4,1.0000000000
    WRA 14001,0.0
    RDA 17977,1.0
    MULX REG5
    RDAX REG6,1.0000000000
    RDA 1274,0.6
    WRAP 0,-0.6
    RDA 2657,0.6
    WRAP 1275,-0.6
    WRAX REG4,1.0000000000
    RDFX REG3,0.4000000000
    WRLX REG3,-1.0000000000
    RDFX REG2,0.0100000000
    WRHX REG2,-1.0000000000
    RDAX REG4,-1.0000000000
    MULX REG1
    RDAX REG4,1.0000000000
    WRA 2658,0.0
    RDA 2658,0.8
    RDA 10143,1.5
    RDA 16094,1.1
    RDA 5451,1.0
    WRAX REG7,0.0000000000
    SKP RUN ,1
    WLDS 0,20,50
    CHO RDA,0,COS  | COMPC,11263
    CHO RDA,0,COS ,11264
    WRA 11313,0.0
    CHO RDA,0,REG | COMPC,18028
    CHO RDA,0,0,18029
    WRA 18078,0.0
    CHO RDA,0,COS  | COMPC,50
    CHO RDA,0,COS ,51
    WRA 100,0.0
    ;------ Output
    RDAX REG7,1.0000000000
    WRAX DACL,0.0000000000

    Optimization complete: saved 0 instruction(s) and 0 register(s).
    Output register optimization complete: saved 2 instruction(s) and 1 register(s).

AllBlocksCodeGenTest > testBlockCodeGeneration(String) > com.holycityaudio.SpinCAD.CADBlocks.reverbCADBlock STANDARD_ERROR
    ----------------------------------------
    Register compaction report:
      Registers before compaction : 12  (highest was REG11 / 0x2b)
      Holes removed               : 1
      Registers after compaction  : 11  (highest is now REG10 / 0x2a)
      OK: all registers fit within REG0ûREG31.
    ----------------------------------------
    SpinFXBlock: numRegs updated to 0x2b (REG11)

AllBlocksCodeGenTest > testBlockCodeGeneration(String) > com.holycityaudio.SpinCAD.CADBlocks.reverbCADBlock STANDARD_OUT
      OK: reverbCADBlock ù 81 instr, 11 regs, 21530 RAM

AllBlocksCodeGenTest > testBlockCodeGeneration(String) > com.holycityaudio.SpinCAD.CADBlocks.reverbCADBlock PASSED

AllBlocksCodeGenTest > testBlockCodeGeneration(String) > com.holycityaudio.SpinCAD.CADBlocks.reverb_delay_line_01CADBlock STANDARD_OUT
    ; ----------------------------
    ;------ Input
    ;------ Reverb_Delay_Line_01
    RDAX ADCR,0.5000000000
    RDFX REG1,0.1200000000
    WRLX REG1,-1.0000000000
    RDA 231,0.5
    WRAP 0,-0.5
    RDA 463,0.5
    WRAP 232,-0.5
    RDAX ADCL,1.0000000000
    WRA 464,0.0
    RDA 2964,1.0
    WRAX REG0,0.0000000000
    ;------ Output
    RDAX REG0,1.0000000000
    WRAX DACL,0.0000000000

    Optimization complete: saved 2 instruction(s) and 1 register(s).

AllBlocksCodeGenTest > testBlockCodeGeneration(String) > com.holycityaudio.SpinCAD.CADBlocks.reverb_delay_line_01CADBlock STANDARD_ERROR
    ----------------------------------------
    Register compaction report:
      Registers before compaction : 2  (highest was REG1 / 0x21)
      Holes removed               : 1
      Registers after compaction  : 1  (highest is now REG0 / 0x20)
      OK: all registers fit within REG0ûREG31.
    ----------------------------------------
    SpinFXBlock: numRegs updated to 0x21 (REG1)

AllBlocksCodeGenTest > testBlockCodeGeneration(String) > com.holycityaudio.SpinCAD.CADBlocks.reverb_delay_line_01CADBlock STANDARD_OUT
      OK: reverb_delay_line_01CADBlock ù 11 instr, 1 regs, 2962 RAM

AllBlocksCodeGenTest > testBlockCodeGeneration(String) > com.holycityaudio.SpinCAD.CADBlocks.reverb_delay_line_01CADBlock PASSED

AllBlocksCodeGenTest > testBlockCodeGeneration(String) > com.holycityaudio.SpinCAD.CADBlocks.reverb_hallCADBlock STANDARD_OUT
    Constant code gen!
    Constant code gen!
    Constant code gen!
    Constant code gen!
    Constant code gen!
    Constant code gen!
    ; ----------------------------
    ;------ Input
    ;------ Constant
    SOF 0.0000000000,0.9990234375
    WRAX REG0,0.0000000000
    ;------ Constant
    SOF 0.0000000000,0.9990234375
    WRAX REG1,0.0000000000
    ;------ Constant
    SOF 0.0000000000,0.9990234375
    WRAX REG2,0.0000000000
    ;------ Reverb_Hall
    SKP RUN ,6
    WRAX REG8,0.0000000000
    WRAX REG9,0.0000000000
    WRAX REG10,0.0000000000
    WRAX REG11,0.0000000000
    WRAX REG12,0.0000000000
    WLDS 0,20,100
    RDAX REG0,0.1000000000
    WRAX ADDR_PTR,0.0000000000
    RDAX ADCL,0.5000000000
    WRA 0,0.0
    RMPA 1.0
    WRA 3277,1.0
    RDA 10549,0.5
    WRAP 10278,-0.5
    RDA 10983,0.5
    WRAP 10550,-0.5
    RDA 11753,0.5
    WRAP 10984,-0.5
    RDA 12745,0.5
    WRAP 11754,-0.5
    WRAX REG4,0.0000000000
    RDA 27187,0.5
    MULX REG1
    RDAX REG4,1.0000000000
    RDA 14515,0.5
    WRAP 13446,-0.5
    RDA 15805,-0.5
    WRAP 14516,0.5
    RDA 18049,0.5
    WRAP 15806,-0.5
    RDFX REG10,0.0200000000
    WRHX REG10,-0.5000000000
    WRAX REG5,-1.0000000000
    RDFX REG8,0.5000000000
    WRHX REG8,-1.0000000000
    MULX REG2
    RDAX REG5,1.0000000000
    WRA 18050,0.0
    RDA 20387,-0.5
    MULX REG1
    RDAX REG4,1.0000000000
    RDA 21355,0.5
    WRAP 20388,-0.5
    RDA 22723,0.5
    WRAP 21356,-0.5
    RDA 24793,-0.5
    WRAP 22724,0.5
    RDFX REG11,0.0200000000
    WRHX REG11,-0.5000000000
    WRAX REG5,-1.0000000000
    RDFX REG9,0.5000000000
    WRHX REG9,-1.0000000000
    MULX REG2
    RDAX REG5,1.0000000000
    WRA 24794,0.0
    RDA 3377,1.0
    RDA 12987,0.5
    WRAP 12746,-0.5
    WRAX REG5,1.0000000000
    RDFX REG12,0.1000000000
    WRHX REG12,-1.0000000000
    MULX REG2
    RDAX REG5,1.0000000000
    WRA 3378,0.0
    RDA 4277,1.0
    RDA 13445,0.5
    WRAP 12988,-0.5
    WRA 4278,0.0
    RDA 5978,0.5
    RDA 5533,0.8
    RDA 6686,0.8
    RDA 7377,0.7
    RDA 20387,0.7
    RDA 27187,0.8
    WRAX REG6,0.0000000000
    CHO RDA,0,REG | COMPC,15906
    CHO RDA,0,0,15907
    WRA 16006,0.0
    CHO RDA,0,COS  | REG | COMPC,22824
    CHO RDA,0,COS ,22825
    WRA 22924,0.0
    ;------ Output
    RDAX REG6,1.0000000000
    WRAX DACL,0.0000000000

    Optimization complete: saved 0 instruction(s) and 0 register(s).
    Output register optimization complete: saved 2 instruction(s) and 1 register(s).

AllBlocksCodeGenTest > testBlockCodeGeneration(String) > com.holycityaudio.SpinCAD.CADBlocks.reverb_hallCADBlock STANDARD_ERROR
    ----------------------------------------
    Register compaction report:
      Registers before compaction : 13  (highest was REG12 / 0x2c)
      Holes removed               : 3
      Registers after compaction  : 10  (highest is now REG9 / 0x29)
      OK: all registers fit within REG0ûREG31.
    ----------------------------------------
    SpinFXBlock: numRegs updated to 0x2a (REG10)

AllBlocksCodeGenTest > testBlockCodeGeneration(String) > com.holycityaudio.SpinCAD.CADBlocks.reverb_hallCADBlock STANDARD_OUT
      OK: reverb_hallCADBlock ù 88 instr, 10 regs, 27172 RAM

AllBlocksCodeGenTest > testBlockCodeGeneration(String) > com.holycityaudio.SpinCAD.CADBlocks.reverb_hallCADBlock PASSED

AllBlocksCodeGenTest > testBlockCodeGeneration(String) > com.holycityaudio.SpinCAD.CADBlocks.reverb_plateCADBlock STANDARD_OUT
    Constant code gen!
    Constant code gen!
    Constant code gen!
    Constant code gen!
    Constant code gen!
    Constant code gen!
    ; ----------------------------
    ;------ Input
    ;------ Constant
    SOF 0.0000000000,0.9990234375
    WRAX REG0,0.0000000000
    ;------ Constant
    SOF 0.0000000000,0.9990234375
    WRAX REG1,0.0000000000
    ;------ Constant
    SOF 0.0000000000,0.9990234375
    WRAX REG2,0.0000000000
    ;------ Reverb_Plate
    RDAX REG1,0.5000000000
    LOG 0.5,0.0
    EXP 1.0,0.0
    SOF 0.6000000000,0.3000000000
    WRAX REG4,0.0000000000
    RDAX REG1,1.0000000000
    SOF 1.0000000000,-0.9990000000
    WRAX REG5,0.0000000000
    RDAX REG2,1.0000000000
    SOF 1.0000000000,-0.9990000000
    WRAX REG6,0.0000000000
    RDAX ADCL,0.5000000000
    RDA 224,0.5
    WRAP 0,-0.5
    RDA 655,0.5
    WRAP 225,-0.5
    RDA 1512,0.5
    WRAP 656,-0.5
    RDA 2602,0.5
    WRAP 1513,-0.5
    WRAX REG7,0.0000000000
    RDAX REG17,1.0000000000
    RDA 4904,0.5
    WRAP 2603,-0.5
    WRA 13382,0.0
    RDA 17002,1.0
    WRAX REG3,1.0000000000
    RDFX REG9,0.0200000000
    WRLX REG9,-1.0000000000
    MULX REG5
    RDAX REG3,1.0000000000
    WRAX REG3,1.0000000000
    RDFX REG13,0.8000000000
    WRHX REG13,-1.0000000000
    MULX REG6
    RDAX REG3,1.0000000000
    MULX REG4
    RDAX REG7,1.0000000000
    RDA 7807,0.5
    WRAP 4905,-0.5
    WRA 17003,0.0
    RDA 21594,1.0
    WRAX REG3,1.0000000000
    RDFX REG10,0.0200000000
    WRLX REG10,-1.0000000000
    MULX REG5
    RDAX REG3,1.0000000000
    WRAX REG3,1.0000000000
    RDFX REG14,0.8000000000
    WRHX REG14,-1.0000000000
    MULX REG6
    RDAX REG3,1.0000000000
    MULX REG4
    RDAX REG7,1.0000000000
    RDA 13381,0.5
    WRAP 10980,-0.5
    WRA 25983,0.0
    RDA 29662,1.0
    WRAX REG3,1.0000000000
    RDFX REG12,0.0200000000
    WRLX REG12,-1.0000000000
    MULX REG5
    RDAX REG3,1.0000000000
    WRAX REG3,1.0000000000
    RDFX REG16,0.8000000000
    WRHX REG16,-1.0000000000
    MULX REG6
    RDAX REG3,1.0000000000
    MULX REG4
    WRAX REG17,0.0000000000
    RDA 13583,0.6
    RDA 18348,0.5
    RDA 22492,0.6
    RDA 27763,0.5
    WRAX REG8,0.0000000000
    SKP RUN ,2
    WLDS 0,20,37
    WLDS 1,20,33
    CHO RDA,0,REG | COMPC,2643
    CHO RDA,0,0,2644
    WRA 2683,0.0
    CHO RDA,0,COS  | COMPC,4945
    CHO RDA,0,COS ,4946
    WRA 4985,0.0
    CHO RDA,1,REG | COMPC,7848
    CHO RDA,0,0,7849
    WRA 7888,0.0
    CHO RDA,1,COS  | COMPC,11020
    CHO RDA,0,COS ,11021
    WRA 11060,0.0
    ;------ Output
    RDAX REG8,1.0000000000
    WRAX DACL,0.0000000000

    Optimization complete: saved 0 instruction(s) and 0 register(s).
    Output register optimization complete: saved 2 instruction(s) and 1 register(s).

AllBlocksCodeGenTest > testBlockCodeGeneration(String) > com.holycityaudio.SpinCAD.CADBlocks.reverb_plateCADBlock STANDARD_ERROR
    ----------------------------------------
    Register compaction report:
      Registers before compaction : 18  (highest was REG17 / 0x31)
      Holes removed               : 3
      Registers after compaction  : 15  (highest is now REG14 / 0x2e)
      OK: all registers fit within REG0ûREG31.
    ----------------------------------------
    SpinFXBlock: numRegs updated to 0x2f (REG15)

AllBlocksCodeGenTest > testBlockCodeGeneration(String) > com.holycityaudio.SpinCAD.CADBlocks.reverb_plateCADBlock STANDARD_OUT
      OK: reverb_plateCADBlock ù 96 instr, 15 regs, 29651 RAM

AllBlocksCodeGenTest > testBlockCodeGeneration(String) > com.holycityaudio.SpinCAD.CADBlocks.reverb_plateCADBlock PASSED

AllBlocksCodeGenTest > testBlockCodeGeneration(String) > com.holycityaudio.SpinCAD.CADBlocks.reverb_roomCADBlock STANDARD_OUT
    Constant code gen!
    Constant code gen!
    Constant code gen!
    Constant code gen!
    Constant code gen!
    Constant code gen!
    ; ----------------------------
    ;------ Input
    ;------ Constant
    SOF 0.0000000000,0.9990234375
    WRAX REG0,0.0000000000
    ;------ Constant
    SOF 0.0000000000,0.9990234375
    WRAX REG1,0.0000000000
    ;------ Constant
    SOF 0.0000000000,0.9990234375
    WRAX REG2,0.0000000000
    ;------ Reverb_Room
    SKP RUN ,6
    WRAX REG9,0.0000000000
    WRAX REG10,0.0000000000
    WRAX REG13,0.0000000000
    WRAX REG14,0.0000000000
    WRAX REG15,0.0000000000
    WLDS 0,20,100
    RDAX REG0,0.1000000000
    WRAX ADDR_PTR,0.0000000000
    RDAX ADCL,0.5000000000
    WRA 0,0.0
    RMPA 1.0
    WRA 3277,1.0
    RDA 7751,0.5
    WRAP 7278,-0.5
    RDA 8288,0.5
    WRAP 7752,-0.5
    RDA 8956,0.5
    WRAP 8289,-0.5
    RDA 9748,0.5
    WRAP 8957,-0.5
    WRAX REG4,0.0000000000
    RDA 26685,0.5
    MULX REG1
    RDAX REG4,1.0000000000
    RDA 11642,0.5
    WRAP 10764,-0.5
    RDA 12930,-0.5
    WRAP 11643,0.5
    RDFX REG13,0.0200000000
    WRHX REG13,-0.5000000000
    WRAX REG5,-1.0000000000
    RDFX REG9,0.5000000000
    WRHX REG9,-1.0000000000
    MULX REG2
    RDAX REG5,1.0000000000
    WRA 12931,0.0
    RDA 14467,-0.5
    MULX REG1
    RDAX REG4,1.0000000000
    RDA 15436,0.5
    WRAP 14468,-0.5
    RDA 16804,0.5
    WRAP 15437,-0.5
    RDFX REG14,0.0200000000
    WRHX REG14,-0.5000000000
    WRAX REG5,-1.0000000000
    RDFX REG10,0.5000000000
    WRHX REG10,-1.0000000000
    MULX REG2
    RDAX REG5,1.0000000000
    WRA 16805,0.0
    RDA 18696,-1.0
    MULX REG1
    RDAX REG4,1.0000000000
    RDA 19375,0.5
    WRAP 18697,-0.5
    RDA 20503,0.5
    WRAP 19376,-0.5
    RDFX REG14,0.0500000000
    WRHX REG14,-0.5000000000
    WRAX REG5,-1.0000000000
    RDFX REG11,0.5000000000
    WRHX REG11,-1.0000000000
    MULX REG8
    RDAX REG5,1.0000000000
    WRA 20504,0.0
    RDA 22440,-1.0
    MULX REG1
    RDAX REG4,1.0000000000
    RDA 23704,0.5
    WRAP 22441,-0.5
    RDA 24903,0.5
    WRAP 23705,-0.5
    WRAX REG5,-1.0000000000
    RDFX REG12,0.5000000000
    WRHX REG12,-1.0000000000
    MULX REG8
    RDAX REG5,1.0000000000
    WRA 24904,0.0
    RDA 3377,1.0
    RDA 10201,0.5
    WRAP 9749,-0.5
    WRAX REG5,1.0000000000
    RDFX REG15,0.1000000000
    WRHX REG15,-1.0000000000
    MULX REG2
    RDAX REG5,1.0000000000
    WRA 3378,0.0
    RDA 4277,1.0
    RDA 10763,0.5
    WRAP 10202,-0.5
    WRA 4278,0.0
    RDA 3978,0.7
    RDA 4233,0.6
    RDA 3686,0.5
    RDA 4600,0.4
    RDA 14467,0.7
    RDA 18696,0.8
    WRAX REG6,0.0000000000
    CHO RDA,0,REG | COMPC,11743
    CHO RDA,0,0,11744
    WRA 11843,0.0
    CHO RDA,0,COS  | REG | COMPC,19476
    CHO RDA,0,COS ,19477
    WRA 19576,0.0
    ;------ Output
    RDAX REG6,1.0000000000
    WRAX DACL,0.0000000000

    Optimization complete: saved 0 instruction(s) and 0 register(s).
    Output register optimization complete: saved 2 instruction(s) and 1 register(s).

AllBlocksCodeGenTest > testBlockCodeGeneration(String) > com.holycityaudio.SpinCAD.CADBlocks.reverb_roomCADBlock STANDARD_ERROR
    ----------------------------------------
    Register compaction report:
      Registers before compaction : 16  (highest was REG15 / 0x2f)
      Holes removed               : 3
      Registers after compaction  : 13  (highest is now REG12 / 0x2c)
      OK: all registers fit within REG0ûREG31.
    ----------------------------------------
    SpinFXBlock: numRegs updated to 0x2d (REG13)

AllBlocksCodeGenTest > testBlockCodeGeneration(String) > com.holycityaudio.SpinCAD.CADBlocks.reverb_roomCADBlock STANDARD_OUT
      OK: reverb_roomCADBlock ù 112 instr, 13 regs, 26666 RAM

AllBlocksCodeGenTest > testBlockCodeGeneration(String) > com.holycityaudio.SpinCAD.CADBlocks.reverb_roomCADBlock PASSED

AllBlocksCodeGenTest > testBlockCodeGeneration(String) > com.holycityaudio.SpinCAD.CADBlocks.rms_lim_expCADBlock STANDARD_OUT
    ; ----------------------------
    ;------ Input
    ;------ RMS_Lim_Exp
    RDAX ADCL,1.0000000000
    WRAX REG0,1.0000000000
    MULX REG0
    RDFX REG1,0.0010000000
    WRAX REG1,1.0000000000
    LOG -0.5,-0.125
    EXP 1.0,0.0
    WRAX REG2,0.0000000000
    RDAX REG0,1.0000000000
    SOF -2.0000000000,0.0000000000
    SOF -2.0000000000,0.0000000000
    SOF -2.0000000000,0.0000000000
    SOF -2.0000000000,0.0000000000
    SOF -2.0000000000,0.0000000000
    SOF -2.0000000000,0.0000000000
    SOF -2.0000000000,0.0000000000
    SOF -2.0000000000,0.0000000000
    ABSA
    RDFX REG3,0.0010000000
    WRAX REG3,1.0000000000
    LOG 0.5,0.0
    EXP 1.0,0.0
    MULX REG2
    WRAX REG2,1.0000000000
    MULX ADCL
    SOF 1.5000000000,0.0000000000
    WRAX REG4,0.0000000000
    ;------ Output
    RDAX REG4,1.0000000000
    WRAX DACL,0.0000000000

    Optimization complete: saved 2 instruction(s) and 1 register(s).

AllBlocksCodeGenTest > testBlockCodeGeneration(String) > com.holycityaudio.SpinCAD.CADBlocks.rms_lim_expCADBlock STANDARD_ERROR
    ----------------------------------------
    Register compaction report:
      Registers before compaction : 4  (highest was REG3 / 0x23)
      Holes removed               : 0
      Registers after compaction  : 4  (highest is now REG3 / 0x23)
      OK: all registers fit within REG0ûREG31.
    ----------------------------------------
    SpinFXBlock: numRegs updated to 0x24 (REG4)

AllBlocksCodeGenTest > testBlockCodeGeneration(String) > com.holycityaudio.SpinCAD.CADBlocks.rms_lim_expCADBlock STANDARD_OUT
      OK: rms_lim_expCADBlock ù 27 instr, 4 regs, 0 RAM

AllBlocksCodeGenTest > testBlockCodeGeneration(String) > com.holycityaudio.SpinCAD.CADBlocks.rms_lim_expCADBlock PASSED

AllBlocksCodeGenTest > testBlockCodeGeneration(String) > com.holycityaudio.SpinCAD.CADBlocks.rms_limiterCADBlock STANDARD_OUT
    ; ----------------------------
    ;------ Input
    ;------ RMS_Limiter
    RDAX ADCL,0.1000000000
    WRAX REG0,1.0000000000
    MULX REG0
    WRAX REG4,1.0000000000
    RDFX REG1,0.1000000000
    WRAX REG1,1.0000000000
    LOG -0.5,-0.125
    WRAX REG5,1.0000000000
    EXP 1.0,0.0
    WRAX REG2,1.0000000000
    MULX ADCR
    SOF 1.5000000000,0.0000000000
    WRAX REG3,0.0000000000
    ;------ Output
    RDAX REG3,1.0000000000
    WRAX DACL,0.0000000000

    Optimization complete: saved 2 instruction(s) and 1 register(s).

AllBlocksCodeGenTest > testBlockCodeGeneration(String) > com.holycityaudio.SpinCAD.CADBlocks.rms_limiterCADBlock STANDARD_ERROR
    ----------------------------------------
    Register compaction report:
      Registers before compaction : 6  (highest was REG5 / 0x25)
      Holes removed               : 1
      Registers after compaction  : 5  (highest is now REG4 / 0x24)
      OK: all registers fit within REG0ûREG31.
    ----------------------------------------
    SpinFXBlock: numRegs updated to 0x25 (REG5)

AllBlocksCodeGenTest > testBlockCodeGeneration(String) > com.holycityaudio.SpinCAD.CADBlocks.rms_limiterCADBlock STANDARD_OUT
      OK: rms_limiterCADBlock ù 13 instr, 5 regs, 0 RAM

AllBlocksCodeGenTest > testBlockCodeGeneration(String) > com.holycityaudio.SpinCAD.CADBlocks.rms_limiterCADBlock PASSED

AllBlocksCodeGenTest > testBlockCodeGeneration(String) > com.holycityaudio.SpinCAD.CADBlocks.rom_rev1CADBlock STANDARD_OUT
    Constant code gen!
    Constant code gen!
    Constant code gen!
    Constant code gen!
    Constant code gen!
    Constant code gen!
    ; ----------------------------
    ;------ Input
    ;------ Constant
    SOF 0.0000000000,0.9990234375
    WRAX REG0,0.0000000000
    ;------ Constant
    SOF 0.0000000000,0.9990234375
    WRAX REG1,0.0000000000
    ;------ Constant
    SOF 0.0000000000,0.9990234375
    WRAX REG2,0.0000000000
    ;------ ROM_Reverb_1
    SKP RUN ,1
    WLDS 0,12,160
    CHO RDA,0,REG | COMPC,2556
    CHO RDA,0,0,2557
    WRA 2606,0.0
    CHO RDA,0,COS  | REG | COMPC,8348
    CHO RDA,0,COS ,8349
    WRA 8398,0.0
    RDAX REG0,1.0000000000
    SOF 0.8000000000,0.1000000000
    WRAX REG10,0.0000000000
    RDAX REG1,1.0000000000
    SOF 0.8000000000,-0.8000000000
    WRAX REG11,0.0000000000
    RDAX REG2,1.0000000000
    SOF 0.8000000000,-0.8000000000
    WRAX REG12,0.0000000000
    RDAX ADCL,0.5000000000
    RDA 1399,-0.5
    WRAP 1243,0.5
    RDA 1623,-0.5
    WRAP 1400,0.5
    RDA 1956,-0.5
    WRAP 1624,0.5
    RDA 2505,-0.5
    WRAP 1957,0.5
    WRAX REG13,0.0000000000
    RDAX ADCR,0.5000000000
    RDA 186,-0.5
    WRAP 0,0.5
    RDA 440,-0.5
    WRAP 187,0.5
    RDA 743,-0.5
    WRAP 441,0.5
    RDA 1242,-0.5
    WRAP 744,0.5
    WRAX SIN0_RATE,0.0000000000
    RDA 26712,1.0
    MULX REG10
    RDA 6953,-0.6
    WRAP 5510,0.6
    RDA 8297,-0.6
    WRAP 6954,0.6
    WRAX REG9,1.0000000000
    RDFX REG3,0.4000000000
    WRHX REG3,-1.0000000000
    MULX REG11
    RDAX REG9,1.0000000000
    WRAX REG9,1.0000000000
    RDFX REG4,0.0100000000
    WRLX REG4,-1.0000000000
    MULX REG12
    RDAX REG9,1.0000000000
    WRA 14521,0.0
    RDA 18666,1.0
    MULX REG10
    RDAX REG13,1.0000000000
    RDA 9880,-0.6
    WRAP 8298,0.6
    RDA 11862,-0.6
    WRAP 9881,0.6
    WRAX REG9,1.0000000000
    RDFX REG5,0.4000000000
    WRHX REG5,-1.0000000000
    MULX REG11
    RDAX REG9,1.0000000000
    WRAX REG9,1.0000000000
    RDFX REG6,0.0100000000
    WRLX REG6,-1.0000000000
    MULX REG12
    RDAX REG9,1.0000000000
    WRA 18667,0.0
    RDA 22143,1.0
    MULX REG10
    RDA 13137,-0.6
    WRAP 11863,0.6
    RDA 14520,-0.6
    WRAP 13138,0.6
    WRAX REG9,1.0000000000
    RDFX REG7,0.4000000000
    WRHX REG7,-1.0000000000
    MULX REG11
    RDAX REG9,1.0000000000
    WRAX REG9,1.0000000000
    RDFX REG8,0.0100000000
    WRLX REG8,-1.0000000000
    MULX REG12
    RDAX REG9,1.0000000000
    WRA 22144,0.0
    RDA 16464,1.2
    RDA 21867,1.0
    RDA 26160,0.8
    WRAX REG14,0.0000000000
    ;------ Output
    RDAX REG14,1.0000000000
    WRAX DACL,0.0000000000

    Optimization complete: saved 2 instruction(s) and 1 register(s).

AllBlocksCodeGenTest > testBlockCodeGeneration(String) > com.holycityaudio.SpinCAD.CADBlocks.rom_rev1CADBlock STANDARD_ERROR
    ----------------------------------------
    Register compaction report:
      Registers before compaction : 14  (highest was REG13 / 0x2d)
      Holes removed               : 0
      Registers after compaction  : 14  (highest is now REG13 / 0x2d)
      OK: all registers fit within REG0ûREG31.
    ----------------------------------------
    SpinFXBlock: numRegs updated to 0x2e (REG14)

AllBlocksCodeGenTest > testBlockCodeGeneration(String) > com.holycityaudio.SpinCAD.CADBlocks.rom_rev1CADBlock STANDARD_OUT
      OK: rom_rev1CADBlock ù 99 instr, 14 regs, 26694 RAM

AllBlocksCodeGenTest > testBlockCodeGeneration(String) > com.holycityaudio.SpinCAD.CADBlocks.rom_rev1CADBlock PASSED

AllBlocksCodeGenTest > testBlockCodeGeneration(String) > com.holycityaudio.SpinCAD.CADBlocks.rom_rev2CADBlock STANDARD_OUT
    Constant code gen!
    Constant code gen!
    Constant code gen!
    Constant code gen!
    Constant code gen!
    Constant code gen!
    ; ----------------------------
    ;------ Input
    ;------ Constant
    SOF 0.0000000000,0.9990234375
    WRAX REG0,0.0000000000
    ;------ Constant
    SOF 0.0000000000,0.9990234375
    WRAX REG1,0.0000000000
    ;------ Constant
    SOF 0.0000000000,0.9990234375
    WRAX REG2,0.0000000000
    ;------ ROM Reverb 2
    SKP RUN ,1
    WLDS 0,12,160
    CHO RDA,0,REG | COMPC,1313
    CHO RDA,0,0,1314
    WRA 1363,0.0
    CHO RDA,0,COS  | REG | COMPC,6301
    CHO RDA,0,COS ,6302
    WRA 6351,0.0
    RDAX REG0,0.6000000000
    SOF 0.9000000000,0.1000000000
    WRAX REG4,0.0000000000
    RDAX REG1,1.0000000000
    SOF 0.8000000000,-0.8000000000
    WRAX REG5,0.0000000000
    RDAX REG2,1.0000000000
    SOF 0.8000000000,-0.8000000000
    WRAX REG6,0.0000000000
    RDAX ADCL,0.5000000000
    RDA 156,-0.6
    WRAP 0,0.6
    RDA 380,-0.6
    WRAP 157,0.6
    WRA 21775,1.0
    RDA 713,-0.6
    WRAP 381,0.6
    RDA 1262,-0.6
    WRAP 714,0.6
    WRAX REG7,0.0000000000
    RDA 21774,1.0
    MULX REG4
    RDAX REG7,1.0000000000
    RDA 2488,-0.6
    WRAP 1263,0.6
    RDA 4008,-0.5
    WRAP 2489,0.5
    WRAX REG10,1.0000000000
    RDFX REG8,0.4000000000
    WRHX REG8,-1.0000000000
    MULX REG6
    RDAX REG10,1.0000000000
    WRAX REG10,1.0000000000
    RDFX REG9,0.0100000000
    WRLX REG9,-1.0000000000
    MULX REG5
    RDAX REG10,1.0000000000
    WRA 11036,0.0
    RDA 13837,1.0
    MULX REG4
    RDAX REG7,1.0000000000
    RDA 4933,-0.6
    WRAP 4009,0.6
    RDA 6250,-0.5
    WRAP 4934,0.5
    WRAX REG10,1.0000000000
    RDFX REG11,0.4000000000
    WRHX REG11,-1.0000000000
    MULX REG6
    RDAX REG10,1.0000000000
    WRAX REG10,1.0000000000
    RDFX REG12,0.0100000000
    WRLX REG12,-1.0000000000
    MULX REG5
    RDAX REG10,1.0000000000
    WRA 13838,0.0
    RDA 16920,1.0
    MULX REG4
    RDAX REG7,1.0000000000
    RDA 7175,-0.6
    WRAP 6251,0.6
    RDA 8529,-0.5
    WRAP 7176,0.5
    WRAX REG10,1.0000000000
    RDFX REG13,0.4000000000
    WRHX REG13,-1.0000000000
    MULX REG6
    RDAX REG10,1.0000000000
    WRAX REG10,1.0000000000
    RDFX REG14,0.0100000000
    WRLX REG14,-1.0000000000
    MULX REG5
    RDAX REG10,1.0000000000
    WRA 16921,0.0
    RDA 19347,1.0
    MULX REG4
    RDAX REG7,1.0000000000
    RDA 9680,-0.6
    WRAP 8530,0.6
    RDA 11035,-0.5
    WRAP 9681,0.5
    WRAX REG10,1.0000000000
    RDFX REG15,0.4000000000
    WRHX REG15,-1.0000000000
    MULX REG6
    RDAX REG10,1.0000000000
    WRAX REG10,1.0000000000
    RDFX REG16,0.0100000000
    WRLX REG16,-1.0000000000
    MULX REG5
    RDAX REG10,1.0000000000
    WRA 19348,0.0
    RDA 13613,0.8
    RDA 15742,0.7
    RDA 18097,0.6
    RDA 21411,0.5
    RDA 21951,0.8
    RDA 22945,0.7
    RDA 24290,0.6
    RDA 24661,0.5
    WRAX REG3,0.0000000000
    ;------ Output
    RDAX REG3,1.0000000000
    WRAX DACL,0.0000000000

    Optimization complete: saved 2 instruction(s) and 1 register(s).

AllBlocksCodeGenTest > testBlockCodeGeneration(String) > com.holycityaudio.SpinCAD.CADBlocks.rom_rev2CADBlock STANDARD_ERROR
    ----------------------------------------
    Register compaction report:
      Registers before compaction : 17  (highest was REG16 / 0x30)
      Holes removed               : 1
      Registers after compaction  : 16  (highest is now REG15 / 0x2f)
      OK: all registers fit within REG0ûREG31.
    ----------------------------------------
    SpinFXBlock: numRegs updated to 0x30 (REG16)

AllBlocksCodeGenTest > testBlockCodeGeneration(String) > com.holycityaudio.SpinCAD.CADBlocks.rom_rev2CADBlock STANDARD_OUT
      OK: rom_rev2CADBlock ù 115 instr, 16 regs, 24699 RAM

AllBlocksCodeGenTest > testBlockCodeGeneration(String) > com.holycityaudio.SpinCAD.CADBlocks.rom_rev2CADBlock PASSED

AllBlocksCodeGenTest > testBlockCodeGeneration(String) > com.holycityaudio.SpinCAD.CADBlocks.servoCADBlock STANDARD_OUT
    Constant code gen!
    Constant code gen!
    Constant code gen!
    Constant code gen!
    ; ----------------------------
    ;------ Input
    ;------ Constant
    SOF 0.0000000000,0.9990234375
    WRAX REG0,0.0000000000
    ;------ Constant
    SOF 0.0000000000,0.9990234375
    WRAX REG1,0.0000000000
    ;------ Servo Flanger
    SKP RUN ,1
    WLDR 0, 0, 4096
    CLR
    RDAX ADCR,0.5000000000
    MULX REG1
    RDAX ADCL,1.0000000000
    WRA 0,0.0
    CHO RDAL,2
    RDAX REG0,-0.2500000000
    WRAX RMP0_RATE,0.0000000000
    CHO RDA,2,REG | COMPC,0
    CHO RDA,2,0,1
    RDFX REG3,0.2500000000
    WRLX REG3,-1.0000000000
    WRAX REG2,0.0000000000
    ;------ Output
    RDAX REG2,1.0000000000
    WRAX DACL,0.0000000000

    Optimization complete: saved 2 instruction(s) and 1 register(s).

AllBlocksCodeGenTest > testBlockCodeGeneration(String) > com.holycityaudio.SpinCAD.CADBlocks.servoCADBlock STANDARD_ERROR
    ----------------------------------------
    Register compaction report:
      Registers before compaction : 4  (highest was REG3 / 0x23)
      Holes removed               : 1
      Registers after compaction  : 3  (highest is now REG2 / 0x22)
      OK: all registers fit within REG0ûREG31.
    ----------------------------------------
    SpinFXBlock: numRegs updated to 0x23 (REG3)

AllBlocksCodeGenTest > testBlockCodeGeneration(String) > com.holycityaudio.SpinCAD.CADBlocks.servoCADBlock STANDARD_OUT
      OK: servoCADBlock ù 19 instr, 3 regs, 4096 RAM

AllBlocksCodeGenTest > testBlockCodeGeneration(String) > com.holycityaudio.SpinCAD.CADBlocks.servoCADBlock PASSED

AllBlocksCodeGenTest > testBlockCodeGeneration(String) > com.holycityaudio.SpinCAD.CADBlocks.shimmer_verbCADBlock STANDARD_OUT
    Constant code gen!
    Constant code gen!
    Constant code gen!
    Constant code gen!
    Constant code gen!
    Constant code gen!
    ; ----------------------------
    ;------ Input
    ;------ Constant
    SOF 0.0000000000,0.9990234375
    WRAX REG0,0.0000000000
    ;------ Constant
    SOF 0.0000000000,0.9990234375
    WRAX REG1,0.0000000000
    ;------ Constant
    SOF 0.0000000000,0.9990234375
    WRAX REG2,0.0000000000
    ;------ Shimmer_reverb
    SKP RUN ,1
    WLDR 0, 16384, 4096
    RDAX REG2,1.0000000000
    SOF 0.6500000000,0.3000000000
    WRAX REG16,0.0000000000
    RDAX REG3,0.5000000000
    RDA 5261,0.5
    WRAP 5105,-0.5
    RDA 4320,0.5
    WRAP 4097,-0.5
    RDA 4653,0.5
    WRAP 4321,-0.5
    RDA 5102,0.5
    WRAP 4654,-0.5
    WRAX REG17,0.0000000000
    RDA 32205,1.0
    MULX REG16
    RDAX REG17,1.0000000000
    RDA 6513,0.6
    WRAP 5262,-0.6
    RDA 8265,0.6
    WRAP 6514,-0.6
    WRAX REG7,1.0000000000
    RDFX REG12,0.4000000000
    WRLX REG12,-1.0000000000
    RDFX REG8,0.0100000000
    WRHX REG8,-1.0000000000
    RDAX REG7,-1.0000000000
    MULX REG0
    RDAX REG7,1.0000000000
    WRA 17277,0.0
    RDA 20836,1.0
    MULX REG16
    RDA 9709,0.6
    WRAP 8266,-0.6
    RDA 11053,0.6
    WRAP 9710,-0.6
    WRAX REG7,1.0000000000
    RDFX REG13,0.4000000000
    WRLX REG13,-1.0000000000
    RDFX REG9,0.0100000000
    WRHX REG9,-1.0000000000
    RDAX REG7,-1.0000000000
    MULX REG0
    RDAX REG7,1.0000000000
    WRA 20837,0.0
    RDA 23782,1.0
    MULX REG16
    RDAX REG17,1.0000000000
    RDA 12636,0.6
    WRAP 11054,-0.6
    RDA 14618,0.6
    WRAP 12637,-0.6
    WRAX REG7,1.0000000000
    RDFX REG14,0.4000000000
    WRLX REG14,-1.0000000000
    RDFX REG10,0.0100000000
    WRHX REG10,-1.0000000000
    RDAX REG7,-1.0000000000
    MULX REG0
    RDAX REG7,1.0000000000
    WRA 23783,0.0
    RDA 27759,1.0
    MULX REG16
    RDA 15893,0.6
    WRAP 14619,-0.6
    RDA 17276,0.6
    WRAP 15894,-0.6
    WRAX REG7,1.0000000000
    RDFX REG15,0.4000000000
    WRLX REG15,-1.0000000000
    RDFX REG11,0.0100000000
    WRHX REG11,-1.0000000000
    RDAX REG7,-1.0000000000
    MULX REG0
    RDAX REG7,1.0000000000
    WRA 27760,0.0
    RDA 17277,0.8
    RDA 20837,0.8
    RDA 26659,1.5
    RDA 19370,1.1
    RDA 28994,1.1
    WRAX REG4,1.0000000000
    WRA 0,0.0
    CHO RDA,2,REG | COMPC,0
    CHO RDA,2,0,1
    WRA 5103,0.0
    CHO RDA,2,COMPC | RPTR2,0
    CHO RDA,2,RPTR2,1
    CHO SOF,2,COMPC | NA,0.0
    CHO RDA,2,NA,5103
    RDFX REG6,0.3000000000
    WRHX REG6,-0.5000000000
    WRAX REG5,1.0000000000
    MULX REG1
    RDAX REG4,1.0000000000
    WRAX REG18,1.0000000000
    SKP RUN ,2
    WLDS 0,30,50
    WLDS 1,41,50
    CHO RDA,0,REG | COMPC,5312
    CHO RDA,0,0,5313
    WRA 5362,0.0
    CHO RDA,0,COS  | COMPC,8316
    CHO RDA,0,COS ,8317
    WRA 8366,0.0
    CHO RDA,1,REG | COMPC,11104
    CHO RDA,1,0,11105
    WRA 11154,0.0
    CHO RDA,1,COS  | COMPC,14669
    CHO RDA,1,COS ,14670
    WRA 14719,0.0
    ;------ Output
    RDAX REG18,1.0000000000
    WRAX DACL,0.0000000000

    Optimization complete: saved 0 instruction(s) and 0 register(s).

AllBlocksCodeGenTest > testBlockCodeGeneration(String) > com.holycityaudio.SpinCAD.CADBlocks.shimmer_verbCADBlock STANDARD_ERROR
    ----------------------------------------
    Register compaction report:
      Registers before compaction : 19  (highest was REG18 / 0x32)
      Holes removed               : 0
      Registers after compaction  : 19  (highest is now REG18 / 0x32)
      OK: all registers fit within REG0ûREG31.
    ----------------------------------------
    SpinFXBlock: numRegs updated to 0x33 (REG19)

AllBlocksCodeGenTest > testBlockCodeGeneration(String) > com.holycityaudio.SpinCAD.CADBlocks.shimmer_verbCADBlock STANDARD_OUT
      OK: shimmer_verbCADBlock ù 120 instr, 19 regs, 32188 RAM

AllBlocksCodeGenTest > testBlockCodeGeneration(String) > com.holycityaudio.SpinCAD.CADBlocks.shimmer_verbCADBlock PASSED

AllBlocksCodeGenTest > testBlockCodeGeneration(String) > com.holycityaudio.SpinCAD.CADBlocks.sixtapCADBlock STANDARD_OUT
    Constant code gen!
    Constant code gen!
    Constant code gen!
    Constant code gen!
    ; ----------------------------
    ;------ Input
    ;------ Constant
    SOF 0.0000000000,0.9990234375
    WRAX REG0,0.0000000000
    ;------ Constant
    SOF 0.0000000000,0.9990234375
    WRAX REG1,0.0000000000
    ;------ Six Tap
    RDAX ADCR,0.5000000000
    MULX REG1
    RDAX ADCL,0.4500000000
    WRA 0,0.0
    CLR
    OR $007FFF00
    MULX REG0
    WRAX REG4,0.0000000000
    SOF 0.0949971008,0.0050303650
    WRAX ADDR_PTR,0.0000000000
    RMPA 0.5
    WRAX REG2,0.0000000000
    RDAX REG4,1.0000000000
    SOF 0.1899942017,0.0100302124
    WRAX ADDR_PTR,0.0000000000
    RMPA 0.5
    RDAX REG2,1.0000000000
    WRAX REG2,0.0000000000
    RDAX REG4,1.0000000000
    SOF 0.2849913025,0.0150300598
    WRAX ADDR_PTR,0.0000000000
    RMPA 0.5
    RDAX REG2,1.0000000000
    WRAX REG2,0.0000000000
    RDAX REG4,1.0000000000
    SOF 0.3799884033,0.0200299072
    WRAX ADDR_PTR,0.0000000000
    RMPA 0.5
    RDAX REG2,1.0000000000
    WRAX REG2,0.0000000000
    RDAX REG4,1.0000000000
    SOF 0.4749855042,0.0250297546
    WRAX ADDR_PTR,0.0000000000
    RMPA 0.5
    RDAX REG2,1.0000000000
    WRAX REG2,0.0000000000
    RDAX REG4,1.0000000000
    SOF 0.5699826050,0.0300296021
    WRAX ADDR_PTR,0.0000000000
    RMPA 0.8
    WRAX REG3,0.0000000000
    RDA 32767,1.0
    WRAX REG5,0.0000000000
    ;------ Output
    RDAX REG2,1.0000000000
    WRAX DACL,0.0000000000

    Optimization complete: saved 0 instruction(s) and 0 register(s).

AllBlocksCodeGenTest > testBlockCodeGeneration(String) > com.holycityaudio.SpinCAD.CADBlocks.sixtapCADBlock STANDARD_ERROR
    ----------------------------------------
    Register compaction report:
      Registers before compaction : 6  (highest was REG5 / 0x25)
      Holes removed               : 0
      Registers after compaction  : 6  (highest is now REG5 / 0x25)
      OK: all registers fit within REG0ûREG31.
    ----------------------------------------
    SpinFXBlock: numRegs updated to 0x26 (REG6)

AllBlocksCodeGenTest > testBlockCodeGeneration(String) > com.holycityaudio.SpinCAD.CADBlocks.sixtapCADBlock STANDARD_OUT
      OK: sixtapCADBlock ù 49 instr, 6 regs, 32767 RAM

AllBlocksCodeGenTest > testBlockCodeGeneration(String) > com.holycityaudio.SpinCAD.CADBlocks.sixtapCADBlock PASSED

AllBlocksCodeGenTest > testBlockCodeGeneration(String) > com.holycityaudio.SpinCAD.CADBlocks.slow_gearCADBlock STANDARD_OUT
    Constant code gen!
    Constant code gen!
    ; ----------------------------
    ;------ Input
    ;------ Constant
    SOF 0.0000000000,0.9990234375
    WRAX REG0,0.0000000000
    ;------ Slow_gear
    RDAX ADCL,1.0000000000
    WRA 0,1.0
    MAXX REG2,0.9999900000
    WRAX REG2,1.0000000000
    RDFX REG3,0.0001000000
    WRHX REG3,-1.0000000000
    SKP GEZ,1
    CLR
    LOG 1.999,0.5
    WRAX REG9,1.0000000000
    WRAX REG4,0.0000000000
    SOF 0.0000000000,0.4000000000
    RDAX REG4,1.0000000000
    WRAX REG10,1.0000000000
    SKP NEG,6
    CLR
    WRAX REG5,0.0000000000
    WRAX REG2,0.0000000000
    WRAX REG3,0.0000000000
    RDAX REG6,1.0000000000
    WRAX REG7,0.0000000000
    RDAX REG0,1.0000000000
    LOG -1.0,0.0
    SOF 1.0000000000,0.0100000000
    SOF 0.0030000000,0.0000000000
    WRAX REG6,0.0000000000
    CLR
    RDAX REG7,1.0000000000
    RDAX REG5,1.0000000000
    SKP GEZ,1
    CLR
    WRAX REG5,0.0000000000
    RDA 20,1.0
    MULX REG5
    MULX REG5
    WRAX REG8,0.0000000000
    ;------ Output
    RDAX REG8,1.0000000000
    WRAX DACL,0.0000000000

    Optimization complete: saved 2 instruction(s) and 1 register(s).

AllBlocksCodeGenTest > testBlockCodeGeneration(String) > com.holycityaudio.SpinCAD.CADBlocks.slow_gearCADBlock STANDARD_ERROR
    ----------------------------------------
    Register compaction report:
      Registers before compaction : 11  (highest was REG10 / 0x2a)
      Holes removed               : 2
      Registers after compaction  : 9  (highest is now REG8 / 0x28)
      OK: all registers fit within REG0ûREG31.
    ----------------------------------------
    SpinFXBlock: numRegs updated to 0x29 (REG9)

AllBlocksCodeGenTest > testBlockCodeGeneration(String) > com.holycityaudio.SpinCAD.CADBlocks.slow_gearCADBlock STANDARD_OUT
      OK: slow_gearCADBlock ù 38 instr, 9 regs, 256 RAM

AllBlocksCodeGenTest > testBlockCodeGeneration(String) > com.holycityaudio.SpinCAD.CADBlocks.slow_gearCADBlock PASSED

AllBlocksCodeGenTest > testBlockCodeGeneration(String) > com.holycityaudio.SpinCAD.CADBlocks.soft_knee_limiterCADBlock STANDARD_OUT
    ; ----------------------------
    ;------ Input
    ;------ Soft_Knee_Limiter
    RDAX ADCL,1.0000000000
    WRAX REG0,1.0000000000
    MULX REG0
    RDFX REG1,0.0010000000
    WRAX REG1,0.0000000000
    SOF 0.0000000000,0.1250000000
    RDAX REG1,1.0000000000
    LOG -0.4,-0.25
    EXP 1.0,0.0
    WRAX REG2,1.0000000000
    MULX ADCL
    SOF -2.0000000000,0.0000000000
    SOF -2.0000000000,0.0000000000
    SOF 1.5000000000,0.0000000000
    WRAX REG3,0.0000000000
    ;------ Output
    RDAX REG3,1.0000000000
    WRAX DACL,0.0000000000

    Optimization complete: saved 2 instruction(s) and 1 register(s).

AllBlocksCodeGenTest > testBlockCodeGeneration(String) > com.holycityaudio.SpinCAD.CADBlocks.soft_knee_limiterCADBlock STANDARD_ERROR
    ----------------------------------------
    Register compaction report:
      Registers before compaction : 3  (highest was REG2 / 0x22)
      Holes removed               : 0
      Registers after compaction  : 3  (highest is now REG2 / 0x22)
      OK: all registers fit within REG0ûREG31.
    ----------------------------------------
    SpinFXBlock: numRegs updated to 0x23 (REG3)

AllBlocksCodeGenTest > testBlockCodeGeneration(String) > com.holycityaudio.SpinCAD.CADBlocks.soft_knee_limiterCADBlock STANDARD_OUT
      OK: soft_knee_limiterCADBlock ù 15 instr, 3 regs, 0 RAM

AllBlocksCodeGenTest > testBlockCodeGeneration(String) > com.holycityaudio.SpinCAD.CADBlocks.soft_knee_limiterCADBlock PASSED

AllBlocksCodeGenTest > testBlockCodeGeneration(String) > com.holycityaudio.SpinCAD.CADBlocks.tremolizerCADBlock STANDARD_OUT
    Constant code gen!
    Constant code gen!
    Constant code gen!
    Constant code gen!
    ; ----------------------------
    ;------ Input
    ;------ Constant
    SOF 0.0000000000,0.9990234375
    WRAX REG0,0.0000000000
    ;------ Constant
    SOF 0.0000000000,0.9990234375
    WRAX REG1,0.0000000000
    ;------ Tremolizer
    RDAX REG0,0.7500000000
    MULX REG1
    SOF -0.9990000000,0.9990000000
    WRAX REG2,0.0000000000
    ;------ Output

    Optimization complete: saved 0 instruction(s) and 0 register(s).

AllBlocksCodeGenTest > testBlockCodeGeneration(String) > com.holycityaudio.SpinCAD.CADBlocks.tremolizerCADBlock STANDARD_ERROR
    ----------------------------------------
    Register compaction report:
      Registers before compaction : 3  (highest was REG2 / 0x22)
      Holes removed               : 0
      Registers after compaction  : 3  (highest is now REG2 / 0x22)
      OK: all registers fit within REG0ûREG31.
    ----------------------------------------
    SpinFXBlock: numRegs updated to 0x23 (REG3)

AllBlocksCodeGenTest > testBlockCodeGeneration(String) > com.holycityaudio.SpinCAD.CADBlocks.tremolizerCADBlock STANDARD_OUT
      OK: tremolizerCADBlock ù 8 instr, 3 regs, 0 RAM

AllBlocksCodeGenTest > testBlockCodeGeneration(String) > com.holycityaudio.SpinCAD.CADBlocks.tremolizerCADBlock PASSED

AllBlocksCodeGenTest > testBlockCodeGeneration(String) > com.holycityaudio.SpinCAD.CADBlocks.very_tight_plate_verbCADBlock STANDARD_OUT
    Constant code gen!
    Constant code gen!
    Constant code gen!
    Constant code gen!
    Constant code gen!
    Constant code gen!
    Pin is Connected! Reverb_Time
    Pin is Connected! LF_Loss
    Pin is Connected! HF_Loss
    ; ----------------------------
    ;------ Input
    ;------ Constant
    SOF 0.0000000000,0.9990234375
    WRAX REG0,0.0000000000
    ;------ Constant
    SOF 0.0000000000,0.9990234375
    WRAX REG1,0.0000000000
    ;------ Constant
    SOF 0.0000000000,0.9990234375
    WRAX REG2,0.0000000000
    ;------ Plate_Verb_3
    RDAX REG0,1.0000000000
    LOG 0.5,0.0
    EXP 1.0,0.0
    SOF 0.5300000000,0.4000000000
    WRAX REG4,0.0000000000
    RDAX REG1,1.0000000000
    SOF 1.0000000000,-0.9990000000
    WRAX REG5,0.0000000000
    RDAX REG2,1.0000000000
    SOF 1.0000000000,-0.9990000000
    WRAX REG6,0.0000000000
    RDAX ADCL,0.2500000000
    RDA 123,0.65
    WRAP 0,-0.65
    RDA 388,0.65
    WRAP 124,-0.65
    RDA 995,0.65
    WRAP 389,-0.65
    RDA 1764,0.65
    WRAP 996,-0.65
    WRAX REG7,0.0000000000
    RDAX ADCR,0.2500000000
    RDA 1928,0.65
    WRAP 1765,-0.65
    RDA 2251,0.65
    WRAP 1929,-0.65
    RDA 2843,0.65
    WRAP 2252,-0.65
    RDA 3622,0.65
    WRAP 2844,-0.65
    WRAX REG8,1.0000000000
    RDAX REG17,1.0000000000
    RDA 4824,0.65
    WRAP 3623,-0.65
    WRA 7628,0.0
    RDA 8818,1.0
    WRAX REG3,1.0000000000
    RDFX REG9,0.0200000000
    WRLX REG9,-1.0000000000
    MULX REG5
    RDAX REG3,1.0000000000
    WRAX REG3,1.0000000000
    RDFX REG13,0.8000000000
    WRHX REG13,-1.0000000000
    MULX REG6
    RDAX REG3,1.0000000000
    MULX REG4
    RDAX REG7,1.0000000000
    RDA 5607,0.65
    WRAP 4825,-0.65
    WRA 8819,0.0
    RDA 9910,1.0
    WRAX REG3,1.0000000000
    RDFX REG10,0.0200000000
    WRLX REG10,-1.0000000000
    MULX REG5
    RDAX REG3,1.0000000000
    WRAX REG3,1.0000000000
    RDFX REG14,0.8000000000
    WRHX REG14,-1.0000000000
    MULX REG6
    RDAX REG3,1.0000000000
    MULX REG4
    RDAX REG8,1.0000000000
    RDA 6679,0.65
    WRAP 5608,-0.65
    WRA 9911,0.0
    RDA 11198,1.0
    WRAX REG3,1.0000000000
    RDFX REG11,0.0200000000
    WRLX REG11,-1.0000000000
    MULX REG5
    RDAX REG3,1.0000000000
    WRAX REG3,1.0000000000
    RDFX REG15,0.8000000000
    WRHX REG15,-1.0000000000
    MULX REG6
    RDAX REG3,1.0000000000
    MULX REG4
    RDAX REG7,1.0000000000
    RDA 7627,0.65
    WRAP 6680,-0.65
    WRA 11199,0.0
    RDA 12578,1.0
    WRAX REG3,1.0000000000
    RDFX REG12,0.0200000000
    WRLX REG12,-1.0000000000
    MULX REG5
    RDAX REG3,1.0000000000
    WRAX REG3,1.0000000000
    RDFX REG16,0.8000000000
    WRHX REG16,-1.0000000000
    MULX REG6
    RDAX REG3,1.0000000000
    MULX REG4
    WRAX REG17,0.0000000000
    RDA 7829,0.8
    RDA 8964,0.7
    RDA 10608,0.6
    RDA 11779,0.5
    WRAX REG18,0.0000000000
    RDA 8325,0.8
    RDA 9664,0.7
    RDA 10398,0.6
    RDA 11979,0.5
    WRAX REG19,0.0000000000
    SKP RUN ,2
    WLDS 0,12,37
    WLDS 1,15,33
    CHO RDA,0,REG | COMPC,3663
    CHO RDA,0,0,3664
    WRA 3703,0.0
    CHO RDA,0,COS  | COMPC,4865
    CHO RDA,0,COS ,4866
    WRA 4905,0.0
    CHO RDA,1,REG | COMPC,5648
    CHO RDA,0,0,5649
    WRA 5688,0.0
    CHO RDA,1,COS  | COMPC,6720
    CHO RDA,0,COS ,6721
    WRA 6760,0.0
    ;------ Output
    RDAX REG18,1.0000000000
    WRAX DACL,0.0000000000

    Optimization complete: saved 0 instruction(s) and 0 register(s).
    Output register optimization complete: saved 2 instruction(s) and 1 register(s).

AllBlocksCodeGenTest > testBlockCodeGeneration(String) > com.holycityaudio.SpinCAD.CADBlocks.very_tight_plate_verbCADBlock STANDARD_ERROR
    ----------------------------------------
    Register compaction report:
      Registers before compaction : 20  (highest was REG19 / 0x33)
      Holes removed               : 1
      Registers after compaction  : 19  (highest is now REG18 / 0x32)
      OK: all registers fit within REG0ûREG31.
    ----------------------------------------
    SpinFXBlock: numRegs updated to 0x33 (REG19)

AllBlocksCodeGenTest > testBlockCodeGeneration(String) > com.holycityaudio.SpinCAD.CADBlocks.very_tight_plate_verbCADBlock STANDARD_OUT
      OK: very_tight_plate_verbCADBlock ù 127 instr, 19 regs, 12563 RAM

AllBlocksCodeGenTest > testBlockCodeGeneration(String) > com.holycityaudio.SpinCAD.CADBlocks.very_tight_plate_verbCADBlock PASSED

LegacyFileLoadTest > testLoadPatchFile(String) > load: patches\4-phase-filters-001.spcd STANDARD_OUT
    Invert code gen!
    Invert code gen!
    Scale Offset code gen!
    SVF 2P code gen!
    Scale Offset code gen!
    Scale Offset code gen!
    SVF 2P code gen!
    SVF 2P code gen!
    ; ----------------------------
    ;------ Pot 1
    ;------ Pot 2
    ;------ LFO 0
    SKP RUN ,1
    WLDS 0,167,32767
    RDAX POT1,0.3268101761
    WRAX SIN0_RATE,0.0000000000
    RDAX POT2,1.0000000000
    WRAX SIN0_RANGE,0.0000000000
    CHO RDAL,0
    SOF 0.5000000000,0.5000000000
    WRAX REG0,0.0000000000
    CHO RDAL,8
    SOF 0.5000000000,0.5000000000
    WRAX REG1,0.0000000000
    ;------ Invert
    RDAX REG0,1.0000000000
    SOF -0.9990000000,0.9990000000
    WRAX REG2,0.0000000000
    ;------ Pot 0
    ;------ Invert
    RDAX REG1,1.0000000000
    SOF -0.9990000000,0.9990000000
    WRAX REG3,0.0000000000
    ;------ Slicer
    SOF 0.0000000000,0.5000000000
    RDAX REG2,-1.0000000000
    SKP NEG,2
    SOF 0.0000000000,0.9990234275
    SKP RUN ,1
    CLR
    WRAX REG4,0.0000000000
    ;------ Input
    ;------ Slicer
    SOF 0.0000000000,0.1800000000
    RDAX REG0,-1.0000000000
    SKP NEG,2
    SOF 0.0000000000,0.9990234275
    SKP RUN ,1
    CLR
    WRAX REG6,0.0000000000
    ;------ Slicer
    SOF 0.0000000000,0.7700000000
    MULX POT0
    RDAX REG1,-1.0000000000
    SKP NEG,2
    SOF 0.0000000000,0.9990234275
    SKP RUN ,1
    CLR
    WRAX REG8,0.0000000000
    ;------ Smoother
    RDAX REG4,1.0000000000
    RDFX REG11,0.0024671392
    WRAX REG11,0.0000000000
    ;------ Slicer
    SOF 0.0000000000,0.4600000000
    MULX POT0
    RDAX REG3,-1.0000000000
    SKP NEG,2
    SOF 0.0000000000,0.9990234275
    SKP RUN ,1
    CLR
    WRAX REG12,0.0000000000
    ;------ Smoother
    RDAX REG12,1.0000000000
    RDFX REG15,0.0010531764
    WRAX REG15,0.0000000000
    ;------ Scale/Offset
    RDAX REG0,1.0000000000
    SOF 0.5700000000,0.3400000000
    WRAX REG16,0.0000000000
    ;------ Smoother
    RDAX REG6,1.0000000000
    RDFX REG18,0.0008561384
    WRAX REG18,0.0000000000
    ;------ SVF 2P
    SOF 0.0000000000,0.0000000000
    RDAX ADCL,1.0000000000
    RDAX REG21,-1.0000000000
    RDAX REG20,-0.0833333333
    WRAX REG19,0.1779477385
    MULX REG16
    RDAX REG20,1.0000000000
    WRAX REG20,0.1779477385
    MULX REG16
    RDAX REG21,1.0000000000
    WRAX REG21,0.0000000000
    ;------ Scale/Offset
    RDAX REG2,1.0000000000
    SOF 0.6800000000,0.3200000000
    WRAX REG22,0.0000000000
    ;------ Smoother
    RDAX REG8,1.0000000000
    RDFX REG24,0.0011547263
    WRAX REG24,0.0000000000
    ;------ Scale/Offset
    RDAX REG1,1.0000000000
    SOF -0.4600000000,0.8300000000
    WRAX REG25,0.0000000000
    ;------ SVF 2P
    SOF 0.0000000000,0.0000000000
    RDAX ADCL,1.0000000000
    RDAX REG28,-1.0000000000
    RDAX REG27,-0.0833333333
    WRAX REG26,0.2138596284
    MULX REG25
    RDAX REG27,1.0000000000
    WRAX REG27,0.2138596284
    MULX REG25
    RDAX REG28,1.0000000000
    WRAX REG28,0.0000000000
    ;------ Mixer 2:1
    RDAX POT0,0.5480000000
    WRAX REG29,0.0000000000
    RDAX REG22,0.5320000000
    RDAX REG29,1.0000000000
    WRAX REG29,0.0000000000
    ;------ SVF 2P
    SOF 0.0000000000,0.0000000000
    RDAX ADCL,1.0000000000
    RDAX 64,-1.0000000000
    RDAX REG31,-0.1111111111
    WRAX REG30,0.1611294729
    MULX REG29
    RDAX REG31,1.0000000000
    WRAX REG31,0.1611294729
    MULX REG29
    RDAX 64,1.0000000000
    WRAX 64,0.0000000000
    ;------ Mixer 4:1
    RDAX REG27,1.0000000000
    MULX REG18
    WRAX 65,0.0000000000
    RDAX REG21,1.0000000000
    MULX REG24
    RDAX 65,1.0000000000
    WRAX 65,0.0000000000
    RDAX REG31,1.0000000000
    MULX REG11
    RDAX 65,1.0000000000
    WRAX 65,0.0000000000
    RDAX REG19,1.0000000000
    MULX REG15
    RDAX 65,1.0000000000
    WRAX 65,0.0000000000
    ;------ Output
    RDAX 65,1.0000000000
    WRAX DACL,0.0000000000
    RDAX 65,1.0000000000
    WRAX DACR,0.0000000000

    Optimization complete: saved 3 instruction(s) and 1 register(s).
    Output register optimization complete: saved 1 instruction(s) and 0 register(s).

LegacyFileLoadTest > testLoadPatchFile(String) > load: patches\4-phase-filters-001.spcd STANDARD_ERROR
    ----------------------------------------
    Register compaction report:
      Registers before compaction : 32  (highest was REG31 / 0x3f)
      Holes removed               : 9
      Registers after compaction  : 23  (highest is now REG22 / 0x36)
      OK: all registers fit within REG0ûREG31.
    ----------------------------------------
    SpinFXBlock: numRegs updated to 0x37 (REG23)

LegacyFileLoadTest > testLoadPatchFile(String) > load: patches\4-phase-filters-001.spcd STANDARD_OUT
      OK: 4-phase-filters-001.spcd ù 24 blocks, 122 instr, 23 regs, 0 RAM

LegacyFileLoadTest > testLoadPatchFile(String) > load: patches\4-phase-filters-001.spcd PASSED

LegacyFileLoadTest > testLoadPatchFile(String) > load: patches\4-phase-filters-002.spcd STANDARD_OUT
    Invert code gen!
    Invert code gen!
    Scale Offset code gen!
    SVF 2P code gen!
    Scale Offset code gen!
    Scale Offset code gen!
    SVF 2P code gen!
    SVF 2P code gen!
    Scale Offset code gen!
    SVF 2P code gen!
    ; ----------------------------
    ;------ Pot 1
    ;------ Pot 2
    ;------ LFO 0
    SKP RUN ,1
    WLDS 0,167,32767
    RDAX POT1,0.3268101761
    WRAX SIN0_RATE,0.0000000000
    RDAX POT2,1.0000000000
    WRAX SIN0_RANGE,0.0000000000
    CHO RDAL,0
    SOF 0.5000000000,0.5000000000
    WRAX REG0,0.0000000000
    CHO RDAL,8
    SOF 0.5000000000,0.5000000000
    WRAX REG1,0.0000000000
    ;------ Invert
    RDAX REG0,1.0000000000
    SOF -0.9990000000,0.9990000000
    WRAX REG2,0.0000000000
    ;------ Pot 0
    ;------ Invert
    RDAX REG1,1.0000000000
    SOF -0.9990000000,0.9990000000
    WRAX REG3,0.0000000000
    ;------ Input
    ;------ Scale/Offset
    RDAX REG0,1.0000000000
    SOF 0.5700000000,0.3400000000
    WRAX REG4,0.0000000000
    ;------ SVF 2P
    SOF 0.0000000000,0.0000000000
    RDAX ADCL,1.0000000000
    RDAX REG7,-1.0000000000
    RDAX REG6,-0.0833333333
    WRAX REG5,0.1779477385
    MULX REG4
    RDAX REG6,1.0000000000
    WRAX REG6,0.1779477385
    MULX REG4
    RDAX REG7,1.0000000000
    WRAX REG7,0.0000000000
    ;------ Scale/Offset
    RDAX REG2,1.0000000000
    SOF 0.6800000000,0.3200000000
    WRAX REG8,0.0000000000
    ;------ Scale/Offset
    RDAX REG1,1.0000000000
    SOF -0.4600000000,0.8300000000
    WRAX REG9,0.0000000000
    ;------ SVF 2P
    SOF 0.0000000000,0.0000000000
    RDAX ADCL,1.0000000000
    RDAX REG12,-1.0000000000
    RDAX REG11,-0.0833333333
    WRAX REG10,0.2138596284
    MULX REG9
    RDAX REG11,1.0000000000
    WRAX REG11,0.2138596284
    MULX REG9
    RDAX REG12,1.0000000000
    WRAX REG12,0.0000000000
    ;------ Mixer 2:1
    RDAX POT0,0.5480000000
    WRAX REG13,0.0000000000
    RDAX REG8,0.5320000000
    RDAX REG13,1.0000000000
    WRAX REG13,0.0000000000
    ;------ SVF 2P
    SOF 0.0000000000,0.0000000000
    RDAX ADCL,1.0000000000
    RDAX REG16,-1.0000000000
    RDAX REG15,-0.1111111111
    WRAX REG14,0.1611294729
    MULX REG13
    RDAX REG15,1.0000000000
    WRAX REG15,0.1611294729
    MULX REG13
    RDAX REG16,1.0000000000
    WRAX REG16,0.0000000000
    ;------ Scale/Offset
    RDAX REG3,1.0000000000
    SOF 0.5700000000,0.3400000000
    WRAX REG17,0.0000000000
    ;------ SVF 2P
    SOF 0.0000000000,0.0000000000
    RDAX ADCL,1.0000000000
    RDAX REG20,-1.0000000000
    RDAX REG19,-0.0833333333
    WRAX REG18,0.1779477385
    MULX REG17
    RDAX REG19,1.0000000000
    WRAX REG19,0.1779477385
    MULX REG17
    RDAX REG20,1.0000000000
    WRAX REG20,0.0000000000
    ;------ Mixer 4:1
    RDAX REG15,1.0000000000
    MULX REG0
    WRAX REG21,0.0000000000
    RDAX REG7,1.0000000000
    MULX REG1
    RDAX REG21,1.0000000000
    WRAX REG21,0.0000000000
    RDAX REG18,1.0000000000
    MULX REG2
    RDAX REG21,1.0000000000
    WRAX REG21,0.0000000000
    RDAX REG11,1.0000000000
    MULX REG3
    RDAX REG21,1.0000000000
    WRAX REG21,0.0000000000
    ;------ Output
    RDAX REG21,1.0000000000
    WRAX DACL,0.0000000000
    RDAX REG21,1.0000000000
    WRAX DACR,0.0000000000

    Optimization complete: saved 1 instruction(s) and 0 register(s).
    Output register optimization complete: saved 1 instruction(s) and 0 register(s).

LegacyFileLoadTest > testLoadPatchFile(String) > load: patches\4-phase-filters-002.spcd STANDARD_ERROR
    ----------------------------------------
    Register compaction report:
      Registers before compaction : 22  (highest was REG21 / 0x35)
      Holes removed               : 0
      Registers after compaction  : 22  (highest is now REG21 / 0x35)
      OK: all registers fit within REG0ûREG31.
    ----------------------------------------
    SpinFXBlock: numRegs updated to 0x36 (REG22)

LegacyFileLoadTest > testLoadPatchFile(String) > load: patches\4-phase-filters-002.spcd STANDARD_OUT
      OK: 4-phase-filters-002.spcd ù 18 blocks, 96 instr, 22 regs, 0 RAM

LegacyFileLoadTest > testLoadPatchFile(String) > load: patches\4-phase-filters-002.spcd PASSED

LegacyFileLoadTest > testLoadPatchFile(String) > load: patches\4-phase-filters-2-pitch-chorus.spcd STANDARD_OUT
    Invert code gen!
    Invert code gen!
    Scale Offset code gen!
    Scale Offset code gen!
    Scale Offset code gen!
    SVF 2P code gen!
    SVF 2P code gen!
    Scale Offset code gen!
    SVF 2P code gen!
    ; ----------------------------
    ;------ Pot 1
    ;------ Pot 2
    ;------ LFO 0
    SKP RUN ,1
    WLDS 0,167,32767
    RDAX POT1,0.3268101761
    WRAX SIN0_RATE,0.0000000000
    RDAX POT2,1.0000000000
    WRAX SIN0_RANGE,0.0000000000
    CHO RDAL,0
    SOF 0.5000000000,0.5000000000
    WRAX REG0,0.0000000000
    CHO RDAL,8
    SOF 0.5000000000,0.5000000000
    WRAX REG1,0.0000000000
    ;------ Invert
    RDAX REG0,1.0000000000
    SOF -0.9990000000,0.9990000000
    WRAX REG2,0.0000000000
    ;------ Pot 0
    ;------ Invert
    RDAX REG1,1.0000000000
    SOF -0.9990000000,0.9990000000
    WRAX REG3,0.0000000000
    ;------ Input
    ;------ Scale/Offset
    RDAX REG0,1.0000000000
    SOF 0.5700000000,0.3400000000
    WRAX REG4,0.0000000000
    ;------ Scale/Offset
    RDAX REG2,1.0000000000
    SOF 0.6800000000,0.3200000000
    WRAX REG5,0.0000000000
    ;------ Scale/Offset
    RDAX REG1,1.0000000000
    SOF -0.4600000000,0.8300000000
    WRAX REG6,0.0000000000
    ;------ SVF 2P
    SOF 0.0000000000,0.0000000000
    RDAX ADCL,1.0000000000
    RDAX REG9,-1.0000000000
    RDAX REG8,-0.0833333333
    WRAX REG7,0.2448397437
    MULX REG6
    RDAX REG8,1.0000000000
    WRAX REG8,0.2448397437
    MULX REG6
    RDAX REG9,1.0000000000
    WRAX REG9,0.0000000000
    ;------ Mixer 2:1
    RDAX POT0,0.5480000000
    WRAX REG10,0.0000000000
    RDAX REG5,0.5320000000
    RDAX REG10,1.0000000000
    WRAX REG10,0.0000000000
    ;------ SVF 2P
    SOF 0.0000000000,0.0000000000
    RDAX ADCL,1.0000000000
    RDAX REG13,-1.0000000000
    RDAX REG12,-0.0909090909
    WRAX REG11,0.1804001180
    MULX REG10
    RDAX REG12,1.0000000000
    WRAX REG12,0.1804001180
    MULX REG10
    RDAX REG13,1.0000000000
    WRAX REG13,0.0000000000
    ;------ Scale/Offset
    RDAX REG3,1.0000000000
    SOF 0.3800000000,0.5300000000
    WRAX REG14,0.0000000000
    ;------ SVF 2P
    SOF 0.0000000000,0.0000000000
    RDAX ADCL,1.0000000000
    RDAX REG17,-1.0000000000
    RDAX REG16,-0.1000000000
    WRAX REG15,0.1635891169
    MULX REG4
    RDAX REG16,1.0000000000
    WRAX REG16,0.1635891169
    MULX REG4
    RDAX REG17,1.0000000000
    WRAX REG17,0.0000000000
    ;------ Chorus
    SKP RUN ,1
    WLDS 1,50,64
    RDAX REG14,0.0046591273
    WRAX SIN1_RANGE,0.0000000000
    LDAX ADCL
    WRA 0,0.0
    CHO RDA,1,REG | COMPC,403
    CHO RDA,1,0,404
    WRAX REG18,0.0000000000
    ;------ Mixer 2:1
    RDAX ADCL,1.0000000000
    RDAX REG18,1.0000000000
    WRAX REG19,0.0000000000
    ;------ Pitch Shift 0
    SKP RUN ,1
    WLDR 1, 8164, 2048
    LDAX REG16
    WRA 805,0.0
    CHO RDA,3,REG | COMPC,805
    CHO RDA,3,0,806
    WRA 2854,0.0
    CHO RDA,3,COMPC | RPTR2,805
    CHO RDA,3,RPTR2,806
    CHO SOF,3,COMPC | NA,0.0
    CHO RDA,3,NA,2854
    WRAX REG24,0.0000000000
    ;------ Pitch Shift 0
    SKP RUN ,1
    WLDR 0, 16384, 4096
    LDAX REG8
    WRA 2856,0.0
    CHO RDA,2,REG | COMPC,2856
    CHO RDA,2,0,2857
    WRA 6953,0.0
    CHO RDA,2,COMPC | RPTR2,2856
    CHO RDA,2,RPTR2,2857
    CHO SOF,2,COMPC | NA,0.0
    CHO RDA,2,NA,6953
    WRAX REG29,0.0000000000
    ;------ Mixer 4:1
    RDAX REG12,1.0000000000
    MULX REG0
    WRAX REG30,0.0000000000
    RDAX REG24,1.0000000000
    MULX REG1
    RDAX REG30,1.0000000000
    WRAX REG30,0.0000000000
    RDAX REG19,1.0000000000
    MULX REG2
    RDAX REG30,1.0000000000
    WRAX REG30,0.0000000000
    RDAX REG29,1.0000000000
    MULX REG3
    RDAX REG30,1.0000000000
    WRAX REG30,0.0000000000
    ;------ Output
    RDAX REG30,1.0000000000
    WRAX DACL,0.0000000000
    RDAX REG30,1.0000000000
    WRAX DACR,0.0000000000

    Optimization complete: saved 1 instruction(s) and 0 register(s).
    Output register optimization complete: saved 1 instruction(s) and 0 register(s).

LegacyFileLoadTest > testLoadPatchFile(String) > load: patches\4-phase-filters-2-pitch-chorus.spcd STANDARD_ERROR
    ----------------------------------------
    Register compaction report:
      Registers before compaction : 31  (highest was REG30 / 0x3e)
      Holes removed               : 8
      Registers after compaction  : 23  (highest is now REG22 / 0x36)
      OK: all registers fit within REG0ûREG31.
    ----------------------------------------
    SpinFXBlock: numRegs updated to 0x37 (REG23)

LegacyFileLoadTest > testLoadPatchFile(String) > load: patches\4-phase-filters-2-pitch-chorus.spcd STANDARD_OUT
      OK: 4-phase-filters-2-pitch-chorus.spcd ù 21 blocks, 121 instr, 23 regs, 6950 RAM

LegacyFileLoadTest > testLoadPatchFile(String) > load: patches\4-phase-filters-2-pitch-chorus.spcd PASSED

LegacyFileLoadTest > testLoadPatchFile(String) > load: patches\4-phase-filters-pitch-chorus.spcd STANDARD_OUT
    Invert code gen!
    Invert code gen!
    Scale Offset code gen!
    Scale Offset code gen!
    Scale Offset code gen!
    SVF 2P code gen!
    SVF 2P code gen!
    Scale Offset code gen!
    SVF 2P code gen!
    ; ----------------------------
    ;------ Pot 1
    ;------ Pot 2
    ;------ LFO 0
    SKP RUN ,1
    WLDS 0,167,32767
    RDAX POT1,0.3268101761
    WRAX SIN0_RATE,0.0000000000
    RDAX POT2,1.0000000000
    WRAX SIN0_RANGE,0.0000000000
    CHO RDAL,0
    SOF 0.5000000000,0.5000000000
    WRAX REG0,0.0000000000
    CHO RDAL,8
    SOF 0.5000000000,0.5000000000
    WRAX REG1,0.0000000000
    ;------ Invert
    RDAX REG0,1.0000000000
    SOF -0.9990000000,0.9990000000
    WRAX REG2,0.0000000000
    ;------ Pot 0
    ;------ Invert
    RDAX REG1,1.0000000000
    SOF -0.9990000000,0.9990000000
    WRAX REG3,0.0000000000
    ;------ Input
    ;------ Scale/Offset
    RDAX REG0,1.0000000000
    SOF 0.5700000000,0.3400000000
    WRAX REG4,0.0000000000
    ;------ Scale/Offset
    RDAX REG2,1.0000000000
    SOF 0.6800000000,0.3200000000
    WRAX REG5,0.0000000000
    ;------ Scale/Offset
    RDAX REG1,1.0000000000
    SOF -0.4600000000,0.8300000000
    WRAX REG6,0.0000000000
    ;------ SVF 2P
    SOF 0.0000000000,0.0000000000
    RDAX ADCL,1.0000000000
    RDAX REG9,-1.0000000000
    RDAX REG8,-0.0833333333
    WRAX REG7,0.2138596284
    MULX REG6
    RDAX REG8,1.0000000000
    WRAX REG8,0.2138596284
    MULX REG6
    RDAX REG9,1.0000000000
    WRAX REG9,0.0000000000
    ;------ Mixer 2:1
    RDAX POT0,0.5480000000
    WRAX REG10,0.0000000000
    RDAX REG5,0.5320000000
    RDAX REG10,1.0000000000
    WRAX REG10,0.0000000000
    ;------ SVF 2P
    SOF 0.0000000000,0.0000000000
    RDAX ADCL,1.0000000000
    RDAX REG13,-1.0000000000
    RDAX REG12,-0.1111111111
    WRAX REG11,0.1611294729
    MULX REG10
    RDAX REG12,1.0000000000
    WRAX REG12,0.1611294729
    MULX REG10
    RDAX REG13,1.0000000000
    WRAX REG13,0.0000000000
    ;------ Scale/Offset
    RDAX REG3,1.0000000000
    SOF 0.3800000000,0.5300000000
    WRAX REG14,0.0000000000
    ;------ SVF 2P
    SOF 0.0000000000,0.0000000000
    RDAX ADCL,1.0000000000
    RDAX REG17,-1.0000000000
    RDAX REG16,-0.1000000000
    WRAX REG15,0.1635891169
    MULX REG4
    RDAX REG16,1.0000000000
    WRAX REG16,0.1635891169
    MULX REG4
    RDAX REG17,1.0000000000
    WRAX REG17,0.0000000000
    ;------ Chorus
    SKP RUN ,1
    WLDS 1,50,64
    RDAX REG14,0.0046591273
    WRAX SIN1_RANGE,0.0000000000
    LDAX ADCL
    WRA 0,0.0
    CHO RDA,1,REG | COMPC,403
    CHO RDA,1,0,404
    WRAX REG18,0.0000000000
    ;------ Mixer 2:1
    RDAX ADCL,1.0000000000
    RDAX REG18,1.0000000000
    WRAX REG19,0.0000000000
    ;------ Pitch Shift 0
    SKP RUN ,1
    WLDR 1, 8164, 2048
    LDAX REG16
    WRA 805,0.0
    CHO RDA,3,REG | COMPC,805
    CHO RDA,3,0,806
    WRA 2854,0.0
    CHO RDA,3,COMPC | RPTR2,805
    CHO RDA,3,RPTR2,806
    CHO SOF,3,COMPC | NA,0.0
    CHO RDA,3,NA,2854
    WRAX REG24,0.0000000000
    ;------ Mixer 4:1
    RDAX REG12,1.0000000000
    MULX REG0
    WRAX REG25,0.0000000000
    RDAX REG24,1.0000000000
    MULX REG1
    RDAX REG25,1.0000000000
    WRAX REG25,0.0000000000
    RDAX REG19,1.0000000000
    MULX REG2
    RDAX REG25,1.0000000000
    WRAX REG25,0.0000000000
    RDAX REG8,1.0000000000
    MULX REG3
    RDAX REG25,1.0000000000
    WRAX REG25,0.0000000000
    ;------ Output
    RDAX REG25,1.0000000000
    WRAX DACL,0.0000000000
    RDAX REG25,1.0000000000
    WRAX DACR,0.0000000000

    Optimization complete: saved 1 instruction(s) and 0 register(s).
    Output register optimization complete: saved 1 instruction(s) and 0 register(s).

LegacyFileLoadTest > testLoadPatchFile(String) > load: patches\4-phase-filters-pitch-chorus.spcd STANDARD_ERROR
    ----------------------------------------
    Register compaction report:
      Registers before compaction : 26  (highest was REG25 / 0x39)
      Holes removed               : 4
      Registers after compaction  : 22  (highest is now REG21 / 0x35)
      OK: all registers fit within REG0ûREG31.
    ----------------------------------------
    SpinFXBlock: numRegs updated to 0x36 (REG22)

LegacyFileLoadTest > testLoadPatchFile(String) > load: patches\4-phase-filters-pitch-chorus.spcd STANDARD_OUT
      OK: 4-phase-filters-pitch-chorus.spcd ù 20 blocks, 109 instr, 22 regs, 2853 RAM

LegacyFileLoadTest > testLoadPatchFile(String) > load: patches\4-phase-filters-pitch-chorus.spcd PASSED

LegacyFileLoadTest > testLoadPatchFile(String) > load: patches\4-swept-filters-ramp.spcd STANDARD_OUT
    Couldn't find Tri Width

LegacyFileLoadTest > testLoadPatchFile(String) > load: patches\4-swept-filters-ramp.spcd STANDARD_ERROR
    java.lang.NullPointerException: Cannot invoke "com.holycityaudio.SpinCAD.SpinCADPin.isConnected()" because "p" is null
    	at com.holycityaudio.SpinCAD.CADBlocks.RampLFOCADBlock.generateCode(RampLFOCADBlock.java:80)
    	at com.holycityaudio.SpinCAD.SpinCADModel.generateCode(SpinCADModel.java:293)
    	at com.holycityaudio.SpinCAD.SpinCADModel.sortAlignGen(SpinCADModel.java:189)
    	at com.holycityaudio.SpinCAD.LegacyFileLoadTest.testLoadPatchFile(LegacyFileLoadTest.java:94)
    	at java.base/jdk.internal.reflect.DirectMethodHandleAccessor.invoke(DirectMethodHandleAccessor.java:104)
    	at java.base/java.lang.reflect.Method.invoke(Method.java:577)
    	at org.junit.platform.commons.util.ReflectionUtils.invokeMethod(ReflectionUtils.java:728)
    	at org.junit.jupiter.engine.execution.MethodInvocation.proceed(MethodInvocation.java:60)
    	at org.junit.jupiter.engine.execution.InvocationInterceptorChain$ValidatingInvocation.proceed(InvocationInterceptorChain.java:131)
    	at org.junit.jupiter.engine.extension.TimeoutExtension.intercept(TimeoutExtension.java:156)
    	at org.junit.jupiter.engine.extension.TimeoutExtension.interceptTestableMethod(TimeoutExtension.java:147)
    	at org.junit.jupiter.engine.extension.TimeoutExtension.interceptTestTemplateMethod(TimeoutExtension.java:94)
    	at org.junit.jupiter.engine.execution.InterceptingExecutableInvoker$ReflectiveInterceptorCall.lambda$ofVoidMethod$0(InterceptingExecutableInvoker.java:103)
    	at org.junit.jupiter.engine.execution.InterceptingExecutableInvoker.lambda$invoke$0(InterceptingExecutableInvoker.java:93)
    	at org.junit.jupiter.engine.execution.InvocationInterceptorChain$InterceptedInvocation.proceed(InvocationInterceptorChain.java:106)
    	at org.junit.jupiter.engine.execution.InvocationInterceptorChain.proceed(InvocationInterceptorChain.java:64)
    	at org.junit.jupiter.engine.execution.InvocationInterceptorChain.chainAndInvoke(InvocationInterceptorChain.java:45)
    	at org.junit.jupiter.engine.execution.InvocationInterceptorChain.invoke(InvocationInterceptorChain.java:37)
    	at org.junit.jupiter.engine.execution.InterceptingExecutableInvoker.invoke(InterceptingExecutableInvoker.java:92)
    	at org.junit.jupiter.engine.execution.InterceptingExecutableInvoker.invoke(InterceptingExecutableInvoker.java:86)
    	at org.junit.jupiter.engine.descriptor.TestMethodTestDescriptor.lambda$invokeTestMethod$7(TestMethodTestDescriptor.java:218)
    	at org.junit.platform.engine.support.hierarchical.ThrowableCollector.execute(ThrowableCollector.java:73)
    	at org.junit.jupiter.engine.descriptor.TestMethodTestDescriptor.invokeTestMethod(TestMethodTestDescriptor.java:214)
    	at org.junit.jupiter.engine.descriptor.TestMethodTestDescriptor.execute(TestMethodTestDescriptor.java:139)
    	at org.junit.jupiter.engine.descriptor.TestMethodTestDescriptor.execute(TestMethodTestDescriptor.java:69)
    	at org.junit.platform.engine.support.hierarchical.NodeTestTask.lambda$executeRecursively$6(NodeTestTask.java:151)
    	at org.junit.platform.engine.support.hierarchical.ThrowableCollector.execute(ThrowableCollector.java:73)
    	at org.junit.platform.engine.support.hierarchical.NodeTestTask.lambda$executeRecursively$8(NodeTestTask.java:141)
    	at org.junit.platform.engine.support.hierarchical.Node.around(Node.java:137)
    	at org.junit.platform.engine.support.hierarchical.NodeTestTask.lambda$executeRecursively$9(NodeTestTask.java:139)
    	at org.junit.platform.engine.support.hierarchical.ThrowableCollector.execute(ThrowableCollector.java:73)
    	at org.junit.platform.engine.support.hierarchical.NodeTestTask.executeRecursively(NodeTestTask.java:138)
    	at org.junit.platform.engine.support.hierarchical.NodeTestTask.execute(NodeTestTask.java:95)
    	at org.junit.platform.engine.support.hierarchical.SameThreadHierarchicalTestExecutorService.submit(SameThreadHierarchicalTestExecutorService.java:35)
    	at org.junit.platform.engine.support.hierarchical.NodeTestTask$DefaultDynamicTestExecutor.execute(NodeTestTask.java:226)
    	at org.junit.platform.engine.support.hierarchical.NodeTestTask$DefaultDynamicTestExecutor.execute(NodeTestTask.java:204)
    	at org.junit.jupiter.engine.descriptor.TestTemplateTestDescriptor.execute(TestTemplateTestDescriptor.java:142)
    	at org.junit.jupiter.engine.descriptor.TestTemplateTestDescriptor.lambda$execute$2(TestTemplateTestDescriptor.java:110)
    	at java.base/java.util.stream.ForEachOps$ForEachOp$OfRef.accept(ForEachOps.java:183)
    	at java.base/java.util.stream.ReferencePipeline$3$1.accept(ReferencePipeline.java:197)
    	at java.base/java.util.stream.ReferencePipeline$2$1.accept(ReferencePipeline.java:179)
    	at java.base/java.util.stream.ReferencePipeline$3$1.accept(ReferencePipeline.java:197)
    	at java.base/java.util.stream.ForEachOps$ForEachOp$OfRef.accept(ForEachOps.java:183)
    	at java.base/java.util.stream.ReferencePipeline$3$1.accept(ReferencePipeline.java:197)
    	at java.base/java.util.stream.ReferencePipeline$3$1.accept(ReferencePipeline.java:197)
    	at java.base/java.util.stream.ReferencePipeline$3$1.accept(ReferencePipeline.java:197)
    	at java.base/java.util.stream.ForEachOps$ForEachOp$OfRef.accept(ForEachOps.java:183)
    	at java.base/java.util.stream.ReferencePipeline$3$1.accept(ReferencePipeline.java:197)
    	at java.base/java.util.ArrayList$ArrayListSpliterator.forEachRemaining(ArrayList.java:1625)
    	at java.base/java.util.stream.ReferencePipeline$Head.forEach(ReferencePipeline.java:762)
    	at java.base/java.util.stream.ReferencePipeline$7$1.accept(ReferencePipeline.java:276)
    	at java.base/java.util.stream.ReferencePipeline$3$1.accept(ReferencePipeline.java:197)
    	at java.base/java.util.stream.ReferencePipeline$3$1.accept(ReferencePipeline.java:197)
    	at java.base/java.util.stream.ReferencePipeline$3$1.accept(ReferencePipeline.java:197)
    	at java.base/java.util.Spliterators$ArraySpliterator.forEachRemaining(Spliterators.java:992)
    	at java.base/java.util.stream.AbstractPipeline.copyInto(AbstractPipeline.java:509)
    	at java.base/java.util.stream.AbstractPipeline.wrapAndCopyInto(AbstractPipeline.java:499)
    	at java.base/java.util.stream.ForEachOps$ForEachOp.evaluateSequential(ForEachOps.java:150)
    	at java.base/java.util.stream.ForEachOps$ForEachOp$OfRef.evaluateSequential(ForEachOps.java:173)
    	at java.base/java.util.stream.AbstractPipeline.evaluate(AbstractPipeline.java:234)
    	at java.base/java.util.stream.ReferencePipeline.forEach(ReferencePipeline.java:596)
    	at java.base/java.util.stream.ReferencePipeline$7$1.accept(ReferencePipeline.java:276)
    	at java.base/java.util.stream.ReferencePipeline$3$1.accept(ReferencePipeline.java:197)
    	at java.base/java.util.stream.ReferencePipeline$3$1.accept(ReferencePipeline.java:197)
    	at java.base/java.util.stream.ReferencePipeline$3$1.accept(ReferencePipeline.java:197)
    	at java.base/java.util.ArrayList$ArrayListSpliterator.forEachRemaining(ArrayList.java:1625)
    	at java.base/java.util.stream.AbstractPipeline.copyInto(AbstractPipeline.java:509)
    	at java.base/java.util.stream.AbstractPipeline.wrapAndCopyInto(AbstractPipeline.java:499)
    	at java.base/java.util.stream.ForEachOps$ForEachOp.evaluateSequential(ForEachOps.java:150)
    	at java.base/java.util.stream.ForEachOps$ForEachOp$OfRef.evaluateSequential(ForEachOps.java:173)
    	at java.base/java.util.stream.AbstractPipeline.evaluate(AbstractPipeline.java:234)
    	at java.base/java.util.stream.ReferencePipeline.forEach(ReferencePipeline.java:596)
    	at java.base/java.util.stream.ReferencePipeline$7$1.accept(ReferencePipeline.java:276)
    	at java.base/java.util.ArrayList$ArrayListSpliterator.forEachRemaining(ArrayList.java:1625)
    	at java.base/java.util.stream.AbstractPipeline.copyInto(AbstractPipeline.java:509)
    	at java.base/java.util.stream.AbstractPipeline.wrapAndCopyInto(AbstractPipeline.java:499)
    	at java.base/java.util.stream.ForEachOps$ForEachOp.evaluateSequential(ForEachOps.java:150)
    	at java.base/java.util.stream.ForEachOps$ForEachOp$OfRef.evaluateSequential(ForEachOps.java:173)
    	at java.base/java.util.stream.AbstractPipeline.evaluate(AbstractPipeline.java:234)
    	at java.base/java.util.stream.ReferencePipeline.forEach(ReferencePipeline.java:596)
    	at org.junit.jupiter.engine.descriptor.TestTemplateTestDescriptor.execute(TestTemplateTestDescriptor.java:110)
    	at org.junit.jupiter.engine.descriptor.TestTemplateTestDescriptor.execute(TestTemplateTestDescriptor.java:44)
    	at org.junit.platform.engine.support.hierarchical.NodeTestTask.lambda$executeRecursively$6(NodeTestTask.java:151)
    	at org.junit.platform.engine.support.hierarchical.ThrowableCollector.execute(ThrowableCollector.java:73)
    	at org.junit.platform.engine.support.hierarchical.NodeTestTask.lambda$executeRecursively$8(NodeTestTask.java:141)
    	at org.junit.platform.engine.support.hierarchical.Node.around(Node.java:137)
    	at org.junit.platform.engine.support.hierarchical.NodeTestTask.lambda$executeRecursively$9(NodeTestTask.java:139)
    	at org.junit.platform.engine.support.hierarchical.ThrowableCollector.execute(ThrowableCollector.java:73)
    	at org.junit.platform.engine.support.hierarchical.NodeTestTask.executeRecursively(NodeTestTask.java:138)
    	at org.junit.platform.engine.support.hierarchical.NodeTestTask.execute(NodeTestTask.java:95)
    	at java.base/java.util.ArrayList.forEach(ArrayList.java:1511)
    	at org.junit.platform.engine.support.hierarchical.SameThreadHierarchicalTestExecutorService.invokeAll(SameThreadHierarchicalTestExecutorService.java:41)
    	at org.junit.platform.engine.support.hierarchical.NodeTestTask.lambda$executeRecursively$6(NodeTestTask.java:155)
    	at org.junit.platform.engine.support.hierarchical.ThrowableCollector.execute(ThrowableCollector.java:73)
    	at org.junit.platform.engine.support.hierarchical.NodeTestTask.lambda$executeRecursively$8(NodeTestTask.java:141)
    	at org.junit.platform.engine.support.hierarchical.Node.around(Node.java:137)
    	at org.junit.platform.engine.support.hierarchical.NodeTestTask.lambda$executeRecursively$9(NodeTestTask.java:139)
    	at org.junit.platform.engine.support.hierarchical.ThrowableCollector.execute(ThrowableCollector.java:73)
    	at org.junit.platform.engine.support.hierarchical.NodeTestTask.executeRecursively(NodeTestTask.java:138)
    	at org.junit.platform.engine.support.hierarchical.NodeTestTask.execute(NodeTestTask.java:95)
    	at java.base/java.util.ArrayList.forEach(ArrayList.java:1511)
    	at org.junit.platform.engine.support.hierarchical.SameThreadHierarchicalTestExecutorService.invokeAll(SameThreadHierarchicalTestExecutorService.java:41)
    	at org.junit.platform.engine.support.hierarchical.NodeTestTask.lambda$executeRecursively$6(NodeTestTask.java:155)
    	at org.junit.platform.engine.support.hierarchical.ThrowableCollector.execute(ThrowableCollector.java:73)
    	at org.junit.platform.engine.support.hierarchical.NodeTestTask.lambda$executeRecursively$8(NodeTestTask.java:141)
    	at org.junit.platform.engine.support.hierarchical.Node.around(Node.java:137)
    	at org.junit.platform.engine.support.hierarchical.NodeTestTask.lambda$executeRecursively$9(NodeTestTask.java:139)
    	at org.junit.platform.engine.support.hierarchical.ThrowableCollector.execute(ThrowableCollector.java:73)
    	at org.junit.platform.engine.support.hierarchical.NodeTestTask.executeRecursively(NodeTestTask.java:138)
    	at org.junit.platform.engine.support.hierarchical.NodeTestTask.execute(NodeTestTask.java:95)
    	at org.junit.platform.engine.support.hierarchical.SameThreadHierarchicalTestExecutorService.submit(SameThreadHierarchicalTestExecutorService.java:35)
    	at org.junit.platform.engine.support.hierarchical.HierarchicalTestExecutor.execute(HierarchicalTestExecutor.java:57)
    	at org.junit.platform.engine.support.hierarchical.HierarchicalTestEngine.execute(HierarchicalTestEngine.java:54)
    	at org.junit.platform.launcher.core.EngineExecutionOrchestrator.execute(EngineExecutionOrchestrator.java:198)
    	at org.junit.platform.launcher.core.EngineExecutionOrchestrator.execute(EngineExecutionOrchestrator.java:169)
    	at org.junit.platform.launcher.core.EngineExecutionOrchestrator.execute(EngineExecutionOrchestrator.java:93)
    	at org.junit.platform.launcher.core.EngineExecutionOrchestrator.lambda$execute$0(EngineExecutionOrchestrator.java:58)
    	at org.junit.platform.launcher.core.EngineExecutionOrchestrator.withInterceptedStreams(EngineExecutionOrchestrator.java:141)
    	at org.junit.platform.launcher.core.EngineExecutionOrchestrator.execute(EngineExecutionOrchestrator.java:57)
    	at org.junit.platform.launcher.core.DefaultLauncher.execute(DefaultLauncher.java:103)
    	at org.junit.platform.launcher.core.DefaultLauncher.execute(DefaultLauncher.java:85)
    	at org.junit.platform.launcher.core.DelegatingLauncher.execute(DelegatingLauncher.java:47)
    	at org.gradle.api.internal.tasks.testing.junitplatform.JUnitPlatformTestClassProcessor$CollectAllTestClassesExecutor.processAllTestClasses(JUnitPlatformTestClassProcessor.java:119)
    	at org.gradle.api.internal.tasks.testing.junitplatform.JUnitPlatformTestClassProcessor$CollectAllTestClassesExecutor.access$000(JUnitPlatformTestClassProcessor.java:94)
    	at org.gradle.api.internal.tasks.testing.junitplatform.JUnitPlatformTestClassProcessor.stop(JUnitPlatformTestClassProcessor.java:89)
    	at org.gradle.api.internal.tasks.testing.SuiteTestClassProcessor.stop(SuiteTestClassProcessor.java:62)
    	at java.base/jdk.internal.reflect.DirectMethodHandleAccessor.invoke(DirectMethodHandleAccessor.java:104)
    	at java.base/java.lang.reflect.Method.invoke(Method.java:577)
    	at org.gradle.internal.dispatch.ReflectionDispatch.dispatch(ReflectionDispatch.java:36)
    	at org.gradle.internal.dispatch.ReflectionDispatch.dispatch(ReflectionDispatch.java:24)
    	at org.gradle.internal.dispatch.ContextClassLoaderDispatch.dispatch(ContextClassLoaderDispatch.java:33)
    	at org.gradle.internal.dispatch.ProxyDispatchAdapter$DispatchingInvocationHandler.invoke(ProxyDispatchAdapter.java:94)
    	at jdk.proxy1/jdk.proxy1.$Proxy2.stop(Unknown Source)
    	at org.gradle.api.internal.tasks.testing.worker.TestWorker$3.run(TestWorker.java:193)
    	at org.gradle.api.internal.tasks.testing.worker.TestWorker.executeAndMaintainThreadName(TestWorker.java:129)
    	at org.gradle.api.internal.tasks.testing.worker.TestWorker.execute(TestWorker.java:100)
    	at org.gradle.api.internal.tasks.testing.worker.TestWorker.execute(TestWorker.java:60)
    	at org.gradle.process.internal.worker.child.ActionExecutionWorker.execute(ActionExecutionWorker.java:56)
    	at org.gradle.process.internal.worker.child.SystemApplicationClassLoaderWorker.call(SystemApplicationClassLoaderWorker.java:113)
    	at org.gradle.process.internal.worker.child.SystemApplicationClassLoaderWorker.call(SystemApplicationClassLoaderWorker.java:65)
    	at worker.org.gradle.process.internal.worker.GradleWorkerMain.run(GradleWorkerMain.java:69)
    	at worker.org.gradle.process.internal.worker.GradleWorkerMain.main(GradleWorkerMain.java:74)

LegacyFileLoadTest > testLoadPatchFile(String) > load: patches\4-swept-filters-ramp.spcd STANDARD_OUT
    ; ----------------------------
    ;------ Pot 1
    ;------ Pot 2
    ;------ Input
    ;------ Ramp LFO 0
    SKP RUN ,1
    WLDR 0, 17246, 4096
    RDAX POT1,0.5263222144
    WRAX RMP0_RATE,0.0000000000
    CHO RDAL,2
    WRAX REG0,1.0000000000
    SOF 1.9990000000,-0.5000000000
    ABSA

    Optimization complete: saved 0 instruction(s) and 0 register(s).

LegacyFileLoadTest > testLoadPatchFile(String) > load: patches\4-swept-filters-ramp.spcd STANDARD_ERROR
    ----------------------------------------
    Register compaction report:
      Registers before compaction : 1  (highest was REG0 / 0x20)
      Holes removed               : 0
      Registers after compaction  : 1  (highest is now REG0 / 0x20)
      OK: all registers fit within REG0ûREG31.
    ----------------------------------------
    SpinFXBlock: numRegs updated to 0x21 (REG1)

LegacyFileLoadTest > testLoadPatchFile(String) > load: patches\4-swept-filters-ramp.spcd STANDARD_OUT
      OK: 4-swept-filters-ramp.spcd ù 24 blocks, 8 instr, 1 regs, 0 RAM

LegacyFileLoadTest > testLoadPatchFile(String) > load: patches\4-swept-filters-ramp.spcd PASSED

LegacyFileLoadTest > testLoadPatchFile(String) > load: patches\4-swept-filters.spcd STANDARD_OUT
    Invert code gen!
    Power control code gen! Power:2.0
    Power control code gen! Power:2.0
    Scale Offset code gen!
    SVF 2P code gen!
    Power control code gen! Power:3.0
    Scale Offset code gen!
    Invert code gen!
    Power control code gen! Power:2.0
    Scale Offset code gen!
    SVF 2P code gen!
    SVF 2P code gen!
    Scale Offset code gen!
    SVF 2P code gen!
    Invert code gen!
    ; ----------------------------
    ;------ Pot 1
    ;------ Pot 2
    ;------ Input
    ;------ LFO 0
    SKP RUN ,1
    WLDS 0,121,32767
    RDAX POT1,0.2367906067
    WRAX SIN0_RATE,0.0000000000
    RDAX POT2,1.0000000000
    WRAX SIN0_RANGE,0.0000000000
    CHO RDAL,0
    SOF 0.5000000000,0.5000000000
    WRAX REG0,0.0000000000
    CHO RDAL,8
    SOF 0.5000000000,0.5000000000
    WRAX REG1,0.0000000000
    ;------ Invert
    RDAX REG0,1.0000000000
    SOF -0.9990000000,0.9990000000
    WRAX REG2,0.0000000000
    ;------ Power
    RDAX REG2,1.0000000000
    ;------ ---Invert
    SOF -0.9990234375,0.9990234375
    WRAX REG3,1.0000000000
    MULX REG3
    ;------ ---Flip
    SOF -0.9990234375,0.9990234375
    WRAX REG4,0.0000000000
    ;------ Power
    RDAX REG0,1.0000000000
    ;------ ---Invert
    SOF -0.9990234375,0.9990234375
    WRAX REG5,1.0000000000
    MULX REG5
    ;------ ---Flip
    SOF -0.9990234375,0.9990234375
    WRAX REG6,0.0000000000
    ;------ Scale/Offset
    RDAX REG6,1.0000000000
    SOF 0.3300000000,0.3400000000
    WRAX REG7,0.0000000000
    ;------ SVF 2P
    SOF 0.0000000000,0.0000000000
    RDAX ADCL,1.0000000000
    RDAX REG10,-1.0000000000
    RDAX REG9,-0.1111111111
    WRAX REG8,0.2731747637
    MULX REG7
    RDAX REG9,1.0000000000
    WRAX REG9,0.2731747637
    MULX REG7
    RDAX REG10,1.0000000000
    WRAX REG10,0.0000000000
    ;------ Power
    RDAX REG1,1.0000000000
    WRAX REG11,1.0000000000
    MULX REG11
    MULX REG11
    WRAX REG12,0.0000000000
    ;------ Scale/Offset
    RDAX REG12,1.0000000000
    SOF 0.3300000000,0.3400000000
    WRAX REG13,0.0000000000
    ;------ Invert
    RDAX REG1,1.0000000000
    SOF -0.9990000000,0.9990000000
    WRAX REG14,0.0000000000
    ;------ Power
    RDAX REG14,1.0000000000
    ;------ ---Invert
    SOF -0.9990234375,0.9990234375
    WRAX REG15,1.0000000000
    MULX REG15
    ;------ ---Flip
    SOF -0.9990234375,0.9990234375
    WRAX REG16,0.0000000000
    ;------ Scale/Offset
    RDAX REG16,1.0000000000
    SOF 0.3300000000,0.3400000000
    WRAX REG17,0.0000000000
    ;------ SVF 2P
    SOF 0.0000000000,0.0000000000
    RDAX ADCL,1.0000000000
    RDAX REG20,-1.0000000000
    RDAX REG19,-0.1428571429
    WRAX REG18,0.1104127845
    MULX REG17
    RDAX REG19,1.0000000000
    WRAX REG19,0.1104127845
    MULX REG17
    RDAX REG20,1.0000000000
    WRAX REG20,0.0000000000
    ;------ SVF 2P
    SOF 0.0000000000,0.0000000000
    RDAX ADCL,1.0000000000
    RDAX REG23,-1.0000000000
    RDAX REG22,-0.2000000000
    WRAX REG21,0.1924567371
    MULX REG13
    RDAX REG22,1.0000000000
    WRAX REG22,0.1924567371
    MULX REG13
    RDAX REG23,1.0000000000
    WRAX REG23,0.0000000000
    ;------ Pot 0
    ;------ Scale/Offset
    RDAX REG4,1.0000000000
    SOF 0.3300000000,0.3400000000
    WRAX REG24,0.0000000000
    ;------ SVF 2P
    SOF 0.0000000000,0.0000000000
    RDAX ADCL,1.0000000000
    RDAX REG27,-1.0000000000
    RDAX REG26,-0.1428571429
    WRAX REG25,0.1804001180
    MULX REG24
    RDAX REG26,1.0000000000
    WRAX REG26,0.1804001180
    MULX REG24
    RDAX REG27,1.0000000000
    WRAX REG27,0.0000000000
    ;------ Invert
    RDAX POT0,1.0000000000
    SOF -0.9990000000,0.9990000000
    WRAX REG28,0.0000000000
    ;------ Volume
    RDAX ADCL,1.0000000000
    MULX REG28
    WRAX REG29,0.0000000000
    ;------ Mixer 4:1
    RDAX REG26,1.0000000000
    MULX POT0
    WRAX REG30,0.0000000000
    RDAX REG9,1.0000000000
    MULX POT0
    RDAX REG30,1.0000000000
    WRAX REG30,0.0000000000
    RDAX REG20,1.0000000000
    MULX POT0
    RDAX REG30,1.0000000000
    WRAX REG30,0.0000000000
    RDAX REG21,1.0000000000
    MULX POT0
    RDAX REG30,1.0000000000
    WRAX REG30,0.0000000000
    ;------ Output
    RDAX REG29,1.0000000000
    RDAX REG30,1.0000000000
    WRAX DACL,1.0000000000
    WRAX DACR,0.0000000000

    Optimization complete: saved 10 instruction(s) and 5 register(s).

LegacyFileLoadTest > testLoadPatchFile(String) > load: patches\4-swept-filters.spcd STANDARD_ERROR
    ----------------------------------------
    Register compaction report:
      Registers before compaction : 31  (highest was REG30 / 0x3e)
      Holes removed               : 5
      Registers after compaction  : 26  (highest is now REG25 / 0x39)
      OK: all registers fit within REG0ûREG31.
    ----------------------------------------
    SpinFXBlock: numRegs updated to 0x3a (REG26)

LegacyFileLoadTest > testLoadPatchFile(String) > load: patches\4-swept-filters.spcd STANDARD_OUT
      OK: 4-swept-filters.spcd ù 23 blocks, 112 instr, 26 regs, 0 RAM

LegacyFileLoadTest > testLoadPatchFile(String) > load: patches\4-swept-filters.spcd PASSED

LegacyFileLoadTest > testLoadPatchFile(String) > load: patches\4-voice-chorus-again.spcd STANDARD_OUT
    Scale Offset code gen!
    Scale Offset code gen!
    Mixer 2_1x2 code gen!
    ; ----------------------------
    ;------ Input
    ;------ Pot 0
    ;------ Scale/Offset
    RDAX POT0,1.0000000000
    SOF 0.9000000000,0.1000000000
    WRAX REG0,0.0000000000
    ;------ Scale/Offset
    RDAX POT0,1.0000000000
    SOF -0.6800000000,0.9990000000
    WRAX REG1,0.0000000000
    ;------ 4-voice Chorus
    SKP RUN ,1
    WLDS 0,50,64
    RDAX REG1,0.0028863525
    WRAX SIN0_RANGE,0.0000000000
    RDAX REG0,0.1822700587
    WRAX SIN0_RATE,0.0000000000
    RDAX ADCL,0.5011872336
    WRA 0,0.0
    CHO RDA,0,REG | COMPC,184
    CHO RDA,0,0,185
    WRAX REG2,0.0000000000
    CHO RDA,0,REG | COMPA,232
    CHO RDA,0,COMPC | COMPA,233
    WRAX REG3,0.0000000000
    CHO RDA,0,COS  | REG | COMPC,411
    CHO RDA,0,COS ,412
    WRAX REG4,0.0000000000
    CHO RDA,0,COS  | REG | COMPA,483
    CHO RDA,0,COS  | COMPC | COMPA,484
    WRAX REG5,0.0000000000
    ;------ Pot 1
    ;------ Mixer 2-1x2
    RDAX REG2,1.0000000000
    WRAX REG6,0.0000000000
    RDAX REG3,1.0000000000
    MULX POT1
    RDAX REG6,1.0000000000
    WRAX REG6,0.0000000000
    RDAX REG4,1.0000000000
    WRAX REG7,0.0000000000
    RDAX REG5,1.0000000000
    MULX POT1
    RDAX REG7,1.0000000000
    WRAX REG7,0.0000000000
    ;------ Output
    RDAX REG6,1.0000000000
    RDAX REG7,1.0000000000
    WRAX DACL,1.0000000000
    WRAX DACR,0.0000000000

    Optimization complete: saved 0 instruction(s) and 0 register(s).

LegacyFileLoadTest > testLoadPatchFile(String) > load: patches\4-voice-chorus-again.spcd STANDARD_ERROR
    ----------------------------------------
    Register compaction report:
      Registers before compaction : 8  (highest was REG7 / 0x27)
      Holes removed               : 0
      Registers after compaction  : 8  (highest is now REG7 / 0x27)
      OK: all registers fit within REG0ûREG31.
    ----------------------------------------
    SpinFXBlock: numRegs updated to 0x28 (REG8)

LegacyFileLoadTest > testLoadPatchFile(String) > load: patches\4-voice-chorus-again.spcd STANDARD_OUT
      OK: 4-voice-chorus-again.spcd ù 8 blocks, 42 instr, 8 regs, 666 RAM

LegacyFileLoadTest > testLoadPatchFile(String) > load: patches\4-voice-chorus-again.spcd PASSED

LegacyFileLoadTest > testLoadPatchFile(String) > load: patches\Delay-infinite-fb-demo.spcd SKIPPED

LegacyFileLoadTest > testLoadPatchFile(String) > load: patches\drum-delay.spcd STANDARD_OUT
    Power control code gen! Power:5.0
    Power control code gen! Power:5.0
    Scale Offset code gen!
    ; ----------------------------
    ;------ Input
    ;------ Pot 0
    ;------ Pot 1
    ;------ Power
    RDAX POT1,1.0000000000
    ;------ ---Invert
    SOF -0.9990234375,0.9990234375
    WRAX REG0,1.0000000000
    MULX REG0
    MULX REG0
    MULX REG0
    MULX REG0
    ;------ ---Flip
    SOF -0.9990234375,0.9990234375
    WRAX REG1,0.0000000000
    ;------ Power
    RDAX POT1,1.0000000000
    WRAX REG2,1.0000000000
    MULX REG2
    MULX REG2
    MULX REG2
    MULX REG2
    WRAX REG3,0.0000000000
    ;------ Scale/Offset
    RDAX POT0,1.0000000000
    SOF 0.7900000000,0.2100000000
    WRAX REG4,0.0000000000
    ;------ Feedback Output
    ;------ Pot 2
    ;------ Shelving Lowpass
    RDAX REG5,1.0000000000
    RDFX REG7,0.1819111947
    WRLX REG7,-0.5000000000
    WRAX REG6,0.0000000000
    ;------ Shelving Hipass
    RDAX REG6,1.0000000000
    RDFX REG10,0.0383933837
    WRHX REG10,-0.5000000000
    WRAX REG9,0.0000000000
    ;------ Smoother
    RDAX REG4,1.0000000000
    RDFX REG13,0.0001500000
    WRAX REG13,0.0000000000
    ;------ Shelving Lowpass
    RDAX ADCL,1.0000000000
    RDFX REG15,0.2672701445
    WRLX REG15,-0.9900000000
    WRAX REG14,0.0000000000
    ;------ Allpass
    RDAX REG14,0.7079457844
    RDA 156,0.58
    WRAP 0,-0.58
    RDA 380,0.58
    WRAP 157,-0.58
    RDA 713,0.58
    WRAP 381,-0.58
    RDA 1162,0.58
    WRAP 714,-0.58
    WRAX REG17,0.0000000000
    ;------ ThreeTap
    RDAX REG9,0.8912509381
    MULX POT2
    RDAX REG17,1.0000000000
    WRA 1163,0.0
    CLR
    OR $007FFF00
    MULX REG13
    SOF 0.3917068481,0.0560165405
    WRAX ADDR_PTR,0.0000000000
    RMPA 1.0
    WRAX REG18,0.0000000000
    CLR
    OR $007FFF00
    MULX REG13
    SOF 0.1280881393,0.0421418716
    WRAX ADDR_PTR,0.0000000000
    RMPA 1.0
    WRAX REG19,0.0000000000
    CLR
    OR $007FFF00
    MULX REG13
    SOF 0.2581348129,0.0489864334
    WRAX ADDR_PTR,0.0000000000
    RMPA 1.0
    WRAX REG20,0.0000000000
    ;------ Mixer 3:1
    RDAX REG18,0.7943282347
    MULX REG1
    WRAX REG21,0.0000000000
    RDAX REG19,0.7079457844
    MULX POT1
    RDAX REG21,1.0000000000
    WRAX REG21,0.0000000000
    RDAX REG20,0.6309573445
    MULX REG3
    RDAX REG21,1.0000000000
    WRAX REG21,0.0000000000
    ;------ Mixer 3:1
    RDAX REG20,0.7943282347
    MULX REG1
    WRAX REG22,0.0000000000
    RDAX REG19,0.8912509381
    MULX POT1
    RDAX REG22,1.0000000000
    WRAX REG22,0.0000000000
    RDAX REG18,0.7079457844
    MULX REG3
    RDAX REG22,1.0000000000
    WRAX REG22,0.0000000000
    ;------ Allpass
    RDAX REG18,1.0000000000
    RDA 14831,0.31
    WRAP 14675,-0.31
    RDA 15055,0.31
    WRAP 14832,-0.31
    RDA 15388,0.31
    WRAP 15056,-0.31
    RDA 15837,0.31
    WRAP 15389,-0.31
    WRAX REG23,0.0000000000
    ;------ Mixer 2:1
    RDAX REG21,1.0000000000
    RDAX ADCL,1.0000000000
    WRAX REG24,0.0000000000
    ;------ Mixer 2:1
    RDAX REG22,1.0000000000
    RDAX ADCL,1.0000000000
    WRAX REG25,0.0000000000
    ;------ FB In 1
    RDAX REG23,1.0000000000
    WRAX REG5,0.0000000000
    ;------ Output
    RDAX REG24,1.0000000000
    WRAX DACL,0.0000000000
    RDAX REG25,1.0000000000
    WRAX DACR,0.0000000000

    Optimization complete: saved 3 instruction(s) and 2 register(s).
    Output register optimization complete: saved 4 instruction(s) and 2 register(s).

LegacyFileLoadTest > testLoadPatchFile(String) > load: patches\drum-delay.spcd STANDARD_ERROR
    ----------------------------------------
    Register compaction report:
      Registers before compaction : 24  (highest was REG23 / 0x37)
      Holes removed               : 6
      Registers after compaction  : 18  (highest is now REG17 / 0x31)
      OK: all registers fit within REG0ûREG31.
    ----------------------------------------
    SpinFXBlock: numRegs updated to 0x32 (REG18)

LegacyFileLoadTest > testLoadPatchFile(String) > load: patches\drum-delay.spcd STANDARD_OUT
      OK: drum-delay.spcd ù 21 blocks, 106 instr, 18 regs, 15829 RAM

LegacyFileLoadTest > testLoadPatchFile(String) > load: patches\drum-delay.spcd PASSED

LegacyFileLoadTest > testLoadPatchFile(String) > load: patches\envelope-1-test.spcd STANDARD_OUT
    Envelope control code gen!
    ; ----------------------------
    ;------ Input
    ;------ Pot 0
    ;------ Envelope
    RDAX ADCL,1.0000000000
    MULX POT0
    ABSA
    SOF -2.0000000000,0.0000000000
    SOF -2.0000000000,0.0000000000
    RDFX REG0,0.0000983351
    WRAX REG0,0.0000000000
    RDAX REG1,1.0000000000
    SOF -0.0000983351,0.0000000000
    RDAX REG1,1.0000000000
    WRAX REG2,0.0000000000
    RDAX REG0,1.0000000000
    MAXX REG2,1.0000000000
    WRAX REG1,0.0000000000
    ;------ Output
    RDAX REG1,1.0000000000
    WRAX DACL,0.0000000000
    RDAX REG0,1.0000000000
    WRAX DACR,0.0000000000

    Optimization complete: saved 1 instruction(s) and 0 register(s).

LegacyFileLoadTest > testLoadPatchFile(String) > load: patches\envelope-1-test.spcd STANDARD_ERROR
    ----------------------------------------
    Register compaction report:
      Registers before compaction : 3  (highest was REG2 / 0x22)
      Holes removed               : 0
      Registers after compaction  : 3  (highest is now REG2 / 0x22)
      OK: all registers fit within REG0ûREG31.
    ----------------------------------------
    SpinFXBlock: numRegs updated to 0x23 (REG3)

LegacyFileLoadTest > testLoadPatchFile(String) > load: patches\envelope-1-test.spcd STANDARD_OUT
      OK: envelope-1-test.spcd ù 4 blocks, 17 instr, 3 regs, 0 RAM

LegacyFileLoadTest > testLoadPatchFile(String) > load: patches\envelope-1-test.spcd PASSED

LegacyFileLoadTest > testLoadPatchFile(String) > load: patches\phaser-flanger.spcd SKIPPED

LegacyFileLoadTest > testLoadPatchFile(String) > load: patches\pitch-shift-delay.spcd STANDARD_OUT
    Scale Offset code gen!
    ; ----------------------------
    ;------ Input
    ;------ Pot 0
    ;------ Pot 1
    ;------ Pot 2
    ;------ Scale/Offset
    RDAX POT0,1.0000000000
    SOF 0.7300000000,0.2700000000
    WRAX REG0,0.0000000000
    ;------ Feedback Output
    ;------ Smoother
    RDAX REG0,1.0000000000
    RDFX REG3,0.0000983351
    WRAX REG3,0.0000000000
    ;------ ThreeTap
    RDAX REG1,0.8912509381
    MULX POT1
    RDAX ADCL,1.0000000000
    WRA 0,0.0
    CLR
    OR $007FFF00
    MULX REG3
    SOF 0.3646865845,0.0192245483
    WRAX ADDR_PTR,0.0000000000
    RMPA 1.0
    WRAX REG4,0.0000000000
    CLR
    OR $007FFF00
    MULX REG3
    SOF 0.1816139191,0.0095891449
    WRAX ADDR_PTR,0.0000000000
    RMPA 1.0
    WRAX REG5,0.0000000000
    CLR
    OR $007FFF00
    MULX REG3
    SOF 0.2749736847,0.0145028168
    WRAX ADDR_PTR,0.0000000000
    RMPA 1.0
    WRAX REG6,0.0000000000
    ;------ Pitch_Up_Down
    SKP RUN ,2
    WLDR 1, 16384, 4096
    WLDR 0, -8192, 4096
    LDAX REG4
    WRA 12580,0.0
    CHO RDA,2,REG | COMPC,12580
    CHO RDA,2,0,12581
    WRA 16677,0.0
    CHO RDA,2,COMPC | RPTR2,12580
    CHO RDA,2,RPTR2,12581
    CHO SOF,2,COMPC | NA,0.0
    CHO RDA,2,NA,16677
    WRAX REG7,0.0000000000
    CHO RDA,3,REG | COMPC,12580
    CHO RDA,3,0,12581
    WRA 16677,0.0
    CHO RDA,3,COMPC | RPTR2,12580
    CHO RDA,3,RPTR2,12581
    CHO SOF,3,COMPC | NA,0.0
    CHO RDA,3,NA,16677
    WRAX REG8,0.0000000000
    ;------ Mixer 3:1
    RDAX REG7,0.7079457844
    MULX POT2
    WRAX REG9,0.0000000000
    RDAX REG8,0.8912509381
    MULX POT2
    RDAX REG9,1.0000000000
    WRAX REG9,0.0000000000
    RDAX REG5,1.0000000000
    MULX POT2
    RDAX REG9,1.0000000000
    WRAX REG9,0.0000000000
    ;------ LPF 1P
    RDAX REG8,1.0000000000
    RDFX REG10,0.2779306861
    WRAX REG10,0.0000000000
    ;------ Output
    RDAX ADCL,1.0000000000
    RDAX REG9,1.0000000000
    WRAX DACL,1.0000000000
    WRAX DACR,0.0000000000
    ;------ FB In 1
    RDAX REG10,0.9800000000
    WRAX REG1,0.0000000000

    Optimization complete: saved 2 instruction(s) and 1 register(s).

LegacyFileLoadTest > testLoadPatchFile(String) > load: patches\pitch-shift-delay.spcd STANDARD_ERROR
    ----------------------------------------
    Register compaction report:
      Registers before compaction : 11  (highest was REG10 / 0x2a)
      Holes removed               : 2
      Registers after compaction  : 9  (highest is now REG8 / 0x28)
      OK: all registers fit within REG0ûREG31.
    ----------------------------------------
    SpinFXBlock: numRegs updated to 0x29 (REG9)

LegacyFileLoadTest > testLoadPatchFile(String) > load: patches\pitch-shift-delay.spcd STANDARD_OUT
      OK: pitch-shift-delay.spcd ù 13 blocks, 70 instr, 9 regs, 16676 RAM

LegacyFileLoadTest > testLoadPatchFile(String) > load: patches\pitch-shift-delay.spcd PASSED

LegacyFileLoadTest > testLoadPatchFile(String) > load: patches\slicer-tremolo.spcd STANDARD_OUT
    Scale Offset code gen!
    Scale Offset code gen!
    ; ----------------------------
    ;------ Pot 0
    ;------ Scale/Offset
    RDAX POT0,1.0000000000
    SOF 0.4700000000,0.5300000000
    WRAX REG0,0.0000000000
    ;------ Pot 1
    ;------ LFO 0
    SKP RUN ,1
    WLDS 0,250,32767
    RDAX REG0,0.4892367906
    WRAX SIN0_RATE,0.0000000000
    CHO RDAL,0
    SOF 0.5000000000,0.5000000000
    WRAX REG1,0.0000000000
    ;------ Scale/Offset
    RDAX POT1,1.0000000000
    SOF 0.9000000000,0.1000000000
    WRAX REG2,0.0000000000
    ;------ Input
    ;------ Slicer
    SOF 0.0000000000,0.9500000000
    MULX REG2
    RDAX REG1,-1.0000000000
    SKP NEG,2
    SOF 0.0000000000,0.9990234275
    SKP RUN ,1
    CLR
    WRAX REG3,0.0000000000
    ;------ Smoother
    RDAX REG3,1.0000000000
    RDFX REG6,0.0028321367
    WRAX REG6,0.0000000000
    ;------ Pot 2
    ;------ Tremolizer
    RDAX REG6,0.9900000000
    MULX POT2
    SOF -0.9990000000,0.9990000000
    WRAX REG7,0.0000000000
    ;------ Volume
    RDAX ADCL,1.0000000000
    MULX REG7
    WRAX REG8,0.0000000000
    ;------ Output
    RDAX REG8,1.0000000000
    WRAX DACL,0.0000000000
    RDAX REG8,1.0000000000
    WRAX DACR,0.0000000000

    Optimization complete: saved 3 instruction(s) and 1 register(s).

LegacyFileLoadTest > testLoadPatchFile(String) > load: patches\slicer-tremolo.spcd STANDARD_ERROR
    ----------------------------------------
    Register compaction report:
      Registers before compaction : 9  (highest was REG8 / 0x28)
      Holes removed               : 3
      Registers after compaction  : 6  (highest is now REG5 / 0x25)
      OK: all registers fit within REG0ûREG31.
    ----------------------------------------
    SpinFXBlock: numRegs updated to 0x26 (REG6)

LegacyFileLoadTest > testLoadPatchFile(String) > load: patches\slicer-tremolo.spcd STANDARD_OUT
      OK: slicer-tremolo.spcd ù 12 blocks, 32 instr, 6 regs, 0 RAM

LegacyFileLoadTest > testLoadPatchFile(String) > load: patches\slicer-tremolo.spcd PASSED

LegacyFileLoadTest > testLoadPatchFile(String) > load: patches\three-head-delay-with-cubed.spcd STANDARD_OUT
    Power control code gen! Power:5.0
    Power control code gen! Power:5.0
    Scale Offset code gen!
    Scale Offset code gen!
    ; ----------------------------
    ;------ Input
    ;------ Pot 0
    ;------ Pot 1
    ;------ Power
    RDAX POT1,1.0000000000
    ;------ ---Invert
    SOF -0.9990234375,0.9990234375
    WRAX REG0,1.0000000000
    MULX REG0
    MULX REG0
    MULX REG0
    MULX REG0
    ;------ ---Flip
    SOF -0.9990234375,0.9990234375
    WRAX REG1,0.0000000000
    ;------ Power
    RDAX POT1,1.0000000000
    WRAX REG2,1.0000000000
    MULX REG2
    MULX REG2
    MULX REG2
    MULX REG2
    WRAX REG3,0.0000000000
    ;------ Scale/Offset
    RDAX POT0,1.0000000000
    SOF 0.6300000000,0.3700000000
    WRAX REG4,0.0000000000
    ;------ Feedback Output
    ;------ Pot 2
    ;------ Cube gain
    RDAX REG5,1.0000000000
    WRAX REG6,-0.9333300000
    MULX REG6
    MULX REG6
    RDAX REG6,1.0000000000
    SOF 1.5000000000,0.0000000000
    WRAX REG7,0.0000000000
    ;------ Shelving Lowpass
    RDAX REG7,1.0000000000
    RDFX REG9,0.3060584311
    WRLX REG9,-0.8004737685
    WRAX REG8,0.0000000000
    ;------ Smoother
    RDAX REG4,1.0000000000
    RDFX REG12,0.0001500000
    WRAX REG12,0.0000000000
    ;------ Shelving Lowpass
    RDAX ADCL,1.0000000000
    RDFX REG14,0.2672701445
    WRLX REG14,-0.9900000000
    WRAX REG13,0.0000000000
    ;------ Allpass
    RDAX REG13,0.7079457844
    RDA 223,0.58
    WRAP 0,-0.58
    RDA 556,0.58
    WRAP 224,-0.58
    RDA 1005,0.58
    WRAP 557,-0.58
    WRAX REG16,0.0000000000
    ;------ Scale/Offset
    RDAX POT2,1.0000000000
    SOF 0.7700000000,0.2300000000
    WRAX REG17,0.0000000000
    ;------ Shelving Hipass
    RDAX REG8,1.0000000000
    WRAX REG20,-0.9437658675
    RDFX REG19,0.0550173658
    WRLX REG19,-1.0000000000
    MULX REG17
    RDAX REG20,1.0000000000
    WRAX REG18,0.0000000000
    ;------ ThreeTap
    RDAX REG18,0.8912509381
    MULX POT2
    RDAX REG16,1.0000000000
    WRA 1006,0.0
    CLR
    OR $007FFF00
    MULX REG12
    SOF 0.4502120972,0.0543350220
    WRAX ADDR_PTR,0.0000000000
    RMPA 1.0
    WRAX REG21,0.0000000000
    CLR
    OR $007FFF00
    MULX REG12
    SOF 0.3606198898,0.0496196426
    WRAX ADDR_PTR,0.0000000000
    RMPA 1.0
    WRAX REG22,0.0000000000
    CLR
    OR $007FFF00
    MULX REG12
    SOF 0.1472193558,0.0383880356
    WRAX ADDR_PTR,0.0000000000
    RMPA 1.0
    WRAX REG23,0.0000000000
    ;------ Mixer 3:1
    RDAX REG21,0.7943282347
    MULX REG1
    WRAX REG24,0.0000000000
    RDAX REG22,0.7079457844
    MULX POT1
    RDAX REG24,1.0000000000
    WRAX REG24,0.0000000000
    RDAX REG23,0.6309573445
    MULX REG3
    RDAX REG24,1.0000000000
    WRAX REG24,0.0000000000
    ;------ Mixer 3:1
    RDAX REG23,0.7943282347
    MULX REG1
    WRAX REG25,0.0000000000
    RDAX REG21,0.8912509381
    MULX POT1
    RDAX REG25,1.0000000000
    WRAX REG25,0.0000000000
    RDAX REG22,0.7079457844
    MULX REG3
    RDAX REG25,1.0000000000
    WRAX REG25,0.0000000000
    ;------ Allpass
    RDAX REG21,0.8912509381
    RDA 16692,0.71
    WRAP 16536,-0.71
    RDA 16916,0.71
    WRAP 16693,-0.71
    RDA 17249,0.71
    WRAP 16917,-0.71
    RDA 17698,0.71
    WRAP 17250,-0.71
    WRAX REG26,0.0000000000
    ;------ Mixer 2:1
    RDAX ADCL,1.0000000000
    RDAX REG24,1.0000000000
    WRAX REG27,0.0000000000
    ;------ FB In 1
    RDAX REG26,1.0000000000
    WRAX REG5,0.0000000000
    ;------ Mixer 2:1
    RDAX ADCL,1.0000000000
    RDAX REG25,1.0000000000
    WRAX REG28,0.0000000000
    ;------ Output
    RDAX REG27,1.0000000000
    WRAX DACL,0.0000000000
    RDAX REG28,1.0000000000
    WRAX DACR,0.0000000000

    Optimization complete: saved 4 instruction(s) and 3 register(s).
    Output register optimization complete: saved 4 instruction(s) and 2 register(s).

LegacyFileLoadTest > testLoadPatchFile(String) > load: patches\three-head-delay-with-cubed.spcd STANDARD_ERROR
    ----------------------------------------
    Register compaction report:
      Registers before compaction : 27  (highest was REG26 / 0x3a)
      Holes removed               : 6
      Registers after compaction  : 21  (highest is now REG20 / 0x34)
      OK: all registers fit within REG0ûREG31.
    ----------------------------------------
    SpinFXBlock: numRegs updated to 0x35 (REG21)

LegacyFileLoadTest > testLoadPatchFile(String) > load: patches\three-head-delay-with-cubed.spcd STANDARD_OUT
      OK: three-head-delay-with-cubed.spcd ù 23 blocks, 116 instr, 21 regs, 17691 RAM

LegacyFileLoadTest > testLoadPatchFile(String) > load: patches\three-head-delay-with-cubed.spcd PASSED

LegacyFileLoadTest > testLoadPatchFile(String) > load: patches\three-head-delay-with-limiter.spcd STANDARD_OUT
    Power control code gen! Power:5.0
    Power control code gen! Power:5.0
    Scale Offset code gen!
    Scale Offset code gen!
    ; ----------------------------
    ;------ Input
    ;------ Pot 0
    ;------ Pot 1
    ;------ Power
    RDAX POT1,1.0000000000
    ;------ ---Invert
    SOF -0.9990234375,0.9990234375
    WRAX REG0,1.0000000000
    MULX REG0
    MULX REG0
    MULX REG0
    MULX REG0
    ;------ ---Flip
    SOF -0.9990234375,0.9990234375
    WRAX REG1,0.0000000000
    ;------ Power
    RDAX POT1,1.0000000000
    WRAX REG2,1.0000000000
    MULX REG2
    MULX REG2
    MULX REG2
    MULX REG2
    WRAX REG3,0.0000000000
    ;------ Scale/Offset
    RDAX POT0,1.0000000000
    SOF 0.6300000000,0.3700000000
    WRAX REG4,0.0000000000
    ;------ Feedback Output
    ;------ Pot 2
    ;------ Soft_Knee_Limiter
    RDAX REG5,1.0000000000
    WRAX REG6,1.0000000000
    MULX REG6
    RDFX REG7,0.0010000000
    WRAX REG7,0.0000000000
    SOF 0.0000000000,0.1250000000
    RDAX REG7,1.0000000000
    LOG -0.4,-0.25
    EXP 1.0,0.0
    WRAX REG8,1.0000000000
    MULX REG5
    SOF -2.0000000000,0.0000000000
    SOF -2.0000000000,0.0000000000
    SOF 1.5000000000,0.0000000000
    WRAX REG9,0.0000000000
    ;------ Smoother
    RDAX REG4,1.0000000000
    RDFX REG12,0.0001500000
    WRAX REG12,0.0000000000
    ;------ Allpass
    RDAX ADCL,0.7079457844
    RDA 223,0.58
    WRAP 0,-0.58
    RDA 556,0.58
    WRAP 224,-0.58
    RDA 1005,0.58
    WRAP 557,-0.58
    WRAX REG13,0.0000000000
    ;------ Scale/Offset
    RDAX POT2,1.0000000000
    SOF 0.7700000000,0.2300000000
    WRAX REG14,0.0000000000
    ;------ Shelving Lowpass
    RDAX REG9,1.0000000000
    RDFX REG16,0.3060584311
    WRLX REG16,-0.8004737685
    WRAX REG15,0.0000000000
    ;------ Shelving Hipass
    RDAX REG15,1.0000000000
    WRAX REG20,-0.9437658675
    RDFX REG19,0.0550173658
    WRLX REG19,-1.0000000000
    MULX REG14
    RDAX REG20,1.0000000000
    WRAX REG18,0.0000000000
    ;------ ThreeTap
    RDAX REG18,0.8912509381
    MULX POT2
    RDAX REG13,1.0000000000
    WRA 1006,0.0
    CLR
    OR $007FFF00
    MULX REG12
    SOF 0.4502120972,0.0543350220
    WRAX ADDR_PTR,0.0000000000
    RMPA 1.0
    WRAX REG21,0.0000000000
    CLR
    OR $007FFF00
    MULX REG12
    SOF 0.3606198898,0.0496196426
    WRAX ADDR_PTR,0.0000000000
    RMPA 1.0
    WRAX REG22,0.0000000000
    CLR
    OR $007FFF00
    MULX REG12
    SOF 0.1472193558,0.0383880356
    WRAX ADDR_PTR,0.0000000000
    RMPA 1.0
    WRAX REG23,0.0000000000
    ;------ Mixer 3:1
    RDAX REG23,0.7943282347
    MULX REG1
    WRAX REG24,0.0000000000
    RDAX REG21,0.8912509381
    MULX POT1
    RDAX REG24,1.0000000000
    WRAX REG24,0.0000000000
    RDAX REG22,0.7079457844
    MULX REG3
    RDAX REG24,1.0000000000
    WRAX REG24,0.0000000000
    ;------ Allpass
    RDAX REG21,0.8912509381
    RDA 16692,0.71
    WRAP 16536,-0.71
    RDA 16916,0.71
    WRAP 16693,-0.71
    RDA 17249,0.71
    WRAP 16917,-0.71
    RDA 17698,0.71
    WRAP 17250,-0.71
    WRAX REG25,0.0000000000
    ;------ Mixer 3:1
    RDAX REG21,0.7943282347
    MULX REG1
    WRAX REG26,0.0000000000
    RDAX REG22,0.7079457844
    MULX POT1
    RDAX REG26,1.0000000000
    WRAX REG26,0.0000000000
    RDAX REG23,0.6309573445
    MULX REG3
    RDAX REG26,1.0000000000
    WRAX REG26,0.0000000000
    ;------ FB In 1
    RDAX REG25,1.0000000000
    WRAX REG5,0.0000000000
    ;------ Mixer 2:1
    RDAX ADCL,1.0000000000
    RDAX REG24,1.0000000000
    WRAX REG27,0.0000000000
    ;------ Mixer 2:1
    RDAX ADCL,1.0000000000
    RDAX REG26,1.0000000000
    WRAX REG28,0.0000000000
    ;------ Output
    RDAX REG28,1.0000000000
    WRAX DACL,0.0000000000
    RDAX REG27,1.0000000000
    WRAX DACR,0.0000000000

    Optimization complete: saved 5 instruction(s) and 3 register(s).
    Output register optimization complete: saved 2 instruction(s) and 1 register(s).

LegacyFileLoadTest > testLoadPatchFile(String) > load: patches\three-head-delay-with-limiter.spcd STANDARD_ERROR
    ----------------------------------------
    Register compaction report:
      Registers before compaction : 27  (highest was REG26 / 0x3a)
      Holes removed               : 5
      Registers after compaction  : 22  (highest is now REG21 / 0x35)
      OK: all registers fit within REG0ûREG31.
    ----------------------------------------
    SpinFXBlock: numRegs updated to 0x36 (REG22)

LegacyFileLoadTest > testLoadPatchFile(String) > load: patches\three-head-delay-with-limiter.spcd STANDARD_OUT
      OK: three-head-delay-with-limiter.spcd ù 22 blocks, 121 instr, 22 regs, 17691 RAM

LegacyFileLoadTest > testLoadPatchFile(String) > load: patches\three-head-delay-with-limiter.spcd PASSED

LegacyFileLoadTest > testLoadPatchFile(String) > load: patches\tremolo.spcd STANDARD_OUT
    Scale Offset code gen!
    Power control code gen! Power:3.0
    ; ----------------------------
    ;------ Input
    ;------ Pot 0
    ;------ Pot 1
    ;------ Scale/Offset
    RDAX POT0,1.0000000000
    SOF 0.5500000000,0.4500000000
    WRAX REG0,0.0000000000
    ;------ LFO 0
    SKP RUN ,1
    WLDS 0,201,32767
    RDAX REG0,0.3933463796
    WRAX SIN0_RATE,0.0000000000
    CHO RDAL,0
    SOF 0.5000000000,0.5000000000
    WRAX REG1,0.0000000000
    ;------ Power
    RDAX POT1,1.0000000000
    ;------ ---Invert
    SOF -0.9990234375,0.9990234375
    WRAX REG2,1.0000000000
    MULX REG2
    MULX REG2
    ;------ ---Flip
    SOF -0.9990234375,0.9990234375
    WRAX REG3,0.0000000000
    ;------ Tremolizer
    RDAX REG1,0.9900000000
    MULX REG3
    SOF -0.9990000000,0.9990000000
    WRAX REG4,0.0000000000
    ;------ Volume
    RDAX ADCL,1.0000000000
    MULX REG4
    WRAX REG5,0.0000000000
    ;------ Output
    RDAX REG5,1.0000000000
    RDAX REG5,1.0000000000
    WRAX DACL,1.0000000000
    WRAX DACR,0.0000000000

    Optimization complete: saved 1 instruction(s) and 0 register(s).

LegacyFileLoadTest > testLoadPatchFile(String) > load: patches\tremolo.spcd STANDARD_ERROR
    ----------------------------------------
    Register compaction report:
      Registers before compaction : 6  (highest was REG5 / 0x25)
      Holes removed               : 0
      Registers after compaction  : 6  (highest is now REG5 / 0x25)
      OK: all registers fit within REG0ûREG31.
    ----------------------------------------
    SpinFXBlock: numRegs updated to 0x26 (REG6)

LegacyFileLoadTest > testLoadPatchFile(String) > load: patches\tremolo.spcd STANDARD_OUT
      OK: tremolo.spcd ù 9 blocks, 27 instr, 6 regs, 0 RAM

LegacyFileLoadTest > testLoadPatchFile(String) > load: patches\tremolo.spcd PASSED

LegacyFileLoadTest > testLoadPatchFile(String) > load: patches\vee-control.spcd STANDARD_OUT
    Scale Offset code gen!
    Scale Offset code gen!
    Scale Offset code gen!
    ; ----------------------------
    ;------ Pot 2
    ;------ Input
    ;------ Pot 0
    ;------ Scale/Offset
    RDAX POT0,1.0000000000
    SOF 0.7600000000,0.2400000000
    WRAX REG0,0.0000000000
    ;------ Pot 1
    ;------ Feedback Output
    ;------ Vee
    RDAX POT2,1.0000000000
    SOF -2.0000000000,0.9990200000
    SKP GEZ,1
    CLR
    WRAX REG2,0.0000000000
    SOF 0.0000000000,0.9990200000
    RDAX POT2,-0.9990200000
    SOF -1.9980400000,0.9990200000
    SKP GEZ,1
    CLR
    WRAX REG3,0.0000000000
    ;------ Scale/Offset
    RDAX POT1,1.0000000000
    SOF 0.6000000000,0.4000000000
    WRAX REG4,0.0000000000
    ;------ Scale/Offset
    RDAX POT1,1.0000000000
    SOF 0.7100000000,0.2900000000
    WRAX REG5,0.0000000000
    ;------ Chorus
    SKP RUN ,1
    WLDS 0,50,64
    RDAX REG4,0.0061747559
    WRAX SIN0_RANGE,0.0000000000
    RDAX REG0,0.0828962818
    WRAX SIN0_RATE,0.0000000000
    LDAX ADCL
    WRA 0,0.0
    CHO RDA,0,REG | COMPC,507
    CHO RDA,0,0,508
    WRAX REG6,0.0000000000
    ;------ Flanger
    SKP RUN ,1
    WLDS 1,40,13
    RDAX REG5,0.0004072994
    WRAX SIN1_RANGE,0.0000000000
    RDAX REG0,0.0801956947
    WRAX SIN1_RATE,0.0000000000
    RDAX REG1,0.7943282347
    RDAX ADCL,1.0000000000
    WRA 1014,0.0
    CHO RDA,1,REG | COMPC,1030
    CHO RDA,1,0,1031
    WRAX REG7,0.0000000000
    ;------ Phase_Invert
    RDAX REG7,-1.0000000000
    WRAX REG8,0.0000000000
    ;------ Mixer 3:1
    RDAX ADCL,1.0000000000
    WRAX REG9,0.0000000000
    RDAX REG6,1.0000000000
    MULX REG2
    RDAX REG9,1.0000000000
    WRAX REG9,0.0000000000
    RDAX REG8,1.0000000000
    MULX REG3
    RDAX REG9,1.0000000000
    WRAX REG9,0.0000000000
    ;------ Output
    RDAX REG9,1.0000000000
    WRAX DACL,0.0000000000
    RDAX REG9,1.0000000000
    WRAX DACR,0.0000000000
    ;------ FB In 1
    RDAX REG7,1.0000000000
    WRAX REG1,0.0000000000

    Optimization complete: saved 1 instruction(s) and 0 register(s).
    Output register optimization complete: saved 1 instruction(s) and 0 register(s).

LegacyFileLoadTest > testLoadPatchFile(String) > load: patches\vee-control.spcd STANDARD_ERROR
    ----------------------------------------
    Register compaction report:
      Registers before compaction : 10  (highest was REG9 / 0x29)
      Holes removed               : 0
      Registers after compaction  : 10  (highest is now REG9 / 0x29)
      OK: all registers fit within REG0ûREG31.
    ----------------------------------------
    SpinFXBlock: numRegs updated to 0x2a (REG10)

LegacyFileLoadTest > testLoadPatchFile(String) > load: patches\vee-control.spcd STANDARD_OUT
      OK: vee-control.spcd ù 15 blocks, 59 instr, 10 regs, 1045 RAM

LegacyFileLoadTest > testLoadPatchFile(String) > load: patches\vee-control.spcd PASSED

LegacyFileLoadTest > testLoadPatchFile(String) > load: src\test\resources\patches\2-4-voice-choruses-in-parallel-mono.spcd SKIPPED

LegacyFileLoadTest > testLoadPatchFile(String) > load: src\test\resources\patches\2-4-voice-choruses-in-parallel.spcd STANDARD_OUT
    Couldn't find Voice_1

LegacyFileLoadTest > testLoadPatchFile(String) > load: src\test\resources\patches\2-4-voice-choruses-in-parallel.spcd STANDARD_ERROR
    java.lang.NullPointerException: Cannot invoke "com.holycityaudio.SpinCAD.SpinCADPin.isConnected()" because the return value of "com.holycityaudio.SpinCAD.CADBlocks.ChorusQuadCADBlock.getPin(String)" is null
    	at com.holycityaudio.SpinCAD.CADBlocks.ChorusQuadCADBlock.generateCode(ChorusQuadCADBlock.java:149)
    	at com.holycityaudio.SpinCAD.SpinCADModel.generateCode(SpinCADModel.java:293)
    	at com.holycityaudio.SpinCAD.SpinCADModel.sortAlignGen(SpinCADModel.java:189)
    	at com.holycityaudio.SpinCAD.LegacyFileLoadTest.testLoadPatchFile(LegacyFileLoadTest.java:94)
    	at java.base/jdk.internal.reflect.DirectMethodHandleAccessor.invoke(DirectMethodHandleAccessor.java:104)
    	at java.base/java.lang.reflect.Method.invoke(Method.java:577)
    	at org.junit.platform.commons.util.ReflectionUtils.invokeMethod(ReflectionUtils.java:728)
    	at org.junit.jupiter.engine.execution.MethodInvocation.proceed(MethodInvocation.java:60)
    	at org.junit.jupiter.engine.execution.InvocationInterceptorChain$ValidatingInvocation.proceed(InvocationInterceptorChain.java:131)
    	at org.junit.jupiter.engine.extension.TimeoutExtension.intercept(TimeoutExtension.java:156)
    	at org.junit.jupiter.engine.extension.TimeoutExtension.interceptTestableMethod(TimeoutExtension.java:147)
    	at org.junit.jupiter.engine.extension.TimeoutExtension.interceptTestTemplateMethod(TimeoutExtension.java:94)
    	at org.junit.jupiter.engine.execution.InterceptingExecutableInvoker$ReflectiveInterceptorCall.lambda$ofVoidMethod$0(InterceptingExecutableInvoker.java:103)
    	at org.junit.jupiter.engine.execution.InterceptingExecutableInvoker.lambda$invoke$0(InterceptingExecutableInvoker.java:93)
    	at org.junit.jupiter.engine.execution.InvocationInterceptorChain$InterceptedInvocation.proceed(InvocationInterceptorChain.java:106)
    	at org.junit.jupiter.engine.execution.InvocationInterceptorChain.proceed(InvocationInterceptorChain.java:64)
    	at org.junit.jupiter.engine.execution.InvocationInterceptorChain.chainAndInvoke(InvocationInterceptorChain.java:45)
    	at org.junit.jupiter.engine.execution.InvocationInterceptorChain.invoke(InvocationInterceptorChain.java:37)
    	at org.junit.jupiter.engine.execution.InterceptingExecutableInvoker.invoke(InterceptingExecutableInvoker.java:92)
    	at org.junit.jupiter.engine.execution.InterceptingExecutableInvoker.invoke(InterceptingExecutableInvoker.java:86)
    	at org.junit.jupiter.engine.descriptor.TestMethodTestDescriptor.lambda$invokeTestMethod$7(TestMethodTestDescriptor.java:218)
    	at org.junit.platform.engine.support.hierarchical.ThrowableCollector.execute(ThrowableCollector.java:73)
    	at org.junit.jupiter.engine.descriptor.TestMethodTestDescriptor.invokeTestMethod(TestMethodTestDescriptor.java:214)
    	at org.junit.jupiter.engine.descriptor.TestMethodTestDescriptor.execute(TestMethodTestDescriptor.java:139)
    	at org.junit.jupiter.engine.descriptor.TestMethodTestDescriptor.execute(TestMethodTestDescriptor.java:69)
    	at org.junit.platform.engine.support.hierarchical.NodeTestTask.lambda$executeRecursively$6(NodeTestTask.java:151)
    	at org.junit.platform.engine.support.hierarchical.ThrowableCollector.execute(ThrowableCollector.java:73)
    	at org.junit.platform.engine.support.hierarchical.NodeTestTask.lambda$executeRecursively$8(NodeTestTask.java:141)
    	at org.junit.platform.engine.support.hierarchical.Node.around(Node.java:137)
    	at org.junit.platform.engine.support.hierarchical.NodeTestTask.lambda$executeRecursively$9(NodeTestTask.java:139)
    	at org.junit.platform.engine.support.hierarchical.ThrowableCollector.execute(ThrowableCollector.java:73)
    	at org.junit.platform.engine.support.hierarchical.NodeTestTask.executeRecursively(NodeTestTask.java:138)
    	at org.junit.platform.engine.support.hierarchical.NodeTestTask.execute(NodeTestTask.java:95)
    	at org.junit.platform.engine.support.hierarchical.SameThreadHierarchicalTestExecutorService.submit(SameThreadHierarchicalTestExecutorService.java:35)
    	at org.junit.platform.engine.support.hierarchical.NodeTestTask$DefaultDynamicTestExecutor.execute(NodeTestTask.java:226)
    	at org.junit.platform.engine.support.hierarchical.NodeTestTask$DefaultDynamicTestExecutor.execute(NodeTestTask.java:204)
    	at org.junit.jupiter.engine.descriptor.TestTemplateTestDescriptor.execute(TestTemplateTestDescriptor.java:142)
    	at org.junit.jupiter.engine.descriptor.TestTemplateTestDescriptor.lambda$execute$2(TestTemplateTestDescriptor.java:110)
    	at java.base/java.util.stream.ForEachOps$ForEachOp$OfRef.accept(ForEachOps.java:183)
    	at java.base/java.util.stream.ReferencePipeline$3$1.accept(ReferencePipeline.java:197)
    	at java.base/java.util.stream.ReferencePipeline$2$1.accept(ReferencePipeline.java:179)
    	at java.base/java.util.stream.ReferencePipeline$3$1.accept(ReferencePipeline.java:197)
    	at java.base/java.util.stream.ForEachOps$ForEachOp$OfRef.accept(ForEachOps.java:183)
    	at java.base/java.util.stream.ReferencePipeline$3$1.accept(ReferencePipeline.java:197)
    	at java.base/java.util.stream.ReferencePipeline$3$1.accept(ReferencePipeline.java:197)
    	at java.base/java.util.stream.ReferencePipeline$3$1.accept(ReferencePipeline.java:197)
    	at java.base/java.util.stream.ForEachOps$ForEachOp$OfRef.accept(ForEachOps.java:183)
    	at java.base/java.util.stream.ReferencePipeline$3$1.accept(ReferencePipeline.java:197)
    	at java.base/java.util.ArrayList$ArrayListSpliterator.forEachRemaining(ArrayList.java:1625)
    	at java.base/java.util.stream.ReferencePipeline$Head.forEach(ReferencePipeline.java:762)
    	at java.base/java.util.stream.ReferencePipeline$7$1.accept(ReferencePipeline.java:276)
    	at java.base/java.util.stream.ReferencePipeline$3$1.accept(ReferencePipeline.java:197)
    	at java.base/java.util.stream.ReferencePipeline$3$1.accept(ReferencePipeline.java:197)
    	at java.base/java.util.stream.ReferencePipeline$3$1.accept(ReferencePipeline.java:197)
    	at java.base/java.util.Spliterators$ArraySpliterator.forEachRemaining(Spliterators.java:992)
    	at java.base/java.util.stream.AbstractPipeline.copyInto(AbstractPipeline.java:509)
    	at java.base/java.util.stream.AbstractPipeline.wrapAndCopyInto(AbstractPipeline.java:499)
    	at java.base/java.util.stream.ForEachOps$ForEachOp.evaluateSequential(ForEachOps.java:150)
    	at java.base/java.util.stream.ForEachOps$ForEachOp$OfRef.evaluateSequential(ForEachOps.java:173)
    	at java.base/java.util.stream.AbstractPipeline.evaluate(AbstractPipeline.java:234)
    	at java.base/java.util.stream.ReferencePipeline.forEach(ReferencePipeline.java:596)
    	at java.base/java.util.stream.ReferencePipeline$7$1.accept(ReferencePipeline.java:276)
    	at java.base/java.util.stream.ReferencePipeline$3$1.accept(ReferencePipeline.java:197)
    	at java.base/java.util.stream.ReferencePipeline$3$1.accept(ReferencePipeline.java:197)
    	at java.base/java.util.stream.ReferencePipeline$3$1.accept(ReferencePipeline.java:197)
    	at java.base/java.util.ArrayList$ArrayListSpliterator.forEachRemaining(ArrayList.java:1625)
    	at java.base/java.util.stream.AbstractPipeline.copyInto(AbstractPipeline.java:509)
    	at java.base/java.util.stream.AbstractPipeline.wrapAndCopyInto(AbstractPipeline.java:499)
    	at java.base/java.util.stream.ForEachOps$ForEachOp.evaluateSequential(ForEachOps.java:150)
    	at java.base/java.util.stream.ForEachOps$ForEachOp$OfRef.evaluateSequential(ForEachOps.java:173)
    	at java.base/java.util.stream.AbstractPipeline.evaluate(AbstractPipeline.java:234)
    	at java.base/java.util.stream.ReferencePipeline.forEach(ReferencePipeline.java:596)
    	at java.base/java.util.stream.ReferencePipeline$7$1.accept(ReferencePipeline.java:276)
    	at java.base/java.util.ArrayList$ArrayListSpliterator.forEachRemaining(ArrayList.java:1625)
    	at java.base/java.util.stream.AbstractPipeline.copyInto(AbstractPipeline.java:509)
    	at java.base/java.util.stream.AbstractPipeline.wrapAndCopyInto(AbstractPipeline.java:499)
    	at java.base/java.util.stream.ForEachOps$ForEachOp.evaluateSequential(ForEachOps.java:150)
    	at java.base/java.util.stream.ForEachOps$ForEachOp$OfRef.evaluateSequential(ForEachOps.java:173)
    	at java.base/java.util.stream.AbstractPipeline.evaluate(AbstractPipeline.java:234)
    	at java.base/java.util.stream.ReferencePipeline.forEach(ReferencePipeline.java:596)
    	at org.junit.jupiter.engine.descriptor.TestTemplateTestDescriptor.execute(TestTemplateTestDescriptor.java:110)
    	at org.junit.jupiter.engine.descriptor.TestTemplateTestDescriptor.execute(TestTemplateTestDescriptor.java:44)
    	at org.junit.platform.engine.support.hierarchical.NodeTestTask.lambda$executeRecursively$6(NodeTestTask.java:151)
    	at org.junit.platform.engine.support.hierarchical.ThrowableCollector.execute(ThrowableCollector.java:73)
    	at org.junit.platform.engine.support.hierarchical.NodeTestTask.lambda$executeRecursively$8(NodeTestTask.java:141)
    	at org.junit.platform.engine.support.hierarchical.Node.around(Node.java:137)
    	at org.junit.platform.engine.support.hierarchical.NodeTestTask.lambda$executeRecursively$9(NodeTestTask.java:139)
    	at org.junit.platform.engine.support.hierarchical.ThrowableCollector.execute(ThrowableCollector.java:73)
    	at org.junit.platform.engine.support.hierarchical.NodeTestTask.executeRecursively(NodeTestTask.java:138)
    	at org.junit.platform.engine.support.hierarchical.NodeTestTask.execute(NodeTestTask.java:95)
    	at java.base/java.util.ArrayList.forEach(ArrayList.java:1511)
    	at org.junit.platform.engine.support.hierarchical.SameThreadHierarchicalTestExecutorService.invokeAll(SameThreadHierarchicalTestExecutorService.java:41)
    	at org.junit.platform.engine.support.hierarchical.NodeTestTask.lambda$executeRecursively$6(NodeTestTask.java:155)
    	at org.junit.platform.engine.support.hierarchical.ThrowableCollector.execute(ThrowableCollector.java:73)
    	at org.junit.platform.engine.support.hierarchical.NodeTestTask.lambda$executeRecursively$8(NodeTestTask.java:141)
    	at org.junit.platform.engine.support.hierarchical.Node.around(Node.java:137)
    	at org.junit.platform.engine.support.hierarchical.NodeTestTask.lambda$executeRecursively$9(NodeTestTask.java:139)
    	at org.junit.platform.engine.support.hierarchical.ThrowableCollector.execute(ThrowableCollector.java:73)
    	at org.junit.platform.engine.support.hierarchical.NodeTestTask.executeRecursively(NodeTestTask.java:138)
    	at org.junit.platform.engine.support.hierarchical.NodeTestTask.execute(NodeTestTask.java:95)
    	at java.base/java.util.ArrayList.forEach(ArrayList.java:1511)
    	at org.junit.platform.engine.support.hierarchical.SameThreadHierarchicalTestExecutorService.invokeAll(SameThreadHierarchicalTestExecutorService.java:41)
    	at org.junit.platform.engine.support.hierarchical.NodeTestTask.lambda$executeRecursively$6(NodeTestTask.java:155)
    	at org.junit.platform.engine.support.hierarchical.ThrowableCollector.execute(ThrowableCollector.java:73)
    	at org.junit.platform.engine.support.hierarchical.NodeTestTask.lambda$executeRecursively$8(NodeTestTask.java:141)
    	at org.junit.platform.engine.support.hierarchical.Node.around(Node.java:137)
    	at org.junit.platform.engine.support.hierarchical.NodeTestTask.lambda$executeRecursively$9(NodeTestTask.java:139)
    	at org.junit.platform.engine.support.hierarchical.ThrowableCollector.execute(ThrowableCollector.java:73)
    	at org.junit.platform.engine.support.hierarchical.NodeTestTask.executeRecursively(NodeTestTask.java:138)
    	at org.junit.platform.engine.support.hierarchical.NodeTestTask.execute(NodeTestTask.java:95)
    	at org.junit.platform.engine.support.hierarchical.SameThreadHierarchicalTestExecutorService.submit(SameThreadHierarchicalTestExecutorService.java:35)
    	at org.junit.platform.engine.support.hierarchical.HierarchicalTestExecutor.execute(HierarchicalTestExecutor.java:57)
    	at org.junit.platform.engine.support.hierarchical.HierarchicalTestEngine.execute(HierarchicalTestEngine.java:54)
    	at org.junit.platform.launcher.core.EngineExecutionOrchestrator.execute(EngineExecutionOrchestrator.java:198)
    	at org.junit.platform.launcher.core.EngineExecutionOrchestrator.execute(EngineExecutionOrchestrator.java:169)
    	at org.junit.platform.launcher.core.EngineExecutionOrchestrator.execute(EngineExecutionOrchestrator.java:93)
    	at org.junit.platform.launcher.core.EngineExecutionOrchestrator.lambda$execute$0(EngineExecutionOrchestrator.java:58)
    	at org.junit.platform.launcher.core.EngineExecutionOrchestrator.withInterceptedStreams(EngineExecutionOrchestrator.java:141)
    	at org.junit.platform.launcher.core.EngineExecutionOrchestrator.execute(EngineExecutionOrchestrator.java:57)
    	at org.junit.platform.launcher.core.DefaultLauncher.execute(DefaultLauncher.java:103)
    	at org.junit.platform.launcher.core.DefaultLauncher.execute(DefaultLauncher.java:85)
    	at org.junit.platform.launcher.core.DelegatingLauncher.execute(DelegatingLauncher.java:47)
    	at org.gradle.api.internal.tasks.testing.junitplatform.JUnitPlatformTestClassProcessor$CollectAllTestClassesExecutor.processAllTestClasses(JUnitPlatformTestClassProcessor.java:119)
    	at org.gradle.api.internal.tasks.testing.junitplatform.JUnitPlatformTestClassProcessor$CollectAllTestClassesExecutor.access$000(JUnitPlatformTestClassProcessor.java:94)
    	at org.gradle.api.internal.tasks.testing.junitplatform.JUnitPlatformTestClassProcessor.stop(JUnitPlatformTestClassProcessor.java:89)
    	at org.gradle.api.internal.tasks.testing.SuiteTestClassProcessor.stop(SuiteTestClassProcessor.java:62)
    	at java.base/jdk.internal.reflect.DirectMethodHandleAccessor.invoke(DirectMethodHandleAccessor.java:104)
    	at java.base/java.lang.reflect.Method.invoke(Method.java:577)
    	at org.gradle.internal.dispatch.ReflectionDispatch.dispatch(ReflectionDispatch.java:36)
    	at org.gradle.internal.dispatch.ReflectionDispatch.dispatch(ReflectionDispatch.java:24)
    	at org.gradle.internal.dispatch.ContextClassLoaderDispatch.dispatch(ContextClassLoaderDispatch.java:33)
    	at org.gradle.internal.dispatch.ProxyDispatchAdapter$DispatchingInvocationHandler.invoke(ProxyDispatchAdapter.java:94)
    	at jdk.proxy1/jdk.proxy1.$Proxy2.stop(Unknown Source)
    	at org.gradle.api.internal.tasks.testing.worker.TestWorker$3.run(TestWorker.java:193)
    	at org.gradle.api.internal.tasks.testing.worker.TestWorker.executeAndMaintainThreadName(TestWorker.java:129)
    	at org.gradle.api.internal.tasks.testing.worker.TestWorker.execute(TestWorker.java:100)
    	at org.gradle.api.internal.tasks.testing.worker.TestWorker.execute(TestWorker.java:60)
    	at org.gradle.process.internal.worker.child.ActionExecutionWorker.execute(ActionExecutionWorker.java:56)
    	at org.gradle.process.internal.worker.child.SystemApplicationClassLoaderWorker.call(SystemApplicationClassLoaderWorker.java:113)
    	at org.gradle.process.internal.worker.child.SystemApplicationClassLoaderWorker.call(SystemApplicationClassLoaderWorker.java:65)
    	at worker.org.gradle.process.internal.worker.GradleWorkerMain.run(GradleWorkerMain.java:69)
    	at worker.org.gradle.process.internal.worker.GradleWorkerMain.main(GradleWorkerMain.java:74)

LegacyFileLoadTest > testLoadPatchFile(String) > load: src\test\resources\patches\2-4-voice-choruses-in-parallel.spcd STANDARD_OUT
    ; ----------------------------
    ;------ Input
    ;------ Pot 0
    ;------ Pot 1
    ;------ 4-voice Chorus
    SKP RUN ,1
    WLDS 1,50,64
    RDAX POT1,0.0039062500
    WRAX SIN1_RANGE,0.0000000000
    RDAX POT0,0.2629158513
    WRAX SIN1_RATE,0.0000000000
    RDAX ADCL,0.0000000000
    WRA 0,0.0

    Optimization complete: saved 0 instruction(s) and 0 register(s).

LegacyFileLoadTest > testLoadPatchFile(String) > load: src\test\resources\patches\2-4-voice-choruses-in-parallel.spcd STANDARD_ERROR
    compactRegisters: no user registers found, nothing to compact.

LegacyFileLoadTest > testLoadPatchFile(String) > load: src\test\resources\patches\2-4-voice-choruses-in-parallel.spcd STANDARD_OUT
      OK: 2-4-voice-choruses-in-parallel.spcd ù 8 blocks, 8 instr, 0 regs, 1471 RAM

LegacyFileLoadTest > testLoadPatchFile(String) > load: src\test\resources\patches\2-4-voice-choruses-in-parallel.spcd PASSED

LegacyFileLoadTest > testLoadPatchFile(String) > load: src\test\resources\patches\2-4-voice-choruses-in-series.spcd STANDARD_OUT
    Couldn't find Voice_1

LegacyFileLoadTest > testLoadPatchFile(String) > load: src\test\resources\patches\2-4-voice-choruses-in-series.spcd STANDARD_ERROR
    java.lang.NullPointerException: Cannot invoke "com.holycityaudio.SpinCAD.SpinCADPin.isConnected()" because the return value of "com.holycityaudio.SpinCAD.CADBlocks.ChorusQuadCADBlock.getPin(String)" is null
    	at com.holycityaudio.SpinCAD.CADBlocks.ChorusQuadCADBlock.generateCode(ChorusQuadCADBlock.java:149)
    	at com.holycityaudio.SpinCAD.SpinCADModel.generateCode(SpinCADModel.java:293)
    	at com.holycityaudio.SpinCAD.SpinCADModel.sortAlignGen(SpinCADModel.java:189)
    	at com.holycityaudio.SpinCAD.LegacyFileLoadTest.testLoadPatchFile(LegacyFileLoadTest.java:94)
    	at java.base/jdk.internal.reflect.DirectMethodHandleAccessor.invoke(DirectMethodHandleAccessor.java:104)
    	at java.base/java.lang.reflect.Method.invoke(Method.java:577)
    	at org.junit.platform.commons.util.ReflectionUtils.invokeMethod(ReflectionUtils.java:728)
    	at org.junit.jupiter.engine.execution.MethodInvocation.proceed(MethodInvocation.java:60)
    	at org.junit.jupiter.engine.execution.InvocationInterceptorChain$ValidatingInvocation.proceed(InvocationInterceptorChain.java:131)
    	at org.junit.jupiter.engine.extension.TimeoutExtension.intercept(TimeoutExtension.java:156)
    	at org.junit.jupiter.engine.extension.TimeoutExtension.interceptTestableMethod(TimeoutExtension.java:147)
    	at org.junit.jupiter.engine.extension.TimeoutExtension.interceptTestTemplateMethod(TimeoutExtension.java:94)
    	at org.junit.jupiter.engine.execution.InterceptingExecutableInvoker$ReflectiveInterceptorCall.lambda$ofVoidMethod$0(InterceptingExecutableInvoker.java:103)
    	at org.junit.jupiter.engine.execution.InterceptingExecutableInvoker.lambda$invoke$0(InterceptingExecutableInvoker.java:93)
    	at org.junit.jupiter.engine.execution.InvocationInterceptorChain$InterceptedInvocation.proceed(InvocationInterceptorChain.java:106)
    	at org.junit.jupiter.engine.execution.InvocationInterceptorChain.proceed(InvocationInterceptorChain.java:64)
    	at org.junit.jupiter.engine.execution.InvocationInterceptorChain.chainAndInvoke(InvocationInterceptorChain.java:45)
    	at org.junit.jupiter.engine.execution.InvocationInterceptorChain.invoke(InvocationInterceptorChain.java:37)
    	at org.junit.jupiter.engine.execution.InterceptingExecutableInvoker.invoke(InterceptingExecutableInvoker.java:92)
    	at org.junit.jupiter.engine.execution.InterceptingExecutableInvoker.invoke(InterceptingExecutableInvoker.java:86)
    	at org.junit.jupiter.engine.descriptor.TestMethodTestDescriptor.lambda$invokeTestMethod$7(TestMethodTestDescriptor.java:218)
    	at org.junit.platform.engine.support.hierarchical.ThrowableCollector.execute(ThrowableCollector.java:73)
    	at org.junit.jupiter.engine.descriptor.TestMethodTestDescriptor.invokeTestMethod(TestMethodTestDescriptor.java:214)
    	at org.junit.jupiter.engine.descriptor.TestMethodTestDescriptor.execute(TestMethodTestDescriptor.java:139)
    	at org.junit.jupiter.engine.descriptor.TestMethodTestDescriptor.execute(TestMethodTestDescriptor.java:69)
    	at org.junit.platform.engine.support.hierarchical.NodeTestTask.lambda$executeRecursively$6(NodeTestTask.java:151)
    	at org.junit.platform.engine.support.hierarchical.ThrowableCollector.execute(ThrowableCollector.java:73)
    	at org.junit.platform.engine.support.hierarchical.NodeTestTask.lambda$executeRecursively$8(NodeTestTask.java:141)
    	at org.junit.platform.engine.support.hierarchical.Node.around(Node.java:137)
    	at org.junit.platform.engine.support.hierarchical.NodeTestTask.lambda$executeRecursively$9(NodeTestTask.java:139)
    	at org.junit.platform.engine.support.hierarchical.ThrowableCollector.execute(ThrowableCollector.java:73)
    	at org.junit.platform.engine.support.hierarchical.NodeTestTask.executeRecursively(NodeTestTask.java:138)
    	at org.junit.platform.engine.support.hierarchical.NodeTestTask.execute(NodeTestTask.java:95)
    	at org.junit.platform.engine.support.hierarchical.SameThreadHierarchicalTestExecutorService.submit(SameThreadHierarchicalTestExecutorService.java:35)
    	at org.junit.platform.engine.support.hierarchical.NodeTestTask$DefaultDynamicTestExecutor.execute(NodeTestTask.java:226)
    	at org.junit.platform.engine.support.hierarchical.NodeTestTask$DefaultDynamicTestExecutor.execute(NodeTestTask.java:204)
    	at org.junit.jupiter.engine.descriptor.TestTemplateTestDescriptor.execute(TestTemplateTestDescriptor.java:142)
    	at org.junit.jupiter.engine.descriptor.TestTemplateTestDescriptor.lambda$execute$2(TestTemplateTestDescriptor.java:110)
    	at java.base/java.util.stream.ForEachOps$ForEachOp$OfRef.accept(ForEachOps.java:183)
    	at java.base/java.util.stream.ReferencePipeline$3$1.accept(ReferencePipeline.java:197)
    	at java.base/java.util.stream.ReferencePipeline$2$1.accept(ReferencePipeline.java:179)
    	at java.base/java.util.stream.ReferencePipeline$3$1.accept(ReferencePipeline.java:197)
    	at java.base/java.util.stream.ForEachOps$ForEachOp$OfRef.accept(ForEachOps.java:183)
    	at java.base/java.util.stream.ReferencePipeline$3$1.accept(ReferencePipeline.java:197)
    	at java.base/java.util.stream.ReferencePipeline$3$1.accept(ReferencePipeline.java:197)
    	at java.base/java.util.stream.ReferencePipeline$3$1.accept(ReferencePipeline.java:197)
    	at java.base/java.util.stream.ForEachOps$ForEachOp$OfRef.accept(ForEachOps.java:183)
    	at java.base/java.util.stream.ReferencePipeline$3$1.accept(ReferencePipeline.java:197)
    	at java.base/java.util.ArrayList$ArrayListSpliterator.forEachRemaining(ArrayList.java:1625)
    	at java.base/java.util.stream.ReferencePipeline$Head.forEach(ReferencePipeline.java:762)
    	at java.base/java.util.stream.ReferencePipeline$7$1.accept(ReferencePipeline.java:276)
    	at java.base/java.util.stream.ReferencePipeline$3$1.accept(ReferencePipeline.java:197)
    	at java.base/java.util.stream.ReferencePipeline$3$1.accept(ReferencePipeline.java:197)
    	at java.base/java.util.stream.ReferencePipeline$3$1.accept(ReferencePipeline.java:197)
    	at java.base/java.util.Spliterators$ArraySpliterator.forEachRemaining(Spliterators.java:992)
    	at java.base/java.util.stream.AbstractPipeline.copyInto(AbstractPipeline.java:509)
    	at java.base/java.util.stream.AbstractPipeline.wrapAndCopyInto(AbstractPipeline.java:499)
    	at java.base/java.util.stream.ForEachOps$ForEachOp.evaluateSequential(ForEachOps.java:150)
    	at java.base/java.util.stream.ForEachOps$ForEachOp$OfRef.evaluateSequential(ForEachOps.java:173)
    	at java.base/java.util.stream.AbstractPipeline.evaluate(AbstractPipeline.java:234)
    	at java.base/java.util.stream.ReferencePipeline.forEach(ReferencePipeline.java:596)
    	at java.base/java.util.stream.ReferencePipeline$7$1.accept(ReferencePipeline.java:276)
    	at java.base/java.util.stream.ReferencePipeline$3$1.accept(ReferencePipeline.java:197)
    	at java.base/java.util.stream.ReferencePipeline$3$1.accept(ReferencePipeline.java:197)
    	at java.base/java.util.stream.ReferencePipeline$3$1.accept(ReferencePipeline.java:197)
    	at java.base/java.util.ArrayList$ArrayListSpliterator.forEachRemaining(ArrayList.java:1625)
    	at java.base/java.util.stream.AbstractPipeline.copyInto(AbstractPipeline.java:509)
    	at java.base/java.util.stream.AbstractPipeline.wrapAndCopyInto(AbstractPipeline.java:499)
    	at java.base/java.util.stream.ForEachOps$ForEachOp.evaluateSequential(ForEachOps.java:150)
    	at java.base/java.util.stream.ForEachOps$ForEachOp$OfRef.evaluateSequential(ForEachOps.java:173)
    	at java.base/java.util.stream.AbstractPipeline.evaluate(AbstractPipeline.java:234)
    	at java.base/java.util.stream.ReferencePipeline.forEach(ReferencePipeline.java:596)
    	at java.base/java.util.stream.ReferencePipeline$7$1.accept(ReferencePipeline.java:276)
    	at java.base/java.util.ArrayList$ArrayListSpliterator.forEachRemaining(ArrayList.java:1625)
    	at java.base/java.util.stream.AbstractPipeline.copyInto(AbstractPipeline.java:509)
    	at java.base/java.util.stream.AbstractPipeline.wrapAndCopyInto(AbstractPipeline.java:499)
    	at java.base/java.util.stream.ForEachOps$ForEachOp.evaluateSequential(ForEachOps.java:150)
    	at java.base/java.util.stream.ForEachOps$ForEachOp$OfRef.evaluateSequential(ForEachOps.java:173)
    	at java.base/java.util.stream.AbstractPipeline.evaluate(AbstractPipeline.java:234)
    	at java.base/java.util.stream.ReferencePipeline.forEach(ReferencePipeline.java:596)
    	at org.junit.jupiter.engine.descriptor.TestTemplateTestDescriptor.execute(TestTemplateTestDescriptor.java:110)
    	at org.junit.jupiter.engine.descriptor.TestTemplateTestDescriptor.execute(TestTemplateTestDescriptor.java:44)
    	at org.junit.platform.engine.support.hierarchical.NodeTestTask.lambda$executeRecursively$6(NodeTestTask.java:151)
    	at org.junit.platform.engine.support.hierarchical.ThrowableCollector.execute(ThrowableCollector.java:73)
    	at org.junit.platform.engine.support.hierarchical.NodeTestTask.lambda$executeRecursively$8(NodeTestTask.java:141)
    	at org.junit.platform.engine.support.hierarchical.Node.around(Node.java:137)
    	at org.junit.platform.engine.support.hierarchical.NodeTestTask.lambda$executeRecursively$9(NodeTestTask.java:139)
    	at org.junit.platform.engine.support.hierarchical.ThrowableCollector.execute(ThrowableCollector.java:73)
    	at org.junit.platform.engine.support.hierarchical.NodeTestTask.executeRecursively(NodeTestTask.java:138)
    	at org.junit.platform.engine.support.hierarchical.NodeTestTask.execute(NodeTestTask.java:95)
    	at java.base/java.util.ArrayList.forEach(ArrayList.java:1511)
    	at org.junit.platform.engine.support.hierarchical.SameThreadHierarchicalTestExecutorService.invokeAll(SameThreadHierarchicalTestExecutorService.java:41)
    	at org.junit.platform.engine.support.hierarchical.NodeTestTask.lambda$executeRecursively$6(NodeTestTask.java:155)
    	at org.junit.platform.engine.support.hierarchical.ThrowableCollector.execute(ThrowableCollector.java:73)
    	at org.junit.platform.engine.support.hierarchical.NodeTestTask.lambda$executeRecursively$8(NodeTestTask.java:141)
    	at org.junit.platform.engine.support.hierarchical.Node.around(Node.java:137)
    	at org.junit.platform.engine.support.hierarchical.NodeTestTask.lambda$executeRecursively$9(NodeTestTask.java:139)
    	at org.junit.platform.engine.support.hierarchical.ThrowableCollector.execute(ThrowableCollector.java:73)
    	at org.junit.platform.engine.support.hierarchical.NodeTestTask.executeRecursively(NodeTestTask.java:138)
    	at org.junit.platform.engine.support.hierarchical.NodeTestTask.execute(NodeTestTask.java:95)
    	at java.base/java.util.ArrayList.forEach(ArrayList.java:1511)
    	at org.junit.platform.engine.support.hierarchical.SameThreadHierarchicalTestExecutorService.invokeAll(SameThreadHierarchicalTestExecutorService.java:41)
    	at org.junit.platform.engine.support.hierarchical.NodeTestTask.lambda$executeRecursively$6(NodeTestTask.java:155)
    	at org.junit.platform.engine.support.hierarchical.ThrowableCollector.execute(ThrowableCollector.java:73)
    	at org.junit.platform.engine.support.hierarchical.NodeTestTask.lambda$executeRecursively$8(NodeTestTask.java:141)
    	at org.junit.platform.engine.support.hierarchical.Node.around(Node.java:137)
    	at org.junit.platform.engine.support.hierarchical.NodeTestTask.lambda$executeRecursively$9(NodeTestTask.java:139)
    	at org.junit.platform.engine.support.hierarchical.ThrowableCollector.execute(ThrowableCollector.java:73)
    	at org.junit.platform.engine.support.hierarchical.NodeTestTask.executeRecursively(NodeTestTask.java:138)
    	at org.junit.platform.engine.support.hierarchical.NodeTestTask.execute(NodeTestTask.java:95)
    	at org.junit.platform.engine.support.hierarchical.SameThreadHierarchicalTestExecutorService.submit(SameThreadHierarchicalTestExecutorService.java:35)
    	at org.junit.platform.engine.support.hierarchical.HierarchicalTestExecutor.execute(HierarchicalTestExecutor.java:57)
    	at org.junit.platform.engine.support.hierarchical.HierarchicalTestEngine.execute(HierarchicalTestEngine.java:54)
    	at org.junit.platform.launcher.core.EngineExecutionOrchestrator.execute(EngineExecutionOrchestrator.java:198)
    	at org.junit.platform.launcher.core.EngineExecutionOrchestrator.execute(EngineExecutionOrchestrator.java:169)
    	at org.junit.platform.launcher.core.EngineExecutionOrchestrator.execute(EngineExecutionOrchestrator.java:93)
    	at org.junit.platform.launcher.core.EngineExecutionOrchestrator.lambda$execute$0(EngineExecutionOrchestrator.java:58)
    	at org.junit.platform.launcher.core.EngineExecutionOrchestrator.withInterceptedStreams(EngineExecutionOrchestrator.java:141)
    	at org.junit.platform.launcher.core.EngineExecutionOrchestrator.execute(EngineExecutionOrchestrator.java:57)
    	at org.junit.platform.launcher.core.DefaultLauncher.execute(DefaultLauncher.java:103)
    	at org.junit.platform.launcher.core.DefaultLauncher.execute(DefaultLauncher.java:85)
    	at org.junit.platform.launcher.core.DelegatingLauncher.execute(DelegatingLauncher.java:47)
    	at org.gradle.api.internal.tasks.testing.junitplatform.JUnitPlatformTestClassProcessor$CollectAllTestClassesExecutor.processAllTestClasses(JUnitPlatformTestClassProcessor.java:119)
    	at org.gradle.api.internal.tasks.testing.junitplatform.JUnitPlatformTestClassProcessor$CollectAllTestClassesExecutor.access$000(JUnitPlatformTestClassProcessor.java:94)
    	at org.gradle.api.internal.tasks.testing.junitplatform.JUnitPlatformTestClassProcessor.stop(JUnitPlatformTestClassProcessor.java:89)
    	at org.gradle.api.internal.tasks.testing.SuiteTestClassProcessor.stop(SuiteTestClassProcessor.java:62)
    	at java.base/jdk.internal.reflect.DirectMethodHandleAccessor.invoke(DirectMethodHandleAccessor.java:104)
    	at java.base/java.lang.reflect.Method.invoke(Method.java:577)
    	at org.gradle.internal.dispatch.ReflectionDispatch.dispatch(ReflectionDispatch.java:36)
    	at org.gradle.internal.dispatch.ReflectionDispatch.dispatch(ReflectionDispatch.java:24)
    	at org.gradle.internal.dispatch.ContextClassLoaderDispatch.dispatch(ContextClassLoaderDispatch.java:33)
    	at org.gradle.internal.dispatch.ProxyDispatchAdapter$DispatchingInvocationHandler.invoke(ProxyDispatchAdapter.java:94)
    	at jdk.proxy1/jdk.proxy1.$Proxy2.stop(Unknown Source)
    	at org.gradle.api.internal.tasks.testing.worker.TestWorker$3.run(TestWorker.java:193)
    	at org.gradle.api.internal.tasks.testing.worker.TestWorker.executeAndMaintainThreadName(TestWorker.java:129)
    	at org.gradle.api.internal.tasks.testing.worker.TestWorker.execute(TestWorker.java:100)
    	at org.gradle.api.internal.tasks.testing.worker.TestWorker.execute(TestWorker.java:60)
    	at org.gradle.process.internal.worker.child.ActionExecutionWorker.execute(ActionExecutionWorker.java:56)
    	at org.gradle.process.internal.worker.child.SystemApplicationClassLoaderWorker.call(SystemApplicationClassLoaderWorker.java:113)
    	at org.gradle.process.internal.worker.child.SystemApplicationClassLoaderWorker.call(SystemApplicationClassLoaderWorker.java:65)
    	at worker.org.gradle.process.internal.worker.GradleWorkerMain.run(GradleWorkerMain.java:69)
    	at worker.org.gradle.process.internal.worker.GradleWorkerMain.main(GradleWorkerMain.java:74)

LegacyFileLoadTest > testLoadPatchFile(String) > load: src\test\resources\patches\2-4-voice-choruses-in-series.spcd STANDARD_OUT
    ; ----------------------------
    ;------ Input
    ;------ Pot 0
    ;------ Pot 1
    ;------ 4-voice Chorus
    SKP RUN ,1
    WLDS 1,50,64
    RDAX POT1,0.0039062500
    WRAX SIN1_RANGE,0.0000000000
    RDAX POT0,0.2629158513
    WRAX SIN1_RATE,0.0000000000
    RDAX ADCL,0.0000000000
    WRA 0,0.0

    Optimization complete: saved 0 instruction(s) and 0 register(s).

LegacyFileLoadTest > testLoadPatchFile(String) > load: src\test\resources\patches\2-4-voice-choruses-in-series.spcd STANDARD_ERROR
    compactRegisters: no user registers found, nothing to compact.

LegacyFileLoadTest > testLoadPatchFile(String) > load: src\test\resources\patches\2-4-voice-choruses-in-series.spcd STANDARD_OUT
      OK: 2-4-voice-choruses-in-series.spcd ù 6 blocks, 8 instr, 0 regs, 1471 RAM

LegacyFileLoadTest > testLoadPatchFile(String) > load: src\test\resources\patches\2-4-voice-choruses-in-series.spcd PASSED

LegacyFileLoadTest > testLoadPatchFile(String) > load: src\test\resources\patches\3-tap-delay-feedback-01.spcd STANDARD_OUT
    Scale Offset code gen!
    Scale Offset code gen!
    Scale Offset code gen!
    Scale Offset code gen!
    ; ----------------------------
    ;------ Input
    ;------ Pot 0
    ;------ Pot 2
    ;------ Pot 1
    ;------ Mixer 2:1
    RDAX ADCL,1.0000000000
    RDAX ADCR,1.0000000000
    WRAX REG0,0.0000000000
    ;------ Scale/Offset
    RDAX POT1,1.0000000000
    SOF 0.7400000000,0.2600000000
    WRAX REG1,0.0000000000
    ;------ Smoother
    RDAX POT0,1.0000000000
    RDFX REG3,0.0001500000
    WRAX REG3,0.0000000000
    ;------ Scale/Offset
    RDAX POT1,1.0000000000
    SOF -0.5700000000,0.9990000000
    WRAX REG4,0.0000000000
    ;------ LPF 1P
    RDAX REG0,0.4700305806
    RDAX REG5,-0.4700305806
    MULX REG1
    RDAX REG5,1.0000000000
    WRAX REG5,0.0000000000
    ;------ HPF 1P
    RDAX REG5,0.1139523560
    RDAX REG7,-0.1139523560
    MULX REG4
    RDAX REG7,1.0000000000
    WRAX REG7,-1.0000000000
    RDAX REG5,1.0000000000
    WRAX REG6,0.0000000000
    ;------ Feedback Output
    ;------ Scale/Offset
    RDAX REG3,1.0000000000
    SOF 0.7600000000,0.2400000000
    WRAX REG9,0.0000000000
    ;------ Scale/Offset
    RDAX POT1,1.0000000000
    SOF -0.5100000000,0.9990000000
    WRAX REG10,0.0000000000
    ;------ Soft_Knee_Limiter
    RDAX REG8,1.0000000000
    WRAX REG11,1.0000000000
    MULX REG11
    RDFX REG12,0.0010000000
    WRAX REG12,0.0000000000
    SOF 0.0000000000,0.1250000000
    RDAX REG12,1.0000000000
    LOG -0.4,-0.25
    EXP 1.0,0.0
    WRAX REG13,1.0000000000
    MULX REG8
    SOF -2.0000000000,0.0000000000
    SOF -2.0000000000,0.0000000000
    SOF 1.5000000000,0.0000000000
    WRAX REG14,0.0000000000
    ;------ ThreeTap
    RDAX REG14,1.0000000000
    MULX REG10
    RDAX REG6,1.0000000000
    WRA 0,0.0
    CLR
    OR $007FFF00
    MULX REG9
    SOF 0.9499710083,0.0500289917
    WRAX ADDR_PTR,0.0000000000
    RMPA 1.0
    WRAX REG16,0.0000000000
    CLR
    OR $007FFF00
    MULX REG9
    SOF 0.7143781982,0.0376293701
    WRAX ADDR_PTR,0.0000000000
    RMPA 1.0
    WRAX REG17,0.0000000000
    CLR
    OR $007FFF00
    MULX REG9
    SOF 0.9499710083,0.0500289917
    WRAX ADDR_PTR,0.0000000000
    RMPA 1.0
    WRAX REG18,0.0000000000
    ;------ Crossfade 2
    RDAX POT2,-1.0000000000
    SOF -2.0000000000,0.0000000000
    MULX REG16
    WRAX REG20,0.0000000000
    RDAX POT2,1.0000000000
    SOF 1.0000000000,-1.0000000000
    SOF -2.0000000000,0.0000000000
    MULX ADCL
    RDAX REG20,1.0000000000
    WRAX REG19,0.0000000000
    ;------ LPF 1P
    RDAX REG18,0.4700305806
    RDAX REG21,-0.4700305806
    MULX REG1
    RDAX REG21,1.0000000000
    WRAX REG21,0.0000000000
    ;------ HPF 1P
    RDAX REG21,0.1139523560
    RDAX REG23,-0.1139523560
    MULX REG4
    RDAX REG23,1.0000000000
    WRAX REG23,-1.0000000000
    RDAX REG21,1.0000000000
    WRAX REG22,0.0000000000
    ;------ Crossfade 2
    RDAX POT2,-1.0000000000
    SOF -2.0000000000,0.0000000000
    MULX REG17
    WRAX REG25,0.0000000000
    RDAX POT2,1.0000000000
    SOF 1.0000000000,-1.0000000000
    SOF -2.0000000000,0.0000000000
    MULX ADCR
    RDAX REG25,1.0000000000
    WRAX REG24,0.0000000000
    ;------ Output
    RDAX REG19,1.0000000000
    WRAX DACL,0.0000000000
    RDAX REG24,1.0000000000
    WRAX DACR,0.0000000000
    ;------ FB In 1
    RDAX REG22,1.6800000000
    WRAX REG8,0.0000000000

    Optimization complete: saved 2 instruction(s) and 1 register(s).
    Output register optimization complete: saved 4 instruction(s) and 2 register(s).

LegacyFileLoadTest > testLoadPatchFile(String) > load: src\test\resources\patches\3-tap-delay-feedback-01.spcd STANDARD_ERROR
    ----------------------------------------
    Register compaction report:
      Registers before compaction : 26  (highest was REG25 / 0x39)
      Holes removed               : 5
      Registers after compaction  : 21  (highest is now REG20 / 0x34)
      OK: all registers fit within REG0ûREG31.
    ----------------------------------------
    SpinFXBlock: numRegs updated to 0x35 (REG21)

LegacyFileLoadTest > testLoadPatchFile(String) > load: src\test\resources\patches\3-tap-delay-feedback-01.spcd STANDARD_OUT
      OK: 3-tap-delay-feedback-01.spcd ù 21 blocks, 102 instr, 21 regs, 32767 RAM

LegacyFileLoadTest > testLoadPatchFile(String) > load: src\test\resources\patches\3-tap-delay-feedback-01.spcd PASSED

LegacyFileLoadTest > testLoadPatchFile(String) > load: src\test\resources\patches\3-tap-delay-feedback-02.spcd STANDARD_OUT
    Scale Offset code gen!
    ; ----------------------------
    ;------ Input
    ;------ Pot 0
    ;------ Pot 2
    ;------ Pot 1
    ;------ Mixer 2:1
    RDAX ADCL,1.0000000000
    RDAX ADCR,1.0000000000
    WRAX REG0,0.0000000000
    ;------ Smoother
    RDAX POT0,1.0000000000
    RDFX REG2,0.0001500000
    WRAX REG2,0.0000000000
    ;------ LPF 1P
    RDAX REG0,1.0000000000
    RDFX REG3,0.2101411989
    WRAX REG3,0.0000000000
    ;------ HPF 1P
    RDAX REG3,1.0000000000
    RDFX REG5,0.0449552158
    WRAX REG5,-1.0000000000
    RDAX REG3,1.0000000000
    WRAX REG4,0.0000000000
    ;------ Feedback Output
    ;------ Scale/Offset
    RDAX REG2,1.0000000000
    SOF 0.7600000000,0.2400000000
    WRAX REG7,0.0000000000
    ;------ ThreeTap
    RDAX REG6,1.0000000000
    MULX POT1
    RDAX REG4,1.0000000000
    WRA 0,0.0
    CLR
    OR $007FFF00
    MULX REG7
    SOF 0.9499710083,0.0500289917
    WRAX ADDR_PTR,0.0000000000
    RMPA 1.0
    WRAX REG8,0.0000000000
    CLR
    OR $007FFF00
    MULX REG7
    SOF 0.9053223709,0.0476790634
    WRAX ADDR_PTR,0.0000000000
    RMPA 1.0
    WRAX REG9,0.0000000000
    CLR
    OR $007FFF00
    MULX REG7
    SOF 0.9499710083,0.0500289917
    WRAX ADDR_PTR,0.0000000000
    RMPA 1.0
    WRAX REG10,0.0000000000
    ;------ Crossfade 2
    RDAX POT2,-1.0000000000
    SOF -2.0000000000,0.0000000000
    MULX REG9
    WRAX REG12,0.0000000000
    RDAX POT2,1.0000000000
    SOF 1.0000000000,-1.0000000000
    SOF -2.0000000000,0.0000000000
    MULX ADCR
    RDAX REG12,1.0000000000
    WRAX REG11,0.0000000000
    ;------ LPF 1P
    RDAX REG10,1.0000000000
    RDFX REG13,0.1976061442
    WRAX REG13,0.0000000000
    ;------ Crossfade 2
    RDAX POT2,-1.0000000000
    SOF -2.0000000000,0.0000000000
    MULX REG8
    WRAX REG15,0.0000000000
    RDAX POT2,1.0000000000
    SOF 1.0000000000,-1.0000000000
    SOF -2.0000000000,0.0000000000
    MULX ADCL
    RDAX REG15,1.0000000000
    WRAX REG14,0.0000000000
    ;------ HPF 1P
    RDAX REG13,1.0000000000
    RDFX REG17,0.0615198719
    WRAX REG17,-1.0000000000
    RDAX REG13,1.0000000000
    WRAX REG16,0.0000000000
    ;------ FB In 1
    RDAX REG16,1.0000000000
    WRAX REG6,0.0000000000
    ;------ Output
    RDAX REG14,1.0000000000
    WRAX DACL,0.0000000000
    RDAX REG11,1.0000000000
    WRAX DACR,0.0000000000

    Optimization complete: saved 3 instruction(s) and 1 register(s).
    Output register optimization complete: saved 4 instruction(s) and 2 register(s).

LegacyFileLoadTest > testLoadPatchFile(String) > load: src\test\resources\patches\3-tap-delay-feedback-02.spcd STANDARD_ERROR
    ----------------------------------------
    Register compaction report:
      Registers before compaction : 18  (highest was REG17 / 0x31)
      Holes removed               : 4
      Registers after compaction  : 14  (highest is now REG13 / 0x2d)
      OK: all registers fit within REG0ûREG31.
    ----------------------------------------
    SpinFXBlock: numRegs updated to 0x2e (REG14)

LegacyFileLoadTest > testLoadPatchFile(String) > load: src\test\resources\patches\3-tap-delay-feedback-02.spcd STANDARD_OUT
      OK: 3-tap-delay-feedback-02.spcd ù 17 blocks, 69 instr, 14 regs, 32767 RAM

LegacyFileLoadTest > testLoadPatchFile(String) > load: src\test\resources\patches\3-tap-delay-feedback-02.spcd PASSED

LegacyFileLoadTest > testLoadPatchFile(String) > load: src\test\resources\patches\4-voice-chorus-again.spcd STANDARD_OUT
    Scale Offset code gen!
    Scale Offset code gen!
    Mixer 2_1x2 code gen!
    ; ----------------------------
    ;------ Input
    ;------ Pot 0
    ;------ Scale/Offset
    RDAX POT0,1.0000000000
    SOF 0.9000000000,0.1000000000
    WRAX REG0,0.0000000000
    ;------ Scale/Offset
    RDAX POT0,1.0000000000
    SOF -0.6800000000,0.9990000000
    WRAX REG1,0.0000000000
    ;------ 4-voice Chorus
    SKP RUN ,1
    WLDS 0,50,64
    RDAX REG1,0.0028863525
    WRAX SIN0_RANGE,0.0000000000
    RDAX REG0,0.1822700587
    WRAX SIN0_RATE,0.0000000000
    RDAX ADCL,0.5011872336
    WRA 0,0.0
    CHO RDA,0,REG | COMPC,184
    CHO RDA,0,0,185
    WRAX REG2,0.0000000000
    CHO RDA,0,REG | COMPA,232
    CHO RDA,0,COMPC | COMPA,233
    WRAX REG3,0.0000000000
    CHO RDA,0,COS  | REG | COMPC,411
    CHO RDA,0,COS ,412
    WRAX REG4,0.0000000000
    CHO RDA,0,COS  | REG | COMPA,483
    CHO RDA,0,COS  | COMPC | COMPA,484
    WRAX REG5,0.0000000000
    ;------ Pot 1
    ;------ Mixer 2-1x2
    RDAX REG2,1.0000000000
    WRAX REG6,0.0000000000
    RDAX REG3,1.0000000000
    MULX POT1
    RDAX REG6,1.0000000000
    WRAX REG6,0.0000000000
    RDAX REG4,1.0000000000
    WRAX REG7,0.0000000000
    RDAX REG5,1.0000000000
    MULX POT1
    RDAX REG7,1.0000000000
    WRAX REG7,0.0000000000
    ;------ Output
    RDAX REG6,1.0000000000
    RDAX REG7,1.0000000000
    WRAX DACL,1.0000000000
    WRAX DACR,0.0000000000

    Optimization complete: saved 0 instruction(s) and 0 register(s).

LegacyFileLoadTest > testLoadPatchFile(String) > load: src\test\resources\patches\4-voice-chorus-again.spcd STANDARD_ERROR
    ----------------------------------------
    Register compaction report:
      Registers before compaction : 8  (highest was REG7 / 0x27)
      Holes removed               : 0
      Registers after compaction  : 8  (highest is now REG7 / 0x27)
      OK: all registers fit within REG0ûREG31.
    ----------------------------------------
    SpinFXBlock: numRegs updated to 0x28 (REG8)

LegacyFileLoadTest > testLoadPatchFile(String) > load: src\test\resources\patches\4-voice-chorus-again.spcd STANDARD_OUT
      OK: 4-voice-chorus-again.spcd ù 8 blocks, 42 instr, 8 regs, 666 RAM

LegacyFileLoadTest > testLoadPatchFile(String) > load: src\test\resources\patches\4-voice-chorus-again.spcd PASSED

LegacyFileLoadTest > testLoadPatchFile(String) > load: src\test\resources\patches\4-voice-chorus-delay-sweeping-filter.spcd STANDARD_OUT
    Power control code gen! Power:3.0
    Scale Offset code gen!
    Clip control code gen! Clip:10.0
    Scale Offset code gen!
    Scale Offset code gen!
    Scale Offset code gen!
    Mixer 2_1x2 code gen!
    Power control code gen! Power:3.0
    Servo Delay code gen!
    Scale Offset code gen!
    HPF 2/4 pole code gen!
    ; ----------------------------
    ;------ Input
    ;------ Pot 0
    ;------ Pot 1
    ;------ Power
    RDAX POT0,1.0000000000
    WRAX REG0,1.0000000000
    MULX REG0
    MULX REG0
    WRAX REG1,0.0000000000
    ;------ Scale/Offset
    RDAX POT0,1.0000000000
    SOF -0.9100000000,0.9990000000
    WRAX REG2,0.0000000000
    ;------ Clip
    RDAX POT0,1.0000000000
    SOF -2.0000000000,0.0000000000
    SOF -2.0000000000,0.0000000000
    SOF -2.0000000000,0.0000000000
    SOF -1.2500000000,0.0000000000
    WRAX REG3,0.0000000000
    ;------ Pot 2
    ;------ Chorus
    SKP RUN ,1
    WLDS 1,50,64
    RDAX REG2,0.0076686451
    WRAX SIN1_RANGE,0.0000000000
    RDAX REG1,0.1315264188
    WRAX SIN1_RATE,0.0000000000
    LDAX ADCL
    WRA 0,0.0
    CHO RDA,1,REG | COMPC,524
    CHO RDA,1,0,525
    WRAX REG4,0.0000000000
    ;------ Feedback Output
    ;------ Smoother
    RDAX POT1,1.0000000000
    RDFX REG7,0.0001500000
    WRAX REG7,0.0000000000
    ;------ Scale/Offset
    RDAX REG7,1.0000000000
    SOF 0.4300000000,0.5700000000
    WRAX REG8,0.0000000000
    ;------ LFO 0
    SKP RUN ,1
    WLDS 0,11,32767
    RDAX REG8,0.0215264188
    WRAX SIN0_RATE,0.0000000000
    CHO RDAL,0
    SOF 0.5000000000,0.5000000000
    WRAX REG9,0.0000000000
    CHO RDAL,8
    SOF 0.5000000000,0.5000000000
    WRAX REG10,0.0000000000
    ;------ Scale/Offset
    RDAX REG7,1.0000000000
    SOF 0.7600000000,0.2400000000
    WRAX REG11,0.0000000000
    ;------ Scale/Offset
    RDAX REG9,1.0000000000
    SOF 0.5400000000,0.2400000000
    WRAX REG12,0.0000000000
    ;------ Mixer 2-1x2
    RDAX ADCL,0.5000000000
    WRAX REG13,0.0000000000
    RDAX REG4,0.5000000000
    MULX REG3
    RDAX REG13,1.0000000000
    WRAX REG13,0.0000000000
    RDAX ADCL,0.5000000000
    WRAX REG14,0.0000000000
    RDAX REG4,0.5000000000
    MULX REG3
    RDAX REG14,1.0000000000
    WRAX REG14,0.0000000000
    ;------ Power
    RDAX POT0,1.0000000000
    ;------ ---Invert
    SOF -0.9990234375,0.9990234375
    WRAX REG15,1.0000000000
    MULX REG15
    MULX REG15
    ;------ ---Flip
    SOF -0.9990234375,0.9990234375
    WRAX REG16,0.0000000000
    ;------ Mixer 2:1
    RDAX REG14,1.0000000000
    WRAX REG17,0.0000000000
    RDAX REG5,1.0000000000
    MULX REG16
    RDAX REG17,1.0000000000
    WRAX REG17,0.0000000000
    ;------ Coarse Delay
    RDAX REG17,1.0000000000
    WRA 1047,0.0
    CLR
    OR $007FFF00
    MULX REG11
    SOF 0.9599914551,0.0319519043
    WRAX ADDR_PTR,0.0000000000
    RMPA 1.0
    WRAX REG18,0.0000000000
    ;------ Scale/Offset
    RDAX REG10,1.0000000000
    SOF 0.3000000000,0.7000000000
    WRAX REG19,0.0000000000
    ;------ 2 pole high pass
    SKP RUN ,3
    CLR
    WRAX REG22,0.0000000000
    WRAX REG23,0.0000000000
    RDAX REG12,1.0000000000
    SOF 0.3500000000,-0.3500000000
    EXP 1.0,0.0
    WRAX REG20,0.0000000000
    RDAX REG22,1.0000000000
    MULX REG20
    RDAX REG23,1.0000000000
    WRAX REG23,-1.0000000000
    WRAX REG25,0.0000000000
    RDAX REG22,-0.3333333333
    MULX REG19
    RDAX REG25,1.0000000000
    RDAX REG18,1.0000000000
    WRAX REG24,1.0000000000
    MULX REG20
    RDAX REG22,1.0000000000
    WRAX REG22,0.0000000000
    ;------ RMS_Limiter
    RDAX REG24,0.1300000000
    WRAX REG26,1.0000000000
    MULX REG26
    WRAX REG30,1.0000000000
    RDFX REG27,0.1000000000
    WRAX REG27,1.0000000000
    LOG -0.5,-0.125
    WRAX REG31,1.0000000000
    EXP 1.0,0.0
    WRAX REG28,1.0000000000
    MULX REG24
    SOF 1.5000000000,0.0000000000
    WRAX REG29,0.0000000000
    ;------ FB In 2
    RDAX REG29,0.7200000000
    WRAX REG5,0.0000000000
    ;------ Volume
    RDAX REG24,1.0000000000
    MULX POT2
    WRAX 64,0.0000000000
    ;------ Output
    RDAX REG13,1.0000000000
    RDAX 64,1.0000000000
    WRAX DACL,1.0000000000
    WRAX DACR,0.0000000000

    Optimization complete: saved 3 instruction(s) and 1 register(s).

LegacyFileLoadTest > testLoadPatchFile(String) > load: src\test\resources\patches\4-voice-chorus-delay-sweeping-filter.spcd STANDARD_ERROR
    ----------------------------------------
    Register compaction report:
      Registers before compaction : 32  (highest was REG31 / 0x3f)
      Holes removed               : 3
      Registers after compaction  : 29  (highest is now REG28 / 0x3c)
      OK: all registers fit within REG0ûREG31.
    ----------------------------------------
    SpinFXBlock: numRegs updated to 0x3d (REG29)

LegacyFileLoadTest > testLoadPatchFile(String) > load: src\test\resources\patches\4-voice-chorus-delay-sweeping-filter.spcd STANDARD_OUT
      OK: 4-voice-chorus-delay-sweeping-filter.spcd ù 24 blocks, 124 instr, 29 regs, 32503 RAM

LegacyFileLoadTest > testLoadPatchFile(String) > load: src\test\resources\patches\4-voice-chorus-delay-sweeping-filter.spcd PASSED

LegacyFileLoadTest > testLoadPatchFile(String) > load: src\test\resources\patches\4-voice-chorus.spcd STANDARD_OUT
    Couldn't find Voice_1

LegacyFileLoadTest > testLoadPatchFile(String) > load: src\test\resources\patches\4-voice-chorus.spcd STANDARD_ERROR
    java.lang.NullPointerException: Cannot invoke "com.holycityaudio.SpinCAD.SpinCADPin.isConnected()" because the return value of "com.holycityaudio.SpinCAD.CADBlocks.ChorusQuadCADBlock.getPin(String)" is null
    	at com.holycityaudio.SpinCAD.CADBlocks.ChorusQuadCADBlock.generateCode(ChorusQuadCADBlock.java:149)
    	at com.holycityaudio.SpinCAD.SpinCADModel.generateCode(SpinCADModel.java:293)
    	at com.holycityaudio.SpinCAD.SpinCADModel.sortAlignGen(SpinCADModel.java:189)
    	at com.holycityaudio.SpinCAD.LegacyFileLoadTest.testLoadPatchFile(LegacyFileLoadTest.java:94)
    	at java.base/jdk.internal.reflect.DirectMethodHandleAccessor.invoke(DirectMethodHandleAccessor.java:104)
    	at java.base/java.lang.reflect.Method.invoke(Method.java:577)
    	at org.junit.platform.commons.util.ReflectionUtils.invokeMethod(ReflectionUtils.java:728)
    	at org.junit.jupiter.engine.execution.MethodInvocation.proceed(MethodInvocation.java:60)
    	at org.junit.jupiter.engine.execution.InvocationInterceptorChain$ValidatingInvocation.proceed(InvocationInterceptorChain.java:131)
    	at org.junit.jupiter.engine.extension.TimeoutExtension.intercept(TimeoutExtension.java:156)
    	at org.junit.jupiter.engine.extension.TimeoutExtension.interceptTestableMethod(TimeoutExtension.java:147)
    	at org.junit.jupiter.engine.extension.TimeoutExtension.interceptTestTemplateMethod(TimeoutExtension.java:94)
    	at org.junit.jupiter.engine.execution.InterceptingExecutableInvoker$ReflectiveInterceptorCall.lambda$ofVoidMethod$0(InterceptingExecutableInvoker.java:103)
    	at org.junit.jupiter.engine.execution.InterceptingExecutableInvoker.lambda$invoke$0(InterceptingExecutableInvoker.java:93)
    	at org.junit.jupiter.engine.execution.InvocationInterceptorChain$InterceptedInvocation.proceed(InvocationInterceptorChain.java:106)
    	at org.junit.jupiter.engine.execution.InvocationInterceptorChain.proceed(InvocationInterceptorChain.java:64)
    	at org.junit.jupiter.engine.execution.InvocationInterceptorChain.chainAndInvoke(InvocationInterceptorChain.java:45)
    	at org.junit.jupiter.engine.execution.InvocationInterceptorChain.invoke(InvocationInterceptorChain.java:37)
    	at org.junit.jupiter.engine.execution.InterceptingExecutableInvoker.invoke(InterceptingExecutableInvoker.java:92)
    	at org.junit.jupiter.engine.execution.InterceptingExecutableInvoker.invoke(InterceptingExecutableInvoker.java:86)
    	at org.junit.jupiter.engine.descriptor.TestMethodTestDescriptor.lambda$invokeTestMethod$7(TestMethodTestDescriptor.java:218)
    	at org.junit.platform.engine.support.hierarchical.ThrowableCollector.execute(ThrowableCollector.java:73)
    	at org.junit.jupiter.engine.descriptor.TestMethodTestDescriptor.invokeTestMethod(TestMethodTestDescriptor.java:214)
    	at org.junit.jupiter.engine.descriptor.TestMethodTestDescriptor.execute(TestMethodTestDescriptor.java:139)
    	at org.junit.jupiter.engine.descriptor.TestMethodTestDescriptor.execute(TestMethodTestDescriptor.java:69)
    	at org.junit.platform.engine.support.hierarchical.NodeTestTask.lambda$executeRecursively$6(NodeTestTask.java:151)
    	at org.junit.platform.engine.support.hierarchical.ThrowableCollector.execute(ThrowableCollector.java:73)
    	at org.junit.platform.engine.support.hierarchical.NodeTestTask.lambda$executeRecursively$8(NodeTestTask.java:141)
    	at org.junit.platform.engine.support.hierarchical.Node.around(Node.java:137)
    	at org.junit.platform.engine.support.hierarchical.NodeTestTask.lambda$executeRecursively$9(NodeTestTask.java:139)
    	at org.junit.platform.engine.support.hierarchical.ThrowableCollector.execute(ThrowableCollector.java:73)
    	at org.junit.platform.engine.support.hierarchical.NodeTestTask.executeRecursively(NodeTestTask.java:138)
    	at org.junit.platform.engine.support.hierarchical.NodeTestTask.execute(NodeTestTask.java:95)
    	at org.junit.platform.engine.support.hierarchical.SameThreadHierarchicalTestExecutorService.submit(SameThreadHierarchicalTestExecutorService.java:35)
    	at org.junit.platform.engine.support.hierarchical.NodeTestTask$DefaultDynamicTestExecutor.execute(NodeTestTask.java:226)
    	at org.junit.platform.engine.support.hierarchical.NodeTestTask$DefaultDynamicTestExecutor.execute(NodeTestTask.java:204)
    	at org.junit.jupiter.engine.descriptor.TestTemplateTestDescriptor.execute(TestTemplateTestDescriptor.java:142)
    	at org.junit.jupiter.engine.descriptor.TestTemplateTestDescriptor.lambda$execute$2(TestTemplateTestDescriptor.java:110)
    	at java.base/java.util.stream.ForEachOps$ForEachOp$OfRef.accept(ForEachOps.java:183)
    	at java.base/java.util.stream.ReferencePipeline$3$1.accept(ReferencePipeline.java:197)
    	at java.base/java.util.stream.ReferencePipeline$2$1.accept(ReferencePipeline.java:179)
    	at java.base/java.util.stream.ReferencePipeline$3$1.accept(ReferencePipeline.java:197)
    	at java.base/java.util.stream.ForEachOps$ForEachOp$OfRef.accept(ForEachOps.java:183)
    	at java.base/java.util.stream.ReferencePipeline$3$1.accept(ReferencePipeline.java:197)
    	at java.base/java.util.stream.ReferencePipeline$3$1.accept(ReferencePipeline.java:197)
    	at java.base/java.util.stream.ReferencePipeline$3$1.accept(ReferencePipeline.java:197)
    	at java.base/java.util.stream.ForEachOps$ForEachOp$OfRef.accept(ForEachOps.java:183)
    	at java.base/java.util.stream.ReferencePipeline$3$1.accept(ReferencePipeline.java:197)
    	at java.base/java.util.ArrayList$ArrayListSpliterator.forEachRemaining(ArrayList.java:1625)
    	at java.base/java.util.stream.ReferencePipeline$Head.forEach(ReferencePipeline.java:762)
    	at java.base/java.util.stream.ReferencePipeline$7$1.accept(ReferencePipeline.java:276)
    	at java.base/java.util.stream.ReferencePipeline$3$1.accept(ReferencePipeline.java:197)
    	at java.base/java.util.stream.ReferencePipeline$3$1.accept(ReferencePipeline.java:197)
    	at java.base/java.util.stream.ReferencePipeline$3$1.accept(ReferencePipeline.java:197)
    	at java.base/java.util.Spliterators$ArraySpliterator.forEachRemaining(Spliterators.java:992)
    	at java.base/java.util.stream.AbstractPipeline.copyInto(AbstractPipeline.java:509)
    	at java.base/java.util.stream.AbstractPipeline.wrapAndCopyInto(AbstractPipeline.java:499)
    	at java.base/java.util.stream.ForEachOps$ForEachOp.evaluateSequential(ForEachOps.java:150)
    	at java.base/java.util.stream.ForEachOps$ForEachOp$OfRef.evaluateSequential(ForEachOps.java:173)
    	at java.base/java.util.stream.AbstractPipeline.evaluate(AbstractPipeline.java:234)
    	at java.base/java.util.stream.ReferencePipeline.forEach(ReferencePipeline.java:596)
    	at java.base/java.util.stream.ReferencePipeline$7$1.accept(ReferencePipeline.java:276)
    	at java.base/java.util.stream.ReferencePipeline$3$1.accept(ReferencePipeline.java:197)
    	at java.base/java.util.stream.ReferencePipeline$3$1.accept(ReferencePipeline.java:197)
    	at java.base/java.util.stream.ReferencePipeline$3$1.accept(ReferencePipeline.java:197)
    	at java.base/java.util.ArrayList$ArrayListSpliterator.forEachRemaining(ArrayList.java:1625)
    	at java.base/java.util.stream.AbstractPipeline.copyInto(AbstractPipeline.java:509)
    	at java.base/java.util.stream.AbstractPipeline.wrapAndCopyInto(AbstractPipeline.java:499)
    	at java.base/java.util.stream.ForEachOps$ForEachOp.evaluateSequential(ForEachOps.java:150)
    	at java.base/java.util.stream.ForEachOps$ForEachOp$OfRef.evaluateSequential(ForEachOps.java:173)
    	at java.base/java.util.stream.AbstractPipeline.evaluate(AbstractPipeline.java:234)
    	at java.base/java.util.stream.ReferencePipeline.forEach(ReferencePipeline.java:596)
    	at java.base/java.util.stream.ReferencePipeline$7$1.accept(ReferencePipeline.java:276)
    	at java.base/java.util.ArrayList$ArrayListSpliterator.forEachRemaining(ArrayList.java:1625)
    	at java.base/java.util.stream.AbstractPipeline.copyInto(AbstractPipeline.java:509)
    	at java.base/java.util.stream.AbstractPipeline.wrapAndCopyInto(AbstractPipeline.java:499)
    	at java.base/java.util.stream.ForEachOps$ForEachOp.evaluateSequential(ForEachOps.java:150)
    	at java.base/java.util.stream.ForEachOps$ForEachOp$OfRef.evaluateSequential(ForEachOps.java:173)
    	at java.base/java.util.stream.AbstractPipeline.evaluate(AbstractPipeline.java:234)
    	at java.base/java.util.stream.ReferencePipeline.forEach(ReferencePipeline.java:596)
    	at org.junit.jupiter.engine.descriptor.TestTemplateTestDescriptor.execute(TestTemplateTestDescriptor.java:110)
    	at org.junit.jupiter.engine.descriptor.TestTemplateTestDescriptor.execute(TestTemplateTestDescriptor.java:44)
    	at org.junit.platform.engine.support.hierarchical.NodeTestTask.lambda$executeRecursively$6(NodeTestTask.java:151)
    	at org.junit.platform.engine.support.hierarchical.ThrowableCollector.execute(ThrowableCollector.java:73)
    	at org.junit.platform.engine.support.hierarchical.NodeTestTask.lambda$executeRecursively$8(NodeTestTask.java:141)
    	at org.junit.platform.engine.support.hierarchical.Node.around(Node.java:137)
    	at org.junit.platform.engine.support.hierarchical.NodeTestTask.lambda$executeRecursively$9(NodeTestTask.java:139)
    	at org.junit.platform.engine.support.hierarchical.ThrowableCollector.execute(ThrowableCollector.java:73)
    	at org.junit.platform.engine.support.hierarchical.NodeTestTask.executeRecursively(NodeTestTask.java:138)
    	at org.junit.platform.engine.support.hierarchical.NodeTestTask.execute(NodeTestTask.java:95)
    	at java.base/java.util.ArrayList.forEach(ArrayList.java:1511)
    	at org.junit.platform.engine.support.hierarchical.SameThreadHierarchicalTestExecutorService.invokeAll(SameThreadHierarchicalTestExecutorService.java:41)
    	at org.junit.platform.engine.support.hierarchical.NodeTestTask.lambda$executeRecursively$6(NodeTestTask.java:155)
    	at org.junit.platform.engine.support.hierarchical.ThrowableCollector.execute(ThrowableCollector.java:73)
    	at org.junit.platform.engine.support.hierarchical.NodeTestTask.lambda$executeRecursively$8(NodeTestTask.java:141)
    	at org.junit.platform.engine.support.hierarchical.Node.around(Node.java:137)
    	at org.junit.platform.engine.support.hierarchical.NodeTestTask.lambda$executeRecursively$9(NodeTestTask.java:139)
    	at org.junit.platform.engine.support.hierarchical.ThrowableCollector.execute(ThrowableCollector.java:73)
    	at org.junit.platform.engine.support.hierarchical.NodeTestTask.executeRecursively(NodeTestTask.java:138)
    	at org.junit.platform.engine.support.hierarchical.NodeTestTask.execute(NodeTestTask.java:95)
    	at java.base/java.util.ArrayList.forEach(ArrayList.java:1511)
    	at org.junit.platform.engine.support.hierarchical.SameThreadHierarchicalTestExecutorService.invokeAll(SameThreadHierarchicalTestExecutorService.java:41)
    	at org.junit.platform.engine.support.hierarchical.NodeTestTask.lambda$executeRecursively$6(NodeTestTask.java:155)
    	at org.junit.platform.engine.support.hierarchical.ThrowableCollector.execute(ThrowableCollector.java:73)
    	at org.junit.platform.engine.support.hierarchical.NodeTestTask.lambda$executeRecursively$8(NodeTestTask.java:141)
    	at org.junit.platform.engine.support.hierarchical.Node.around(Node.java:137)
    	at org.junit.platform.engine.support.hierarchical.NodeTestTask.lambda$executeRecursively$9(NodeTestTask.java:139)
    	at org.junit.platform.engine.support.hierarchical.ThrowableCollector.execute(ThrowableCollector.java:73)
    	at org.junit.platform.engine.support.hierarchical.NodeTestTask.executeRecursively(NodeTestTask.java:138)
    	at org.junit.platform.engine.support.hierarchical.NodeTestTask.execute(NodeTestTask.java:95)
    	at org.junit.platform.engine.support.hierarchical.SameThreadHierarchicalTestExecutorService.submit(SameThreadHierarchicalTestExecutorService.java:35)
    	at org.junit.platform.engine.support.hierarchical.HierarchicalTestExecutor.execute(HierarchicalTestExecutor.java:57)
    	at org.junit.platform.engine.support.hierarchical.HierarchicalTestEngine.execute(HierarchicalTestEngine.java:54)
    	at org.junit.platform.launcher.core.EngineExecutionOrchestrator.execute(EngineExecutionOrchestrator.java:198)
    	at org.junit.platform.launcher.core.EngineExecutionOrchestrator.execute(EngineExecutionOrchestrator.java:169)
    	at org.junit.platform.launcher.core.EngineExecutionOrchestrator.execute(EngineExecutionOrchestrator.java:93)
    	at org.junit.platform.launcher.core.EngineExecutionOrchestrator.lambda$execute$0(EngineExecutionOrchestrator.java:58)
    	at org.junit.platform.launcher.core.EngineExecutionOrchestrator.withInterceptedStreams(EngineExecutionOrchestrator.java:141)
    	at org.junit.platform.launcher.core.EngineExecutionOrchestrator.execute(EngineExecutionOrchestrator.java:57)
    	at org.junit.platform.launcher.core.DefaultLauncher.execute(DefaultLauncher.java:103)
    	at org.junit.platform.launcher.core.DefaultLauncher.execute(DefaultLauncher.java:85)
    	at org.junit.platform.launcher.core.DelegatingLauncher.execute(DelegatingLauncher.java:47)
    	at org.gradle.api.internal.tasks.testing.junitplatform.JUnitPlatformTestClassProcessor$CollectAllTestClassesExecutor.processAllTestClasses(JUnitPlatformTestClassProcessor.java:119)
    	at org.gradle.api.internal.tasks.testing.junitplatform.JUnitPlatformTestClassProcessor$CollectAllTestClassesExecutor.access$000(JUnitPlatformTestClassProcessor.java:94)
    	at org.gradle.api.internal.tasks.testing.junitplatform.JUnitPlatformTestClassProcessor.stop(JUnitPlatformTestClassProcessor.java:89)
    	at org.gradle.api.internal.tasks.testing.SuiteTestClassProcessor.stop(SuiteTestClassProcessor.java:62)
    	at java.base/jdk.internal.reflect.DirectMethodHandleAccessor.invoke(DirectMethodHandleAccessor.java:104)
    	at java.base/java.lang.reflect.Method.invoke(Method.java:577)
    	at org.gradle.internal.dispatch.ReflectionDispatch.dispatch(ReflectionDispatch.java:36)
    	at org.gradle.internal.dispatch.ReflectionDispatch.dispatch(ReflectionDispatch.java:24)
    	at org.gradle.internal.dispatch.ContextClassLoaderDispatch.dispatch(ContextClassLoaderDispatch.java:33)
    	at org.gradle.internal.dispatch.ProxyDispatchAdapter$DispatchingInvocationHandler.invoke(ProxyDispatchAdapter.java:94)
    	at jdk.proxy1/jdk.proxy1.$Proxy2.stop(Unknown Source)
    	at org.gradle.api.internal.tasks.testing.worker.TestWorker$3.run(TestWorker.java:193)
    	at org.gradle.api.internal.tasks.testing.worker.TestWorker.executeAndMaintainThreadName(TestWorker.java:129)
    	at org.gradle.api.internal.tasks.testing.worker.TestWorker.execute(TestWorker.java:100)
    	at org.gradle.api.internal.tasks.testing.worker.TestWorker.execute(TestWorker.java:60)
    	at org.gradle.process.internal.worker.child.ActionExecutionWorker.execute(ActionExecutionWorker.java:56)
    	at org.gradle.process.internal.worker.child.SystemApplicationClassLoaderWorker.call(SystemApplicationClassLoaderWorker.java:113)
    	at org.gradle.process.internal.worker.child.SystemApplicationClassLoaderWorker.call(SystemApplicationClassLoaderWorker.java:65)
    	at worker.org.gradle.process.internal.worker.GradleWorkerMain.run(GradleWorkerMain.java:69)
    	at worker.org.gradle.process.internal.worker.GradleWorkerMain.main(GradleWorkerMain.java:74)

LegacyFileLoadTest > testLoadPatchFile(String) > load: src\test\resources\patches\4-voice-chorus.spcd STANDARD_OUT
    ; ----------------------------
    ;------ Input
    ;------ Pot 0
    ;------ Pot 1
    ;------ 4-voice Chorus
    SKP RUN ,1
    WLDS 1,50,64
    RDAX POT1,0.0039062500
    WRAX SIN1_RANGE,0.0000000000
    RDAX POT0,0.2629158513
    WRAX SIN1_RATE,0.0000000000
    RDAX ADCL,0.0000000000
    WRA 0,0.0

    Optimization complete: saved 0 instruction(s) and 0 register(s).

LegacyFileLoadTest > testLoadPatchFile(String) > load: src\test\resources\patches\4-voice-chorus.spcd STANDARD_ERROR
    compactRegisters: no user registers found, nothing to compact.

LegacyFileLoadTest > testLoadPatchFile(String) > load: src\test\resources\patches\4-voice-chorus.spcd STANDARD_OUT
      OK: 4-voice-chorus.spcd ù 6 blocks, 8 instr, 0 regs, 1471 RAM

LegacyFileLoadTest > testLoadPatchFile(String) > load: src\test\resources\patches\4-voice-chorus.spcd PASSED

LegacyFileLoadTest > testLoadPatchFile(String) > load: src\test\resources\patches\6-tap-delay-feedback.spcd STANDARD_OUT
    Scale Offset code gen!
    ; ----------------------------
    ;------ Input
    ;------ Pot 0
    ;------ Pot 2
    ;------ Pot 1
    ;------ Scale/Offset
    RDAX POT0,1.0000000000
    SOF 0.9000000000,0.1000000000
    WRAX REG0,0.0000000000
    ;------ Feedback Output
    ;------ Mixer 2:1
    RDAX ADCL,1.0000000000
    RDAX ADCR,1.0000000000
    WRAX REG2,0.0000000000
    ;------ Smoother
    RDAX REG0,1.0000000000
    RDFX REG4,0.0001500000
    WRAX REG4,0.0000000000
    ;------ RMS_Limiter
    RDAX REG1,0.1000000000
    WRAX REG5,1.0000000000
    MULX REG5
    WRAX REG9,1.0000000000
    RDFX REG6,0.1000000000
    WRAX REG6,1.0000000000
    LOG -0.5,-0.125
    WRAX REG10,1.0000000000
    EXP 1.0,0.0
    WRAX REG7,1.0000000000
    MULX REG1
    SOF 1.5000000000,0.0000000000
    WRAX REG8,0.0000000000
    ;------ Six Tap
    RDAX REG8,1.0000000000
    MULX POT1
    RDAX REG2,0.4500000000
    WRA 0,0.0
    CLR
    OR $007FFF00
    MULX REG4
    WRAX REG13,0.0000000000
    SOF 0.2393926941,0.0126301331
    WRAX ADDR_PTR,0.0000000000
    RMPA 0.06309573444801933
    WRAX REG11,0.0000000000
    RDAX REG13,1.0000000000
    SOF 0.7105783142,0.0374293762
    WRAX ADDR_PTR,0.0000000000
    RMPA 0.7079457843841379
    RDAX REG11,1.0000000000
    WRAX REG11,0.0000000000
    RDAX REG13,1.0000000000
    SOF 0.9499710083,0.0500289917
    WRAX ADDR_PTR,0.0000000000
    RMPA 0.6309573444801932
    RDAX REG11,1.0000000000
    WRAX REG11,0.0000000000
    RDAX REG13,1.0000000000
    SOF 0.3163403458,0.0166800095
    WRAX ADDR_PTR,0.0000000000
    RMPA 0.06309573444801933
    RDAX REG11,1.0000000000
    WRAX REG11,0.0000000000
    RDAX REG13,1.0000000000
    SOF 0.6336306625,0.0333794998
    WRAX ADDR_PTR,0.0000000000
    RMPA 0.7079457843841379
    RDAX REG11,1.0000000000
    WRAX REG11,0.0000000000
    RDAX REG13,1.0000000000
    SOF 0.7780262558,0.0409792679
    WRAX ADDR_PTR,0.0000000000
    RMPA 0.6309573444801932
    WRAX REG12,0.0000000000
    RDA 32767,1.0
    WRAX REG14,0.0000000000
    ;------ Crossfade 2
    RDAX POT2,-1.0000000000
    SOF -2.0000000000,0.0000000000
    MULX REG12
    WRAX REG16,0.0000000000
    RDAX POT2,1.0000000000
    SOF 1.0000000000,-1.0000000000
    SOF -2.0000000000,0.0000000000
    MULX ADCR
    RDAX REG16,1.0000000000
    WRAX REG15,0.0000000000
    ;------ Crossfade 2
    RDAX POT2,-1.0000000000
    SOF -2.0000000000,0.0000000000
    MULX REG11
    WRAX REG18,0.0000000000
    RDAX POT2,1.0000000000
    SOF 1.0000000000,-1.0000000000
    SOF -2.0000000000,0.0000000000
    MULX ADCL
    RDAX REG18,1.0000000000
    WRAX REG17,0.0000000000
    ;------ Output
    RDAX REG17,1.0000000000
    WRAX DACL,0.0000000000
    RDAX REG15,1.0000000000
    WRAX DACR,0.0000000000
    ;------ LPF 1P
    RDAX REG11,1.0000000000
    RDFX REG19,0.1500000000
    WRAX REG19,0.0000000000
    ;------ HPF 1P
    RDAX REG19,1.0000000000
    RDFX REG21,0.0150000000
    WRAX REG21,-1.0000000000
    RDAX REG19,1.0000000000
    WRAX REG20,0.0000000000
    ;------ FB In 1
    RDAX REG20,0.7400000000
    WRAX REG1,0.0000000000

    Optimization complete: saved 6 instruction(s) and 3 register(s).
    Output register optimization complete: saved 4 instruction(s) and 2 register(s).

LegacyFileLoadTest > testLoadPatchFile(String) > load: src\test\resources\patches\6-tap-delay-feedback.spcd STANDARD_ERROR
    ----------------------------------------
    Register compaction report:
      Registers before compaction : 22  (highest was REG21 / 0x35)
      Holes removed               : 6
      Registers after compaction  : 16  (highest is now REG15 / 0x2f)
      OK: all registers fit within REG0ûREG31.
    ----------------------------------------
    SpinFXBlock: numRegs updated to 0x30 (REG16)

LegacyFileLoadTest > testLoadPatchFile(String) > load: src\test\resources\patches\6-tap-delay-feedback.spcd STANDARD_OUT
      OK: 6-tap-delay-feedback.spcd ù 16 blocks, 89 instr, 16 regs, 32767 RAM

LegacyFileLoadTest > testLoadPatchFile(String) > load: src\test\resources\patches\6-tap-delay-feedback.spcd PASSED

LegacyFileLoadTest > testLoadPatchFile(String) > load: src\test\resources\patches\8-tap-delay-lfo-filter-feedback.spcd STANDARD_OUT
    Scale Offset code gen!
    Scale Offset code gen!
    Scale Offset code gen!
    SVF 2P code gen!
    ; ----------------------------
    ;------ Input
    ;------ Pot 0
    ;------ Pot 2
    ;------ Pot 1
    ;------ Scale/Offset
    RDAX POT0,1.0000000000
    SOF 0.5100000000,0.4900000000
    WRAX REG0,0.0000000000
    ;------ Feedback Output
    ;------ Mixer 2:1
    RDAX ADCL,0.5011872336
    RDAX ADCR,0.5011872336
    WRAX REG2,0.0000000000
    ;------ Smoother
    RDAX REG0,1.0000000000
    RDFX REG4,0.0001500000
    WRAX REG4,0.0000000000
    ;------ Eight Tap
    RDAX REG1,0.5623413252
    MULX POT1
    RDAX REG2,1.0000000000
    WRA 0,0.0
    CLR
    OR $007FFF00
    MULX REG4
    WRAX REG7,0.0000000000
    SOF 0.1187463760,0.0062803268
    WRAX ADDR_PTR,0.0000000000
    RMPA 0.7079457843841379
    WRAX REG5,0.0000000000
    RDAX REG7,1.0000000000
    SOF 0.3562391281,0.0187799454
    WRAX ADDR_PTR,0.0000000000
    RMPA 0.5011872336272722
    RDAX REG5,1.0000000000
    WRAX REG5,0.0000000000
    RDAX REG7,1.0000000000
    SOF 0.5937318802,0.0312795639
    WRAX ADDR_PTR,0.0000000000
    RMPA 0.7079457843841379
    RDAX REG5,1.0000000000
    WRAX REG5,0.0000000000
    RDAX REG7,1.0000000000
    SOF 0.8312246323,0.0437791824
    WRAX ADDR_PTR,0.0000000000
    RMPA 0.5623413251903491
    RDAX REG5,1.0000000000
    WRAX REG5,0.0000000000
    RDAX REG7,1.0000000000
    SOF 0.2374927521,0.0125301361
    WRAX ADDR_PTR,0.0000000000
    RMPA 0.7079457843841379
    WRAX REG6,0.0000000000
    RDAX REG7,1.0000000000
    SOF 0.4749855042,0.0250297546
    WRAX ADDR_PTR,0.0000000000
    RMPA 0.3981071705534972
    RDAX REG6,1.0000000000
    WRAX REG6,0.0000000000
    RDAX REG7,1.0000000000
    SOF 0.7124782562,0.0375293732
    WRAX ADDR_PTR,0.0000000000
    RMPA 0.44668359215096315
    RDAX REG6,1.0000000000
    WRAX REG6,0.0000000000
    RDAX REG7,1.0000000000
    SOF 0.9499710083,0.0500289917
    WRAX ADDR_PTR,0.0000000000
    RMPA 0.3981071705534972
    RDAX REG6,1.0000000000
    WRAX REG6,0.0000000000
    ;------ Crossfade 2
    RDAX POT2,-1.0000000000
    SOF -2.0000000000,0.0000000000
    MULX REG6
    WRAX REG9,0.0000000000
    RDAX POT2,1.0000000000
    SOF 1.0000000000,-1.0000000000
    SOF -2.0000000000,0.0000000000
    MULX ADCR
    RDAX REG9,1.0000000000
    WRAX REG8,0.0000000000
    ;------ Crossfade 2
    RDAX POT2,-1.0000000000
    SOF -2.0000000000,0.0000000000
    MULX REG5
    WRAX REG11,0.0000000000
    RDAX POT2,1.0000000000
    SOF 1.0000000000,-1.0000000000
    SOF -2.0000000000,0.0000000000
    MULX ADCL
    RDAX REG11,1.0000000000
    WRAX REG10,0.0000000000
    ;------ Output
    RDAX REG10,1.0000000000
    WRAX DACL,0.0000000000
    RDAX REG8,1.0000000000
    WRAX DACR,0.0000000000
    ;------ LFO 0
    SKP RUN ,1
    WLDS 0,13,32767
    CHO RDAL,0
    SOF 0.5000000000,0.5000000000
    WRAX REG12,0.0000000000
    CHO RDAL,8
    SOF 0.5000000000,0.5000000000
    WRAX REG13,0.0000000000
    ;------ Scale/Offset
    RDAX REG12,1.0000000000
    SOF 0.5700000000,0.4300000000
    WRAX REG14,0.0000000000
    ;------ HPF 1P
    RDAX REG5,0.1000113644
    RDAX REG16,-0.1000113644
    MULX REG14
    RDAX REG16,1.0000000000
    WRAX REG16,-1.0000000000
    RDAX REG5,1.0000000000
    WRAX REG15,0.0000000000
    ;------ Scale/Offset
    RDAX REG13,1.0000000000
    SOF 0.8800000000,0.1200000000
    WRAX REG17,0.0000000000
    ;------ SVF 2P
    SOF 0.0000000000,0.0000000000
    RDAX REG15,1.0000000000
    RDAX REG20,-1.0000000000
    RDAX REG19,-0.5000000000
    WRAX REG18,0.3105848936
    MULX REG17
    RDAX REG19,1.0000000000
    WRAX REG19,0.3105848936
    MULX REG17
    RDAX REG20,1.0000000000
    WRAX REG20,0.0000000000
    ;------ FB In 1
    RDAX REG20,0.9000000000
    WRAX REG1,0.0000000000

    Optimization complete: saved 2 instruction(s) and 1 register(s).
    Output register optimization complete: saved 4 instruction(s) and 2 register(s).

LegacyFileLoadTest > testLoadPatchFile(String) > load: src\test\resources\patches\8-tap-delay-lfo-filter-feedback.spcd STANDARD_ERROR
    ----------------------------------------
    Register compaction report:
      Registers before compaction : 21  (highest was REG20 / 0x34)
      Holes removed               : 4
      Registers after compaction  : 17  (highest is now REG16 / 0x30)
      OK: all registers fit within REG0ûREG31.
    ----------------------------------------
    SpinFXBlock: numRegs updated to 0x31 (REG17)

LegacyFileLoadTest > testLoadPatchFile(String) > load: src\test\resources\patches\8-tap-delay-lfo-filter-feedback.spcd STANDARD_OUT
      OK: 8-tap-delay-lfo-filter-feedback.spcd ù 18 blocks, 114 instr, 17 regs, 32767 RAM

LegacyFileLoadTest > testLoadPatchFile(String) > load: src\test\resources\patches\8-tap-delay-lfo-filter-feedback.spcd PASSED

LegacyFileLoadTest > testLoadPatchFile(String) > load: src\test\resources\patches\aliaser-test.spcd SKIPPED

LegacyFileLoadTest > testLoadPatchFile(String) > load: src\test\resources\patches\auto-wah.spcd STANDARD_OUT
    Couldn't find Output

LegacyFileLoadTest > testLoadPatchFile(String) > load: src\test\resources\patches\auto-wah.spcd STANDARD_ERROR
    java.lang.NullPointerException: Cannot invoke "com.holycityaudio.SpinCAD.SpinCADPin.setRegister(int)" because the return value of "com.holycityaudio.SpinCAD.CADBlocks.New_EnvelopeCADBlock.getPin(String)" is null
    	at com.holycityaudio.SpinCAD.CADBlocks.New_EnvelopeCADBlock.generateCode(New_EnvelopeCADBlock.java:162)
    	at com.holycityaudio.SpinCAD.SpinCADModel.generateCode(SpinCADModel.java:293)
    	at com.holycityaudio.SpinCAD.SpinCADModel.sortAlignGen(SpinCADModel.java:189)
    	at com.holycityaudio.SpinCAD.LegacyFileLoadTest.testLoadPatchFile(LegacyFileLoadTest.java:94)
    	at java.base/jdk.internal.reflect.DirectMethodHandleAccessor.invoke(DirectMethodHandleAccessor.java:104)
    	at java.base/java.lang.reflect.Method.invoke(Method.java:577)
    	at org.junit.platform.commons.util.ReflectionUtils.invokeMethod(ReflectionUtils.java:728)
    	at org.junit.jupiter.engine.execution.MethodInvocation.proceed(MethodInvocation.java:60)
    	at org.junit.jupiter.engine.execution.InvocationInterceptorChain$ValidatingInvocation.proceed(InvocationInterceptorChain.java:131)
    	at org.junit.jupiter.engine.extension.TimeoutExtension.intercept(TimeoutExtension.java:156)
    	at org.junit.jupiter.engine.extension.TimeoutExtension.interceptTestableMethod(TimeoutExtension.java:147)
    	at org.junit.jupiter.engine.extension.TimeoutExtension.interceptTestTemplateMethod(TimeoutExtension.java:94)
    	at org.junit.jupiter.engine.execution.InterceptingExecutableInvoker$ReflectiveInterceptorCall.lambda$ofVoidMethod$0(InterceptingExecutableInvoker.java:103)
    	at org.junit.jupiter.engine.execution.InterceptingExecutableInvoker.lambda$invoke$0(InterceptingExecutableInvoker.java:93)
    	at org.junit.jupiter.engine.execution.InvocationInterceptorChain$InterceptedInvocation.proceed(InvocationInterceptorChain.java:106)
    	at org.junit.jupiter.engine.execution.InvocationInterceptorChain.proceed(InvocationInterceptorChain.java:64)
    	at org.junit.jupiter.engine.execution.InvocationInterceptorChain.chainAndInvoke(InvocationInterceptorChain.java:45)
    	at org.junit.jupiter.engine.execution.InvocationInterceptorChain.invoke(InvocationInterceptorChain.java:37)
    	at org.junit.jupiter.engine.execution.InterceptingExecutableInvoker.invoke(InterceptingExecutableInvoker.java:92)
    	at org.junit.jupiter.engine.execution.InterceptingExecutableInvoker.invoke(InterceptingExecutableInvoker.java:86)
    	at org.junit.jupiter.engine.descriptor.TestMethodTestDescriptor.lambda$invokeTestMethod$7(TestMethodTestDescriptor.java:218)
    	at org.junit.platform.engine.support.hierarchical.ThrowableCollector.execute(ThrowableCollector.java:73)
    	at org.junit.jupiter.engine.descriptor.TestMethodTestDescriptor.invokeTestMethod(TestMethodTestDescriptor.java:214)
    	at org.junit.jupiter.engine.descriptor.TestMethodTestDescriptor.execute(TestMethodTestDescriptor.java:139)
    	at org.junit.jupiter.engine.descriptor.TestMethodTestDescriptor.execute(TestMethodTestDescriptor.java:69)
    	at org.junit.platform.engine.support.hierarchical.NodeTestTask.lambda$executeRecursively$6(NodeTestTask.java:151)
    	at org.junit.platform.engine.support.hierarchical.ThrowableCollector.execute(ThrowableCollector.java:73)
    	at org.junit.platform.engine.support.hierarchical.NodeTestTask.lambda$executeRecursively$8(NodeTestTask.java:141)
    	at org.junit.platform.engine.support.hierarchical.Node.around(Node.java:137)
    	at org.junit.platform.engine.support.hierarchical.NodeTestTask.lambda$executeRecursively$9(NodeTestTask.java:139)
    	at org.junit.platform.engine.support.hierarchical.ThrowableCollector.execute(ThrowableCollector.java:73)
    	at org.junit.platform.engine.support.hierarchical.NodeTestTask.executeRecursively(NodeTestTask.java:138)
    	at org.junit.platform.engine.support.hierarchical.NodeTestTask.execute(NodeTestTask.java:95)
    	at org.junit.platform.engine.support.hierarchical.SameThreadHierarchicalTestExecutorService.submit(SameThreadHierarchicalTestExecutorService.java:35)
    	at org.junit.platform.engine.support.hierarchical.NodeTestTask$DefaultDynamicTestExecutor.execute(NodeTestTask.java:226)
    	at org.junit.platform.engine.support.hierarchical.NodeTestTask$DefaultDynamicTestExecutor.execute(NodeTestTask.java:204)
    	at org.junit.jupiter.engine.descriptor.TestTemplateTestDescriptor.execute(TestTemplateTestDescriptor.java:142)
    	at org.junit.jupiter.engine.descriptor.TestTemplateTestDescriptor.lambda$execute$2(TestTemplateTestDescriptor.java:110)
    	at java.base/java.util.stream.ForEachOps$ForEachOp$OfRef.accept(ForEachOps.java:183)
    	at java.base/java.util.stream.ReferencePipeline$3$1.accept(ReferencePipeline.java:197)
    	at java.base/java.util.stream.ReferencePipeline$2$1.accept(ReferencePipeline.java:179)
    	at java.base/java.util.stream.ReferencePipeline$3$1.accept(ReferencePipeline.java:197)
    	at java.base/java.util.stream.ForEachOps$ForEachOp$OfRef.accept(ForEachOps.java:183)
    	at java.base/java.util.stream.ReferencePipeline$3$1.accept(ReferencePipeline.java:197)
    	at java.base/java.util.stream.ReferencePipeline$3$1.accept(ReferencePipeline.java:197)
    	at java.base/java.util.stream.ReferencePipeline$3$1.accept(ReferencePipeline.java:197)
    	at java.base/java.util.stream.ForEachOps$ForEachOp$OfRef.accept(ForEachOps.java:183)
    	at java.base/java.util.stream.ReferencePipeline$3$1.accept(ReferencePipeline.java:197)
    	at java.base/java.util.ArrayList$ArrayListSpliterator.forEachRemaining(ArrayList.java:1625)
    	at java.base/java.util.stream.ReferencePipeline$Head.forEach(ReferencePipeline.java:762)
    	at java.base/java.util.stream.ReferencePipeline$7$1.accept(ReferencePipeline.java:276)
    	at java.base/java.util.stream.ReferencePipeline$3$1.accept(ReferencePipeline.java:197)
    	at java.base/java.util.stream.ReferencePipeline$3$1.accept(ReferencePipeline.java:197)
    	at java.base/java.util.stream.ReferencePipeline$3$1.accept(ReferencePipeline.java:197)
    	at java.base/java.util.Spliterators$ArraySpliterator.forEachRemaining(Spliterators.java:992)
    	at java.base/java.util.stream.AbstractPipeline.copyInto(AbstractPipeline.java:509)
    	at java.base/java.util.stream.AbstractPipeline.wrapAndCopyInto(AbstractPipeline.java:499)
    	at java.base/java.util.stream.ForEachOps$ForEachOp.evaluateSequential(ForEachOps.java:150)
    	at java.base/java.util.stream.ForEachOps$ForEachOp$OfRef.evaluateSequential(ForEachOps.java:173)
    	at java.base/java.util.stream.AbstractPipeline.evaluate(AbstractPipeline.java:234)
    	at java.base/java.util.stream.ReferencePipeline.forEach(ReferencePipeline.java:596)
    	at java.base/java.util.stream.ReferencePipeline$7$1.accept(ReferencePipeline.java:276)
    	at java.base/java.util.stream.ReferencePipeline$3$1.accept(ReferencePipeline.java:197)
    	at java.base/java.util.stream.ReferencePipeline$3$1.accept(ReferencePipeline.java:197)
    	at java.base/java.util.stream.ReferencePipeline$3$1.accept(ReferencePipeline.java:197)
    	at java.base/java.util.ArrayList$ArrayListSpliterator.forEachRemaining(ArrayList.java:1625)
    	at java.base/java.util.stream.AbstractPipeline.copyInto(AbstractPipeline.java:509)
    	at java.base/java.util.stream.AbstractPipeline.wrapAndCopyInto(AbstractPipeline.java:499)
    	at java.base/java.util.stream.ForEachOps$ForEachOp.evaluateSequential(ForEachOps.java:150)
    	at java.base/java.util.stream.ForEachOps$ForEachOp$OfRef.evaluateSequential(ForEachOps.java:173)
    	at java.base/java.util.stream.AbstractPipeline.evaluate(AbstractPipeline.java:234)
    	at java.base/java.util.stream.ReferencePipeline.forEach(ReferencePipeline.java:596)
    	at java.base/java.util.stream.ReferencePipeline$7$1.accept(ReferencePipeline.java:276)
    	at java.base/java.util.ArrayList$ArrayListSpliterator.forEachRemaining(ArrayList.java:1625)
    	at java.base/java.util.stream.AbstractPipeline.copyInto(AbstractPipeline.java:509)
    	at java.base/java.util.stream.AbstractPipeline.wrapAndCopyInto(AbstractPipeline.java:499)
    	at java.base/java.util.stream.ForEachOps$ForEachOp.evaluateSequential(ForEachOps.java:150)
    	at java.base/java.util.stream.ForEachOps$ForEachOp$OfRef.evaluateSequential(ForEachOps.java:173)
    	at java.base/java.util.stream.AbstractPipeline.evaluate(AbstractPipeline.java:234)
    	at java.base/java.util.stream.ReferencePipeline.forEach(ReferencePipeline.java:596)
    	at org.junit.jupiter.engine.descriptor.TestTemplateTestDescriptor.execute(TestTemplateTestDescriptor.java:110)
    	at org.junit.jupiter.engine.descriptor.TestTemplateTestDescriptor.execute(TestTemplateTestDescriptor.java:44)
    	at org.junit.platform.engine.support.hierarchical.NodeTestTask.lambda$executeRecursively$6(NodeTestTask.java:151)
    	at org.junit.platform.engine.support.hierarchical.ThrowableCollector.execute(ThrowableCollector.java:73)
    	at org.junit.platform.engine.support.hierarchical.NodeTestTask.lambda$executeRecursively$8(NodeTestTask.java:141)
    	at org.junit.platform.engine.support.hierarchical.Node.around(Node.java:137)
    	at org.junit.platform.engine.support.hierarchical.NodeTestTask.lambda$executeRecursively$9(NodeTestTask.java:139)
    	at org.junit.platform.engine.support.hierarchical.ThrowableCollector.execute(ThrowableCollector.java:73)
    	at org.junit.platform.engine.support.hierarchical.NodeTestTask.executeRecursively(NodeTestTask.java:138)
    	at org.junit.platform.engine.support.hierarchical.NodeTestTask.execute(NodeTestTask.java:95)
    	at java.base/java.util.ArrayList.forEach(ArrayList.java:1511)
    	at org.junit.platform.engine.support.hierarchical.SameThreadHierarchicalTestExecutorService.invokeAll(SameThreadHierarchicalTestExecutorService.java:41)
    	at org.junit.platform.engine.support.hierarchical.NodeTestTask.lambda$executeRecursively$6(NodeTestTask.java:155)
    	at org.junit.platform.engine.support.hierarchical.ThrowableCollector.execute(ThrowableCollector.java:73)
    	at org.junit.platform.engine.support.hierarchical.NodeTestTask.lambda$executeRecursively$8(NodeTestTask.java:141)
    	at org.junit.platform.engine.support.hierarchical.Node.around(Node.java:137)
    	at org.junit.platform.engine.support.hierarchical.NodeTestTask.lambda$executeRecursively$9(NodeTestTask.java:139)
    	at org.junit.platform.engine.support.hierarchical.ThrowableCollector.execute(ThrowableCollector.java:73)
    	at org.junit.platform.engine.support.hierarchical.NodeTestTask.executeRecursively(NodeTestTask.java:138)
    	at org.junit.platform.engine.support.hierarchical.NodeTestTask.execute(NodeTestTask.java:95)
    	at java.base/java.util.ArrayList.forEach(ArrayList.java:1511)
    	at org.junit.platform.engine.support.hierarchical.SameThreadHierarchicalTestExecutorService.invokeAll(SameThreadHierarchicalTestExecutorService.java:41)
    	at org.junit.platform.engine.support.hierarchical.NodeTestTask.lambda$executeRecursively$6(NodeTestTask.java:155)
    	at org.junit.platform.engine.support.hierarchical.ThrowableCollector.execute(ThrowableCollector.java:73)
    	at org.junit.platform.engine.support.hierarchical.NodeTestTask.lambda$executeRecursively$8(NodeTestTask.java:141)
    	at org.junit.platform.engine.support.hierarchical.Node.around(Node.java:137)
    	at org.junit.platform.engine.support.hierarchical.NodeTestTask.lambda$executeRecursively$9(NodeTestTask.java:139)
    	at org.junit.platform.engine.support.hierarchical.ThrowableCollector.execute(ThrowableCollector.java:73)
    	at org.junit.platform.engine.support.hierarchical.NodeTestTask.executeRecursively(NodeTestTask.java:138)
    	at org.junit.platform.engine.support.hierarchical.NodeTestTask.execute(NodeTestTask.java:95)
    	at org.junit.platform.engine.support.hierarchical.SameThreadHierarchicalTestExecutorService.submit(SameThreadHierarchicalTestExecutorService.java:35)
    	at org.junit.platform.engine.support.hierarchical.HierarchicalTestExecutor.execute(HierarchicalTestExecutor.java:57)
    	at org.junit.platform.engine.support.hierarchical.HierarchicalTestEngine.execute(HierarchicalTestEngine.java:54)
    	at org.junit.platform.launcher.core.EngineExecutionOrchestrator.execute(EngineExecutionOrchestrator.java:198)
    	at org.junit.platform.launcher.core.EngineExecutionOrchestrator.execute(EngineExecutionOrchestrator.java:169)
    	at org.junit.platform.launcher.core.EngineExecutionOrchestrator.execute(EngineExecutionOrchestrator.java:93)
    	at org.junit.platform.launcher.core.EngineExecutionOrchestrator.lambda$execute$0(EngineExecutionOrchestrator.java:58)
    	at org.junit.platform.launcher.core.EngineExecutionOrchestrator.withInterceptedStreams(EngineExecutionOrchestrator.java:141)
    	at org.junit.platform.launcher.core.EngineExecutionOrchestrator.execute(EngineExecutionOrchestrator.java:57)
    	at org.junit.platform.launcher.core.DefaultLauncher.execute(DefaultLauncher.java:103)
    	at org.junit.platform.launcher.core.DefaultLauncher.execute(DefaultLauncher.java:85)
    	at org.junit.platform.launcher.core.DelegatingLauncher.execute(DelegatingLauncher.java:47)
    	at org.gradle.api.internal.tasks.testing.junitplatform.JUnitPlatformTestClassProcessor$CollectAllTestClassesExecutor.processAllTestClasses(JUnitPlatformTestClassProcessor.java:119)
    	at org.gradle.api.internal.tasks.testing.junitplatform.JUnitPlatformTestClassProcessor$CollectAllTestClassesExecutor.access$000(JUnitPlatformTestClassProcessor.java:94)
    	at org.gradle.api.internal.tasks.testing.junitplatform.JUnitPlatformTestClassProcessor.stop(JUnitPlatformTestClassProcessor.java:89)
    	at org.gradle.api.internal.tasks.testing.SuiteTestClassProcessor.stop(SuiteTestClassProcessor.java:62)
    	at java.base/jdk.internal.reflect.DirectMethodHandleAccessor.invoke(DirectMethodHandleAccessor.java:104)
    	at java.base/java.lang.reflect.Method.invoke(Method.java:577)
    	at org.gradle.internal.dispatch.ReflectionDispatch.dispatch(ReflectionDispatch.java:36)
    	at org.gradle.internal.dispatch.ReflectionDispatch.dispatch(ReflectionDispatch.java:24)
    	at org.gradle.internal.dispatch.ContextClassLoaderDispatch.dispatch(ContextClassLoaderDispatch.java:33)
    	at org.gradle.internal.dispatch.ProxyDispatchAdapter$DispatchingInvocationHandler.invoke(ProxyDispatchAdapter.java:94)
    	at jdk.proxy1/jdk.proxy1.$Proxy2.stop(Unknown Source)
    	at org.gradle.api.internal.tasks.testing.worker.TestWorker$3.run(TestWorker.java:193)
    	at org.gradle.api.internal.tasks.testing.worker.TestWorker.executeAndMaintainThreadName(TestWorker.java:129)
    	at org.gradle.api.internal.tasks.testing.worker.TestWorker.execute(TestWorker.java:100)
    	at org.gradle.api.internal.tasks.testing.worker.TestWorker.execute(TestWorker.java:60)
    	at org.gradle.process.internal.worker.child.ActionExecutionWorker.execute(ActionExecutionWorker.java:56)
    	at org.gradle.process.internal.worker.child.SystemApplicationClassLoaderWorker.call(SystemApplicationClassLoaderWorker.java:113)
    	at org.gradle.process.internal.worker.child.SystemApplicationClassLoaderWorker.call(SystemApplicationClassLoaderWorker.java:65)
    	at worker.org.gradle.process.internal.worker.GradleWorkerMain.run(GradleWorkerMain.java:69)
    	at worker.org.gradle.process.internal.worker.GradleWorkerMain.main(GradleWorkerMain.java:74)

LegacyFileLoadTest > testLoadPatchFile(String) > load: src\test\resources\patches\auto-wah.spcd STANDARD_OUT
    ; ----------------------------
    ;------ Input
    ;------ Pot 0
    ;------ Pot 1
    ;------ Pot 2
    ;------ New Envelope
    RDAX ADCL,1.0000000000
    ABSA
    RDFX REG4,0.0002102250
    WRAX REG4,0.0000000000
    RDAX REG5,0.0010000000
    SOF -0.0100000000,0.0000000000
    RDAX REG5,1.0000000000
    WRAX REG6,0.0000000000
    RDAX REG4,1.0000000000
    MAXX REG6,1.0000000000
    WRAX REG5,1.0000000000
    SOF 1.0000000000,0.0020000000
    LOG 1.0,0.0
    WRAX REG6,0.0000000000
    RDAX REG4,1.0000000000
    LOG 1.0,0.0
    RDAX REG6,-1.0000000000
    MULX POT2
    EXP 1.0,0.0
    RDFX REG7,0.0001500000
    WRAX REG7,0.0000000000
    RDAX ADCL,0.0002102250
    RDAX REG1,-0.0002102250
    MULX POT0
    RDAX REG1,1.0000000000
    WRAX REG1,0.0000000000
    RDAX ADCL,0.0001500000
    RDAX REG2,-0.0001500000
    MULX POT1
    RDAX REG2,1.0000000000

    Optimization complete: saved 0 instruction(s) and 0 register(s).

LegacyFileLoadTest > testLoadPatchFile(String) > load: src\test\resources\patches\auto-wah.spcd STANDARD_ERROR
    ----------------------------------------
    Register compaction report:
      Registers before compaction : 8  (highest was REG7 / 0x27)
      Holes removed               : 2
      Registers after compaction  : 6  (highest is now REG5 / 0x25)
      OK: all registers fit within REG0ûREG31.
    ----------------------------------------
    SpinFXBlock: numRegs updated to 0x26 (REG6)

LegacyFileLoadTest > testLoadPatchFile(String) > load: src\test\resources\patches\auto-wah.spcd STANDARD_OUT
      OK: auto-wah.spcd ù 6 blocks, 30 instr, 6 regs, 0 RAM

LegacyFileLoadTest > testLoadPatchFile(String) > load: src\test\resources\patches\auto-wah.spcd PASSED

LegacyFileLoadTest > testLoadPatchFile(String) > load: src\test\resources\patches\br-001.spcd STANDARD_OUT
    Invert code gen!
    Scale Offset code gen!
    ; ----------------------------
    ;------ Input
    ;------ Pot 2
    ;------ Pot 0
    ;------ Pot 1
    ;------ Invert
    RDAX POT1,1.0000000000
    SOF -0.9990000000,0.9990000000
    WRAX REG0,0.0000000000
    ;------ Scale/Offset
    RDAX POT2,1.0000000000
    SOF 0.3800000000,0.0000000000
    WRAX REG1,0.0000000000
    ;------ Reverb_Hall
    SKP RUN ,6
    WRAX REG7,0.0000000000
    WRAX REG8,0.0000000000
    WRAX REG9,0.0000000000
    WRAX REG10,0.0000000000
    WRAX REG11,0.0000000000
    WLDS 0,10,100
    RDAX REG1,0.1000000000
    WRAX ADDR_PTR,0.0000000000
    RDAX ADCL,0.3548133892
    WRA 0,0.0
    RMPA 1.0
    WRA 3277,1.0
    RDA 10549,0.61
    WRAP 10278,-0.61
    RDA 10983,0.61
    WRAP 10550,-0.61
    RDA 11753,0.61
    WRAP 10984,-0.61
    RDA 12745,0.61
    WRAP 11754,-0.61
    WRAX REG3,0.0000000000
    RDA 27187,0.87
    MULX POT2
    RDAX REG3,1.0000000000
    RDA 14515,0.63
    WRAP 13446,-0.63
    RDA 15805,-0.63
    WRAP 14516,0.63
    RDA 18049,0.63
    WRAP 15806,-0.63
    RDFX REG9,0.0335232927
    WRHX REG9,-0.5000000000
    WRAX REG4,-1.0000000000
    RDFX REG7,0.5000000000
    WRHX REG7,-1.0000000000
    MULX REG0
    RDAX REG4,1.0000000000
    WRA 18050,0.0
    RDA 20387,-0.87
    MULX POT2
    RDAX REG3,1.0000000000
    RDA 21355,0.63
    WRAP 20388,-0.63
    RDA 22723,0.63
    WRAP 21356,-0.63
    RDA 24793,-0.63
    WRAP 22724,0.63
    RDFX REG10,0.0335232927
    WRHX REG10,-0.5000000000
    WRAX REG4,-1.0000000000
    RDFX REG8,0.5000000000
    WRHX REG8,-1.0000000000
    MULX REG0
    RDAX REG4,1.0000000000
    WRA 24794,0.0
    RDA 3377,1.0
    RDA 12987,0.5
    WRAP 12746,-0.5
    WRAX REG4,1.0000000000
    RDFX REG11,0.1000000000
    WRHX REG11,-1.0000000000
    MULX REG0
    RDAX REG4,1.0000000000
    WRA 3378,0.0
    RDA 4277,1.0
    RDA 13445,0.5
    WRAP 12988,-0.5
    WRA 4278,0.0
    RDA 5978,0.5
    RDA 5533,0.8
    RDA 6686,0.8
    RDA 7377,0.7
    RDA 18050,1.5
    WRAX REG5,0.0000000000
    RDA 6077,0.5
    RDA 5533,0.6
    RDA 6324,0.8
    RDA 7377,0.9
    RDA 24794,1.5
    WRAX REG6,0.0000000000
    CHO RDA,0,REG | COMPC,15906
    CHO RDA,0,0,15907
    WRA 16006,0.0
    CHO RDA,0,COS  | REG | COMPC,22824
    CHO RDA,0,COS ,22825
    WRA 22924,0.0
    ;------ Mixer 2:1
    RDAX REG5,1.0000000000
    MULX POT0
    WRAX REG12,0.0000000000
    RDAX REG6,1.0000000000
    MULX POT0
    RDAX REG12,1.0000000000
    WRAX REG12,0.0000000000
    ;------ Output
    RDAX REG12,1.0000000000
    RDAX ADCL,1.0000000000
    WRAX DACL,1.0000000000
    WRAX DACR,0.0000000000

    Optimization complete: saved 1 instruction(s) and 0 register(s).

LegacyFileLoadTest > testLoadPatchFile(String) > load: src\test\resources\patches\br-001.spcd STANDARD_ERROR
    ----------------------------------------
    Register compaction report:
      Registers before compaction : 13  (highest was REG12 / 0x2c)
      Holes removed               : 1
      Registers after compaction  : 12  (highest is now REG11 / 0x2b)
      OK: all registers fit within REG0ûREG31.
    ----------------------------------------
    SpinFXBlock: numRegs updated to 0x2c (REG12)

LegacyFileLoadTest > testLoadPatchFile(String) > load: src\test\resources\patches\br-001.spcd STANDARD_OUT
      OK: br-001.spcd ù 9 blocks, 103 instr, 12 regs, 27172 RAM

LegacyFileLoadTest > testLoadPatchFile(String) > load: src\test\resources\patches\br-001.spcd PASSED

LegacyFileLoadTest > testLoadPatchFile(String) > load: src\test\resources\patches\br-002.spcd STANDARD_OUT
    Scale Offset code gen!
    Power control code gen! Power:5.0
    Power control code gen! Power:3.0
    Scale Offset code gen!
    Scale Offset code gen!
    Scale Offset code gen!
    ; ----------------------------
    ;------ Input
    ;------ Pot 2
    ;------ Pot 0
    ;------ Pot 1
    ;------ Feedback Output
    ;------ Allpass
    RDAX ADCL,0.7943282347
    RDA 156,0.65
    WRAP 0,-0.65
    RDA 380,0.65
    WRAP 157,-0.65
    RDA 713,0.65
    WRAP 381,-0.65
    RDA 1162,0.65
    WRAP 714,-0.65
    WRAX REG1,0.0000000000
    ;------ Smoother
    RDAX POT2,1.0000000000
    RDFX REG3,0.0001500000
    WRAX REG3,0.0000000000
    ;------ Scale/Offset
    RDAX REG3,1.0000000000
    SOF 0.7600000000,0.2400000000
    WRAX REG4,0.0000000000
    ;------ Power
    RDAX POT1,1.0000000000
    ;------ ---Invert
    SOF -0.9990234375,0.9990234375
    WRAX REG5,1.0000000000
    MULX REG5
    MULX REG5
    MULX REG5
    MULX REG5
    ;------ ---Flip
    SOF -0.9990234375,0.9990234375
    WRAX REG6,0.0000000000
    ;------ Power
    RDAX POT0,1.0000000000
    ;------ ---Invert
    SOF -0.9990234375,0.9990234375
    WRAX REG7,1.0000000000
    MULX REG7
    MULX REG7
    ;------ ---Flip
    SOF -0.9990234375,0.9990234375
    WRAX REG8,0.0000000000
    ;------ Scale/Offset
    RDAX REG3,1.0000000000
    SOF -0.8500000000,0.9990000000
    WRAX REG9,0.0000000000
    ;------ Scale/Offset
    RDAX REG8,1.0000000000
    SOF 0.9200000000,0.0800000000
    WRAX REG10,0.0000000000
    ;------ Scale/Offset
    RDAX REG3,1.0000000000
    SOF 0.6000000000,0.4000000000
    WRAX REG11,0.0000000000
    ;------ Chorus
    SKP RUN ,1
    WLDS 0,50,64
    RDAX REG11,0.0081013366
    WRAX SIN0_RANGE,0.0000000000
    RDAX REG9,0.0362622309
    WRAX SIN0_RATE,0.0000000000
    LDAX REG1
    WRA 1163,0.0
    CHO RDA,0,REG | COMPC,1562
    CHO RDA,0,0,1563
    WRAX REG12,0.0000000000
    ;------ Chirp
    RDAX REG0,1.0000000000
    RDA 1984,-0.53
    WRAP 1968,0.53
    RDA 2001,-0.53
    WRAP 1985,0.53
    RDA 2018,-0.53
    WRAP 2002,0.53
    RDA 2035,-0.53
    WRAP 2019,0.53
    RDA 2052,-0.53
    WRAP 2036,0.53
    RDA 2069,-0.53
    WRAP 2053,0.53
    WRAX REG13,0.0000000000
    ;------ MN3011
    RDAX REG13,1.0000000000
    MULX REG6
    RDAX REG12,0.7079457844
    WRA 2070,0.0
    CLR
    OR $007FFF00
    MULX REG4
    WRAX REG16,1.0000000000
    SOF 0.4704193115,0.0876251221
    WRAX ADDR_PTR,0.0000000000
    RMPA 0.5
    WRAX REG15,0.0000000000
    RMPA 1.0
    WRAX REG14,0.0000000000
    RDAX REG16,1.0000000000
    SOF 0.0559753750,0.0658122833
    WRAX ADDR_PTR,0.0000000000
    RMPA 0.5
    RDAX REG15,1.0000000000
    WRAX REG15,0.0000000000
    RDAX REG16,1.0000000000
    SOF 0.0935749952,0.0677912107
    WRAX ADDR_PTR,0.0000000000
    RMPA 0.5
    RDAX REG15,1.0000000000
    WRAX REG15,0.0000000000
    RDAX REG16,1.0000000000
    SOF 0.1687742359,0.0717490655
    WRAX ADDR_PTR,0.0000000000
    RMPA 0.5
    RDAX REG15,1.0000000000
    WRAX REG15,0.0000000000
    RDAX REG16,1.0000000000
    SOF 0.2439734772,0.0757069203
    WRAX ADDR_PTR,0.0000000000
    RMPA 0.5
    RDAX REG15,1.0000000000
    WRAX REG15,0.0000000000
    RDAX REG16,1.0000000000
    SOF 0.3943719588,0.0836226298
    WRAX ADDR_PTR,0.0000000000
    RMPA 0.5
    RDAX REG15,1.0000000000
    WRAX REG15,0.0000000000
    ;------ LPF 1P
    RDAX REG14,1.0000000000
    RDFX REG17,0.1819111947
    WRAX REG17,0.0000000000
    ;------ Volume
    RDAX REG15,1.0000000000
    MULX REG10
    WRAX REG18,0.0000000000
    ;------ Output
    RDAX REG18,1.0000000000
    RDAX ADCL,1.0000000000
    WRAX DACL,1.0000000000
    WRAX DACR,0.0000000000
    ;------ HPF 1P
    RDAX REG17,1.0000000000
    RDFX REG20,0.0375360574
    WRAX REG20,-1.0000000000
    RDAX REG17,1.0000000000
    WRAX REG19,0.0000000000
    ;------ FB In 1
    RDAX REG19,1.0000000000
    WRAX REG0,0.0000000000

    Optimization complete: saved 7 instruction(s) and 3 register(s).

LegacyFileLoadTest > testLoadPatchFile(String) > load: src\test\resources\patches\br-002.spcd STANDARD_ERROR
    ----------------------------------------
    Register compaction report:
      Registers before compaction : 21  (highest was REG20 / 0x34)
      Holes removed               : 4
      Registers after compaction  : 17  (highest is now REG16 / 0x30)
      OK: all registers fit within REG0ûREG31.
    ----------------------------------------
    SpinFXBlock: numRegs updated to 0x31 (REG17)

LegacyFileLoadTest > testLoadPatchFile(String) > load: src\test\resources\patches\br-002.spcd STANDARD_OUT
      OK: br-002.spcd ù 21 blocks, 120 instr, 17 regs, 18285 RAM

LegacyFileLoadTest > testLoadPatchFile(String) > load: src\test\resources\patches\br-002.spcd PASSED

LegacyFileLoadTest > testLoadPatchFile(String) > load: src\test\resources\patches\br-003.spcd STANDARD_OUT
    Scale Offset code gen!
    Scale Offset code gen!
    Scale Offset code gen!
    SVF 2P code gen!
    ; ----------------------------
    ;------ Input
    ;------ Pot 2
    ;------ Pot 0
    ;------ Pot 1
    ;------ Feedback Output
    ;------ Allpass
    RDAX ADCL,0.7943282347
    RDA 156,0.58
    WRAP 0,-0.58
    RDA 380,0.58
    WRAP 157,-0.58
    RDA 713,0.58
    WRAP 381,-0.58
    RDA 1162,0.58
    WRAP 714,-0.58
    WRAX REG1,0.0000000000
    ;------ Smoother
    RDAX POT2,1.0000000000
    RDFX REG3,0.0001500000
    WRAX REG3,0.0000000000
    ;------ Scale/Offset
    RDAX REG3,1.0000000000
    SOF 0.8400000000,0.1600000000
    WRAX REG4,0.0000000000
    ;------ Chirp
    RDAX REG0,1.0000000000
    RDA 1177,0.71
    WRAP 1163,-0.71
    RDA 1192,0.71
    WRAP 1178,-0.71
    RDA 1207,0.71
    WRAP 1193,-0.71
    RDA 1222,0.71
    WRAP 1208,-0.71
    RDA 1237,0.71
    WRAP 1223,-0.71
    RDA 1252,0.71
    WRAP 1238,-0.71
    RDA 1267,0.71
    WRAP 1253,-0.71
    RDA 1282,0.71
    WRAP 1268,-0.71
    RDA 1297,0.71
    WRAP 1283,-0.71
    RDA 1312,0.71
    WRAP 1298,-0.71
    RDA 1327,0.71
    WRAP 1313,-0.71
    RDA 1342,0.71
    WRAP 1328,-0.71
    RDA 1357,0.71
    WRAP 1343,-0.71
    RDA 1372,0.71
    WRAP 1358,-0.71
    RDA 1387,0.71
    WRAP 1373,-0.71
    RDA 1402,0.71
    WRAP 1388,-0.71
    RDA 1417,0.71
    WRAP 1403,-0.71
    RDA 1432,0.71
    WRAP 1418,-0.71
    RDA 1447,0.71
    WRAP 1433,-0.71
    WRAX REG5,0.0000000000
    ;------ ThreeTap
    RDAX REG5,0.5011872336
    MULX POT1
    RDAX REG1,1.0000000000
    WRA 1448,0.0
    CLR
    OR $007FFF00
    MULX REG4
    SOF 0.8640106201,0.0889923096
    WRAX ADDR_PTR,0.0000000000
    RMPA 1.0
    WRAX REG6,0.0000000000
    ;------ Scale/Offset
    RDAX REG3,1.0000000000
    SOF 0.8700000000,0.1300000000
    WRAX REG7,0.0000000000
    ;------ LFO 0
    SKP RUN ,1
    WLDS 0,16,32767
    RDAX REG7,0.0313111546
    WRAX SIN0_RATE,0.0000000000
    CHO RDAL,0
    SOF 0.5000000000,0.5000000000
    WRAX REG8,0.0000000000
    ;------ Scale/Offset
    RDAX REG8,1.0000000000
    SOF 0.6000000000,0.4000000000
    WRAX REG9,0.0000000000
    ;------ SVF 2P
    SOF 0.0000000000,0.0000000000
    RDAX REG6,1.0000000000
    RDAX REG12,-1.0000000000
    RDAX REG11,-0.3333333333
    WRAX REG10,0.1853014988
    MULX REG9
    RDAX REG11,1.0000000000
    WRAX REG11,0.1853014988
    MULX REG9
    RDAX REG12,1.0000000000
    WRAX REG12,0.0000000000
    ;------ RMS_Limiter
    RDAX REG12,0.1500000000
    WRAX REG13,1.0000000000
    MULX REG13
    WRAX REG17,1.0000000000
    RDFX REG14,0.1000000000
    WRAX REG14,1.0000000000
    LOG -0.5,-0.125
    WRAX REG18,1.0000000000
    EXP 1.0,0.0
    WRAX REG15,1.0000000000
    MULX REG12
    SOF 1.5000000000,0.0000000000
    WRAX REG16,0.0000000000
    ;------ FB In 1
    RDAX REG16,1.0000000000
    WRAX REG0,0.0000000000
    ;------ Crossfade 2
    RDAX POT0,-1.0000000000
    SOF -2.0000000000,0.0000000000
    MULX REG12
    WRAX REG20,0.0000000000
    RDAX POT0,1.0000000000
    SOF 1.0000000000,-1.0000000000
    SOF -2.0000000000,0.0000000000
    MULX ADCL
    RDAX REG20,1.0000000000
    WRAX REG19,0.0000000000
    ;------ Output
    RDAX REG19,1.0000000000
    RDAX REG19,1.0000000000
    WRAX DACL,1.0000000000
    WRAX DACR,0.0000000000

    Optimization complete: saved 7 instruction(s) and 3 register(s).

LegacyFileLoadTest > testLoadPatchFile(String) > load: src\test\resources\patches\br-003.spcd STANDARD_ERROR
    ----------------------------------------
    Register compaction report:
      Registers before compaction : 21  (highest was REG20 / 0x34)
      Holes removed               : 4
      Registers after compaction  : 17  (highest is now REG16 / 0x30)
      OK: all registers fit within REG0ûREG31.
    ----------------------------------------
    SpinFXBlock: numRegs updated to 0x31 (REG17)

LegacyFileLoadTest > testLoadPatchFile(String) > load: src\test\resources\patches\br-003.spcd STANDARD_OUT
      OK: br-003.spcd ù 18 blocks, 113 instr, 17 regs, 31227 RAM

LegacyFileLoadTest > testLoadPatchFile(String) > load: src\test\resources\patches\br-003.spcd PASSED

LegacyFileLoadTest > testLoadPatchFile(String) > load: src\test\resources\patches\br-004.spcd STANDARD_OUT
    Scale Offset code gen!
    Power control code gen! Power:3.0
    Scale Offset code gen!
    ; ----------------------------
    ;------ Input
    ;------ Pot 2
    ;------ Pot 0
    ;------ Pot 1
    ;------ Feedback Output
    ;------ Allpass
    RDAX ADCL,0.6309573445
    RDA 156,0.71
    WRAP 0,-0.71
    RDA 380,0.71
    WRAP 157,-0.71
    RDA 713,0.71
    WRAP 381,-0.71
    RDA 1162,0.71
    WRAP 714,-0.71
    WRAX REG1,0.0000000000
    ;------ Smoother
    RDAX POT0,1.0000000000
    RDFX REG3,0.0001500000
    WRAX REG3,0.0000000000
    ;------ Scale/Offset
    RDAX REG3,1.0000000000
    SOF 0.8500000000,0.1500000000
    WRAX REG4,0.0000000000
    ;------ MN3011
    RDAX REG0,0.7943282347
    MULX POT1
    RDAX REG1,1.0000000000
    WRA 1163,0.0
    CLR
    OR $007FFF00
    MULX REG4
    WRAX REG7,1.0000000000
    SOF 0.1899826050,0.0453994751
    WRAX ADDR_PTR,0.0000000000
    RMPA 0.7079457843841379
    WRAX REG6,0.0000000000
    RMPA 1.0
    WRAX REG5,0.0000000000
    RDAX REG7,1.0000000000
    SOF 0.0226061033,0.0365901855
    WRAX ADDR_PTR,0.0000000000
    RMPA 0.7943282347242815
    RDAX REG6,1.0000000000
    WRAX REG6,0.0000000000
    RDAX REG7,1.0000000000
    SOF 0.0377910109,0.0373893912
    WRAX ADDR_PTR,0.0000000000
    RMPA 0.5623413251903491
    RDAX REG6,1.0000000000
    WRAX REG6,0.0000000000
    RDAX REG7,1.0000000000
    SOF 0.0681608263,0.0389878025
    WRAX ADDR_PTR,0.0000000000
    RMPA 0.6309573444801932
    RDAX REG6,1.0000000000
    WRAX REG6,0.0000000000
    RDAX REG7,1.0000000000
    SOF 0.0985306419,0.0405862139
    WRAX ADDR_PTR,0.0000000000
    RMPA 0.44668359215096315
    RDAX REG6,1.0000000000
    WRAX REG6,0.0000000000
    RDAX REG7,1.0000000000
    SOF 0.1592702728,0.0437830366
    WRAX ADDR_PTR,0.0000000000
    RMPA 0.7079457843841379
    RDAX REG6,1.0000000000
    WRAX REG6,0.0000000000
    ;------ LPF 1P
    RDAX REG5,1.0000000000
    RDFX REG8,0.4102854894
    WRAX REG8,0.0000000000
    ;------ Power
    RDAX POT2,1.0000000000
    ;------ ---Invert
    SOF -0.9990234375,0.9990234375
    WRAX REG9,1.0000000000
    MULX REG9
    MULX REG9
    ;------ ---Flip
    SOF -0.9990234375,0.9990234375
    WRAX REG10,0.0000000000
    ;------ HPF 1P
    RDAX REG8,1.0000000000
    RDFX REG12,0.0375360574
    WRAX REG12,-1.0000000000
    RDAX REG8,1.0000000000
    WRAX REG11,0.0000000000
    ;------ Scale/Offset
    RDAX REG10,1.0000000000
    SOF 0.9200000000,0.0800000000
    WRAX REG13,0.0000000000
    ;------ Volume
    RDAX REG6,1.0000000000
    MULX REG13
    WRAX REG14,0.0000000000
    ;------ FB In 1
    RDAX REG11,1.0000000000
    WRAX REG0,0.0000000000
    ;------ Output
    RDAX REG14,1.0000000000
    RDAX ADCL,1.0000000000
    WRAX DACL,1.0000000000
    WRAX DACR,0.0000000000

    Optimization complete: saved 1 instruction(s) and 0 register(s).

LegacyFileLoadTest > testLoadPatchFile(String) > load: src\test\resources\patches\br-004.spcd STANDARD_ERROR
    ----------------------------------------
    Register compaction report:
      Registers before compaction : 15  (highest was REG14 / 0x2e)
      Holes removed               : 1
      Registers after compaction  : 14  (highest is now REG13 / 0x2d)
      OK: all registers fit within REG0ûREG31.
    ----------------------------------------
    SpinFXBlock: numRegs updated to 0x2e (REG14)

LegacyFileLoadTest > testLoadPatchFile(String) > load: src\test\resources\patches\br-004.spcd STANDARD_OUT
      OK: br-004.spcd ù 16 blocks, 86 instr, 14 regs, 7712 RAM

LegacyFileLoadTest > testLoadPatchFile(String) > load: src\test\resources\patches\br-004.spcd PASSED

LegacyFileLoadTest > testLoadPatchFile(String) > load: src\test\resources\patches\br-005.spcd STANDARD_OUT
    Scale Offset code gen!
    Scale Offset code gen!
    Power control code gen! Power:2.0
    Scale Offset code gen!
    ; ----------------------------
    ;------ Input
    ;------ Pot 2
    ;------ Pot 0
    ;------ Pot 1
    ;------ Scale/Offset
    RDAX POT0,1.0000000000
    SOF 0.3200000000,0.6800000000
    WRAX REG0,0.0000000000
    ;------ Scale/Offset
    RDAX POT2,1.0000000000
    SOF 0.6100000000,0.3900000000
    WRAX REG1,0.0000000000
    ;------ LFO 0
    SKP RUN ,1
    WLDS 0,218,32767
    RDAX REG1,0.4266144814
    WRAX SIN0_RATE,0.0000000000
    CHO RDAL,0
    WRAX REG2,0.0000000000
    CHO RDAL,8
    WRAX REG3,0.0000000000
    ;------ SVF 2 Pole
    CLR
    RDAX REG5,0.2762733440
    MULX REG0
    RDAX REG6,1.0000000000
    WRAX REG7,1.0000000000
    WRAX REG6,-1.0000000000
    RDAX REG5,-0.0452652544
    RDAX ADCL,1.0000000000
    WRAX REG8,0.2762733440
    MULX REG0
    RDAX REG5,1.0000000000
    WRAX REG5,0.0000000000
    ;------ Power
    RDAX POT1,1.0000000000
    ;------ ---Invert
    SOF -0.9990234375,0.9990234375
    WRAX REG10,1.0000000000
    MULX REG10
    ;------ ---Flip
    SOF -0.9990234375,0.9990234375
    WRAX REG11,0.0000000000
    ;------ Multiply
    RDAX REG3,1.0000000000
    MULX REG11
    WRAX REG12,0.0000000000
    ;------ Scale/Offset
    RDAX REG12,1.0000000000
    SOF 0.5000000000,0.5000000000
    WRAX REG13,0.0000000000
    ;------ Crossfade 2
    RDAX REG13,-1.0000000000
    SOF -2.0000000000,0.0000000000
    MULX REG8
    WRAX REG15,0.0000000000
    RDAX REG13,1.0000000000
    SOF 1.0000000000,-1.0000000000
    SOF -2.0000000000,0.0000000000
    MULX REG7
    RDAX REG15,1.0000000000
    WRAX REG14,0.0000000000
    ;------ Reverb
    SOF 0.0000000000,0.8500000000
    WRAX REG19,0.0000000000
    RDAX REG14,0.3548133892
    RDA 7260,0.57
    WRAP 7104,-0.57
    RDA 7484,0.57
    WRAP 7261,-0.57
    RDA 7817,0.57
    WRAP 7485,-0.57
    RDA 8266,0.57
    WRAP 7818,-0.57
    WRAX REG20,0.0000000000
    RDA 7103,1.0
    MULX REG19
    RDAX REG20,1.0000000000
    RDA 13826,0.6
    WRAP 12244,-0.6
    RDA 15808,0.6
    WRAP 13827,-0.6
    WRAX REG18,1.0000000000
    RDFX REG23,0.4000000000
    WRLX REG23,-1.0000000000
    RDFX REG22,0.0299328144
    WRHX REG22,-1.0000000000
    RDAX REG18,-1.0000000000
    RDAX REG18,1.0000000000
    WRA 8267,0.0
    RDA 12243,1.0
    MULX REG19
    RDAX REG20,1.0000000000
    RDA 1274,0.6
    WRAP 0,-0.6
    RDA 2657,0.6
    WRAP 1275,-0.6
    WRAX REG18,1.0000000000
    RDFX REG17,0.4000000000
    WRLX REG17,-1.0000000000
    RDFX REG16,0.0299328144
    WRHX REG16,-1.0000000000
    RDAX REG18,-1.0000000000
    RDAX REG18,1.0000000000
    WRA 2658,0.0
    RDA 2658,0.8
    RDA 4534,1.5
    RDA 10360,1.1
    RDA 5451,1.0
    WRAX REG21,0.0000000000
    SKP RUN ,1
    WLDS 1,20,50
    CHO RDA,1,REG | COMPC,12294
    CHO RDA,1,0,12295
    WRA 12344,0.0
    CHO RDA,1,COS  | COMPC,50
    CHO RDA,1,COS ,51
    WRA 100,0.0
    ;------ Mixer 2:1
    RDAX REG14,1.0000000000
    RDAX REG21,0.5011872336
    WRAX REG24,0.0000000000
    ;------ Output
    RDAX REG24,1.0000000000
    RDAX REG24,1.0000000000
    WRAX DACL,1.0000000000
    WRAX DACR,0.0000000000

    Optimization complete: saved 3 instruction(s) and 1 register(s).

LegacyFileLoadTest > testLoadPatchFile(String) > load: src\test\resources\patches\br-005.spcd STANDARD_ERROR
    ----------------------------------------
    Register compaction report:
      Registers before compaction : 25  (highest was REG24 / 0x38)
      Holes removed               : 3
      Registers after compaction  : 22  (highest is now REG21 / 0x35)
      OK: all registers fit within REG0ûREG31.
    ----------------------------------------
    SpinFXBlock: numRegs updated to 0x36 (REG22)

LegacyFileLoadTest > testLoadPatchFile(String) > load: src\test\resources\patches\br-005.spcd STANDARD_OUT
      OK: br-005.spcd ù 15 blocks, 107 instr, 22 regs, 15799 RAM

LegacyFileLoadTest > testLoadPatchFile(String) > load: src\test\resources\patches\br-005.spcd PASSED

LegacyFileLoadTest > testLoadPatchFile(String) > load: src\test\resources\patches\br-006.spcd STANDARD_OUT
    Scale Offset code gen!
    Scale Offset code gen!
    Power control code gen! Power:2.0
    Scale Offset code gen!
    ; ----------------------------
    ;------ Input
    ;------ Pot 2
    ;------ Pot 0
    ;------ Pot 1
    ;------ Scale/Offset
    RDAX POT0,1.0000000000
    SOF 0.3200000000,0.6800000000
    WRAX REG0,0.0000000000
    ;------ Scale/Offset
    RDAX POT2,1.0000000000
    SOF 0.6100000000,0.3900000000
    WRAX REG1,0.0000000000
    ;------ LFO 0
    SKP RUN ,1
    WLDS 0,218,32767
    RDAX REG1,0.4266144814
    WRAX SIN0_RATE,0.0000000000
    CHO RDAL,0
    WRAX REG2,0.0000000000
    CHO RDAL,8
    WRAX REG3,0.0000000000
    ;------ SVF 2 Pole
    CLR
    RDAX REG5,0.2248076793
    MULX REG0
    RDAX REG6,1.0000000000
    WRAX REG7,1.0000000000
    WRAX REG6,-1.0000000000
    RDAX REG5,-0.0452652544
    RDAX ADCL,1.0000000000
    WRAX REG8,0.2248076793
    MULX REG0
    RDAX REG5,1.0000000000
    WRAX REG5,0.0000000000
    RDAX REG7,1.0000000000
    RDAX REG8,1.0000000000
    WRAX REG9,0.0000000000
    ;------ Power
    RDAX POT1,1.0000000000
    ;------ ---Invert
    SOF -0.9990234375,0.9990234375
    WRAX REG10,1.0000000000
    MULX REG10
    ;------ ---Flip
    SOF -0.9990234375,0.9990234375
    WRAX REG11,0.0000000000
    ;------ Multiply
    RDAX REG3,1.0000000000
    MULX REG11
    WRAX REG12,0.0000000000
    ;------ Scale/Offset
    RDAX REG12,1.0000000000
    SOF 0.5000000000,0.5000000000
    WRAX REG13,0.0000000000
    ;------ Crossfade 2
    RDAX REG13,-1.0000000000
    SOF -2.0000000000,0.0000000000
    MULX REG9
    WRAX REG15,0.0000000000
    RDAX REG13,1.0000000000
    SOF 1.0000000000,-1.0000000000
    SOF -2.0000000000,0.0000000000
    MULX REG5
    RDAX REG15,1.0000000000
    WRAX REG14,0.0000000000
    ;------ Reverb
    SOF 0.0000000000,0.8500000000
    WRAX REG19,0.0000000000
    RDAX REG14,0.3548133892
    RDA 7260,0.57
    WRAP 7104,-0.57
    RDA 7484,0.57
    WRAP 7261,-0.57
    RDA 7817,0.57
    WRAP 7485,-0.57
    RDA 8266,0.57
    WRAP 7818,-0.57
    WRAX REG20,0.0000000000
    RDA 7103,1.0
    MULX REG19
    RDAX REG20,1.0000000000
    RDA 13826,0.6
    WRAP 12244,-0.6
    RDA 15808,0.6
    WRAP 13827,-0.6
    WRAX REG18,1.0000000000
    RDFX REG23,0.4000000000
    WRLX REG23,-1.0000000000
    RDFX REG22,0.0299328144
    WRHX REG22,-1.0000000000
    RDAX REG18,-1.0000000000
    RDAX REG18,1.0000000000
    WRA 8267,0.0
    RDA 12243,1.0
    MULX REG19
    RDAX REG20,1.0000000000
    RDA 1274,0.6
    WRAP 0,-0.6
    RDA 2657,0.6
    WRAP 1275,-0.6
    WRAX REG18,1.0000000000
    RDFX REG17,0.4000000000
    WRLX REG17,-1.0000000000
    RDFX REG16,0.0299328144
    WRHX REG16,-1.0000000000
    RDAX REG18,-1.0000000000
    RDAX REG18,1.0000000000
    WRA 2658,0.0
    RDA 2658,0.8
    RDA 4534,1.5
    RDA 10360,1.1
    RDA 5451,1.0
    WRAX REG21,0.0000000000
    SKP RUN ,1
    WLDS 1,20,50
    CHO RDA,1,REG | COMPC,12294
    CHO RDA,1,0,12295
    WRA 12344,0.0
    CHO RDA,1,COS  | COMPC,50
    CHO RDA,1,COS ,51
    WRA 100,0.0
    ;------ Mixer 2:1
    RDAX REG14,1.0000000000
    RDAX REG21,0.5011872336
    WRAX REG24,0.0000000000
    ;------ Output
    RDAX REG24,1.0000000000
    RDAX REG24,1.0000000000
    WRAX DACL,1.0000000000
    WRAX DACR,0.0000000000

    Optimization complete: saved 3 instruction(s) and 1 register(s).

LegacyFileLoadTest > testLoadPatchFile(String) > load: src\test\resources\patches\br-006.spcd STANDARD_ERROR
    ----------------------------------------
    Register compaction report:
      Registers before compaction : 25  (highest was REG24 / 0x38)
      Holes removed               : 2
      Registers after compaction  : 23  (highest is now REG22 / 0x36)
      OK: all registers fit within REG0ûREG31.
    ----------------------------------------
    SpinFXBlock: numRegs updated to 0x37 (REG23)

LegacyFileLoadTest > testLoadPatchFile(String) > load: src\test\resources\patches\br-006.spcd STANDARD_OUT
      OK: br-006.spcd ù 15 blocks, 110 instr, 23 regs, 15799 RAM

LegacyFileLoadTest > testLoadPatchFile(String) > load: src\test\resources\patches\br-006.spcd PASSED

LegacyFileLoadTest > testLoadPatchFile(String) > load: src\test\resources\patches\br-007.spcd STANDARD_OUT
    Scale Offset code gen!
    Scale Offset code gen!
    Power control code gen! Power:5.0
    ; ----------------------------
    ;------ Input
    ;------ Pot 2
    ;------ Pot 0
    ;------ Pot 1
    ;------ Scale/Offset
    RDAX POT2,1.0000000000
    SOF 0.8500000000,0.1500000000
    WRAX REG0,0.0000000000
    ;------ Scale/Offset
    RDAX POT0,1.0000000000
    SOF 0.6100000000,0.3900000000
    WRAX REG1,0.0000000000
    ;------ LFO 1
    SKP RUN ,1
    WLDS 1,218,32767
    RDAX REG1,0.4266144814
    WRAX SIN1_RATE,0.0000000000
    CHO RDAL,1
    SOF 0.5000000000,0.5000000000
    WRAX REG2,0.0000000000
    ;------ Power
    RDAX POT1,1.0000000000
    ;------ ---Invert
    SOF -0.9990234375,0.9990234375
    WRAX REG3,1.0000000000
    MULX REG3
    MULX REG3
    MULX REG3
    MULX REG3
    ;------ ---Flip
    SOF -0.9990234375,0.9990234375
    WRAX REG4,0.0000000000
    ;------ Tremolizer
    RDAX REG2,0.9400000000
    MULX REG4
    SOF -0.9990000000,0.9990000000
    WRAX REG5,0.0000000000
    ;------ Volume
    RDAX ADCL,1.0000000000
    MULX REG5
    WRAX REG6,0.0000000000
    ;------ ROM_Reverb_1
    SKP RUN ,1
    WLDS 0,12,160
    CHO RDA,0,REG | COMPC,2556
    CHO RDA,0,0,2557
    WRA 2606,0.0
    CHO RDA,0,COS  | REG | COMPC,8348
    CHO RDA,0,COS ,8349
    WRA 8398,0.0
    SOF 0.0000000000,0.7600000000
    WRAX REG12,0.0000000000
    RDAX -1,1.0000000000
    SOF 0.8000000000,-0.8000000000
    WRAX REG13,0.0000000000
    RDAX -1,1.0000000000
    SOF 0.8000000000,-0.8000000000
    WRAX REG14,0.0000000000
    RDAX REG6,1.0000000000
    RDA 1399,-0.59
    WRAP 1243,0.59
    RDA 1623,-0.59
    WRAP 1400,0.59
    RDA 1956,-0.59
    WRAP 1624,0.59
    RDA 2505,-0.59
    WRAP 1957,0.59
    WRAX REG15,0.0000000000
    RDAX REG6,1.0000000000
    RDA 186,-0.59
    WRAP 0,0.59
    RDA 440,-0.59
    WRAP 187,0.59
    RDA 743,-0.59
    WRAP 441,0.59
    RDA 1242,-0.59
    WRAP 744,0.59
    WRAX REG17,0.0000000000
    RDA 22566,1.0
    MULX REG12
    RDAX REG15,1.0000000000
    RDA 9880,-0.58
    WRAP 8298,0.58
    RDA 11862,-0.58
    WRAP 9881,0.58
    WRAX REG11,1.0000000000
    RDFX REG7,0.3426232845
    WRHX REG7,-1.0000000000
    MULX REG13
    RDAX REG11,1.0000000000
    WRAX REG11,1.0000000000
    RDFX REG8,0.0147741276
    WRLX REG8,-1.0000000000
    MULX REG14
    RDAX REG11,1.0000000000
    WRA 14521,0.0
    RDA 17997,1.0
    MULX REG12
    RDA 13137,-0.58
    WRAP 11863,0.58
    RDA 14520,-0.58
    WRAP 13138,0.58
    WRAX REG11,1.0000000000
    RDFX REG9,0.3426232845
    WRHX REG9,-1.0000000000
    MULX REG13
    RDAX REG11,1.0000000000
    WRAX REG11,1.0000000000
    RDFX REG10,0.0147741276
    WRLX REG10,-1.0000000000
    MULX REG14
    RDAX REG11,1.0000000000
    WRA 17998,0.0
    RDA 17721,1.0
    RDA 22014,0.8
    WRAX REG16,0.0000000000
    ;------ Mixer 2:1
    RDAX REG6,1.0000000000
    WRAX REG17,0.0000000000
    RDAX REG16,0.7079457844
    MULX REG0
    RDAX REG17,1.0000000000
    WRAX REG17,0.0000000000
    ;------ Output
    RDAX REG17,1.0000000000
    RDAX REG17,1.0000000000
    WRAX DACL,1.0000000000
    WRAX DACR,0.0000000000

    Optimization complete: saved 1 instruction(s) and 0 register(s).

LegacyFileLoadTest > testLoadPatchFile(String) > load: src\test\resources\patches\br-007.spcd STANDARD_ERROR
    ----------------------------------------
    Register compaction report:
      Registers before compaction : 18  (highest was REG17 / 0x31)
      Holes removed               : 0
      Registers after compaction  : 18  (highest is now REG17 / 0x31)
      OK: all registers fit within REG0ûREG31.
    ----------------------------------------
    SpinFXBlock: numRegs updated to 0x32 (REG18)

LegacyFileLoadTest > testLoadPatchFile(String) > load: src\test\resources\patches\br-007.spcd STANDARD_OUT
      OK: br-007.spcd ù 13 blocks, 112 instr, 18 regs, 22549 RAM

LegacyFileLoadTest > testLoadPatchFile(String) > load: src\test\resources\patches\br-007.spcd PASSED

LegacyFileLoadTest > testLoadPatchFile(String) > load: src\test\resources\patches\br-008.spcd STANDARD_OUT
    Scale Offset code gen!
    Scale Offset code gen!
    Scale Offset code gen!
    ; ----------------------------
    ;------ Input
    ;------ Pot 2
    ;------ Pot 0
    ;------ Pot 1
    ;------ Scale/Offset
    RDAX POT2,1.0000000000
    SOF 0.8500000000,0.1500000000
    WRAX REG0,0.0000000000
    ;------ Scale/Offset
    RDAX POT0,1.0000000000
    SOF 0.1700000000,0.0200000000
    WRAX REG1,0.0000000000
    ;------ Noise_AMZ
    SKP RUN ,2
    SOF 0.0000000000,0.6660000000
    WRAX REG2,0.0000000000
    LDAX REG2
    AND $00000001
    WRAX REG3,0.0000000000
    RDAX REG2,0.5000000000
    AND $007FFFFF
    WRAX REG2,0.0000000000
    LDAX REG3
    SKP ZRO,4
    CLR
    LDAX REG2
    XOR $00D80000
    WRAX REG2,0.0000000000
    LDAX REG2
    ABSA
    WRAX REG4,0.0000000000
    ;------ SampleHold
    SKP RUN ,1
    WLDR 0, 20, 4096
    LDAX REG1
    MULX REG1
    MULX REG1
    SOF 0.5000000000,0.1000000000
    WRAX RMP0_RATE,0.0000000000
    CHO RDAL,2
    SOF 1.0000000000,-0.2500000000
    SKP ZRC,4
    CLR
    RDAX REG6,1.0000000000
    WRAX REG5,0.0000000000
    SKP ZRO,2
    LDAX REG4
    WRAX REG6,0.0000000000
    ;------ Smoother
    RDAX REG5,1.0000000000
    RDFX REG8,0.0007630697
    WRAX REG8,0.0000000000
    ;------ Feedback Output
    ;------ Multiply
    RDAX POT1,1.0000000000
    MULX REG8
    WRAX REG10,0.0000000000
    ;------ Smoother
    RDAX REG4,1.0000000000
    RDFX REG12,0.0001500000
    WRAX REG12,0.0000000000
    ;------ Scale/Offset
    RDAX POT0,1.0000000000
    SOF 0.7500000000,0.0000000000
    WRAX REG13,0.0000000000
    ;------ SampleHold
    SKP RUN ,1
    WLDR 1, 20, 4096
    LDAX REG13
    MULX REG13
    MULX REG13
    SOF 0.5000000000,0.1000000000
    WRAX RMP1_RATE,0.0000000000
    CHO RDAL,3
    SOF 1.0000000000,-0.2500000000
    SKP ZRC,4
    CLR
    RDAX REG15,1.0000000000
    WRAX REG14,0.0000000000
    SKP ZRO,2
    LDAX REG12
    WRAX REG15,0.0000000000
    ;------ ThreeTap
    RDAX REG9,0.6309573445
    MULX REG14
    RDAX ADCL,1.0000000000
    WRA 0,0.0
    CLR
    OR $007FFF00
    MULX REG10
    SOF 0.1845901489,0.0097457886
    WRAX ADDR_PTR,0.0000000000
    RMPA 1.0
    WRAX REG16,0.0000000000
    CLR
    OR $007FFF00
    SOF 0.1382580215,0.0073072556
    WRAX ADDR_PTR,0.0000000000
    RMPA 1.0
    WRAX REG17,0.0000000000
    ;------ Mixer 2:1
    RDAX ADCL,1.0000000000
    WRAX REG18,0.0000000000
    RDAX REG16,0.7943282347
    MULX REG0
    RDAX REG18,1.0000000000
    WRAX REG18,0.0000000000
    ;------ LPF 1P
    RDAX REG17,1.0000000000
    RDFX REG19,0.1500000000
    WRAX REG19,0.0000000000
    ;------ HPF 1P
    RDAX REG19,1.0000000000
    RDFX REG21,0.0212846498
    WRAX REG21,-1.0000000000
    RDAX REG19,1.0000000000
    WRAX REG20,0.0000000000
    ;------ Output
    RDAX REG18,1.0000000000
    RDAX REG18,1.0000000000
    WRAX DACL,1.0000000000
    WRAX DACR,0.0000000000
    ;------ FB In 1
    RDAX REG20,1.0000000000
    WRAX REG9,0.0000000000

    Optimization complete: saved 1 instruction(s) and 0 register(s).

LegacyFileLoadTest > testLoadPatchFile(String) > load: src\test\resources\patches\br-008.spcd STANDARD_ERROR
    ----------------------------------------
    Register compaction report:
      Registers before compaction : 22  (highest was REG21 / 0x35)
      Holes removed               : 2
      Registers after compaction  : 20  (highest is now REG19 / 0x33)
      OK: all registers fit within REG0ûREG31.
    ----------------------------------------
    SpinFXBlock: numRegs updated to 0x34 (REG20)

LegacyFileLoadTest > testLoadPatchFile(String) > load: src\test\resources\patches\br-008.spcd STANDARD_OUT
      OK: br-008.spcd ù 20 blocks, 104 instr, 20 regs, 6367 RAM

LegacyFileLoadTest > testLoadPatchFile(String) > load: src\test\resources\patches\br-008.spcd PASSED

LegacyFileLoadTest > testLoadPatchFile(String) > load: src\test\resources\patches\Bypass.spcdj STANDARD_OUT
    ; ----------------------------
    ;------ Input
    ;------ Output
    RDAX ADCL,1.0000000000
    WRAX DACL,0.0000000000
    RDAX ADCR,1.0000000000
    WRAX DACR,0.0000000000

    Optimization complete: saved 0 instruction(s) and 0 register(s).

LegacyFileLoadTest > testLoadPatchFile(String) > load: src\test\resources\patches\Bypass.spcdj STANDARD_ERROR
    compactRegisters: no user registers found, nothing to compact.

LegacyFileLoadTest > testLoadPatchFile(String) > load: src\test\resources\patches\Bypass.spcdj STANDARD_OUT
      OK: Bypass.spcdj ù 2 blocks, 4 instr, 0 regs, 0 RAM

LegacyFileLoadTest > testLoadPatchFile(String) > load: src\test\resources\patches\Bypass.spcdj PASSED

LegacyFileLoadTest > testLoadPatchFile(String) > load: src\test\resources\patches\chirp-tester.spcd STANDARD_OUT
    SVF 2P code gen!
    ; ----------------------------
    ;------ Input
    ;------ Feedback Output
    ;------ SVF 2P
    SOF 0.0000000000,0.0000000000
    RDAX ADCL,1.0000000000
    RDAX REG3,-1.0000000000
    RDAX REG2,-1.0000000000
    WRAX REG1,0.3679319998
    RDAX REG2,1.0000000000
    WRAX REG2,0.3679319998
    RDAX REG3,1.0000000000
    WRAX REG3,0.0000000000
    ;------ ThreeTap
    RDAX REG0,0.7943282347
    RDAX REG1,1.0000000000
    WRA 0,0.0
    CLR
    OR $007FFF00
    SOF 0.1890838623,0.0099822998
    WRAX ADDR_PTR,0.0000000000
    RMPA 1.0
    WRAX REG4,0.0000000000
    ;------ Chirp
    RDAX REG4,0.7943282347
    RDA 6533,0.69
    WRAP 6523,-0.69
    RDA 6544,0.69
    WRAP 6534,-0.69
    RDA 6555,0.69
    WRAP 6545,-0.69
    RDA 6566,0.69
    WRAP 6556,-0.69
    RDA 6577,0.69
    WRAP 6567,-0.69
    RDA 6588,0.69
    WRAP 6578,-0.69
    RDA 6599,0.69
    WRAP 6589,-0.69
    RDA 6610,0.69
    WRAP 6600,-0.69
    RDA 6621,0.69
    WRAP 6611,-0.69
    RDA 6632,0.69
    WRAP 6622,-0.69
    RDA 6643,0.69
    WRAP 6633,-0.69
    RDA 6654,0.69
    WRAP 6644,-0.69
    RDA 6665,0.69
    WRAP 6655,-0.69
    RDA 6676,0.69
    WRAP 6666,-0.69
    RDA 6687,0.69
    WRAP 6677,-0.69
    RDA 6698,0.69
    WRAP 6688,-0.69
    RDA 6709,0.69
    WRAP 6699,-0.69
    RDA 6720,0.69
    WRAP 6710,-0.69
    RDA 6731,0.69
    WRAP 6721,-0.69
    RDA 6742,0.69
    WRAP 6732,-0.69
    RDA 6753,0.69
    WRAP 6743,-0.69
    RDA 6764,0.69
    WRAP 6754,-0.69
    RDA 6775,0.69
    WRAP 6765,-0.69
    RDA 6786,0.69
    WRAP 6776,-0.69
    RDA 6797,0.69
    WRAP 6787,-0.69
    RDA 6808,0.69
    WRAP 6798,-0.69
    RDA 6819,0.69
    WRAP 6809,-0.69
    RDA 6830,0.69
    WRAP 6820,-0.69
    RDA 6841,0.69
    WRAP 6831,-0.69
    RDA 6852,0.69
    WRAP 6842,-0.69
    WRAX REG5,0.0000000000
    ;------ Chirp
    RDAX REG5,0.7943282347
    RDA 6863,0.79
    WRAP 6853,-0.79
    RDA 6874,0.79
    WRAP 6864,-0.79
    RDA 6885,0.79
    WRAP 6875,-0.79
    RDA 6896,0.79
    WRAP 6886,-0.79
    RDA 6907,0.79
    WRAP 6897,-0.79
    RDA 6918,0.79
    WRAP 6908,-0.79
    RDA 6929,0.79
    WRAP 6919,-0.79
    RDA 6940,0.79
    WRAP 6930,-0.79
    RDA 6951,0.79
    WRAP 6941,-0.79
    RDA 6962,0.79
    WRAP 6952,-0.79
    RDA 6973,0.79
    WRAP 6963,-0.79
    RDA 6984,0.79
    WRAP 6974,-0.79
    RDA 6995,0.79
    WRAP 6985,-0.79
    RDA 7006,0.79
    WRAP 6996,-0.79
    RDA 7017,0.79
    WRAP 7007,-0.79
    RDA 7028,0.79
    WRAP 7018,-0.79
    RDA 7039,0.79
    WRAP 7029,-0.79
    RDA 7050,0.79
    WRAP 7040,-0.79
    WRAX REG6,0.0000000000
    ;------ FB In 1
    RDAX REG6,1.0000000000
    WRAX REG0,0.0000000000
    ;------ Output
    RDAX REG3,1.0000000000
    WRAX DACL,0.0000000000
    RDAX REG6,1.0000000000
    WRAX DACR,0.0000000000

    Optimization complete: saved 3 instruction(s) and 2 register(s).

LegacyFileLoadTest > testLoadPatchFile(String) > load: src\test\resources\patches\chirp-tester.spcd STANDARD_ERROR
    ----------------------------------------
    Register compaction report:
      Registers before compaction : 7  (highest was REG6 / 0x26)
      Holes removed               : 2
      Registers after compaction  : 5  (highest is now REG4 / 0x24)
      OK: all registers fit within REG0ûREG31.
    ----------------------------------------
    SpinFXBlock: numRegs updated to 0x25 (REG5)

LegacyFileLoadTest > testLoadPatchFile(String) > load: src\test\resources\patches\chirp-tester.spcd STANDARD_OUT
      OK: chirp-tester.spcd ù 8 blocks, 121 instr, 5 regs, 7002 RAM

LegacyFileLoadTest > testLoadPatchFile(String) > load: src\test\resources\patches\chirp-tester.spcd PASSED

LegacyFileLoadTest > testLoadPatchFile(String) > load: src\test\resources\patches\crossfading filter.spcd STANDARD_OUT
    ; ----------------------------
    ;------ Input
    ;------ Pot 1
    ;------ Pot 2
    ;------ Pot 0
    ;------ SVF 2 Pole
    CLR
    RDAX REG1,0.1500000000
    MULX POT0
    RDAX REG2,1.0000000000
    WRAX REG3,1.0000000000
    WRAX REG2,-1.0000000000
    RDAX REG1,-0.0542770300
    RDAX ADCL,1.0000000000
    WRAX REG4,0.1500000000
    MULX POT0
    RDAX REG1,1.0000000000
    WRAX REG1,0.0000000000
    RDAX REG3,1.0000000000
    RDAX REG4,1.0000000000
    WRAX REG5,0.0000000000
    ;------ LFO 0
    SKP RUN ,1
    WLDS 0,89,32767
    CHO RDAL,0
    SOF 0.5000000000,0.5000000000
    WRAX REG6,0.0000000000
    CHO RDAL,8
    SOF 0.5000000000,0.5000000000
    WRAX REG7,0.0000000000
    ;------ Crossfade
    RDAX REG1,-0.5000000000
    RDAX REG4,0.5000000000
    MULX REG7
    RDAX REG1,0.5000000000
    WRAX REG8,0.0000000000
    ;------ Crossfade
    RDAX REG3,-0.5000000000
    RDAX REG5,0.5000000000
    MULX REG6
    RDAX REG3,0.5000000000
    WRAX REG9,0.0000000000
    ;------ Output
    RDAX REG9,1.0000000000
    RDAX REG8,1.0000000000
    WRAX DACL,1.0000000000
    WRAX DACR,0.0000000000

    Optimization complete: saved 2 instruction(s) and 1 register(s).

LegacyFileLoadTest > testLoadPatchFile(String) > load: src\test\resources\patches\crossfading filter.spcd STANDARD_ERROR
    ----------------------------------------
    Register compaction report:
      Registers before compaction : 9  (highest was REG8 / 0x28)
      Holes removed               : 1
      Registers after compaction  : 8  (highest is now REG7 / 0x27)
      OK: all registers fit within REG0ûREG31.
    ----------------------------------------
    SpinFXBlock: numRegs updated to 0x28 (REG8)

LegacyFileLoadTest > testLoadPatchFile(String) > load: src\test\resources\patches\crossfading filter.spcd STANDARD_OUT
      OK: crossfading filter.spcd ù 9 blocks, 35 instr, 8 regs, 0 RAM

LegacyFileLoadTest > testLoadPatchFile(String) > load: src\test\resources\patches\crossfading filter.spcd PASSED

LegacyFileLoadTest > testLoadPatchFile(String) > load: src\test\resources\patches\delay-with-hpf-and-lpf-in-fb-loop.spcd STANDARD_OUT
    Scale Offset code gen!
    Gain boost code gen!
    Scale Offset code gen!
    ; ----------------------------
    ;------ Input
    ;------ Pot 0
    ;------ Pot 1
    ;------ Pot 2
    ;------ Scale/Offset
    RDAX POT1,1.0000000000
    SOF 0.2100000000,0.0100000000
    WRAX REG0,0.0000000000
    ;------ Feedback Output
    ;------ Smoother
    RDAX REG0,1.0000000000
    RDFX REG3,0.0001500000
    WRAX REG3,0.0000000000
    ;------ Servo Flanger
    SKP RUN ,1
    WLDR 0, 0, 4096
    CLR
    RDAX REG1,1.0000000000
    RDAX ADCL,1.0000000000
    WRA 0,0.0
    CHO RDAL,2
    RDAX REG3,-0.2500000000
    WRAX RMP0_RATE,0.0000000000
    CHO RDA,2,REG | COMPC,0
    CHO RDA,2,0,1
    RDFX REG5,0.7586349075
    WRLX REG5,-1.0000000000
    WRAX REG4,0.0000000000
    CLR
    OR $007FFF00
    SOF 0.0007125000,0.0000680176
    WRAX ADDR_PTR,0.0000000000
    RMPA 1.0
    WRAX REG6,0.0000000000
    ;------ HPF 1P
    RDAX REG4,1.0000000000
    RDFX REG8,0.0227894386
    WRAX REG8,-1.0000000000
    RDAX REG4,1.0000000000
    WRAX REG7,0.0000000000
    ;------ LPF 1P
    RDAX REG7,1.0000000000
    RDFX REG9,0.5339027329
    WRAX REG9,0.0000000000
    ;------ Gain Boost
    RDAX POT0,1.0000000000
    SOF -2.0000000000,0.0000000000
    SOF -1.0000000000,0.0000000000
    WRAX REG10,0.0000000000
    ;------ FB In 1
    RDAX REG9,1.0000000000
    WRAX REG1,0.0000000000
    ;------ Feedback Output
    ;------ Scale/Offset
    RDAX POT2,1.0000000000
    SOF 0.2100000000,0.0100000000
    WRAX REG12,0.0000000000
    ;------ Smoother
    RDAX REG12,1.0000000000
    RDFX REG14,0.0001500000
    WRAX REG14,0.0000000000
    ;------ Servo Flanger
    SKP RUN ,1
    WLDR 1, 0, 4096
    CLR
    RDAX REG11,1.0000000000
    RDAX ADCR,1.0000000000
    WRA 4097,0.0
    CHO RDAL,3
    RDAX REG14,-0.1700000000
    WRAX RMP1_RATE,0.0000000000
    CHO RDA,3,REG | COMPC,4097
    CHO RDA,3,0,4098
    RDFX REG16,0.7586349075
    WRLX REG16,-1.0000000000
    WRAX REG15,0.0000000000
    CLR
    OR $007FFF00
    SOF 0.0004750000,0.1250555176
    WRAX ADDR_PTR,0.0000000000
    RMPA 1.0
    WRAX REG17,0.0000000000
    ;------ HPF 1P
    RDAX REG15,1.0000000000
    RDFX REG19,0.0227894386
    WRAX REG19,-1.0000000000
    RDAX REG15,1.0000000000
    WRAX REG18,0.0000000000
    ;------ LPF 1P
    RDAX REG18,1.0000000000
    RDFX REG20,0.5339027329
    WRAX REG20,0.0000000000
    ;------ Volume
    RDAX REG10,0.5011872336
    WRAX REG21,0.0000000000
    ;------ FB In 2
    RDAX REG20,1.0000000000
    WRAX REG11,0.0000000000
    ;------ Mixer 2:1
    RDAX REG4,1.0000000000
    RDAX REG6,1.0000000000
    WRAX REG22,0.0000000000
    ;------ Mixer 2:1
    RDAX REG15,1.0000000000
    RDAX REG17,1.0000000000
    WRAX REG23,0.0000000000
    ;------ Crossfade 2
    RDAX REG21,-1.0000000000
    SOF -2.0000000000,0.0000000000
    MULX REG22
    WRAX REG25,0.0000000000
    RDAX REG21,1.0000000000
    SOF 1.0000000000,-1.0000000000
    SOF -2.0000000000,0.0000000000
    MULX ADCL
    RDAX REG25,1.0000000000
    WRAX REG24,0.0000000000
    ;------ Crossfade 2
    RDAX REG21,-1.0000000000
    SOF -2.0000000000,0.0000000000
    MULX REG23
    WRAX REG27,0.0000000000
    RDAX REG21,1.0000000000
    SOF 1.0000000000,-1.0000000000
    SOF -2.0000000000,0.0000000000
    MULX ADCR
    RDAX REG27,1.0000000000
    WRAX REG26,0.0000000000
    ;------ Output
    RDAX REG24,1.0000000000
    WRAX DACL,0.0000000000
    RDAX REG26,1.0000000000
    WRAX DACR,0.0000000000

    Optimization complete: saved 8 instruction(s) and 4 register(s).
    Output register optimization complete: saved 4 instruction(s) and 2 register(s).

LegacyFileLoadTest > testLoadPatchFile(String) > load: src\test\resources\patches\delay-with-hpf-and-lpf-in-fb-loop.spcd STANDARD_ERROR
    ----------------------------------------
    Register compaction report:
      Registers before compaction : 28  (highest was REG27 / 0x3b)
      Holes removed               : 8
      Registers after compaction  : 20  (highest is now REG19 / 0x33)
      OK: all registers fit within REG0ûREG31.
    ----------------------------------------
    SpinFXBlock: numRegs updated to 0x34 (REG20)

LegacyFileLoadTest > testLoadPatchFile(String) > load: src\test\resources\patches\delay-with-hpf-and-lpf-in-fb-loop.spcd STANDARD_OUT
      OK: delay-with-hpf-and-lpf-in-fb-loop.spcd ù 25 blocks, 96 instr, 20 regs, 8192 RAM

LegacyFileLoadTest > testLoadPatchFile(String) > load: src\test\resources\patches\delay-with-hpf-and-lpf-in-fb-loop.spcd PASSED

LegacyFileLoadTest > testLoadPatchFile(String) > load: src\test\resources\patches\double-stutter-03.spcd STANDARD_OUT
    Scale Offset code gen!
    Scale Offset code gen!
    ; ----------------------------
    ;------ Input
    ;------ Pot 0
    ;------ Pot 1
    ;------ Pot 2
    ;------ LFO 0
    SKP RUN ,1
    WLDS 0,134,32767
    RDAX POT2,0.2622309198
    WRAX SIN0_RATE,0.0000000000
    CHO RDAL,0
    SOF 0.5000000000,0.5000000000
    WRAX REG0,0.0000000000
    CHO RDAL,8
    SOF 0.5000000000,0.5000000000
    WRAX REG1,0.0000000000
    ;------ Slicer
    SOF 0.0000000000,0.3800000000
    RDAX REG0,-1.0000000000
    SKP NEG,2
    SOF 0.0000000000,0.9990234275
    SKP RUN ,1
    CLR
    WRAX REG2,0.0000000000
    ;------ Smoother
    RDAX POT0,1.0000000000
    RDFX REG5,0.0001500000
    WRAX REG5,0.0000000000
    ;------ Feedback Output
    ;------ Scale/Offset
    RDAX REG5,1.0000000000
    SOF 0.7700000000,0.2300000000
    WRAX REG7,0.0000000000
    ;------ LFO 1
    SKP RUN ,1
    WLDS 1,75,32767
    RDAX POT2,0.1467710372
    WRAX SIN1_RATE,0.0000000000
    CHO RDAL,1
    SOF 0.5000000000,0.5000000000
    WRAX REG8,0.0000000000
    CHO RDAL,9
    SOF 0.5000000000,0.5000000000
    WRAX REG9,0.0000000000
    ;------ Slicer
    SOF 0.0000000000,0.3800000000
    MULX REG1
    RDAX REG8,-1.0000000000
    SKP NEG,2
    SOF 0.0000000000,0.9990234275
    SKP RUN ,1
    CLR
    WRAX REG10,0.0000000000
    ;------ Scale/Offset
    RDAX REG8,1.0000000000
    SOF 0.0700000000,0.6800000000
    WRAX REG12,0.0000000000
    ;------ Smoother
    RDAX REG10,1.0000000000
    RDFX REG14,0.0004391719
    WRAX REG14,0.0000000000
    ;------ Smoother
    RDAX REG2,1.0000000000
    RDFX REG16,0.0004391719
    WRAX REG16,0.0000000000
    ;------ Slicer
    SOF 0.0000000000,0.3800000000
    MULX REG9
    RDAX REG0,-1.0000000000
    SKP NEG,2
    SOF 0.0000000000,0.9990234275
    SKP RUN ,1
    CLR
    WRAX REG17,0.0000000000
    ;------ ThreeTap
    RDAX REG6,0.7079457844
    MULX POT1
    RDAX ADCL,1.0000000000
    WRA 0,0.0
    CLR
    OR $007FFF00
    MULX REG7
    SOF 0.9499710083,0.0500289917
    WRAX ADDR_PTR,0.0000000000
    RMPA 1.0
    WRAX REG19,0.0000000000
    CLR
    OR $007FFF00
    MULX REG7
    SOF 0.3106405197,0.0163800186
    WRAX ADDR_PTR,0.0000000000
    RMPA 1.0
    WRAX REG20,0.0000000000
    CLR
    OR $007FFF00
    MULX REG12
    SOF 0.4768854462,0.0251297516
    WRAX ADDR_PTR,0.0000000000
    RMPA 1.0
    WRAX REG21,0.0000000000
    ;------ Smoother
    RDAX REG17,1.0000000000
    RDFX REG23,0.0003569870
    WRAX REG23,0.0000000000
    ;------ Crossfade 2
    RDAX REG14,-1.0000000000
    SOF -2.0000000000,0.0000000000
    MULX REG20
    WRAX REG25,0.0000000000
    RDAX REG14,1.0000000000
    SOF 1.0000000000,-1.0000000000
    SOF -2.0000000000,0.0000000000
    MULX REG19
    RDAX REG25,1.0000000000
    WRAX REG24,0.0000000000
    ;------ LPF 1P
    RDAX REG19,1.0000000000
    RDFX REG26,0.2233555012
    WRAX REG26,0.0000000000
    ;------ Crossfade 2
    RDAX REG23,-1.0000000000
    SOF -2.0000000000,0.0000000000
    MULX REG21
    WRAX REG28,0.0000000000
    RDAX REG23,1.0000000000
    SOF 1.0000000000,-1.0000000000
    SOF -2.0000000000,0.0000000000
    MULX ADCL
    RDAX REG28,1.0000000000
    WRAX REG27,0.0000000000
    ;------ Crossfade 2
    RDAX REG16,-1.0000000000
    SOF -2.0000000000,0.0000000000
    MULX REG24
    WRAX REG30,0.0000000000
    RDAX REG16,1.0000000000
    SOF 1.0000000000,-1.0000000000
    SOF -2.0000000000,0.0000000000
    MULX REG27
    RDAX REG30,1.0000000000
    WRAX REG29,0.0000000000
    ;------ Output
    RDAX REG29,1.0000000000
    WRAX DACL,0.0000000000
    RDAX REG29,1.0000000000
    WRAX DACR,0.0000000000
    ;------ HPF 1P
    RDAX REG26,1.0000000000
    RDFX 64,0.0350751667
    WRAX 64,-1.0000000000
    RDAX REG26,1.0000000000
    WRAX REG31,0.0000000000
    ;------ FB In 2
    RDAX REG31,1.0000000000
    WRAX REG6,0.0000000000

    Optimization complete: saved 4 instruction(s) and 1 register(s).

LegacyFileLoadTest > testLoadPatchFile(String) > load: src\test\resources\patches\double-stutter-03.spcd STANDARD_ERROR
    ----------------------------------------
    Register compaction report:
      Registers before compaction : 31  (highest was REG30 / 0x3e)
      Holes removed               : 7
      Registers after compaction  : 24  (highest is now REG23 / 0x37)
      OK: all registers fit within REG0ûREG31.
    ----------------------------------------
    SpinFXBlock: numRegs updated to 0x38 (REG24)

LegacyFileLoadTest > testLoadPatchFile(String) > load: src\test\resources\patches\double-stutter-03.spcd STANDARD_OUT
      OK: double-stutter-03.spcd ù 24 blocks, 126 instr, 24 regs, 32767 RAM

LegacyFileLoadTest > testLoadPatchFile(String) > load: src\test\resources\patches\double-stutter-03.spcd PASSED

LegacyFileLoadTest > testLoadPatchFile(String) > load: src\test\resources\patches\double-stutter.spcd STANDARD_OUT
    Scale Offset code gen!
    ; ----------------------------
    ;------ Input
    ;------ Pot 0
    ;------ Pot 1
    ;------ Pot 2
    ;------ LFO 0
    SKP RUN ,1
    WLDS 0,207,32767
    RDAX POT2,0.4050880626
    WRAX SIN0_RATE,0.0000000000
    CHO RDAL,0
    SOF 0.5000000000,0.5000000000
    WRAX REG0,0.0000000000
    CHO RDAL,8
    SOF 0.5000000000,0.5000000000
    WRAX REG1,0.0000000000
    ;------ Slicer
    SOF 0.0000000000,0.3800000000
    RDAX REG0,-1.0000000000
    SKP NEG,2
    SOF 0.0000000000,0.9990234275
    SKP RUN ,1
    CLR
    WRAX REG2,0.0000000000
    ;------ Smoother
    RDAX POT0,1.0000000000
    RDFX REG5,0.0001500000
    WRAX REG5,0.0000000000
    ;------ Feedback Output
    ;------ Scale/Offset
    RDAX REG5,1.0000000000
    SOF 0.7700000000,0.2300000000
    WRAX REG7,0.0000000000
    ;------ Slicer
    SOF 0.0000000000,0.3800000000
    RDAX REG1,-1.0000000000
    SKP NEG,2
    SOF 0.0000000000,0.9990234275
    SKP RUN ,1
    CLR
    WRAX REG8,0.0000000000
    ;------ Smoother
    RDAX REG8,1.0000000000
    RDFX REG11,0.0028321367
    WRAX REG11,0.0000000000
    ;------ ThreeTap
    RDAX REG6,0.7079457844
    MULX POT1
    RDAX ADCL,1.0000000000
    WRA 0,0.0
    CLR
    OR $007FFF00
    MULX REG7
    SOF 0.9499710083,0.0500289917
    WRAX ADDR_PTR,0.0000000000
    RMPA 1.0
    WRAX REG12,0.0000000000
    CLR
    OR $007FFF00
    MULX REG7
    SOF 0.3106405197,0.0163800186
    WRAX ADDR_PTR,0.0000000000
    RMPA 1.0
    WRAX REG13,0.0000000000
    CLR
    OR $007FFF00
    MULX REG7
    SOF 0.4768854462,0.0251297516
    WRAX ADDR_PTR,0.0000000000
    RMPA 1.0
    WRAX REG14,0.0000000000
    ;------ Crossfade 2
    RDAX REG11,-1.0000000000
    SOF -2.0000000000,0.0000000000
    MULX REG13
    WRAX REG16,0.0000000000
    RDAX REG11,1.0000000000
    SOF 1.0000000000,-1.0000000000
    SOF -2.0000000000,0.0000000000
    MULX REG12
    RDAX REG16,1.0000000000
    WRAX REG15,0.0000000000
    ;------ Smoother
    RDAX REG2,1.0000000000
    RDFX REG18,0.0028321367
    WRAX REG18,0.0000000000
    ;------ Slicer
    SOF 0.0000000000,0.3800000000
    MULX REG1
    RDAX REG0,-1.0000000000
    SKP NEG,2
    SOF 0.0000000000,0.9990234275
    SKP RUN ,1
    CLR
    WRAX REG19,0.0000000000
    ;------ LPF 1P
    RDAX REG15,1.0000000000
    RDFX REG21,0.2233555012
    WRAX REG21,0.0000000000
    ;------ Smoother
    RDAX REG19,1.0000000000
    RDFX REG23,0.0028321367
    WRAX REG23,0.0000000000
    ;------ HPF 1P
    RDAX REG21,1.0000000000
    RDFX REG25,0.0350751667
    WRAX REG25,-1.0000000000
    RDAX REG21,1.0000000000
    WRAX REG24,0.0000000000
    ;------ FB In 2
    RDAX REG24,1.0000000000
    WRAX REG6,0.0000000000
    ;------ Crossfade 2
    RDAX REG23,-1.0000000000
    SOF -2.0000000000,0.0000000000
    MULX REG14
    WRAX REG27,0.0000000000
    RDAX REG23,1.0000000000
    SOF 1.0000000000,-1.0000000000
    SOF -2.0000000000,0.0000000000
    MULX ADCL
    RDAX REG27,1.0000000000
    WRAX REG26,0.0000000000
    ;------ Crossfade 2
    RDAX REG18,-1.0000000000
    SOF -2.0000000000,0.0000000000
    MULX REG15
    WRAX REG29,0.0000000000
    RDAX REG18,1.0000000000
    SOF 1.0000000000,-1.0000000000
    SOF -2.0000000000,0.0000000000
    MULX REG26
    RDAX REG29,1.0000000000
    WRAX REG28,0.0000000000
    ;------ Output
    RDAX REG28,1.0000000000
    WRAX DACL,0.0000000000
    RDAX REG28,1.0000000000
    WRAX DACR,0.0000000000

    Optimization complete: saved 6 instruction(s) and 2 register(s).

LegacyFileLoadTest > testLoadPatchFile(String) > load: src\test\resources\patches\double-stutter.spcd STANDARD_ERROR
    ----------------------------------------
    Register compaction report:
      Registers before compaction : 30  (highest was REG29 / 0x3d)
      Holes removed               : 9
      Registers after compaction  : 21  (highest is now REG20 / 0x34)
      OK: all registers fit within REG0ûREG31.
    ----------------------------------------
    SpinFXBlock: numRegs updated to 0x35 (REG21)

LegacyFileLoadTest > testLoadPatchFile(String) > load: src\test\resources\patches\double-stutter.spcd STANDARD_OUT
      OK: double-stutter.spcd ù 22 blocks, 110 instr, 21 regs, 32767 RAM

LegacyFileLoadTest > testLoadPatchFile(String) > load: src\test\resources\patches\double-stutter.spcd PASSED

LegacyFileLoadTest > testLoadPatchFile(String) > load: src\test\resources\patches\Doug Slocum chirp delay - 02.spcd STANDARD_OUT
    Scale Offset code gen!
    Servo Delay code gen!
    Servo Delay code gen!
    ; ----------------------------
    ;------ Input
    ;------ Feedback Output
    ;------ Pot 1
    ;------ Pot 0
    ;------ Mixer 2:1
    RDAX ADCL,1.0000000000
    WRAX REG1,0.0000000000
    RDAX REG0,1.0000000000
    MULX POT1
    RDAX REG1,1.0000000000
    WRAX REG1,0.0000000000
    ;------ Scale/Offset
    RDAX POT0,1.0000000000
    SOF 0.9800000000,0.0200000000
    WRAX REG2,0.0000000000
    ;------ Coarse Delay
    RDAX REG1,1.0000000000
    WRA 0,0.0
    CLR
    OR $007FFF00
    MULX REG2
    SOF 0.4889831543,0.0000305176
    WRAX ADDR_PTR,0.0000000000
    RMPA 1.0
    WRAX REG3,0.0000000000
    ;------ Chirp
    RDAX REG3,1.0000000000
    RDA 16045,0.69
    WRAP 16024,-0.69
    RDA 16067,0.69
    WRAP 16046,-0.69
    RDA 16089,0.69
    WRAP 16068,-0.69
    RDA 16111,0.69
    WRAP 16090,-0.69
    RDA 16133,0.69
    WRAP 16112,-0.69
    RDA 16155,0.69
    WRAP 16134,-0.69
    RDA 16177,0.69
    WRAP 16156,-0.69
    RDA 16199,0.69
    WRAP 16178,-0.69
    RDA 16221,0.69
    WRAP 16200,-0.69
    RDA 16243,0.69
    WRAP 16222,-0.69
    RDA 16265,0.69
    WRAP 16244,-0.69
    RDA 16287,0.69
    WRAP 16266,-0.69
    RDA 16309,0.69
    WRAP 16288,-0.69
    RDA 16331,0.69
    WRAP 16310,-0.69
    RDA 16353,0.69
    WRAP 16332,-0.69
    RDA 16375,0.69
    WRAP 16354,-0.69
    RDA 16397,0.69
    WRAP 16376,-0.69
    RDA 16419,0.69
    WRAP 16398,-0.69
    RDA 16441,0.69
    WRAP 16420,-0.69
    RDA 16463,0.69
    WRAP 16442,-0.69
    WRAX REG4,0.0000000000
    ;------ Coarse Delay
    RDAX REG4,1.0000000000
    WRA 16464,0.0
    CLR
    OR $007FFF00
    MULX REG2
    SOF 0.3909912109,0.5018310547
    WRAX ADDR_PTR,0.0000000000
    RMPA 1.0
    WRAX REG5,0.0000000000
    ;------ Pot 2
    ;------ Chirp
    RDAX REG5,1.0000000000
    RDA 29282,0.69
    WRAP 29277,-0.69
    RDA 29288,0.69
    WRAP 29283,-0.69
    RDA 29294,0.69
    WRAP 29289,-0.69
    RDA 29300,0.69
    WRAP 29295,-0.69
    RDA 29306,0.69
    WRAP 29301,-0.69
    RDA 29312,0.69
    WRAP 29307,-0.69
    RDA 29318,0.69
    WRAP 29313,-0.69
    RDA 29324,0.69
    WRAP 29319,-0.69
    RDA 29330,0.69
    WRAP 29325,-0.69
    RDA 29336,0.69
    WRAP 29331,-0.69
    RDA 29342,0.69
    WRAP 29337,-0.69
    RDA 29348,0.69
    WRAP 29343,-0.69
    RDA 29354,0.69
    WRAP 29349,-0.69
    RDA 29360,0.69
    WRAP 29355,-0.69
    RDA 29366,0.69
    WRAP 29361,-0.69
    RDA 29372,0.69
    WRAP 29367,-0.69
    RDA 29378,0.69
    WRAP 29373,-0.69
    RDA 29384,0.69
    WRAP 29379,-0.69
    RDA 29390,0.69
    WRAP 29385,-0.69
    RDA 29396,0.69
    WRAP 29391,-0.69
    WRAX REG6,0.0000000000
    ;------ Crossfade
    RDAX ADCL,-0.5000000000
    RDAX REG6,0.5000000000
    MULX POT2
    RDAX ADCL,0.5000000000
    WRAX REG7,0.0000000000
    ;------ Output
    RDAX REG7,1.0000000000
    WRAX DACL,0.0000000000
    ;------ HPF 1P
    RDAX REG6,1.0000000000
    RDFX REG9,0.0198782089
    WRAX REG9,-1.0000000000
    RDAX REG6,1.0000000000
    WRAX REG8,0.0000000000
    ;------ FB In 1
    RDAX REG8,1.0000000000
    WRAX REG0,0.0000000000

    Optimization complete: saved 10 instruction(s) and 5 register(s).

LegacyFileLoadTest > testLoadPatchFile(String) > load: src\test\resources\patches\Doug Slocum chirp delay - 02.spcd STANDARD_ERROR
    ----------------------------------------
    Register compaction report:
      Registers before compaction : 10  (highest was REG9 / 0x29)
      Holes removed               : 5
      Registers after compaction  : 5  (highest is now REG4 / 0x24)
      OK: all registers fit within REG0ûREG31.
    ----------------------------------------
    SpinFXBlock: numRegs updated to 0x25 (REG5)

LegacyFileLoadTest > testLoadPatchFile(String) > load: src\test\resources\patches\Doug Slocum chirp delay - 02.spcd STANDARD_OUT
      OK: Doug Slocum chirp delay - 02.spcd ù 15 blocks, 115 instr, 5 regs, 29355 RAM

LegacyFileLoadTest > testLoadPatchFile(String) > load: src\test\resources\patches\Doug Slocum chirp delay - 02.spcd PASSED

LegacyFileLoadTest > testLoadPatchFile(String) > load: src\test\resources\patches\Doug-Slocum-tap-tempo-example.spcd STANDARD_OUT
    Tap Tempo code gen!
    ; ----------------------------
    ;------ Pot 0
    ;------ Tap-Tempo
    SKP RUN ,5
    WLDR 0, 0, 4096
    SOF 0.0000000000,0.9900000000
    WRAX REG2,1.0000000000
    SOF 0.0000000000,0.3300000000
    WRAX REG3,0.0000000000
    LDAX POT0
    SOF 1.0000000000,-0.5000000000
    SKP NEG,4
    LDAX REG0
    SOF 1.0000000000,0.0100000000
    WRAX REG0,0.0000000000
    SKP ZRO,3
    LDAX REG0
    SOF 1.0000000000,-0.0100000000
    WRAX REG0,0.0000000000
    LDAX REG0
    ABSA
    SOF 1.0000000000,-0.9000000000
    SKP NEG,13
    LDAX REG0
    SOF 1.0000000000,-0.9000000000
    SKP NEG,3
    SOF 0.0000000000,0.9990000000
    WRAX REG1,0.0000000000
    SKP ZRO,7
    LDAX REG1
    SKP NEG,5
    SOF 0.0000000000,-0.9990000000
    WRAX REG1,0.0000000000
    LDAX REG2
    SOF -1.0000000000,0.0000000000
    WRAX REG2,0.0000000000
    LDAX REG2
    SKP NEG,4
    JAM 2
    LDAX REG3
    WRAX REG4,0.0000000000
    SKP ZRO,12
    SOF 0.0000000000,0.0625000000
    WRAX RMP0_RATE,0.0000000000
    CHO RDAL,2
    SOF -2.0000000000,0.9990000000
    SOF 1.0000000000,0.0010000000
    WRAX REG3,1.0000000000
    SOF 1.0000000000,-0.9990000000
    SKP NEG,4
    LDAX REG4
    WRAX REG3,0.0000000000
    SOF 0.0000000000,0.9990000000
    WRAX REG2,0.0000000000
    ;------ Input
    ;------ ThreeTap
    RDAX ADCL,1.0000000000
    WRA 0,0.0
    CLR
    OR $007FFF00
    MULX REG4
    SOF 0.9499710083,0.0500289917
    WRAX ADDR_PTR,0.0000000000
    RMPA 1.0
    WRAX REG5,0.0000000000
    ;------ Mixer 2:1
    RDAX REG5,1.0000000000
    RDAX ADCL,1.0000000000
    WRAX REG6,0.0000000000
    ;------ Output
    RDAX REG6,1.0000000000
    WRAX DACL,0.0000000000

    Optimization complete: saved 4 instruction(s) and 2 register(s).

LegacyFileLoadTest > testLoadPatchFile(String) > load: src\test\resources\patches\Doug-Slocum-tap-tempo-example.spcd STANDARD_ERROR
    ----------------------------------------
    Register compaction report:
      Registers before compaction : 5  (highest was REG4 / 0x24)
      Holes removed               : 0
      Registers after compaction  : 5  (highest is now REG4 / 0x24)
      OK: all registers fit within REG0ûREG31.
    ----------------------------------------
    SpinFXBlock: numRegs updated to 0x25 (REG5)

LegacyFileLoadTest > testLoadPatchFile(String) > load: src\test\resources\patches\Doug-Slocum-tap-tempo-example.spcd STANDARD_OUT
      OK: Doug-Slocum-tap-tempo-example.spcd ù 6 blocks, 61 instr, 5 regs, 32767 RAM

LegacyFileLoadTest > testLoadPatchFile(String) > load: src\test\resources\patches\Doug-Slocum-tap-tempo-example.spcd PASSED

LegacyFileLoadTest > testLoadPatchFile(String) > load: src\test\resources\patches\drum-delay-06.spcd STANDARD_OUT
    Scale Offset code gen!
    ; ----------------------------
    ;------ Input
    ;------ Feedback Output
    ;------ Pot 0
    ;------ Pot 1
    ;------ Smoother
    RDAX POT0,1.0000000000
    RDFX REG2,0.0001500000
    WRAX REG2,0.0000000000
    ;------ Scale/Offset
    RDAX REG2,1.0000000000
    SOF 0.7500000000,0.2500000000
    WRAX REG3,0.0000000000
    ;------ LPF 1P
    RDAX ADCL,1.0000000000
    RDFX REG4,0.3363159668
    WRAX REG4,0.0000000000
    ;------ Pot 2
    ;------ HPF 1P
    RDAX REG4,1.0000000000
    RDFX REG6,0.0335232927
    WRAX REG6,-1.0000000000
    RDAX REG4,1.0000000000
    WRAX REG5,0.0000000000
    ;------ Drum Delay
    RDAX REG0,0.5000000000
    RDAX REG5,1.0000000000
    WRA 0,0.0
    RDAX POT1,1.0000000000
    SOF 1.0000000000,-0.2500000000
    SKP NEG,24
    SOF 1.0000000000,-0.2500000000
    SKP NEG,16
    SOF 1.0000000000,-0.2500000000
    SKP NEG,7
    CLR
    OR $007FFF00
    MULX REG3
    SOF 0.4161496338,0.0219331299
    WRAX ADDR_PTR,0.0000000000
    RMPA 1.0
    WRAX REG7,0.0000000000
    CLR
    OR $007FFF00
    MULX REG3
    SOF 0.2208341217,0.0116533661
    WRAX ADDR_PTR,0.0000000000
    RMPA 1.0
    WRAX REG8,0.0000000000
    CLR
    OR $007FFF00
    MULX REG3
    SOF 0.2944454956,0.0155276489
    WRAX ADDR_PTR,0.0000000000
    RMPA 1.0
    WRAX REG9,0.0000000000
    CLR
    OR $007FFF00
    MULX REG3
    SOF 0.4907424927,0.0258590698
    WRAX ADDR_PTR,0.0000000000
    RMPA 1.0
    WRAX REG10,0.0000000000
    ;------ Chirp
    RDAX REG10,0.7943282347
    RDA 16940,0.6
    WRAP 16928,-0.6
    RDA 16953,0.6
    WRAP 16941,-0.6
    RDA 16966,0.6
    WRAP 16954,-0.6
    RDA 16979,0.6
    WRAP 16967,-0.6
    RDA 16992,0.6
    WRAP 16980,-0.6
    RDA 17005,0.6
    WRAP 16993,-0.6
    RDA 17018,0.6
    WRAP 17006,-0.6
    RDA 17031,0.6
    WRAP 17019,-0.6
    RDA 17044,0.6
    WRAP 17032,-0.6
    RDA 17057,0.6
    WRAP 17045,-0.6
    RDA 17070,0.6
    WRAP 17058,-0.6
    RDA 17083,0.6
    WRAP 17071,-0.6
    RDA 17096,0.6
    WRAP 17084,-0.6
    RDA 17109,0.6
    WRAP 17097,-0.6
    RDA 17122,0.6
    WRAP 17110,-0.6
    RDA 17135,0.6
    WRAP 17123,-0.6
    RDA 17148,0.6
    WRAP 17136,-0.6
    RDA 17161,0.6
    WRAP 17149,-0.6
    RDA 17174,0.6
    WRAP 17162,-0.6
    RDA 17187,0.6
    WRAP 17175,-0.6
    RDA 17200,0.6
    WRAP 17188,-0.6
    WRAX REG11,0.0000000000
    ;------ Mixer 4:1
    RDAX REG10,1.0000000000
    WRAX REG12,0.0000000000
    RDAX REG9,1.0000000000
    RDAX REG12,1.0000000000
    WRAX REG12,0.0000000000
    RDAX REG8,1.0000000000
    RDAX REG12,1.0000000000
    WRAX REG12,0.0000000000
    RDAX REG7,1.0000000000
    RDAX REG12,1.0000000000
    WRAX REG12,0.0000000000
    ;------ LPF 1P
    RDAX REG11,1.0000000000
    RDFX REG13,0.3363159668
    WRAX REG13,0.0000000000
    ;------ HPF 1P
    RDAX REG13,1.0000000000
    RDFX REG15,0.0335232927
    WRAX REG15,-1.0000000000
    RDAX REG13,1.0000000000
    WRAX REG14,0.0000000000
    ;------ FB In 1
    RDAX REG14,1.0000000000
    WRAX REG0,0.0000000000
    ;------ Mixer 2:1
    RDAX ADCL,1.0000000000
    WRAX REG16,0.0000000000
    RDAX REG12,0.6309573445
    MULX POT2
    RDAX REG16,1.0000000000
    WRAX REG16,0.0000000000
    ;------ Output
    RDAX REG16,1.0000000000
    WRAX DACL,0.0000000000
    RDAX REG16,1.0000000000
    WRAX DACR,0.0000000000

    Optimization complete: saved 6 instruction(s) and 1 register(s).
    Output register optimization complete: saved 1 instruction(s) and 0 register(s).

LegacyFileLoadTest > testLoadPatchFile(String) > load: src\test\resources\patches\drum-delay-06.spcd STANDARD_ERROR
    ----------------------------------------
    Register compaction report:
      Registers before compaction : 17  (highest was REG16 / 0x30)
      Holes removed               : 2
      Registers after compaction  : 15  (highest is now REG14 / 0x2e)
      OK: all registers fit within REG0ûREG31.
    ----------------------------------------
    SpinFXBlock: numRegs updated to 0x2f (REG15)

LegacyFileLoadTest > testLoadPatchFile(String) > load: src\test\resources\patches\drum-delay-06.spcd STANDARD_OUT
      OK: drum-delay-06.spcd ù 17 blocks, 120 instr, 15 regs, 17179 RAM

LegacyFileLoadTest > testLoadPatchFile(String) > load: src\test\resources\patches\drum-delay-06.spcd PASSED

LegacyFileLoadTest > testLoadPatchFile(String) > load: src\test\resources\patches\drum-delay-07.spcd STANDARD_OUT
    Scale Offset code gen!
    Clip control code gen! Clip:1.85
    Scale Offset code gen!
    ; ----------------------------
    ;------ Input
    ;------ Feedback Output
    ;------ Pot 0
    ;------ Pot 1
    ;------ Smoother
    RDAX POT0,1.0000000000
    RDFX REG2,0.0001500000
    WRAX REG2,0.0000000000
    ;------ Scale/Offset
    RDAX REG2,1.0000000000
    SOF 0.4900000000,0.5100000000
    WRAX REG3,0.0000000000
    ;------ LPF 1P
    RDAX ADCL,1.0000000000
    RDFX REG4,0.3363159668
    WRAX REG4,0.0000000000
    ;------ Pot 2
    ;------ HPF 1P
    RDAX REG4,1.0000000000
    RDFX REG6,0.0335232927
    WRAX REG6,-1.0000000000
    RDAX REG4,1.0000000000
    WRAX REG5,0.0000000000
    ;------ Clip
    RDAX POT1,1.0000000000
    SOF -0.9990000000,0.9990000000
    SOF -1.8500000000,0.0000000000
    SOF -1.0000000000,0.0000000000
    SOF -0.9990000000,0.9990000000
    WRAX REG7,0.0000000000
    ;------ Scale/Offset
    RDAX REG7,1.0000000000
    SOF 0.8100000000,0.1900000000
    WRAX REG8,0.0000000000
    ;------ Drum Delay
    RDAX REG0,1.0000000000
    MULX REG8
    RDAX REG5,1.0000000000
    WRA 0,0.0
    RDAX POT1,1.0000000000
    SOF 1.0000000000,-0.2500000000
    SKP NEG,24
    SOF 1.0000000000,-0.2500000000
    SKP NEG,16
    SOF 1.0000000000,-0.2500000000
    SKP NEG,7
    CLR
    OR $007FFF00
    MULX REG3
    SOF 0.7976836426,0.0420138672
    WRAX ADDR_PTR,0.0000000000
    RMPA 1.0
    WRAX REG9,0.0000000000
    CLR
    OR $007FFF00
    MULX REG3
    SOF 0.4232991028,0.0223094177
    WRAX ADDR_PTR,0.0000000000
    RMPA 1.0
    WRAX REG10,0.0000000000
    CLR
    OR $007FFF00
    MULX REG3
    SOF 0.5643988037,0.0297357178
    WRAX ADDR_PTR,0.0000000000
    RMPA 1.0
    WRAX REG11,0.0000000000
    CLR
    OR $007FFF00
    MULX REG3
    SOF 0.9406646729,0.0495391846
    WRAX ADDR_PTR,0.0000000000
    RMPA 1.0
    WRAX REG12,0.0000000000
    ;------ Chirp
    RDAX REG12,1.0000000000
    RDA 32459,0.6
    WRAP 32447,-0.6
    RDA 32472,0.6
    WRAP 32460,-0.6
    RDA 32485,0.6
    WRAP 32473,-0.6
    RDA 32498,0.6
    WRAP 32486,-0.6
    RDA 32511,0.6
    WRAP 32499,-0.6
    RDA 32524,0.6
    WRAP 32512,-0.6
    RDA 32537,0.6
    WRAP 32525,-0.6
    RDA 32550,0.6
    WRAP 32538,-0.6
    RDA 32563,0.6
    WRAP 32551,-0.6
    RDA 32576,0.6
    WRAP 32564,-0.6
    RDA 32589,0.6
    WRAP 32577,-0.6
    RDA 32602,0.6
    WRAP 32590,-0.6
    RDA 32615,0.6
    WRAP 32603,-0.6
    RDA 32628,0.6
    WRAP 32616,-0.6
    RDA 32641,0.6
    WRAP 32629,-0.6
    WRAX REG13,0.0000000000
    ;------ LPF 1P
    RDAX REG13,1.0000000000
    RDFX REG14,0.3363159668
    WRAX REG14,0.0000000000
    ;------ HPF 1P
    RDAX REG14,1.0000000000
    RDFX REG16,0.0335232927
    WRAX REG16,-1.0000000000
    RDAX REG14,1.0000000000
    WRAX REG15,0.0000000000
    ;------ Mixer 4:1
    RDAX REG12,1.0000000000
    WRAX REG17,0.0000000000
    RDAX REG11,1.0000000000
    RDAX REG17,1.0000000000
    WRAX REG17,0.0000000000
    RDAX REG10,1.0000000000
    RDAX REG17,1.0000000000
    WRAX REG17,0.0000000000
    RDAX REG9,1.0000000000
    RDAX REG17,1.0000000000
    WRAX REG17,0.0000000000
    ;------ Mixer 2:1
    RDAX ADCL,1.0000000000
    WRAX REG18,0.0000000000
    RDAX REG17,0.6309573445
    MULX POT2
    RDAX REG18,1.0000000000
    WRAX REG18,0.0000000000
    ;------ FB In 1
    RDAX REG15,1.0000000000
    WRAX REG0,0.0000000000
    ;------ Output
    RDAX REG18,1.0000000000
    WRAX DACL,0.0000000000
    RDAX REG18,1.0000000000
    WRAX DACR,0.0000000000

    Optimization complete: saved 8 instruction(s) and 2 register(s).

LegacyFileLoadTest > testLoadPatchFile(String) > load: src\test\resources\patches\drum-delay-07.spcd STANDARD_ERROR
    ----------------------------------------
    Register compaction report:
      Registers before compaction : 19  (highest was REG18 / 0x32)
      Holes removed               : 3
      Registers after compaction  : 16  (highest is now REG15 / 0x2f)
      OK: all registers fit within REG0ûREG31.
    ----------------------------------------
    SpinFXBlock: numRegs updated to 0x30 (REG16)

LegacyFileLoadTest > testLoadPatchFile(String) > load: src\test\resources\patches\drum-delay-07.spcd STANDARD_OUT
      OK: drum-delay-07.spcd ù 19 blocks, 117 instr, 16 regs, 32626 RAM

LegacyFileLoadTest > testLoadPatchFile(String) > load: src\test\resources\patches\drum-delay-07.spcd PASSED

LegacyFileLoadTest > testLoadPatchFile(String) > load: src\test\resources\patches\drum-delay.spcd STANDARD_OUT
    Power control code gen! Power:5.0
    Power control code gen! Power:5.0
    Scale Offset code gen!
    Scale Offset code gen!
    ; ----------------------------
    ;------ Input
    ;------ Pot 0
    ;------ Pot 1
    ;------ Power
    RDAX POT1,1.0000000000
    ;------ ---Invert
    SOF -0.9990234375,0.9990234375
    WRAX REG0,1.0000000000
    MULX REG0
    MULX REG0
    MULX REG0
    MULX REG0
    ;------ ---Flip
    SOF -0.9990234375,0.9990234375
    WRAX REG1,0.0000000000
    ;------ Power
    RDAX POT1,1.0000000000
    WRAX REG2,1.0000000000
    MULX REG2
    MULX REG2
    MULX REG2
    MULX REG2
    WRAX REG3,0.0000000000
    ;------ Scale/Offset
    RDAX POT0,1.0000000000
    SOF 0.6300000000,0.3700000000
    WRAX REG4,0.0000000000
    ;------ Feedback Output
    ;------ Pot 2
    ;------ Cube gain
    RDAX REG5,1.0000000000
    WRAX REG6,-0.9333300000
    MULX REG6
    MULX REG6
    RDAX REG6,1.0000000000
    SOF 1.5000000000,0.0000000000
    WRAX REG7,0.0000000000
    ;------ Shelving Lowpass
    RDAX REG7,1.0000000000
    RDFX REG9,0.3060584311
    WRLX REG9,-0.8004737685
    WRAX REG8,0.0000000000
    ;------ Smoother
    RDAX REG4,1.0000000000
    RDFX REG12,0.0001500000
    WRAX REG12,0.0000000000
    ;------ Shelving Lowpass
    RDAX ADCL,1.0000000000
    RDFX REG14,0.2672701445
    WRLX REG14,-0.9900000000
    WRAX REG13,0.0000000000
    ;------ Allpass
    RDAX REG13,0.7079457844
    RDA 223,0.58
    WRAP 0,-0.58
    RDA 556,0.58
    WRAP 224,-0.58
    RDA 1005,0.58
    WRAP 557,-0.58
    WRAX REG16,0.0000000000
    ;------ Scale/Offset
    RDAX POT2,1.0000000000
    SOF 0.7700000000,0.2300000000
    WRAX REG17,0.0000000000
    ;------ Shelving Hipass
    RDAX REG8,1.0000000000
    WRAX REG20,-0.9437658675
    RDFX REG19,0.0550173658
    WRLX REG19,-1.0000000000
    MULX REG17
    RDAX REG20,1.0000000000
    WRAX REG18,0.0000000000
    ;------ ThreeTap
    RDAX REG18,0.8912509381
    MULX POT2
    RDAX REG16,1.0000000000
    WRA 1006,0.0
    CLR
    OR $007FFF00
    MULX REG12
    SOF 0.4502120972,0.0543350220
    WRAX ADDR_PTR,0.0000000000
    RMPA 1.0
    WRAX REG21,0.0000000000
    CLR
    OR $007FFF00
    MULX REG12
    SOF 0.3606198898,0.0496196426
    WRAX ADDR_PTR,0.0000000000
    RMPA 1.0
    WRAX REG22,0.0000000000
    CLR
    OR $007FFF00
    MULX REG12
    SOF 0.1472193558,0.0383880356
    WRAX ADDR_PTR,0.0000000000
    RMPA 1.0
    WRAX REG23,0.0000000000
    ;------ Mixer 3:1
    RDAX REG21,0.7943282347
    MULX REG1
    WRAX REG24,0.0000000000
    RDAX REG22,0.7079457844
    MULX POT1
    RDAX REG24,1.0000000000
    WRAX REG24,0.0000000000
    RDAX REG23,0.6309573445
    MULX REG3
    RDAX REG24,1.0000000000
    WRAX REG24,0.0000000000
    ;------ Mixer 3:1
    RDAX REG23,0.7943282347
    MULX REG1
    WRAX REG25,0.0000000000
    RDAX REG21,0.8912509381
    MULX POT1
    RDAX REG25,1.0000000000
    WRAX REG25,0.0000000000
    RDAX REG22,0.7079457844
    MULX REG3
    RDAX REG25,1.0000000000
    WRAX REG25,0.0000000000
    ;------ Allpass
    RDAX REG21,0.8912509381
    RDA 16692,0.71
    WRAP 16536,-0.71
    RDA 16916,0.71
    WRAP 16693,-0.71
    RDA 17249,0.71
    WRAP 16917,-0.71
    RDA 17698,0.71
    WRAP 17250,-0.71
    WRAX REG26,0.0000000000
    ;------ Mixer 2:1
    RDAX ADCL,1.0000000000
    RDAX REG24,1.0000000000
    WRAX REG27,0.0000000000
    ;------ FB In 1
    RDAX REG26,1.0000000000
    WRAX REG5,0.0000000000
    ;------ Mixer 2:1
    RDAX ADCL,1.0000000000
    RDAX REG25,1.0000000000
    WRAX REG28,0.0000000000
    ;------ Output
    RDAX REG27,1.0000000000
    WRAX DACL,0.0000000000
    RDAX REG28,1.0000000000
    WRAX DACR,0.0000000000

    Optimization complete: saved 4 instruction(s) and 3 register(s).
    Output register optimization complete: saved 4 instruction(s) and 2 register(s).

LegacyFileLoadTest > testLoadPatchFile(String) > load: src\test\resources\patches\drum-delay.spcd STANDARD_ERROR
    ----------------------------------------
    Register compaction report:
      Registers before compaction : 27  (highest was REG26 / 0x3a)
      Holes removed               : 6
      Registers after compaction  : 21  (highest is now REG20 / 0x34)
      OK: all registers fit within REG0ûREG31.
    ----------------------------------------
    SpinFXBlock: numRegs updated to 0x35 (REG21)

LegacyFileLoadTest > testLoadPatchFile(String) > load: src\test\resources\patches\drum-delay.spcd STANDARD_OUT
      OK: drum-delay.spcd ù 23 blocks, 116 instr, 21 regs, 17691 RAM

LegacyFileLoadTest > testLoadPatchFile(String) > load: src\test\resources\patches\drum-delay.spcd PASSED

LegacyFileLoadTest > testLoadPatchFile(String) > load: src\test\resources\patches\dual-cube-distortion.spcd STANDARD_OUT
    Scale Offset code gen!
    Scale Offset code gen!
    Gain boost code gen!
    Gain boost code gen!
    ; ----------------------------
    ;------ Input
    ;------ Pot 0
    ;------ Pot 1
    ;------ Pot 2
    ;------ Scale/Offset
    RDAX POT1,1.0000000000
    SOF 0.8500000000,0.1500000000
    WRAX REG0,0.0000000000
    ;------ Scale/Offset
    RDAX POT2,1.0000000000
    SOF 0.8500000000,0.1500000000
    WRAX REG1,0.0000000000
    ;------ Volume
    RDAX ADCL,1.0000000000
    MULX REG1
    WRAX REG2,0.0000000000
    ;------ Gain Boost
    RDAX REG2,1.0000000000
    SOF -2.0000000000,0.0000000000
    SOF -2.0000000000,0.0000000000
    SOF -2.0000000000,0.0000000000
    SOF -2.0000000000,0.0000000000
    WRAX REG3,0.0000000000
    ;------ Cube gain
    RDAX REG3,1.0000000000
    WRAX REG4,-0.9333300000
    MULX REG4
    MULX REG4
    RDAX REG4,1.0000000000
    SOF 1.5000000000,0.0000000000
    WRAX REG5,0.0000000000
    ;------ Volume
    RDAX REG5,0.3548133892
    WRAX REG6,0.0000000000
    ;------ Volume
    RDAX ADCR,1.0000000000
    MULX REG0
    WRAX REG7,0.0000000000
    ;------ Gain Boost
    RDAX REG7,1.0000000000
    SOF -2.0000000000,0.0000000000
    SOF -2.0000000000,0.0000000000
    SOF -2.0000000000,0.0000000000
    SOF -2.0000000000,0.0000000000
    WRAX REG8,0.0000000000
    ;------ Cube gain
    RDAX REG8,1.0000000000
    WRAX REG9,-0.9333300000
    MULX REG9
    MULX REG9
    RDAX REG9,1.0000000000
    SOF 1.5000000000,0.0000000000
    WRAX REG10,0.0000000000
    ;------ Volume
    RDAX REG10,0.3548133892
    WRAX REG11,0.0000000000
    ;------ Crossfade 2
    RDAX POT0,-1.0000000000
    SOF -2.0000000000,0.0000000000
    MULX REG6
    WRAX REG13,0.0000000000
    RDAX POT0,1.0000000000
    SOF 1.0000000000,-1.0000000000
    SOF -2.0000000000,0.0000000000
    MULX ADCL
    RDAX REG13,1.0000000000
    WRAX REG12,0.0000000000
    ;------ Crossfade 2
    RDAX POT0,-1.0000000000
    SOF -2.0000000000,0.0000000000
    MULX REG11
    WRAX REG15,0.0000000000
    RDAX POT0,1.0000000000
    SOF 1.0000000000,-1.0000000000
    SOF -2.0000000000,0.0000000000
    MULX ADCR
    RDAX REG15,1.0000000000
    WRAX REG14,0.0000000000
    ;------ Output
    RDAX REG12,1.0000000000
    WRAX DACL,0.0000000000
    RDAX REG14,1.0000000000
    WRAX DACR,0.0000000000

    Optimization complete: saved 10 instruction(s) and 6 register(s).
    Output register optimization complete: saved 4 instruction(s) and 2 register(s).

LegacyFileLoadTest > testLoadPatchFile(String) > load: src\test\resources\patches\dual-cube-distortion.spcd STANDARD_ERROR
    ----------------------------------------
    Register compaction report:
      Registers before compaction : 16  (highest was REG15 / 0x2f)
      Holes removed               : 8
      Registers after compaction  : 8  (highest is now REG7 / 0x27)
      OK: all registers fit within REG0ûREG31.
    ----------------------------------------
    SpinFXBlock: numRegs updated to 0x28 (REG8)

LegacyFileLoadTest > testLoadPatchFile(String) > load: src\test\resources\patches\dual-cube-distortion.spcd STANDARD_OUT
      OK: dual-cube-distortion.spcd ù 17 blocks, 52 instr, 8 regs, 0 RAM

LegacyFileLoadTest > testLoadPatchFile(String) > load: src\test\resources\patches\dual-cube-distortion.spcd PASSED

LegacyFileLoadTest > testLoadPatchFile(String) > load: src\test\resources\patches\dual-lfo-pitch-shift-plus-reverb.spcd STANDARD_OUT
    Scale Offset code gen!
    Scale Offset code gen!
    Constant code gen!
    Min reverb code gen!
    ; ----------------------------
    ;------ Input
    ;------ Pot 0
    ;------ Pot 1
    ;------ LFO 0
    SKP RUN ,1
    WLDS 0,35,32767
    RDAX POT0,0.0684931507
    WRAX SIN0_RATE,0.0000000000
    CHO RDAL,0
    SOF 0.5000000000,0.5000000000
    WRAX REG0,0.0000000000
    CHO RDAL,8
    SOF 0.5000000000,0.5000000000
    WRAX REG1,0.0000000000
    ;------ Multiply
    RDAX REG0,1.0000000000
    MULX POT1
    WRAX REG2,0.0000000000
    ;------ Multiply
    RDAX REG1,1.0000000000
    MULX POT1
    WRAX REG3,0.0000000000
    ;------ Scale/Offset
    RDAX REG2,1.0000000000
    SOF 0.2500000000,0.0000000000
    WRAX REG4,0.0000000000
    ;------ Scale/Offset
    RDAX REG3,1.0000000000
    SOF -0.2500000000,0.0000000000
    WRAX REG5,0.0000000000
    ;------ Constant
    SOF 0.0000000000,0.3750000000
    WRAX REG6,0.0000000000
    ;------ Minimum reverb
    RDAX ADCL,0.2500000000
    RDA 122,0.325
    WRAP 0,-1.0
    RDA 426,0.325
    WRAP 123,-1.0
    RDA 980,0.325
    WRAP 427,-1.0
    RDA 1903,0.325
    WRAP 981,-1.0
    WRAX REG7,1.0000000000
    RDA 21990,1.0
    MULX REG6
    RDA 5727,-0.325
    WRAP 1904,0.325
    WRA 5728,1.99
    RDAX REG7,1.0000000000
    RDA 12240,1.0
    MULX REG6
    RDA 16973,-0.325
    WRAP 12241,0.325
    WRA 16974,1.99
    WRAX REG8,0.0000000000
    ;------ Pot 2
    ;------ Mixer 2:1
    RDAX ADCL,1.0000000000
    WRAX REG9,0.0000000000
    RDAX REG8,0.7079457844
    MULX POT2
    RDAX REG9,1.0000000000
    WRAX REG9,0.0000000000
    ;------ Pitch Shift
    SKP RUN ,1
    WLDR 0, 2195, 2048
    LDAX REG9
    WRA 21991,0.0
    RDAX REG5,0.0669860840
    WRAX RMP0_RATE,0.0000000000
    CHO RDA,2,REG | COMPC,21991
    CHO RDA,2,0,21992
    WRA 24040,0.0
    CHO RDA,2,COMPC | RPTR2,21991
    CHO RDA,2,RPTR2,21992
    CHO SOF,2,COMPC | NA,0.0
    CHO RDA,2,NA,24040
    WRAX REG10,0.0000000000
    ;------ Pitch Shift
    SKP RUN ,1
    WLDR 1, 1489, 2048
    LDAX REG9
    WRA 24042,0.0
    RDAX REG4,0.0454406738
    WRAX RMP1_RATE,0.0000000000
    CHO RDA,3,REG | COMPC,24042
    CHO RDA,3,0,24043
    WRA 26091,0.0
    CHO RDA,3,COMPC | RPTR2,24042
    CHO RDA,3,RPTR2,24043
    CHO SOF,3,COMPC | NA,0.0
    CHO RDA,3,NA,26091
    WRAX REG11,0.0000000000
    ;------ Output
    RDAX REG10,1.0000000000
    RDAX REG11,1.0000000000
    WRAX DACL,1.0000000000
    WRAX DACR,0.0000000000

    Optimization complete: saved 0 instruction(s) and 0 register(s).

LegacyFileLoadTest > testLoadPatchFile(String) > load: src\test\resources\patches\dual-lfo-pitch-shift-plus-reverb.spcd STANDARD_ERROR
    ----------------------------------------
    Register compaction report:
      Registers before compaction : 12  (highest was REG11 / 0x2b)
      Holes removed               : 0
      Registers after compaction  : 12  (highest is now REG11 / 0x2b)
      OK: all registers fit within REG0ûREG31.
    ----------------------------------------
    SpinFXBlock: numRegs updated to 0x2c (REG12)

LegacyFileLoadTest > testLoadPatchFile(String) > load: src\test\resources\patches\dual-lfo-pitch-shift-plus-reverb.spcd STANDARD_OUT
      OK: dual-lfo-pitch-shift-plus-reverb.spcd ù 15 blocks, 84 instr, 12 regs, 26081 RAM

LegacyFileLoadTest > testLoadPatchFile(String) > load: src\test\resources\patches\dual-lfo-pitch-shift-plus-reverb.spcd PASSED

LegacyFileLoadTest > testLoadPatchFile(String) > load: src\test\resources\patches\dual-pitch-offset-plus-small-reverb.spcd STANDARD_OUT
    Scale Offset code gen!
    Scale Offset code gen!
    Scale Offset code gen!
    Constant code gen!
    Min reverb code gen!
    ; ----------------------------
    ;------ Input
    ;------ Pot 0
    ;------ Pot 2
    ;------ Scale/Offset
    RDAX POT2,1.0000000000
    SOF 0.2500000000,0.2400000000
    WRAX REG0,0.0000000000
    ;------ Scale/Offset
    RDAX REG0,1.0000000000
    SOF 0.0200000000,0.5000000000
    WRAX REG1,0.0000000000
    ;------ Pot 1
    ;------ Scale/Offset
    RDAX REG0,1.0000000000
    SOF -0.0200000000,0.5000000000
    WRAX REG2,0.0000000000
    ;------ Pitch Offset 1->2
    SKP RUN ,3
    OR $007FFFFF
    WRAX REG9,1.0000000000
    WRAX REG14,0.0000000000
    RDAX REG1,0.1000000000
    RDFX REG12,0.0010000000
    WRLX REG12,-1.0000000000
    SOF 1.0000000000,-0.0500000000
    WRAX REG11,0.0000000000
    RDAX REG2,0.1000000000
    RDFX REG17,0.0010000000
    WRLX REG17,-1.0000000000
    SOF 1.0000000000,-0.0500000000
    WRAX REG16,0.0000000000
    RDAX ADCL,1.0000000000
    RDFX REG6,0.0400000000
    WRHX REG6,-1.0000000000
    RDFX REG5,0.4000000000
    WRLX REG5,-1.0000000000
    WRAX REG7,0.0039000000
    RDA 1,0.995
    WRAP 0,-0.995
    RDA 3,0.937
    WRAP 2,-0.937
    RDA 5,0.61
    WRAP 4,-0.61
    WRAX REG3,0.0000000000
    RDAX REG7,0.0039000000
    RDA 7,0.978
    WRAP 6,-0.978
    RDA 9,0.84
    WRAP 8,-0.84
    RDA 11,0.0
    WRAP 10,0.0
    WRAX REG4,0.0000000000
    RDAX REG9,1.0000000000
    MULX REG11
    RDAX REG8,1.0000000000
    WRAX REG8,-1.0000000000
    MULX REG11
    RDAX REG9,1.0000000000
    WRAX REG9,0.0000000000
    RDAX REG4,-2.0000000000
    MULX REG9
    WRAX REG10,0.0000000000
    RDAX REG3,-2.0000000000
    MULX REG8
    RDAX REG10,1.0000000000
    WRAX REG10,0.0000000000
    RDAX REG14,1.0000000000
    MULX REG16
    RDAX REG13,1.0000000000
    WRAX REG13,-1.0000000000
    MULX REG16
    RDAX REG14,1.0000000000
    WRAX REG14,0.0000000000
    RDAX REG4,-2.0000000000
    MULX REG14
    WRAX REG15,0.0000000000
    RDAX REG3,-2.0000000000
    MULX REG13
    RDAX REG15,1.0000000000
    RDAX REG10,1.0000000000
    SOF -2.0000000000,0.0000000000
    SOF -2.0000000000,0.0000000000
    SOF -2.0000000000,0.0000000000
    SOF -2.0000000000,0.0000000000
    SOF -2.0000000000,0.0000000000
    SOF -2.0000000000,0.0000000000
    SOF -2.0000000000,0.0000000000
    WRAX REG18,0.0000000000
    ;------ Constant
    SOF 0.0000000000,0.4600000000
    WRAX REG20,0.0000000000
    ;------ Minimum reverb
    RDAX ADCL,0.2500000000
    RDA 134,0.325
    WRAP 12,-1.0
    RDA 438,0.325
    WRAP 135,-1.0
    RDA 992,0.325
    WRAP 439,-1.0
    RDA 1915,0.325
    WRAP 993,-1.0
    WRAX REG21,1.0000000000
    RDA 22002,1.0
    MULX REG20
    RDA 5739,-0.325
    WRAP 1916,0.325
    WRA 5740,1.99
    RDAX REG21,1.0000000000
    RDA 12252,1.0
    MULX REG20
    RDA 16985,-0.325
    WRAP 12253,0.325
    WRA 16986,1.99
    WRAX REG22,0.0000000000
    ;------ Mixer 3:1
    RDAX REG22,1.0000000000
    MULX POT0
    WRAX REG23,0.0000000000
    RDAX REG18,1.0000000000
    MULX POT1
    RDAX REG23,1.0000000000
    WRAX REG23,0.0000000000
    RDAX REG18,1.0000000000
    MULX POT1
    RDAX REG23,1.0000000000
    WRAX REG23,0.0000000000
    ;------ Output
    RDAX REG23,1.0000000000
    WRAX DACL,1.0000000000
    WRAX DACR,0.0000000000

    Optimization complete: saved 4 instruction(s) and 1 register(s).

LegacyFileLoadTest > testLoadPatchFile(String) > load: src\test\resources\patches\dual-pitch-offset-plus-small-reverb.spcd STANDARD_ERROR
    ----------------------------------------
    Register compaction report:
      Registers before compaction : 24  (highest was REG23 / 0x37)
      Holes removed               : 2
      Registers after compaction  : 22  (highest is now REG21 / 0x35)
      OK: all registers fit within REG0ûREG31.
    ----------------------------------------
    SpinFXBlock: numRegs updated to 0x36 (REG22)

LegacyFileLoadTest > testLoadPatchFile(String) > load: src\test\resources\patches\dual-pitch-offset-plus-small-reverb.spcd STANDARD_OUT
      OK: dual-pitch-offset-plus-small-reverb.spcd ù 12 blocks, 114 instr, 22 regs, 21989 RAM

LegacyFileLoadTest > testLoadPatchFile(String) > load: src\test\resources\patches\dual-pitch-offset-plus-small-reverb.spcd PASSED

LegacyFileLoadTest > testLoadPatchFile(String) > load: src\test\resources\patches\dual-pitch-offset.spcd STANDARD_OUT
    Scale Offset code gen!
    Scale Offset code gen!
    Scale Offset code gen!
    Mixer 2_1x2 code gen!
    ; ----------------------------
    ;------ Input
    ;------ Pot 0
    ;------ Scale/Offset
    RDAX POT0,1.0000000000
    SOF 0.2500000000,0.2400000000
    WRAX REG0,0.0000000000
    ;------ Scale/Offset
    RDAX REG0,1.0000000000
    SOF -0.0200000000,0.5000000000
    WRAX REG1,0.0000000000
    ;------ Scale/Offset
    RDAX REG0,1.0000000000
    SOF 0.0200000000,0.5000000000
    WRAX REG2,0.0000000000
    ;------ PitchOffset
    SKP RUN ,2
    OR $007FFFFF
    WRAX REG9,0.0000000000
    RDAX REG1,0.1000000000
    RDFX REG12,0.0010000000
    WRLX REG12,-1.0000000000
    SOF 1.0000000000,-0.0500000000
    WRAX REG11,0.0000000000
    RDAX ADCL,1.0000000000
    RDFX REG6,0.0400000000
    WRHX REG6,-1.0000000000
    RDFX REG5,0.4000000000
    WRLX REG5,-1.0000000000
    WRAX REG7,0.0039000000
    RDA 1,0.995
    WRAP 0,-0.995
    RDA 3,0.937
    WRAP 2,-0.937
    RDA 5,0.61
    WRAP 4,-0.61
    WRAX REG3,0.0000000000
    RDAX REG7,0.0039000000
    RDA 7,0.978
    WRAP 6,-0.978
    RDA 9,0.84
    WRAP 8,-0.84
    RDA 11,0.0
    WRAP 10,0.0
    WRAX REG4,0.0000000000
    RDAX REG9,1.0000000000
    MULX REG11
    RDAX REG8,1.0000000000
    WRAX REG8,-1.0000000000
    MULX REG11
    RDAX REG9,1.0000000000
    WRAX REG9,0.0000000000
    RDAX REG4,-2.0000000000
    MULX REG9
    WRAX REG10,0.0000000000
    RDAX REG3,-2.0000000000
    MULX REG8
    RDAX REG10,1.0000000000
    SOF -2.0000000000,0.0000000000
    SOF -2.0000000000,0.0000000000
    SOF -2.0000000000,0.0000000000
    SOF -2.0000000000,0.0000000000
    SOF -2.0000000000,0.0000000000
    SOF -2.0000000000,0.0000000000
    SOF -2.0000000000,0.0000000000
    WRAX REG13,0.0000000000
    ;------ PitchOffset
    SKP RUN ,2
    OR $007FFFFF
    WRAX REG20,0.0000000000
    RDAX REG2,0.1000000000
    RDFX REG23,0.0010000000
    WRLX REG23,-1.0000000000
    SOF 1.0000000000,-0.0500000000
    WRAX REG22,0.0000000000
    RDAX ADCL,1.0000000000
    RDFX REG17,0.0400000000
    WRHX REG17,-1.0000000000
    RDFX REG16,0.4000000000
    WRLX REG16,-1.0000000000
    WRAX REG18,0.0039000000
    RDA 13,0.995
    WRAP 12,-0.995
    RDA 15,0.937
    WRAP 14,-0.937
    RDA 17,0.61
    WRAP 16,-0.61
    WRAX REG14,0.0000000000
    RDAX REG18,0.0039000000
    RDA 19,0.978
    WRAP 18,-0.978
    RDA 21,0.84
    WRAP 20,-0.84
    RDA 23,0.0
    WRAP 22,0.0
    WRAX REG15,0.0000000000
    RDAX REG20,1.0000000000
    MULX REG22
    RDAX REG19,1.0000000000
    WRAX REG19,-1.0000000000
    MULX REG22
    RDAX REG20,1.0000000000
    WRAX REG20,0.0000000000
    RDAX REG15,-2.0000000000
    MULX REG20
    WRAX REG21,0.0000000000
    RDAX REG14,-2.0000000000
    MULX REG19
    RDAX REG21,1.0000000000
    SOF -2.0000000000,0.0000000000
    SOF -2.0000000000,0.0000000000
    SOF -2.0000000000,0.0000000000
    SOF -2.0000000000,0.0000000000
    SOF -2.0000000000,0.0000000000
    SOF -2.0000000000,0.0000000000
    SOF -2.0000000000,0.0000000000
    WRAX REG24,0.0000000000
    ;------ Pot 1
    ;------ Mixer 2-1x2
    RDAX REG24,0.5000000000
    MULX POT1
    WRAX REG25,0.0000000000
    RDAX ADCL,0.5000000000
    RDAX REG25,1.0000000000
    WRAX REG25,0.0000000000
    RDAX REG13,0.5000000000
    MULX POT1
    WRAX REG26,0.0000000000
    RDAX ADCL,0.5000000000
    RDAX REG26,1.0000000000
    WRAX REG26,0.0000000000
    ;------ Output
    RDAX REG25,1.0000000000
    RDAX REG26,1.0000000000
    WRAX DACL,1.0000000000
    WRAX DACR,0.0000000000

    Optimization complete: saved 2 instruction(s) and 1 register(s).

LegacyFileLoadTest > testLoadPatchFile(String) > load: src\test\resources\patches\dual-pitch-offset.spcd STANDARD_ERROR
    ----------------------------------------
    Register compaction report:
      Registers before compaction : 27  (highest was REG26 / 0x3a)
      Holes removed               : 1
      Registers after compaction  : 26  (highest is now REG25 / 0x39)
      OK: all registers fit within REG0ûREG31.
    ----------------------------------------
    SpinFXBlock: numRegs updated to 0x3a (REG26)

LegacyFileLoadTest > testLoadPatchFile(String) > load: src\test\resources\patches\dual-pitch-offset.spcd STANDARD_OUT
      OK: dual-pitch-offset.spcd ù 10 blocks, 123 instr, 26 regs, 12 RAM

LegacyFileLoadTest > testLoadPatchFile(String) > load: src\test\resources\patches\dual-pitch-offset.spcd PASSED

LegacyFileLoadTest > testLoadPatchFile(String) > load: src\test\resources\patches\dual-six-tap.spcd STANDARD_OUT
    ; ----------------------------
    ;------ Input
    ;------ Pot 0
    ;------ Pot 1
    ;------ Pot 2
    ;------ Feedback Output
    ;------ Feedback Output
    ;------ Smoother
    RDAX POT1,1.0000000000
    RDFX REG3,0.0005159622
    WRAX REG3,0.0000000000
    ;------ Six Tap
    RDAX REG1,0.5000000000
    MULX POT2
    RDAX ADCR,0.4500000000
    WRA 0,0.0
    CLR
    OR $007FFF00
    MULX REG3
    WRAX REG6,0.0000000000
    SOF 0.0474710083,0.0025289917
    WRAX ADDR_PTR,0.0000000000
    RMPA 0.5
    WRAX REG4,0.0000000000
    RDAX REG6,1.0000000000
    SOF 0.0949420166,0.0050274658
    WRAX ADDR_PTR,0.0000000000
    RMPA 0.5
    RDAX REG4,1.0000000000
    WRAX REG4,0.0000000000
    RDAX REG6,1.0000000000
    SOF 0.1424130249,0.0075259399
    WRAX ADDR_PTR,0.0000000000
    RMPA 0.5
    RDAX REG4,1.0000000000
    WRAX REG4,0.0000000000
    RDAX REG6,1.0000000000
    SOF 0.1898840332,0.0100244141
    WRAX ADDR_PTR,0.0000000000
    RMPA 0.5
    RDAX REG4,1.0000000000
    WRAX REG4,0.0000000000
    RDAX REG6,1.0000000000
    SOF 0.2373550415,0.0125228882
    WRAX ADDR_PTR,0.0000000000
    RMPA 0.5
    RDAX REG4,1.0000000000
    WRAX REG4,0.0000000000
    RDAX REG6,1.0000000000
    SOF 0.2848260498,0.0150213623
    WRAX ADDR_PTR,0.0000000000
    RMPA 0.8
    WRAX REG5,0.0000000000
    RDA 16374,1.0
    WRAX REG7,0.0000000000
    ;------ Six Tap
    RDAX REG0,0.8912509381
    MULX POT2
    RDAX ADCL,0.7320000000
    WRA 16375,0.0
    CLR
    OR $007FFF00
    MULX REG3
    WRAX REG10,0.0000000000
    SOF 0.4229666840,0.5219867462
    WRAX ADDR_PTR,0.0000000000
    RMPA 0.7943282347242815
    WRAX REG8,0.0000000000
    RDAX REG10,1.0000000000
    SOF 0.4272390747,0.5222116089
    WRAX ADDR_PTR,0.0000000000
    RMPA 0.7943282347242815
    RDAX REG8,1.0000000000
    WRAX REG8,0.0000000000
    RDAX REG10,1.0000000000
    SOF 0.4315114655,0.5224364716
    WRAX ADDR_PTR,0.0000000000
    RMPA 0.7943282347242815
    RDAX REG8,1.0000000000
    WRAX REG8,0.0000000000
    RDAX REG10,1.0000000000
    SOF 0.3992311798,0.5207375092
    WRAX ADDR_PTR,0.0000000000
    RMPA 0.8912509381337456
    RDAX REG8,1.0000000000
    WRAX REG8,0.0000000000
    RDAX REG10,1.0000000000
    SOF 0.3959082092,0.5205626160
    WRAX ADDR_PTR,0.0000000000
    RMPA 0.8912509381337456
    RDAX REG8,1.0000000000
    WRAX REG8,0.0000000000
    RDAX REG10,1.0000000000
    SOF 0.3883128479,0.5201628601
    WRAX ADDR_PTR,0.0000000000
    RMPA 0.8912509381337456
    WRAX REG9,0.0000000000
    RDA 32749,1.0
    WRAX REG11,0.0000000000
    ;------ FB In 1
    RDAX REG11,1.0000000000
    WRAX REG0,0.0000000000
    ;------ Crossfade 2
    RDAX POT0,-1.0000000000
    SOF -2.0000000000,0.0000000000
    MULX REG4
    WRAX REG13,0.0000000000
    RDAX POT0,1.0000000000
    SOF 1.0000000000,-1.0000000000
    SOF -2.0000000000,0.0000000000
    MULX ADCR
    RDAX REG13,1.0000000000
    WRAX REG12,0.0000000000
    ;------ FB In 2
    RDAX REG7,1.0000000000
    WRAX REG1,0.0000000000
    ;------ Crossfade 2
    RDAX POT0,-1.0000000000
    SOF -2.0000000000,0.0000000000
    MULX REG8
    WRAX REG15,0.0000000000
    RDAX POT0,1.0000000000
    SOF 1.0000000000,-1.0000000000
    SOF -2.0000000000,0.0000000000
    MULX ADCL
    RDAX REG15,1.0000000000
    WRAX REG14,0.0000000000
    ;------ Output
    RDAX REG14,1.0000000000
    RDAX REG12,1.0000000000
    WRAX DACL,1.0000000000
    WRAX DACR,0.0000000000

    Optimization complete: saved 4 instruction(s) and 2 register(s).

LegacyFileLoadTest > testLoadPatchFile(String) > load: src\test\resources\patches\dual-six-tap.spcd STANDARD_ERROR
    ----------------------------------------
    Register compaction report:
      Registers before compaction : 16  (highest was REG15 / 0x2f)
      Holes removed               : 3
      Registers after compaction  : 13  (highest is now REG12 / 0x2c)
      OK: all registers fit within REG0ûREG31.
    ----------------------------------------
    SpinFXBlock: numRegs updated to 0x2d (REG13)

LegacyFileLoadTest > testLoadPatchFile(String) > load: src\test\resources\patches\dual-six-tap.spcd STANDARD_OUT
      OK: dual-six-tap.spcd ù 14 blocks, 113 instr, 13 regs, 32748 RAM

LegacyFileLoadTest > testLoadPatchFile(String) > load: src\test\resources\patches\dual-six-tap.spcd PASSED

LegacyFileLoadTest > testLoadPatchFile(String) > load: src\test\resources\patches\echoes-filter-02.spcd STANDARD_OUT
    Scale Offset code gen!
    Servo Delay code gen!
    Power control code gen! Power:3.0
    Scale Offset code gen!
    LPF 2/4 pole code gen!
    ; ----------------------------
    ;------ Input
    ;------ Pot 0
    ;------ Smoother
    RDAX POT0,1.0000000000
    RDFX REG1,0.0009173407
    WRAX REG1,0.0000000000
    ;------ Feedback Output
    ;------ Pot 2
    ;------ Pot 1
    ;------ Mixer 2:1
    RDAX ADCL,1.0000000000
    WRAX REG3,0.0000000000
    RDAX REG2,1.0000000000
    MULX POT1
    RDAX REG3,1.0000000000
    WRAX REG3,0.0000000000
    ;------ LPF 1P
    RDAX REG3,1.0000000000
    RDFX REG4,0.3961005515
    WRAX REG4,0.0000000000
    ;------ Scale/Offset
    RDAX REG1,1.0000000000
    SOF 0.9400000000,0.0600000000
    WRAX REG5,0.0000000000
    ;------ Coarse Delay
    RDAX REG4,1.0000000000
    WRA 0,0.0
    CLR
    OR $007FFF00
    MULX REG5
    SOF 0.9749755859,0.0000305176
    WRAX ADDR_PTR,0.0000000000
    RMPA 1.0
    WRAX REG6,0.0000000000
    ;------ LFO 0
    SKP RUN ,1
    WLDS 0,9,32767
    CHO RDAL,0
    SOF 0.5000000000,0.5000000000
    WRAX REG7,0.0000000000
    ;------ Power
    RDAX REG7,1.0000000000
    ;------ ---Invert
    SOF -0.9990234375,0.9990234375
    WRAX REG8,1.0000000000
    MULX REG8
    MULX REG8
    WRAX REG9,0.0000000000
    ;------ Scale/Offset
    RDAX REG9,1.0000000000
    SOF 0.4400000000,0.5200000000
    WRAX REG10,0.0000000000
    ;------ 2 pole low pass
    RDAX REG10,1.0000000000
    SOF 0.3500000000,-0.3500000000
    EXP 1.0,0.0
    WRAX REG11,0.0000000000
    RDAX REG13,1.0000000000
    MULX REG11
    RDAX REG12,1.0000000000
    WRAX REG12,-1.0000000000
    RDAX REG13,-0.3225806452
    RDAX REG6,0.5000000000
    WRAX REG14,1.0000000000
    MULX REG11
    RDAX REG13,1.0000000000
    WRAX REG13,0.0000000000
    ;------ Mixer 2:1
    RDAX ADCL,1.0000000000
    WRAX REG15,0.0000000000
    RDAX REG12,1.0000000000
    MULX POT2
    RDAX REG15,1.0000000000
    WRAX REG15,0.0000000000
    ;------ FB In 1
    RDAX REG12,0.7600000000
    WRAX REG2,0.0000000000
    ;------ Output
    RDAX REG15,1.0000000000
    WRAX DACL,0.0000000000
    RDAX REG15,1.0000000000
    WRAX DACR,0.0000000000

    Optimization complete: saved 7 instruction(s) and 3 register(s).

LegacyFileLoadTest > testLoadPatchFile(String) > load: src\test\resources\patches\echoes-filter-02.spcd STANDARD_ERROR
    ----------------------------------------
    Register compaction report:
      Registers before compaction : 16  (highest was REG15 / 0x2f)
      Holes removed               : 4
      Registers after compaction  : 12  (highest is now REG11 / 0x2b)
      OK: all registers fit within REG0ûREG31.
    ----------------------------------------
    SpinFXBlock: numRegs updated to 0x2c (REG12)

LegacyFileLoadTest > testLoadPatchFile(String) > load: src\test\resources\patches\echoes-filter-02.spcd STANDARD_OUT
      OK: echoes-filter-02.spcd ù 17 blocks, 57 instr, 12 regs, 31948 RAM

LegacyFileLoadTest > testLoadPatchFile(String) > load: src\test\resources\patches\echoes-filter-02.spcd PASSED

LegacyFileLoadTest > testLoadPatchFile(String) > load: src\test\resources\patches\envelope down tremolo.spcd STANDARD_OUT
    Scale Offset code gen!
    Power control code gen! Power:4.0
    Envelope control code gen!
    Power control code gen! Power:2.0
    ; ----------------------------
    ;------ Input
    ;------ Pot 0
    ;------ Pot 1
    ;------ Scale/Offset
    RDAX POT0,1.0000000000
    SOF 0.4100000000,0.2700000000
    WRAX REG0,0.0000000000
    ;------ Pot 2
    ;------ Power
    RDAX POT1,1.0000000000
    ;------ ---Invert
    SOF -0.9990234375,0.9990234375
    WRAX REG1,1.0000000000
    MULX REG1
    MULX REG1
    MULX REG1
    ;------ ---Flip
    SOF -0.9990234375,0.9990234375
    WRAX REG2,0.0000000000
    ;------ Envelope
    RDAX ADCL,1.0000000000
    MULX POT2
    ABSA
    SOF -2.0000000000,0.0000000000
    SOF -2.0000000000,0.0000000000
    RDFX REG3,0.0017472307
    WRAX REG3,0.0000000000
    RDAX REG4,1.0000000000
    SOF -0.0001000000,0.0000000000
    RDAX REG4,1.0000000000
    WRAX REG5,0.0000000000
    RDAX REG3,1.0000000000
    MAXX REG5,1.0000000000
    WRAX REG4,0.0000000000
    ;------ Phase_Invert
    RDAX REG3,-1.0000000000
    WRAX REG6,0.0000000000
    ;------ Mixer 2:1
    RDAX REG0,1.0000000000
    WRAX REG7,0.0000000000
    RDAX REG6,1.0000000000
    RDAX REG7,1.0000000000
    WRAX REG7,0.0000000000
    ;------ LFO 0
    SKP RUN ,1
    WLDS 0,339,32767
    RDAX REG7,0.6634050881
    WRAX SIN0_RATE,0.0000000000
    CHO RDAL,0
    SOF 0.5000000000,0.5000000000
    WRAX REG8,0.0000000000
    ;------ Power
    RDAX REG8,1.0000000000
    ;------ ---Invert
    SOF -0.9990234375,0.9990234375
    WRAX REG9,1.0000000000
    MULX REG9
    ;------ ---Flip
    SOF -0.9990234375,0.9990234375
    WRAX REG10,0.0000000000
    ;------ Tremolizer
    RDAX REG10,0.9900000000
    MULX REG2
    SOF -0.9990000000,0.9990000000
    WRAX REG11,0.0000000000
    ;------ Volume
    RDAX ADCL,1.0000000000
    MULX REG11
    WRAX REG12,0.0000000000
    ;------ Output
    RDAX REG12,1.0000000000
    RDAX REG12,1.0000000000
    WRAX DACL,1.0000000000
    WRAX DACR,0.0000000000

    Optimization complete: saved 4 instruction(s) and 2 register(s).

LegacyFileLoadTest > testLoadPatchFile(String) > load: src\test\resources\patches\envelope down tremolo.spcd STANDARD_ERROR
    ----------------------------------------
    Register compaction report:
      Registers before compaction : 13  (highest was REG12 / 0x2c)
      Holes removed               : 2
      Registers after compaction  : 11  (highest is now REG10 / 0x2a)
      OK: all registers fit within REG0ûREG31.
    ----------------------------------------
    SpinFXBlock: numRegs updated to 0x2b (REG11)

LegacyFileLoadTest > testLoadPatchFile(String) > load: src\test\resources\patches\envelope down tremolo.spcd STANDARD_OUT
      OK: envelope down tremolo.spcd ù 14 blocks, 52 instr, 11 regs, 0 RAM

LegacyFileLoadTest > testLoadPatchFile(String) > load: src\test\resources\patches\envelope down tremolo.spcd PASSED

LegacyFileLoadTest > testLoadPatchFile(String) > load: src\test\resources\patches\envelope up tremolo.spcd STANDARD_OUT
    Scale Offset code gen!
    Power control code gen! Power:4.0
    Envelope control code gen!
    ; ----------------------------
    ;------ Input
    ;------ Pot 0
    ;------ Pot 1
    ;------ Scale/Offset
    RDAX POT0,1.0000000000
    SOF 0.4100000000,0.2700000000
    WRAX REG0,0.0000000000
    ;------ Pot 2
    ;------ Power
    RDAX POT1,1.0000000000
    ;------ ---Invert
    SOF -0.9990234375,0.9990234375
    WRAX REG1,1.0000000000
    MULX REG1
    MULX REG1
    MULX REG1
    ;------ ---Flip
    SOF -0.9990234375,0.9990234375
    WRAX REG2,0.0000000000
    ;------ Envelope
    RDAX ADCL,1.0000000000
    MULX POT2
    ABSA
    SOF -2.0000000000,0.0000000000
    SOF -2.0000000000,0.0000000000
    RDFX REG3,0.0017472307
    WRAX REG3,0.0000000000
    RDAX REG4,1.0000000000
    SOF -0.0001000000,0.0000000000
    RDAX REG4,1.0000000000
    WRAX REG5,0.0000000000
    RDAX REG3,1.0000000000
    MAXX REG5,1.0000000000
    WRAX REG4,0.0000000000
    ;------ Mixer 2:1
    RDAX REG0,1.0000000000
    WRAX REG6,0.0000000000
    RDAX REG3,1.0000000000
    RDAX REG6,1.0000000000
    WRAX REG6,0.0000000000
    ;------ LFO 0
    SKP RUN ,1
    WLDS 0,339,32767
    RDAX REG6,0.6634050881
    WRAX SIN0_RATE,0.0000000000
    CHO RDAL,0
    SOF 0.5000000000,0.5000000000
    WRAX REG7,0.0000000000
    ;------ Tremolizer
    RDAX REG7,0.9900000000
    MULX REG2
    SOF -0.9990000000,0.9990000000
    WRAX REG8,0.0000000000
    ;------ Volume
    RDAX ADCL,1.0000000000
    MULX REG8
    WRAX REG9,0.0000000000
    ;------ Output
    RDAX REG9,1.0000000000
    RDAX REG9,1.0000000000
    WRAX DACL,1.0000000000
    WRAX DACR,0.0000000000

    Optimization complete: saved 2 instruction(s) and 1 register(s).

LegacyFileLoadTest > testLoadPatchFile(String) > load: src\test\resources\patches\envelope up tremolo.spcd STANDARD_ERROR
    ----------------------------------------
    Register compaction report:
      Registers before compaction : 10  (highest was REG9 / 0x29)
      Holes removed               : 1
      Registers after compaction  : 9  (highest is now REG8 / 0x28)
      OK: all registers fit within REG0ûREG31.
    ----------------------------------------
    SpinFXBlock: numRegs updated to 0x29 (REG9)

LegacyFileLoadTest > testLoadPatchFile(String) > load: src\test\resources\patches\envelope up tremolo.spcd STANDARD_OUT
      OK: envelope up tremolo.spcd ù 12 blocks, 46 instr, 9 regs, 0 RAM

LegacyFileLoadTest > testLoadPatchFile(String) > load: src\test\resources\patches\envelope up tremolo.spcd PASSED

LegacyFileLoadTest > testLoadPatchFile(String) > load: src\test\resources\patches\envelope-1-test.spcd STANDARD_OUT
    Envelope control code gen!
    ; ----------------------------
    ;------ Input
    ;------ Pot 0
    ;------ Envelope
    RDAX ADCL,1.0000000000
    MULX POT0
    ABSA
    SOF -2.0000000000,0.0000000000
    SOF -2.0000000000,0.0000000000
    RDFX REG0,0.0000983351
    WRAX REG0,0.0000000000
    RDAX REG1,1.0000000000
    SOF -0.0000983351,0.0000000000
    RDAX REG1,1.0000000000
    WRAX REG2,0.0000000000
    RDAX REG0,1.0000000000
    MAXX REG2,1.0000000000
    WRAX REG1,0.0000000000
    ;------ Output
    RDAX REG1,1.0000000000
    WRAX DACL,0.0000000000
    RDAX REG0,1.0000000000
    WRAX DACR,0.0000000000

    Optimization complete: saved 1 instruction(s) and 0 register(s).

LegacyFileLoadTest > testLoadPatchFile(String) > load: src\test\resources\patches\envelope-1-test.spcd STANDARD_ERROR
    ----------------------------------------
    Register compaction report:
      Registers before compaction : 3  (highest was REG2 / 0x22)
      Holes removed               : 0
      Registers after compaction  : 3  (highest is now REG2 / 0x22)
      OK: all registers fit within REG0ûREG31.
    ----------------------------------------
    SpinFXBlock: numRegs updated to 0x23 (REG3)

LegacyFileLoadTest > testLoadPatchFile(String) > load: src\test\resources\patches\envelope-1-test.spcd STANDARD_OUT
      OK: envelope-1-test.spcd ù 4 blocks, 17 instr, 3 regs, 0 RAM

LegacyFileLoadTest > testLoadPatchFile(String) > load: src\test\resources\patches\envelope-1-test.spcd PASSED

LegacyFileLoadTest > testLoadPatchFile(String) > load: src\test\resources\patches\hall-reverb-hf-control.spcd STANDARD_OUT
    ; ----------------------------
    ;------ Input
    ;------ Pot 0
    ;------ Pot 2
    ;------ Pot 1
    ;------ Mixer 2:1
    RDAX ADCL,0.5011872336
    RDAX ADCR,0.5011872336
    WRAX REG0,0.0000000000
    ;------ Reverb_Hall
    SKP RUN ,6
    WRAX REG6,0.0000000000
    WRAX REG7,0.0000000000
    WRAX REG8,0.0000000000
    WRAX REG9,0.0000000000
    WRAX REG10,0.0000000000
    WLDS 0,44,100
    CLR
    WRAX ADDR_PTR,0.0000000000
    RDAX REG0,0.5000000000
    WRA 0,0.0
    RMPA 1.0
    WRA 3277,1.0
    RDA 10549,0.57
    WRAP 10278,-0.57
    RDA 10983,0.57
    WRAP 10550,-0.57
    RDA 11753,0.57
    WRAP 10984,-0.57
    RDA 12745,0.57
    WRAP 11754,-0.57
    WRAX REG2,0.0000000000
    RDA 27187,0.8
    MULX POT0
    RDAX REG2,1.0000000000
    RDA 14515,0.65
    WRAP 13446,-0.65
    RDA 15805,-0.65
    WRAP 14516,0.65
    RDA 18049,0.65
    WRAP 15806,-0.65
    RDFX REG8,0.0200000000
    WRHX REG8,-0.5000000000
    WRAX REG3,-1.0000000000
    RDFX REG6,0.5000000000
    WRHX REG6,-1.0000000000
    MULX POT1
    RDAX REG3,1.0000000000
    WRA 18050,0.0
    RDA 20387,-0.8
    MULX POT0
    RDAX REG2,1.0000000000
    RDA 21355,0.65
    WRAP 20388,-0.65
    RDA 22723,0.65
    WRAP 21356,-0.65
    RDA 24793,-0.65
    WRAP 22724,0.65
    RDFX REG9,0.0200000000
    WRHX REG9,-0.5000000000
    WRAX REG3,-1.0000000000
    RDFX REG7,0.5000000000
    WRHX REG7,-1.0000000000
    MULX POT1
    RDAX REG3,1.0000000000
    WRA 24794,0.0
    RDA 3377,1.0
    RDA 12987,0.5
    WRAP 12746,-0.5
    WRAX REG3,1.0000000000
    RDFX REG10,0.1000000000
    WRHX REG10,-1.0000000000
    MULX POT1
    RDAX REG3,1.0000000000
    WRA 3378,0.0
    RDA 4277,1.0
    RDA 13445,0.5
    WRAP 12988,-0.5
    WRA 4278,0.0
    RDA 5978,0.5
    RDA 5533,0.8
    RDA 6686,0.8
    RDA 7377,0.7
    RDA 18050,1.5
    WRAX REG4,0.0000000000
    RDA 6077,0.5
    RDA 5533,0.6
    RDA 6324,0.8
    RDA 7377,0.9
    RDA 24794,1.5
    WRAX REG5,0.0000000000
    CHO RDA,0,REG | COMPC,15906
    CHO RDA,0,0,15907
    WRA 16006,0.0
    CHO RDA,0,COS  | REG | COMPC,22824
    CHO RDA,0,COS ,22825
    WRA 22924,0.0
    ;------ Crossfade 2
    RDAX POT2,-1.0000000000
    SOF -2.0000000000,0.0000000000
    MULX REG4
    WRAX REG12,0.0000000000
    RDAX POT2,1.0000000000
    SOF 1.0000000000,-1.0000000000
    SOF -2.0000000000,0.0000000000
    MULX ADCL
    RDAX REG12,1.0000000000
    WRAX REG11,0.0000000000
    ;------ Crossfade 2
    RDAX POT2,-1.0000000000
    SOF -2.0000000000,0.0000000000
    MULX REG5
    WRAX REG14,0.0000000000
    RDAX POT2,1.0000000000
    SOF 1.0000000000,-1.0000000000
    SOF -2.0000000000,0.0000000000
    MULX ADCR
    RDAX REG14,1.0000000000
    WRAX REG13,0.0000000000
    ;------ Output
    RDAX REG11,1.0000000000
    WRAX DACL,0.0000000000
    RDAX REG13,1.0000000000
    WRAX DACR,0.0000000000

    Optimization complete: saved 0 instruction(s) and 0 register(s).
    Output register optimization complete: saved 4 instruction(s) and 2 register(s).

LegacyFileLoadTest > testLoadPatchFile(String) > load: src\test\resources\patches\hall-reverb-hf-control.spcd STANDARD_ERROR
    ----------------------------------------
    Register compaction report:
      Registers before compaction : 15  (highest was REG14 / 0x2e)
      Holes removed               : 3
      Registers after compaction  : 12  (highest is now REG11 / 0x2b)
      OK: all registers fit within REG0ûREG31.
    ----------------------------------------
    SpinFXBlock: numRegs updated to 0x2c (REG12)

LegacyFileLoadTest > testLoadPatchFile(String) > load: src\test\resources\patches\hall-reverb-hf-control.spcd STANDARD_OUT
      OK: hall-reverb-hf-control.spcd ù 9 blocks, 110 instr, 12 regs, 27172 RAM

LegacyFileLoadTest > testLoadPatchFile(String) > load: src\test\resources\patches\hall-reverb-hf-control.spcd PASSED

LegacyFileLoadTest > testLoadPatchFile(String) > load: src\test\resources\patches\hall-reverb.spcd STANDARD_OUT
    Scale Offset code gen!
    ; ----------------------------
    ;------ Input
    ;------ Pot 0
    ;------ Mixer 2:1
    RDAX ADCL,0.5011872336
    RDAX ADCR,0.5011872336
    WRAX REG0,0.0000000000
    ;------ Pot 1
    ;------ Pot 2
    ;------ Scale/Offset
    RDAX POT1,1.0000000000
    SOF 0.2500000000,0.7500000000
    WRAX REG1,0.0000000000
    ;------ Reverb_Hall
    SKP RUN ,6
    WRAX REG7,0.0000000000
    WRAX REG8,0.0000000000
    WRAX REG9,0.0000000000
    WRAX REG10,0.0000000000
    WRAX REG11,0.0000000000
    WLDS 0,0,100
    CLR
    WRAX ADDR_PTR,0.0000000000
    RDAX REG0,1.0000000000
    WRA 0,0.0
    RMPA 1.0
    WRA 3277,1.0
    RDA 10549,0.61
    WRAP 10278,-0.61
    RDA 10983,0.61
    WRAP 10550,-0.61
    RDA 11753,0.61
    WRAP 10984,-0.61
    RDA 12745,0.61
    WRAP 11754,-0.61
    WRAX REG3,0.0000000000
    RDA 27187,0.95
    MULX REG1
    RDAX REG3,1.0000000000
    RDA 14515,0.7
    WRAP 13446,-0.7
    RDA 15805,-0.7
    WRAP 14516,0.7
    RDA 18049,0.7
    WRAP 15806,-0.7
    RDFX REG9,0.0131780912
    WRHX REG9,-0.5000000000
    WRAX REG4,-1.0000000000
    RDFX REG7,0.5000000000
    WRHX REG7,-1.0000000000
    MULX POT2
    RDAX REG4,1.0000000000
    WRA 18050,0.0
    RDA 20387,-0.95
    MULX REG1
    RDAX REG3,1.0000000000
    RDA 21355,0.7
    WRAP 20388,-0.7
    RDA 22723,0.7
    WRAP 21356,-0.7
    RDA 24793,-0.7
    WRAP 22724,0.7
    RDFX REG10,0.0131780912
    WRHX REG10,-0.5000000000
    WRAX REG4,-1.0000000000
    RDFX REG8,0.5000000000
    WRHX REG8,-1.0000000000
    MULX POT2
    RDAX REG4,1.0000000000
    WRA 24794,0.0
    RDA 3377,1.0
    RDA 12987,0.5
    WRAP 12746,-0.5
    WRAX REG4,1.0000000000
    RDFX REG11,0.1000000000
    WRHX REG11,-1.0000000000
    MULX POT2
    RDAX REG4,1.0000000000
    WRA 3378,0.0
    RDA 4277,1.0
    RDA 13445,0.5
    WRAP 12988,-0.5
    WRA 4278,0.0
    RDA 5978,0.5
    RDA 5533,0.8
    RDA 6686,0.8
    RDA 7377,0.7
    RDA 18050,1.5
    WRAX REG5,0.0000000000
    RDA 6077,0.5
    RDA 5533,0.6
    RDA 6324,0.8
    RDA 7377,0.9
    RDA 24794,1.5
    WRAX REG6,0.0000000000
    CHO RDA,0,REG | COMPC,15906
    CHO RDA,0,0,15907
    WRA 16006,0.0
    CHO RDA,0,COS  | REG | COMPC,22824
    CHO RDA,0,COS ,22825
    WRA 22924,0.0
    ;------ Crossfade 2
    RDAX POT0,-1.0000000000
    SOF -2.0000000000,0.0000000000
    MULX REG6
    WRAX REG13,0.0000000000
    RDAX POT0,1.0000000000
    SOF 1.0000000000,-1.0000000000
    SOF -2.0000000000,0.0000000000
    MULX ADCR
    RDAX REG13,1.0000000000
    WRAX REG12,0.0000000000
    ;------ Crossfade 2
    RDAX POT0,-1.0000000000
    SOF -2.0000000000,0.0000000000
    MULX REG5
    WRAX REG15,0.0000000000
    RDAX POT0,1.0000000000
    SOF 1.0000000000,-1.0000000000
    SOF -2.0000000000,0.0000000000
    MULX ADCL
    RDAX REG15,1.0000000000
    WRAX REG14,0.0000000000
    ;------ Output
    RDAX REG14,1.0000000000
    WRAX DACL,0.0000000000
    RDAX REG12,1.0000000000
    WRAX DACR,0.0000000000

    Optimization complete: saved 2 instruction(s) and 1 register(s).
    Output register optimization complete: saved 4 instruction(s) and 2 register(s).

LegacyFileLoadTest > testLoadPatchFile(String) > load: src\test\resources\patches\hall-reverb.spcd STANDARD_ERROR
    ----------------------------------------
    Register compaction report:
      Registers before compaction : 14  (highest was REG13 / 0x2d)
      Holes removed               : 2
      Registers after compaction  : 12  (highest is now REG11 / 0x2b)
      OK: all registers fit within REG0ûREG31.
    ----------------------------------------
    SpinFXBlock: numRegs updated to 0x2c (REG12)

LegacyFileLoadTest > testLoadPatchFile(String) > load: src\test\resources\patches\hall-reverb.spcd STANDARD_OUT
      OK: hall-reverb.spcd ù 10 blocks, 111 instr, 12 regs, 27172 RAM

LegacyFileLoadTest > testLoadPatchFile(String) > load: src\test\resources\patches\hall-reverb.spcd PASSED

LegacyFileLoadTest > testLoadPatchFile(String) > load: src\test\resources\patches\IO-blocks.spcd STANDARD_OUT
    Gain boost code gen!
    ; ----------------------------
    ;------ Input
    ;------ Pot 0
    ;------ Volume
    RDAX ADCL,1.0000000000
    MULX POT0
    WRAX REG0,0.0000000000
    ;------ Gain Boost
    RDAX REG0,1.0000000000
    SOF -2.0000000000,0.0000000000
    SOF -1.0000000000,0.0000000000
    WRAX REG1,0.0000000000
    ;------ Phase_Invert
    RDAX REG1,-1.0000000000
    WRAX REG2,0.0000000000
    ;------ Pot 1
    ;------ Crossfade
    RDAX ADCR,-0.5000000000
    RDAX REG2,0.5000000000
    MULX POT1
    RDAX ADCR,0.5000000000
    WRAX REG3,0.0000000000
    ;------ Crossfade 2
    RDAX POT1,-1.0000000000
    SOF -2.0000000000,0.0000000000
    MULX REG1
    WRAX REG5,0.0000000000
    RDAX POT1,1.0000000000
    SOF 1.0000000000,-1.0000000000
    SOF -2.0000000000,0.0000000000
    MULX REG2
    RDAX REG5,1.0000000000
    WRAX REG4,0.0000000000
    ;------ Pot 2
    ;------ Crossfade 3
    RDAX POT2,1.0000000000
    SOF 1.0000000000,-0.5000000000
    SKP NEG,10
    RDAX POT2,0.5860000000
    SOF 1.0000000000,0.4140000000
    MULX REG3
    WRAX REG7,0.0000000000
    RDAX POT2,1.0000000000
    SOF 0.7070000000,-0.7070000000
    SOF -2.0000000000,0.0000000000
    MULX REG4
    RDAX REG7,1.0000000000
    SKP RUN ,8
    CLR
    RDAX POT2,1.4140000000
    MULX REG3
    WRAX REG7,0.0000000000
    RDAX POT2,-0.5860000000
    SOF 0.9990000000,0.9990000000
    MULX REG4
    RDAX REG7,1.0000000000
    WRAX REG6,0.0000000000
    ;------ LFO 0
    SKP RUN ,1
    WLDS 0,151,28973
    CHO RDAL,0
    SOF 0.5000000000,0.5000000000
    WRAX REG8,0.0000000000
    CHO RDAL,8
    SOF 0.5000000000,0.5000000000
    WRAX REG9,0.0000000000
    ;------ Panner
    RDAX ADCL,0.5000000000
    MULX REG8
    WRAX REG11,-1.0000000000
    RDAX ADCL,0.5000000000
    WRAX REG10,0.0000000000
    ;------ Mixer 4:2
    RDAX REG10,1.0000000000
    WRAX REG12,0.0000000000
    RDAX REG0,1.0000000000
    RDAX REG12,1.0000000000
    WRAX REG12,0.0000000000
    RDAX REG0,1.0000000000
    WRAX REG13,0.0000000000
    RDAX REG11,1.0000000000
    MULX REG9
    RDAX REG13,1.0000000000
    WRAX REG13,0.0000000000
    ;------ Mixer 4:1
    RDAX REG2,1.0000000000
    MULX REG8
    WRAX REG14,0.0000000000
    RDAX REG1,1.0000000000
    MULX REG9
    RDAX REG14,1.0000000000
    WRAX REG14,0.0000000000
    RDAX REG13,1.0000000000
    RDAX REG14,1.0000000000
    WRAX REG14,0.0000000000
    ;------ Mixer 3:1
    RDAX REG12,1.0000000000
    MULX REG8
    WRAX REG15,0.0000000000
    RDAX REG13,1.0000000000
    MULX POT2
    RDAX REG15,1.0000000000
    WRAX REG15,0.0000000000
    RDAX REG14,1.0000000000
    MULX REG9
    RDAX REG15,1.0000000000
    WRAX REG15,0.0000000000
    ;------ Output
    RDAX REG6,1.0000000000
    WRAX DACL,0.0000000000
    RDAX REG15,1.0000000000
    WRAX DACR,0.0000000000

    Optimization complete: saved 3 instruction(s) and 1 register(s).
    Output register optimization complete: saved 2 instruction(s) and 1 register(s).

LegacyFileLoadTest > testLoadPatchFile(String) > load: src\test\resources\patches\IO-blocks.spcd STANDARD_ERROR
    ----------------------------------------
    Register compaction report:
      Registers before compaction : 16  (highest was REG15 / 0x2f)
      Holes removed               : 2
      Registers after compaction  : 14  (highest is now REG13 / 0x2d)
      OK: all registers fit within REG0ûREG31.
    ----------------------------------------
    SpinFXBlock: numRegs updated to 0x2e (REG14)

LegacyFileLoadTest > testLoadPatchFile(String) > load: src\test\resources\patches\IO-blocks.spcd STANDARD_OUT
      OK: IO-blocks.spcd ù 16 blocks, 90 instr, 14 regs, 0 RAM

LegacyFileLoadTest > testLoadPatchFile(String) > load: src\test\resources\patches\IO-blocks.spcd PASSED

LegacyFileLoadTest > testLoadPatchFile(String) > load: src\test\resources\patches\LFO-wah-01.spcd STANDARD_OUT
    Scale Offset code gen!
    Scale Offset code gen!
    SVF 2P code gen!
    ; ----------------------------
    ;------ Input
    ;------ Pot 0
    ;------ Scale/Offset
    RDAX POT0,1.0000000000
    SOF 0.8100000000,0.1900000000
    WRAX REG0,0.0000000000
    ;------ Pot 1
    ;------ LFO 0
    SKP RUN ,1
    WLDS 0,151,32767
    RDAX REG0,0.2954990215
    WRAX SIN0_RATE,0.0000000000
    RDAX POT1,1.0000000000
    WRAX SIN0_RANGE,0.0000000000
    CHO RDAL,0
    SOF 0.5000000000,0.5000000000
    WRAX REG1,0.0000000000
    ;------ Scale/Offset
    RDAX REG1,1.0000000000
    SOF 0.3800000000,0.2700000000
    WRAX REG2,0.0000000000
    ;------ SVF 2P
    SOF 0.0000000000,0.0000000000
    RDAX ADCL,1.0000000000
    RDAX REG5,-1.0000000000
    RDAX REG4,-0.1428571429
    WRAX REG3,0.3267604523
    MULX REG2
    RDAX REG4,1.0000000000
    WRAX REG4,0.3267604523
    MULX REG2
    RDAX REG5,1.0000000000
    WRAX REG5,0.0000000000
    ;------ Pot 2
    ;------ LFO 1
    SKP RUN ,1
    WLDS 1,226,32767
    RDAX REG0,0.4422700587
    WRAX SIN1_RATE,0.0000000000
    RDAX POT2,1.0000000000
    WRAX SIN1_RANGE,0.0000000000
    CHO RDAL,1
    SOF 0.5000000000,0.5000000000
    WRAX REG6,0.0000000000
    CHO RDAL,9
    SOF 0.5000000000,0.5000000000
    WRAX REG7,0.0000000000
    ;------ Crossfade 3
    RDAX REG6,1.0000000000
    SOF 1.0000000000,-0.5000000000
    SKP NEG,10
    RDAX REG6,0.5860000000
    SOF 1.0000000000,0.4140000000
    MULX REG3
    WRAX REG9,0.0000000000
    RDAX REG6,1.0000000000
    SOF 0.7070000000,-0.7070000000
    SOF -2.0000000000,0.0000000000
    MULX REG5
    RDAX REG9,1.0000000000
    SKP RUN ,8
    CLR
    RDAX REG6,1.4140000000
    MULX REG3
    WRAX REG9,0.0000000000
    RDAX REG6,-0.5860000000
    SOF 0.9990000000,0.9990000000
    MULX REG5
    RDAX REG9,1.0000000000
    WRAX REG8,0.0000000000
    ;------ Output
    RDAX REG8,1.0000000000
    WRAX DACL,0.0000000000
    RDAX REG8,1.0000000000
    WRAX DACR,0.0000000000

    Optimization complete: saved 3 instruction(s) and 1 register(s).

LegacyFileLoadTest > testLoadPatchFile(String) > load: src\test\resources\patches\LFO-wah-01.spcd STANDARD_ERROR
    ----------------------------------------
    Register compaction report:
      Registers before compaction : 10  (highest was REG9 / 0x29)
      Holes removed               : 1
      Registers after compaction  : 9  (highest is now REG8 / 0x28)
      OK: all registers fit within REG0ûREG31.
    ----------------------------------------
    SpinFXBlock: numRegs updated to 0x29 (REG9)

LegacyFileLoadTest > testLoadPatchFile(String) > load: src\test\resources\patches\LFO-wah-01.spcd STANDARD_OUT
      OK: LFO-wah-01.spcd ù 11 blocks, 61 instr, 9 regs, 0 RAM

LegacyFileLoadTest > testLoadPatchFile(String) > load: src\test\resources\patches\LFO-wah-01.spcd PASSED

LegacyFileLoadTest > testLoadPatchFile(String) > load: src\test\resources\patches\LFO-wah-02.spcd SKIPPED

LegacyFileLoadTest > testLoadPatchFile(String) > load: src\test\resources\patches\mary-halvorson-01.spcd STANDARD_OUT
    Scale Offset code gen!
    Scale Offset code gen!
    Ramp LFO code gen!
    Gain boost code gen!
    Scale Offset code gen!
    Ramp LFO code gen!
    Gain boost code gen!
    ; ----------------------------
    ;------ Input
    ;------ Pot 2
    ;------ Pot 0
    ;------ Scale/Offset
    RDAX POT2,1.0000000000
    SOF 0.8500000000,0.1500000000
    WRAX REG0,0.0000000000
    ;------ Scale/Offset
    RDAX POT0,1.0000000000
    SOF 0.9300000000,0.0700000000
    WRAX REG1,0.0000000000
    ;------ Feedback Output
    ;------ Ramp LFO 0
    SKP RUN ,1
    WLDR 0, -87, 4096
    RDAX REG1,-0.0026551103
    WRAX RMP0_RATE,0.0000000000
    CHO RDAL,2
    WRAX REG3,0.0000000000
    ;------ Gain Boost
    RDAX REG3,1.0000000000
    SOF -2.0000000000,0.0000000000
    SOF -2.0000000000,0.0000000000
    SOF -2.0000000000,0.0000000000
    SOF -2.0000000000,0.0000000000
    WRAX REG4,0.0000000000
    ;------ Pot 1
    ;------ Scale/Offset
    RDAX POT1,1.0000000000
    SOF 0.9500000000,0.0500000000
    WRAX REG5,0.0000000000
    ;------ Ramp LFO 1
    SKP RUN ,1
    WLDR 1, 1983, 4096
    RDAX REG5,0.0605182043
    WRAX RMP1_RATE,0.0000000000
    CHO RDAL,3
    WRAX REG6,0.0000000000
    ;------ Gain Boost
    RDAX REG6,1.0000000000
    SOF -2.0000000000,0.0000000000
    SOF -2.0000000000,0.0000000000
    SOF -2.0000000000,0.0000000000
    SOF -2.0000000000,0.0000000000
    WRAX REG7,0.0000000000
    ;------ ThreeTap
    RDAX REG2,1.0000000000
    MULX REG7
    RDAX ADCL,1.0000000000
    WRA 0,0.0
    CLR
    OR $007FFF00
    MULX REG4
    SOF 0.4592285156,0.0242004395
    WRAX ADDR_PTR,0.0000000000
    RMPA 1.0
    WRAX REG8,0.0000000000
    CLR
    OR $007FFF00
    SOF 0.3439621582,0.0181337891
    WRAX ADDR_PTR,0.0000000000
    RMPA 1.0
    WRAX REG9,0.0000000000
    ;------ Mixer 2:1
    RDAX ADCL,1.0000000000
    WRAX REG10,0.0000000000
    RDAX REG8,1.0000000000
    MULX REG0
    RDAX REG10,1.0000000000
    WRAX REG10,0.0000000000
    ;------ LPF 1P
    RDAX REG9,1.0000000000
    RDFX REG11,0.1500000000
    WRAX REG11,0.0000000000
    ;------ Output
    RDAX REG10,1.0000000000
    WRAX DACL,0.0000000000
    RDAX REG10,1.0000000000
    WRAX DACR,0.0000000000
    ;------ HPF 1P
    RDAX REG11,1.0000000000
    RDFX REG13,0.0306192555
    WRAX REG13,-1.0000000000
    RDAX REG11,1.0000000000
    WRAX REG12,0.0000000000
    ;------ Chirp
    RDAX REG12,1.0000000000
    RDA 15855,-0.49
    WRAP 15841,0.49
    RDA 15870,-0.49
    WRAP 15856,0.49
    RDA 15885,-0.49
    WRAP 15871,0.49
    RDA 15900,-0.49
    WRAP 15886,0.49
    RDA 15915,-0.49
    WRAP 15901,0.49
    RDA 15930,-0.49
    WRAP 15916,0.49
    RDA 15945,-0.49
    WRAP 15931,0.49
    RDA 15960,-0.49
    WRAP 15946,0.49
    RDA 15975,-0.49
    WRAP 15961,0.49
    RDA 15990,-0.49
    WRAP 15976,0.49
    RDA 16005,-0.49
    WRAP 15991,0.49
    RDA 16020,-0.49
    WRAP 16006,0.49
    RDA 16035,-0.49
    WRAP 16021,0.49
    RDA 16050,-0.49
    WRAP 16036,0.49
    RDA 16065,-0.49
    WRAP 16051,0.49
    RDA 16080,-0.49
    WRAP 16066,0.49
    RDA 16095,-0.49
    WRAP 16081,0.49
    RDA 16110,-0.49
    WRAP 16096,0.49
    RDA 16125,-0.49
    WRAP 16111,0.49
    RDA 16140,-0.49
    WRAP 16126,0.49
    WRAX REG14,0.0000000000
    ;------ FB In 1
    RDAX REG14,-1.2000000000
    WRAX REG2,0.0000000000

    Optimization complete: saved 7 instruction(s) and 4 register(s).

LegacyFileLoadTest > testLoadPatchFile(String) > load: src\test\resources\patches\mary-halvorson-01.spcd STANDARD_ERROR
    ----------------------------------------
    Register compaction report:
      Registers before compaction : 14  (highest was REG13 / 0x2d)
      Holes removed               : 3
      Registers after compaction  : 11  (highest is now REG10 / 0x2a)
      OK: all registers fit within REG0ûREG31.
    ----------------------------------------
    SpinFXBlock: numRegs updated to 0x2b (REG11)

LegacyFileLoadTest > testLoadPatchFile(String) > load: src\test\resources\patches\mary-halvorson-01.spcd STANDARD_OUT
      OK: mary-halvorson-01.spcd ù 19 blocks, 105 instr, 11 regs, 16120 RAM

LegacyFileLoadTest > testLoadPatchFile(String) > load: src\test\resources\patches\mary-halvorson-01.spcd PASSED

LegacyFileLoadTest > testLoadPatchFile(String) > load: src\test\resources\patches\Mary-Halvorson-1039-A.spcd STANDARD_OUT
    Scale Offset code gen!
    Ramp LFO code gen!
    Scale Offset code gen!
    Ramp LFO code gen!
    Gain boost code gen!
    Gain boost code gen!
    Invert code gen!
    Gain boost code gen!
    ; ----------------------------
    ;------ Input
    ;------ Feedback Output
    ;------ Pot 0
    ;------ Pot 2
    ;------ Scale/Offset
    RDAX POT0,1.0000000000
    SOF 0.9900000000,0.0100000000
    WRAX REG1,0.0000000000
    ;------ Noise_AMZ
    SKP RUN ,2
    SOF 0.0000000000,0.6660000000
    WRAX REG2,0.0000000000
    LDAX REG2
    AND $00000001
    WRAX REG3,0.0000000000
    RDAX REG2,0.5000000000
    AND $007FFFFF
    WRAX REG2,0.0000000000
    LDAX REG3
    SKP ZRO,4
    CLR
    LDAX REG2
    XOR $00D80000
    WRAX REG2,0.0000000000
    LDAX REG2
    ABSA
    WRAX REG4,0.0000000000
    ;------ Volume
    RDAX REG4,1.0000000000
    MULX POT0
    WRAX REG5,0.0000000000
    ;------ Mixer 2:1
    RDAX REG5,1.0000000000
    WRAX REG6,0.0000000000
    RDAX REG1,0.0010000000
    RDAX REG6,1.0000000000
    WRAX REG6,0.0000000000
    ;------ Ramp LFO 0
    SKP RUN ,1
    WLDR 0, -1897, 4096
    RDAX REG6,-0.0578936125
    WRAX RMP0_RATE,0.0000000000
    CHO RDAL,2
    WRAX REG7,1.0000000000
    SOF 1.9990000000,-0.5000000000
    ABSA
    WRAX REG8,0.0000000000
    ;------ Pot 1
    ;------ Scale/Offset
    RDAX POT1,1.0000000000
    SOF 0.7400000000,0.2600000000
    WRAX REG9,0.0000000000
    ;------ Ramp LFO 1
    SKP RUN ,1
    WLDR 1, 2500, 4096
    RDAX REG9,0.0762962737
    WRAX RMP1_RATE,0.0000000000
    CHO RDAL,3
    WRAX REG10,0.0000000000
    ;------ Gain Boost
    RDAX REG7,1.0000000000
    SOF -2.0000000000,0.0000000000
    SOF -2.0000000000,0.0000000000
    SOF -2.0000000000,0.0000000000
    SOF -1.0000000000,0.0000000000
    WRAX REG11,0.0000000000
    ;------ Smoother
    RDAX REG8,1.0000000000
    RDFX REG13,0.0001629722
    WRAX REG13,0.0000000000
    ;------ Smoother
    RDAX REG11,1.0000000000
    RDFX REG15,0.0003738081
    WRAX REG15,0.0000000000
    ;------ Gain Boost
    RDAX REG10,1.0000000000
    SOF -2.0000000000,0.0000000000
    SOF -2.0000000000,0.0000000000
    WRAX REG16,0.0000000000
    ;------ Invert
    RDAX REG16,1.0000000000
    SOF -0.9990000000,0.9990000000
    WRAX REG17,0.0000000000
    ;------ Gain Boost
    RDAX REG17,1.0000000000
    SOF -2.0000000000,0.0000000000
    SOF -2.0000000000,0.0000000000
    SOF -2.0000000000,0.0000000000
    SOF -2.0000000000,0.0000000000
    WRAX REG18,0.0000000000
    ;------ Smoother
    RDAX REG18,1.0000000000
    RDFX REG20,0.0013881242
    WRAX REG20,0.0000000000
    ;------ ThreeTap
    RDAX REG0,1.0000000000
    MULX REG20
    RDAX ADCL,1.0000000000
    WRA 0,0.0
    CLR
    OR $007FFF00
    MULX REG15
    SOF 0.2539093018,0.0133941650
    WRAX ADDR_PTR,0.0000000000
    RMPA 1.0
    WRAX REG21,0.0000000000
    CLR
    OR $007FFF00
    MULX REG13
    SOF 0.1914476135,0.0101067078
    WRAX ADDR_PTR,0.0000000000
    RMPA 1.0
    WRAX REG22,0.0000000000
    ;------ Crossfade 2
    RDAX POT2,-1.0000000000
    SOF -2.0000000000,0.0000000000
    MULX REG21
    WRAX REG24,0.0000000000
    RDAX POT2,1.0000000000
    SOF 1.0000000000,-1.0000000000
    SOF -2.0000000000,0.0000000000
    MULX ADCL
    RDAX REG24,1.0000000000
    WRAX REG23,0.0000000000
    ;------ LPF 1P
    RDAX REG22,1.0000000000
    RDFX REG25,0.1744847965
    WRAX REG25,0.0000000000
    ;------ HPF 1P
    RDAX REG25,1.0000000000
    RDFX REG27,0.0439547406
    WRAX REG27,-1.0000000000
    RDAX REG25,1.0000000000
    WRAX REG26,0.0000000000
    ;------ Output
    RDAX REG13,1.0000000000
    WRAX DACL,0.0000000000
    RDAX REG23,1.0000000000
    WRAX DACR,0.0000000000
    ;------ FB In 1
    RDAX REG26,-1.2000000000
    WRAX REG0,0.0000000000

    Optimization complete: saved 11 instruction(s) and 5 register(s).
    Output register optimization complete: saved 2 instruction(s) and 1 register(s).

LegacyFileLoadTest > testLoadPatchFile(String) > load: src\test\resources\patches\Mary-Halvorson-1039-A.spcd STANDARD_ERROR
    ----------------------------------------
    Register compaction report:
      Registers before compaction : 28  (highest was REG27 / 0x3b)
      Holes removed               : 9
      Registers after compaction  : 19  (highest is now REG18 / 0x32)
      OK: all registers fit within REG0ûREG31.
    ----------------------------------------
    SpinFXBlock: numRegs updated to 0x33 (REG19)

LegacyFileLoadTest > testLoadPatchFile(String) > load: src\test\resources\patches\Mary-Halvorson-1039-A.spcd STANDARD_OUT
      OK: Mary-Halvorson-1039-A.spcd ù 25 blocks, 104 instr, 19 regs, 8758 RAM

LegacyFileLoadTest > testLoadPatchFile(String) > load: src\test\resources\patches\Mary-Halvorson-1039-A.spcd PASSED

LegacyFileLoadTest > testLoadPatchFile(String) > load: src\test\resources\patches\Mary-Halvorson-1039.spcd STANDARD_OUT
    Scale Offset code gen!
    Ramp LFO code gen!
    Gain boost code gen!
    Scale Offset code gen!
    Ramp LFO code gen!
    Gain boost code gen!
    Invert code gen!
    Gain boost code gen!
    ; ----------------------------
    ;------ Input
    ;------ Feedback Output
    ;------ Pot 0
    ;------ Pot 2
    ;------ Scale/Offset
    RDAX POT0,1.0000000000
    SOF 0.9900000000,0.0100000000
    WRAX REG1,0.0000000000
    ;------ Ramp LFO 0
    SKP RUN ,1
    WLDR 0, -863, 4096
    RDAX REG1,-0.0263374737
    WRAX RMP0_RATE,0.0000000000
    CHO RDAL,2
    WRAX REG2,0.0000000000
    ;------ Gain Boost
    RDAX REG2,1.0000000000
    SOF -2.0000000000,0.0000000000
    SOF -2.0000000000,0.0000000000
    SOF -2.0000000000,0.0000000000
    SOF -2.0000000000,0.0000000000
    WRAX REG3,0.0000000000
    ;------ Smoother
    RDAX REG3,1.0000000000
    RDFX REG5,0.0001500000
    WRAX REG5,0.0000000000
    ;------ Smoother
    RDAX REG3,1.0000000000
    RDFX REG7,0.0001629722
    WRAX REG7,0.0000000000
    ;------ Pot 1
    ;------ Scale/Offset
    RDAX POT1,1.0000000000
    SOF 0.7400000000,0.2600000000
    WRAX REG8,0.0000000000
    ;------ Ramp LFO 1
    SKP RUN ,1
    WLDR 1, 2500, 4096
    RDAX REG8,0.0762962737
    WRAX RMP1_RATE,0.0000000000
    CHO RDAL,3
    WRAX REG9,0.0000000000
    ;------ Gain Boost
    RDAX REG9,1.0000000000
    SOF -2.0000000000,0.0000000000
    SOF -2.0000000000,0.0000000000
    WRAX REG10,0.0000000000
    ;------ Invert
    RDAX REG10,1.0000000000
    SOF -0.9990000000,0.9990000000
    WRAX REG11,0.0000000000
    ;------ Gain Boost
    RDAX REG11,1.0000000000
    SOF -2.0000000000,0.0000000000
    SOF -2.0000000000,0.0000000000
    SOF -2.0000000000,0.0000000000
    SOF -2.0000000000,0.0000000000
    WRAX REG12,0.0000000000
    ;------ ThreeTap
    RDAX REG0,1.0000000000
    MULX REG12
    RDAX ADCL,1.0000000000
    WRA 0,0.0
    CLR
    OR $007FFF00
    MULX REG5
    SOF 0.2539093018,0.0133941650
    WRAX ADDR_PTR,0.0000000000
    RMPA 1.0
    WRAX REG13,0.0000000000
    CLR
    OR $007FFF00
    MULX REG7
    SOF 0.1914476135,0.0101067078
    WRAX ADDR_PTR,0.0000000000
    RMPA 1.0
    WRAX REG14,0.0000000000
    ;------ LPF 1P
    RDAX REG14,1.0000000000
    RDFX REG15,0.1744847965
    WRAX REG15,0.0000000000
    ;------ HPF 1P
    RDAX REG15,1.0000000000
    RDFX REG17,0.0439547406
    WRAX REG17,-1.0000000000
    RDAX REG15,1.0000000000
    WRAX REG16,0.0000000000
    ;------ Crossfade 2
    RDAX POT2,-1.0000000000
    SOF -2.0000000000,0.0000000000
    MULX REG13
    WRAX REG19,0.0000000000
    RDAX POT2,1.0000000000
    SOF 1.0000000000,-1.0000000000
    SOF -2.0000000000,0.0000000000
    MULX ADCL
    RDAX REG19,1.0000000000
    WRAX REG18,0.0000000000
    ;------ FB In 1
    RDAX REG16,-1.2000000000
    WRAX REG0,0.0000000000
    ;------ Output
    RDAX REG18,1.0000000000
    WRAX DACL,0.0000000000
    RDAX REG18,1.0000000000
    WRAX DACR,0.0000000000

    Optimization complete: saved 12 instruction(s) and 5 register(s).
    Output register optimization complete: saved 3 instruction(s) and 1 register(s).

LegacyFileLoadTest > testLoadPatchFile(String) > load: src\test\resources\patches\Mary-Halvorson-1039.spcd STANDARD_ERROR
    ----------------------------------------
    Register compaction report:
      Registers before compaction : 20  (highest was REG19 / 0x33)
      Holes removed               : 8
      Registers after compaction  : 12  (highest is now REG11 / 0x2b)
      OK: all registers fit within REG0ûREG31.
    ----------------------------------------
    SpinFXBlock: numRegs updated to 0x2c (REG12)

LegacyFileLoadTest > testLoadPatchFile(String) > load: src\test\resources\patches\Mary-Halvorson-1039.spcd STANDARD_OUT
      OK: Mary-Halvorson-1039.spcd ù 21 blocks, 70 instr, 12 regs, 8758 RAM

LegacyFileLoadTest > testLoadPatchFile(String) > load: src\test\resources\patches\Mary-Halvorson-1039.spcd PASSED

LegacyFileLoadTest > testLoadPatchFile(String) > load: src\test\resources\patches\Mary-Halvorson-1039.spcdj STANDARD_OUT
    Scale Offset code gen!
    Ramp LFO code gen!
    Gain boost code gen!
    Scale Offset code gen!
    Ramp LFO code gen!
    Gain boost code gen!
    Invert code gen!
    Gain boost code gen!
    ; ----------------------------
    ;------ Input
    ;------ Feedback Output
    ;------ Pot 0
    ;------ Pot 2
    ;------ Scale/Offset
    RDAX POT0,1.0000000000
    SOF 0.9900000000,0.0100000000
    WRAX REG1,0.0000000000
    ;------ Ramp LFO 0
    SKP RUN ,1
    WLDR 0, -863, 4096
    RDAX REG1,-0.0263374737
    WRAX RMP0_RATE,0.0000000000
    CHO RDAL,2
    WRAX REG2,0.0000000000
    ;------ Gain Boost
    RDAX REG2,1.0000000000
    SOF -2.0000000000,0.0000000000
    SOF -2.0000000000,0.0000000000
    SOF -2.0000000000,0.0000000000
    SOF -2.0000000000,0.0000000000
    WRAX REG3,0.0000000000
    ;------ Smoother
    RDAX REG3,1.0000000000
    RDFX REG5,0.0001500000
    WRAX REG5,0.0000000000
    ;------ Smoother
    RDAX REG3,1.0000000000
    RDFX REG7,0.0001629722
    WRAX REG7,0.0000000000
    ;------ Pot 1
    ;------ Scale/Offset
    RDAX POT1,1.0000000000
    SOF 0.7400000000,0.2600000000
    WRAX REG8,0.0000000000
    ;------ Ramp LFO 1
    SKP RUN ,1
    WLDR 1, 2500, 4096
    RDAX REG8,0.0762962737
    WRAX RMP1_RATE,0.0000000000
    CHO RDAL,3
    WRAX REG9,0.0000000000
    ;------ Gain Boost
    RDAX REG9,1.0000000000
    SOF -2.0000000000,0.0000000000
    SOF -2.0000000000,0.0000000000
    WRAX REG10,0.0000000000
    ;------ Invert
    RDAX REG10,1.0000000000
    SOF -0.9990000000,0.9990000000
    WRAX REG11,0.0000000000
    ;------ Gain Boost
    RDAX REG11,1.0000000000
    SOF -2.0000000000,0.0000000000
    SOF -2.0000000000,0.0000000000
    SOF -2.0000000000,0.0000000000
    SOF -2.0000000000,0.0000000000
    WRAX REG12,0.0000000000
    ;------ ThreeTap
    RDAX REG0,1.0000000000
    MULX REG12
    RDAX ADCL,1.0000000000
    WRA 0,0.0
    CLR
    OR $007FFF00
    MULX REG5
    SOF 0.2539093018,0.0133941650
    WRAX ADDR_PTR,0.0000000000
    RMPA 1.0
    WRAX REG13,0.0000000000
    CLR
    OR $007FFF00
    MULX REG7
    SOF 0.1914476135,0.0101067078
    WRAX ADDR_PTR,0.0000000000
    RMPA 1.0
    WRAX REG14,0.0000000000
    ;------ LPF 1P
    RDAX REG14,1.0000000000
    RDFX REG15,0.1744847965
    WRAX REG15,0.0000000000
    ;------ HPF 1P
    RDAX REG15,1.0000000000
    RDFX REG17,0.0439547406
    WRAX REG17,-1.0000000000
    RDAX REG15,1.0000000000
    WRAX REG16,0.0000000000
    ;------ Crossfade 2
    RDAX POT2,-1.0000000000
    SOF -2.0000000000,0.0000000000
    MULX REG13
    WRAX REG19,0.0000000000
    RDAX POT2,1.0000000000
    SOF 1.0000000000,-1.0000000000
    SOF -2.0000000000,0.0000000000
    MULX ADCL
    RDAX REG19,1.0000000000
    WRAX REG18,0.0000000000
    ;------ FB In 1
    RDAX REG16,-1.2000000000
    WRAX REG0,0.0000000000
    ;------ Output
    RDAX REG18,1.0000000000
    WRAX DACL,0.0000000000
    RDAX REG18,1.0000000000
    WRAX DACR,0.0000000000

    Optimization complete: saved 12 instruction(s) and 5 register(s).
    Output register optimization complete: saved 3 instruction(s) and 1 register(s).

LegacyFileLoadTest > testLoadPatchFile(String) > load: src\test\resources\patches\Mary-Halvorson-1039.spcdj STANDARD_ERROR
    ----------------------------------------
    Register compaction report:
      Registers before compaction : 20  (highest was REG19 / 0x33)
      Holes removed               : 8
      Registers after compaction  : 12  (highest is now REG11 / 0x2b)
      OK: all registers fit within REG0ûREG31.
    ----------------------------------------
    SpinFXBlock: numRegs updated to 0x2c (REG12)

LegacyFileLoadTest > testLoadPatchFile(String) > load: src\test\resources\patches\Mary-Halvorson-1039.spcdj STANDARD_OUT
      OK: Mary-Halvorson-1039.spcdj ù 21 blocks, 70 instr, 12 regs, 8758 RAM

LegacyFileLoadTest > testLoadPatchFile(String) > load: src\test\resources\patches\Mary-Halvorson-1039.spcdj PASSED

LegacyFileLoadTest > testLoadPatchFile(String) > load: src\test\resources\patches\mega-chirp-lpf-crossover.spcd SKIPPED

LegacyFileLoadTest > testLoadPatchFile(String) > load: src\test\resources\patches\mega-chirp-lpf.spcd STANDARD_OUT
    ; ----------------------------
    ;------ Input
    ;------ LPF 1P
    RDAX ADCL,1.0000000000
    RDFX REG0,0.4102854894
    WRAX REG0,0.0000000000
    ;------ LPF 1P
    RDAX REG0,1.0000000000
    RDFX REG1,0.4102854894
    WRAX REG1,0.0000000000
    ;------ LPF 1P
    RDAX REG1,1.0000000000
    RDFX REG2,0.4102854894
    WRAX REG2,0.0000000000
    ;------ Chirp
    RDAX REG2,0.5000000000
    RDA 12,0.38
    WRAP 0,-0.38
    RDA 25,0.38
    WRAP 13,-0.38
    RDA 38,0.38
    WRAP 26,-0.38
    RDA 51,0.38
    WRAP 39,-0.38
    RDA 64,0.38
    WRAP 52,-0.38
    RDA 77,0.38
    WRAP 65,-0.38
    RDA 90,0.38
    WRAP 78,-0.38
    RDA 103,0.38
    WRAP 91,-0.38
    RDA 116,0.38
    WRAP 104,-0.38
    RDA 129,0.38
    WRAP 117,-0.38
    RDA 142,0.38
    WRAP 130,-0.38
    RDA 155,0.38
    WRAP 143,-0.38
    RDA 168,0.38
    WRAP 156,-0.38
    RDA 181,0.38
    WRAP 169,-0.38
    WRAX REG3,0.0000000000
    ;------ Chirp
    RDAX REG3,0.5000000000
    RDA 194,0.38
    WRAP 182,-0.38
    RDA 207,0.38
    WRAP 195,-0.38
    RDA 220,0.38
    WRAP 208,-0.38
    RDA 233,0.38
    WRAP 221,-0.38
    RDA 246,0.38
    WRAP 234,-0.38
    RDA 259,0.38
    WRAP 247,-0.38
    RDA 272,0.38
    WRAP 260,-0.38
    RDA 285,0.38
    WRAP 273,-0.38
    RDA 298,0.38
    WRAP 286,-0.38
    RDA 311,0.38
    WRAP 299,-0.38
    RDA 324,0.38
    WRAP 312,-0.38
    RDA 337,0.38
    WRAP 325,-0.38
    RDA 350,0.38
    WRAP 338,-0.38
    WRAX REG4,0.0000000000
    ;------ Chirp
    RDAX REG4,0.5000000000
    RDA 363,0.38
    WRAP 351,-0.38
    RDA 376,0.38
    WRAP 364,-0.38
    RDA 389,0.38
    WRAP 377,-0.38
    RDA 402,0.38
    WRAP 390,-0.38
    RDA 415,0.38
    WRAP 403,-0.38
    RDA 428,0.38
    WRAP 416,-0.38
    RDA 441,0.38
    WRAP 429,-0.38
    RDA 454,0.38
    WRAP 442,-0.38
    RDA 467,0.38
    WRAP 455,-0.38
    RDA 480,0.38
    WRAP 468,-0.38
    RDA 493,0.38
    WRAP 481,-0.38
    RDA 506,0.38
    WRAP 494,-0.38
    RDA 519,0.38
    WRAP 507,-0.38
    WRAX REG5,0.0000000000
    ;------ Chirp
    RDAX REG5,0.5000000000
    RDA 532,0.38
    WRAP 520,-0.38
    RDA 545,0.38
    WRAP 533,-0.38
    RDA 558,0.38
    WRAP 546,-0.38
    RDA 571,0.38
    WRAP 559,-0.38
    RDA 584,0.38
    WRAP 572,-0.38
    RDA 597,0.38
    WRAP 585,-0.38
    RDA 610,0.38
    WRAP 598,-0.38
    RDA 623,0.38
    WRAP 611,-0.38
    RDA 636,0.38
    WRAP 624,-0.38
    RDA 649,0.38
    WRAP 637,-0.38
    RDA 662,0.38
    WRAP 650,-0.38
    RDA 675,0.38
    WRAP 663,-0.38
    RDA 688,0.38
    WRAP 676,-0.38
    WRAX REG6,0.0000000000
    ;------ Output
    RDAX REG6,1.0000000000
    WRAX DACL,0.0000000000
    RDAX ADCL,1.0000000000
    WRAX DACR,0.0000000000

    Optimization complete: saved 7 instruction(s) and 4 register(s).

LegacyFileLoadTest > testLoadPatchFile(String) > load: src\test\resources\patches\mega-chirp-lpf.spcd STANDARD_ERROR
    ----------------------------------------
    Register compaction report:
      Registers before compaction : 3  (highest was REG2 / 0x22)
      Holes removed               : 0
      Registers after compaction  : 3  (highest is now REG2 / 0x22)
      OK: all registers fit within REG0ûREG31.
    ----------------------------------------
    SpinFXBlock: numRegs updated to 0x23 (REG3)

LegacyFileLoadTest > testLoadPatchFile(String) > load: src\test\resources\patches\mega-chirp-lpf.spcd STANDARD_OUT
      OK: mega-chirp-lpf.spcd ù 9 blocks, 120 instr, 3 regs, 636 RAM

LegacyFileLoadTest > testLoadPatchFile(String) > load: src\test\resources\patches\mega-chirp-lpf.spcd PASSED

LegacyFileLoadTest > testLoadPatchFile(String) > load: src\test\resources\patches\mega-chirp.spcd STANDARD_OUT
    ; ----------------------------
    ;------ Input
    ;------ Chirp
    RDAX ADCL,0.5000000000
    RDA 12,0.38
    WRAP 0,-0.38
    RDA 25,0.38
    WRAP 13,-0.38
    RDA 38,0.38
    WRAP 26,-0.38
    RDA 51,0.38
    WRAP 39,-0.38
    RDA 64,0.38
    WRAP 52,-0.38
    RDA 77,0.38
    WRAP 65,-0.38
    RDA 90,0.38
    WRAP 78,-0.38
    RDA 103,0.38
    WRAP 91,-0.38
    RDA 116,0.38
    WRAP 104,-0.38
    RDA 129,0.38
    WRAP 117,-0.38
    RDA 142,0.38
    WRAP 130,-0.38
    RDA 155,0.38
    WRAP 143,-0.38
    RDA 168,0.38
    WRAP 156,-0.38
    RDA 181,0.38
    WRAP 169,-0.38
    RDA 194,0.38
    WRAP 182,-0.38
    RDA 207,0.38
    WRAP 195,-0.38
    RDA 220,0.38
    WRAP 208,-0.38
    WRAX REG0,0.0000000000
    ;------ Chirp
    RDAX REG0,0.5000000000
    RDA 233,0.38
    WRAP 221,-0.38
    RDA 246,0.38
    WRAP 234,-0.38
    RDA 259,0.38
    WRAP 247,-0.38
    RDA 272,0.38
    WRAP 260,-0.38
    RDA 285,0.38
    WRAP 273,-0.38
    RDA 298,0.38
    WRAP 286,-0.38
    RDA 311,0.38
    WRAP 299,-0.38
    RDA 324,0.38
    WRAP 312,-0.38
    RDA 337,0.38
    WRAP 325,-0.38
    RDA 350,0.38
    WRAP 338,-0.38
    RDA 363,0.38
    WRAP 351,-0.38
    RDA 376,0.38
    WRAP 364,-0.38
    RDA 389,0.38
    WRAP 377,-0.38
    WRAX REG1,0.0000000000
    ;------ Chirp
    RDAX REG1,0.5000000000
    RDA 402,0.38
    WRAP 390,-0.38
    RDA 415,0.38
    WRAP 403,-0.38
    RDA 428,0.38
    WRAP 416,-0.38
    RDA 441,0.38
    WRAP 429,-0.38
    RDA 454,0.38
    WRAP 442,-0.38
    RDA 467,0.38
    WRAP 455,-0.38
    RDA 480,0.38
    WRAP 468,-0.38
    RDA 493,0.38
    WRAP 481,-0.38
    RDA 506,0.38
    WRAP 494,-0.38
    RDA 519,0.38
    WRAP 507,-0.38
    RDA 532,0.38
    WRAP 520,-0.38
    RDA 545,0.38
    WRAP 533,-0.38
    RDA 558,0.38
    WRAP 546,-0.38
    WRAX REG2,0.0000000000
    ;------ Chirp
    RDAX REG2,0.5000000000
    RDA 571,0.38
    WRAP 559,-0.38
    RDA 584,0.38
    WRAP 572,-0.38
    RDA 597,0.38
    WRAP 585,-0.38
    RDA 610,0.38
    WRAP 598,-0.38
    RDA 623,0.38
    WRAP 611,-0.38
    RDA 636,0.38
    WRAP 624,-0.38
    RDA 649,0.38
    WRAP 637,-0.38
    RDA 662,0.38
    WRAP 650,-0.38
    RDA 675,0.38
    WRAP 663,-0.38
    RDA 688,0.38
    WRAP 676,-0.38
    RDA 701,0.38
    WRAP 689,-0.38
    RDA 714,0.38
    WRAP 702,-0.38
    RDA 727,0.38
    WRAP 715,-0.38
    WRAX REG3,0.0000000000
    ;------ Output
    RDAX REG3,1.0000000000
    WRAX DACL,0.0000000000
    RDAX ADCL,1.0000000000
    WRAX DACR,0.0000000000

    Optimization complete: saved 5 instruction(s) and 4 register(s).

LegacyFileLoadTest > testLoadPatchFile(String) > load: src\test\resources\patches\mega-chirp.spcd STANDARD_ERROR
    compactRegisters: no user registers found, nothing to compact.

LegacyFileLoadTest > testLoadPatchFile(String) > load: src\test\resources\patches\mega-chirp.spcd STANDARD_OUT
      OK: mega-chirp.spcd ù 6 blocks, 119 instr, 4 regs, 672 RAM

LegacyFileLoadTest > testLoadPatchFile(String) > load: src\test\resources\patches\mega-chirp.spcd PASSED

LegacyFileLoadTest > testLoadPatchFile(String) > load: src\test\resources\patches\MN-3011.spcd STANDARD_OUT
    ; ----------------------------
    ;------ Input
    ;------ Pot 0
    ;------ Mixer 2:1
    RDAX ADCL,1.0000000000
    RDAX ADCR,1.0000000000
    WRAX REG0,0.0000000000
    ;------ Pot 1
    ;------ Pot 2
    ;------ Smoother
    RDAX POT1,1.0000000000
    RDFX REG2,0.0001500000
    WRAX REG2,0.0000000000
    ;------ Feedback Output
    ;------ LPF 1P
    RDAX REG0,1.0000000000
    RDFX REG4,0.1500000000
    WRAX REG4,0.0000000000
    ;------ Chirp
    RDAX REG3,1.0000000000
    RDA 12,0.66
    WRAP 0,-0.66
    RDA 25,0.66
    WRAP 13,-0.66
    RDA 38,0.66
    WRAP 26,-0.66
    RDA 51,0.66
    WRAP 39,-0.66
    RDA 64,0.66
    WRAP 52,-0.66
    RDA 77,0.66
    WRAP 65,-0.66
    RDA 90,0.66
    WRAP 78,-0.66
    RDA 103,0.66
    WRAP 91,-0.66
    RDA 116,0.66
    WRAP 104,-0.66
    RDA 129,0.66
    WRAP 117,-0.66
    RDA 142,0.66
    WRAP 130,-0.66
    RDA 155,0.66
    WRAP 143,-0.66
    RDA 168,0.66
    WRAP 156,-0.66
    RDA 181,0.66
    WRAP 169,-0.66
    RDA 194,0.66
    WRAP 182,-0.66
    RDA 207,0.66
    WRAP 195,-0.66
    RDA 220,0.66
    WRAP 208,-0.66
    RDA 233,0.66
    WRAP 221,-0.66
    RDA 246,0.66
    WRAP 234,-0.66
    RDA 259,0.66
    WRAP 247,-0.66
    WRAX REG5,0.0000000000
    ;------ MN3011
    RDAX REG5,1.0000000000
    MULX POT2
    RDAX REG4,1.0000000000
    WRA 260,0.0
    CLR
    OR $007FFF00
    MULX REG2
    WRAX REG8,1.0000000000
    SOF 0.3947509766,0.0281311035
    WRAX ADDR_PTR,0.0000000000
    RMPA 0.251188643150958
    WRAX REG7,0.0000000000
    RMPA 1.0
    WRAX REG6,0.0000000000
    RDAX REG8,1.0000000000
    SOF 0.0469715707,0.0098269243
    WRAX ADDR_PTR,0.0000000000
    RMPA 0.6309573444801932
    RDAX REG7,1.0000000000
    WRAX REG7,0.0000000000
    RDAX REG8,1.0000000000
    SOF 0.0785231809,0.0114875353
    WRAX ADDR_PTR,0.0000000000
    RMPA 0.35481338923357547
    RDAX REG7,1.0000000000
    WRAX REG7,0.0000000000
    RDAX REG8,1.0000000000
    SOF 0.1416264019,0.0148087575
    WRAX ADDR_PTR,0.0000000000
    RMPA 0.5623413251903491
    RDAX REG7,1.0000000000
    WRAX REG7,0.0000000000
    RDAX REG8,1.0000000000
    SOF 0.2047296232,0.0181299797
    WRAX ADDR_PTR,0.0000000000
    RMPA 0.31622776601683794
    RDAX REG7,1.0000000000
    WRAX REG7,0.0000000000
    RDAX REG8,1.0000000000
    SOF 0.3309360650,0.0247724240
    WRAX ADDR_PTR,0.0000000000
    RMPA 0.44668359215096315
    RDAX REG7,1.0000000000
    WRAX REG7,0.0000000000
    ;------ HPF 1P
    RDAX REG6,1.0000000000
    RDFX REG10,0.0227894386
    WRAX REG10,-1.0000000000
    RDAX REG6,1.0000000000
    WRAX REG9,0.0000000000
    ;------ Crossfade
    RDAX ADCR,-0.5000000000
    RDAX REG7,0.5000000000
    MULX POT0
    RDAX ADCR,0.5000000000
    WRAX REG11,0.0000000000
    ;------ LPF 1P
    RDAX REG9,1.0000000000
    RDFX REG12,0.5339027329
    WRAX REG12,0.0000000000
    ;------ FB In 1
    RDAX REG12,1.0000000000
    WRAX REG3,0.0000000000
    ;------ Crossfade
    RDAX ADCL,-0.5000000000
    RDAX REG7,0.5000000000
    MULX POT0
    RDAX ADCL,0.5000000000
    WRAX REG13,0.0000000000
    ;------ Output
    RDAX REG13,1.0000000000
    WRAX DACL,0.0000000000
    RDAX REG11,1.0000000000
    WRAX DACR,0.0000000000

    Optimization complete: saved 5 instruction(s) and 2 register(s).
    Output register optimization complete: saved 2 instruction(s) and 1 register(s).

LegacyFileLoadTest > testLoadPatchFile(String) > load: src\test\resources\patches\MN-3011.spcd STANDARD_ERROR
    ----------------------------------------
    Register compaction report:
      Registers before compaction : 13  (highest was REG12 / 0x2c)
      Holes removed               : 3
      Registers after compaction  : 10  (highest is now REG9 / 0x29)
      OK: all registers fit within REG0ûREG31.
    ----------------------------------------
    SpinFXBlock: numRegs updated to 0x2a (REG10)

LegacyFileLoadTest > testLoadPatchFile(String) > load: src\test\resources\patches\MN-3011.spcd STANDARD_OUT
      OK: MN-3011.spcd ù 16 blocks, 112 instr, 10 regs, 13856 RAM

LegacyFileLoadTest > testLoadPatchFile(String) > load: src\test\resources\patches\MN-3011.spcd PASSED

LegacyFileLoadTest > testLoadPatchFile(String) > load: src\test\resources\patches\mod-delay-01.spcd STANDARD_OUT
    Envelope control code gen!
    Scale Offset code gen!
    Scale Offset code gen!
    ; ----------------------------
    ;------ Input
    ;------ Pot 0
    ;------ Pot 1
    ;------ Pot 2
    ;------ Smoother
    RDAX POT0,1.0000000000
    RDFX REG1,0.0001500000
    WRAX REG1,0.0000000000
    ;------ Feedback Output
    ;------ Envelope
    RDAX ADCL,1.0000000000
    ABSA
    SOF -2.0000000000,0.0000000000
    SOF -2.0000000000,0.0000000000
    SOF -2.0000000000,0.0000000000
    SOF -1.0000000000,0.0000000000
    RDFX REG3,0.0018720744
    WRAX REG3,0.0000000000
    RDAX REG4,1.0000000000
    SOF -0.0003255811,0.0000000000
    RDAX REG4,1.0000000000
    WRAX REG5,0.0000000000
    RDAX REG3,1.0000000000
    MAXX REG5,1.0000000000
    WRAX REG4,0.0000000000
    ;------ Scale/Offset
    RDAX REG4,1.0000000000
    SOF -1.1400000000,0.9990000000
    WRAX REG6,0.0000000000
    ;------ Feedback Output
    ;------ ThreeTap
    RDAX REG2,0.7943282347
    MULX POT1
    RDAX ADCL,1.0000000000
    WRA 0,0.0
    CLR
    OR $007FFF00
    MULX REG1
    SOF 0.7878784180,0.0414978027
    WRAX ADDR_PTR,0.0000000000
    RMPA 1.0
    WRAX REG8,0.0000000000
    CLR
    OR $007FFF00
    MULX REG1
    SOF 0.3923634521,0.0206812256
    WRAX ADDR_PTR,0.0000000000
    RMPA 1.0
    WRAX REG9,0.0000000000
    CLR
    OR $007FFF00
    MULX REG1
    SOF 0.1977574829,0.0104388062
    WRAX ADDR_PTR,0.0000000000
    RMPA 1.0
    WRAX REG10,0.0000000000
    ;------ Flanger
    SKP RUN ,1
    WLDS 1,134,58
    RDAX REG6,0.2641487280
    WRAX SIN1_RATE,0.0000000000
    RDAX REG7,0.6309573445
    RDAX REG9,0.6309573445
    WRA 27177,0.0
    CHO RDA,1,REG | COMPC,27258
    CHO RDA,1,0,27259
    WRAX REG11,0.0000000000
    RDA 27258,1.0
    WRAX REG12,0.0000000000
    ;------ Phase_Invert
    RDAX REG12,-1.0000000000
    WRAX REG13,0.0000000000
    ;------ Mixer 2:1
    RDAX REG11,1.0000000000
    RDAX REG13,1.0000000000
    WRAX REG14,0.0000000000
    ;------ FB In 2
    RDAX REG13,0.6200000000
    WRAX REG7,0.0000000000
    ;------ LPF 1P
    RDAX REG8,1.0000000000
    RDFX REG15,0.1638516847
    WRAX REG15,0.0000000000
    ;------ Feedback Output
    ;------ LFO Value
    CHO RDAL,8
    WRAX REG17,0.0000000000
    ;------ Scale/Offset
    RDAX REG17,1.0000000000
    SOF 0.3000000000,0.7000000000
    WRAX REG18,0.0000000000
    ;------ Servo Flanger
    SKP RUN ,1
    WLDR 0, 0, 4096
    CLR
    RDAX REG16,0.5000000000
    RDAX REG10,1.0000000000
    WRA 27341,0.0
    CHO RDAL,2
    RDAX REG18,-0.1700000000
    WRAX RMP0_RATE,0.0000000000
    CHO RDA,2,REG | COMPC,27341
    CHO RDA,2,0,27342
    RDFX REG20,0.2500000000
    WRLX REG20,-1.0000000000
    WRAX REG19,0.0000000000
    CLR
    OR $007FFF00
    SOF 0.0026125000,0.8344880859
    WRAX ADDR_PTR,0.0000000000
    RMPA 1.0
    WRAX REG21,0.0000000000
    ;------ Phase_Invert
    RDAX REG21,-1.0000000000
    WRAX REG22,0.0000000000
    ;------ Mixer 2:1
    RDAX REG19,1.0000000000
    RDAX REG22,1.0000000000
    WRAX REG23,0.0000000000
    ;------ FB In 3
    RDAX REG23,-0.4000000000
    WRAX REG16,0.0000000000
    ;------ Chorus
    SKP RUN ,1
    WLDS 0,50,64
    RDAX REG6,0.2331702544
    WRAX SIN0_RATE,0.0000000000
    LDAX REG8
    WRA 31438,0.0
    CHO RDA,0,REG | COMPC,31692
    CHO RDA,0,0,31693
    WRAX REG24,0.0000000000
    ;------ Mixer 3:1
    RDAX REG24,0.7079457844
    MULX POT2
    WRAX REG25,0.0000000000
    RDAX REG14,0.8912509381
    MULX POT2
    RDAX REG25,1.0000000000
    WRAX REG25,0.0000000000
    RDAX REG23,1.0000000000
    MULX POT2
    RDAX REG25,1.0000000000
    WRAX REG25,0.0000000000
    ;------ FB In 1
    RDAX REG15,1.0000000000
    WRAX REG2,0.0000000000
    ;------ Output
    RDAX ADCL,1.0000000000
    RDAX REG25,1.0000000000
    WRAX DACL,1.0000000000
    WRAX DACR,0.0000000000

    Optimization complete: saved 6 instruction(s) and 4 register(s).

LegacyFileLoadTest > testLoadPatchFile(String) > load: src\test\resources\patches\mod-delay-01.spcd STANDARD_ERROR
    ----------------------------------------
    Register compaction report:
      Registers before compaction : 26  (highest was REG25 / 0x39)
      Holes removed               : 5
      Registers after compaction  : 21  (highest is now REG20 / 0x34)
      OK: all registers fit within REG0ûREG31.
    ----------------------------------------
    SpinFXBlock: numRegs updated to 0x35 (REG21)

LegacyFileLoadTest > testLoadPatchFile(String) > load: src\test\resources\patches\mod-delay-01.spcd STANDARD_OUT
      OK: mod-delay-01.spcd ù 26 blocks, 120 instr, 21 regs, 31947 RAM

LegacyFileLoadTest > testLoadPatchFile(String) > load: src\test\resources\patches\mod-delay-01.spcd PASSED

LegacyFileLoadTest > testLoadPatchFile(String) > load: src\test\resources\patches\mod-delay-2.spcd STANDARD_OUT
    Scale Offset code gen!
    ; ----------------------------
    ;------ Input
    ;------ Pot 0
    ;------ Pot 1
    ;------ Pot 2
    ;------ Scale/Offset
    RDAX POT0,1.0000000000
    SOF 0.7300000000,0.2700000000
    WRAX REG0,0.0000000000
    ;------ Feedback Output
    ;------ Smoother
    RDAX REG0,1.0000000000
    RDFX REG3,0.0000983351
    WRAX REG3,0.0000000000
    ;------ ThreeTap
    RDAX REG1,0.8912509381
    MULX POT1
    RDAX ADCL,1.0000000000
    WRA 0,0.0
    CLR
    OR $007FFF00
    MULX REG3
    SOF 0.3646865845,0.0192245483
    WRAX ADDR_PTR,0.0000000000
    RMPA 1.0
    WRAX REG4,0.0000000000
    CLR
    OR $007FFF00
    MULX REG3
    SOF 0.1816139191,0.0095891449
    WRAX ADDR_PTR,0.0000000000
    RMPA 1.0
    WRAX REG5,0.0000000000
    CLR
    OR $007FFF00
    MULX REG3
    SOF 0.2749736847,0.0145028168
    WRAX ADDR_PTR,0.0000000000
    RMPA 1.0
    WRAX REG6,0.0000000000
    ;------ Pitch_Up_Down
    SKP RUN ,2
    WLDR 1, 16384, 4096
    WLDR 0, -8192, 4096
    LDAX REG4
    WRA 12580,0.0
    CHO RDA,2,REG | COMPC,12580
    CHO RDA,2,0,12581
    WRA 16677,0.0
    CHO RDA,2,COMPC | RPTR2,12580
    CHO RDA,2,RPTR2,12581
    CHO SOF,2,COMPC | NA,0.0
    CHO RDA,2,NA,16677
    WRAX REG7,0.0000000000
    CHO RDA,3,REG | COMPC,12580
    CHO RDA,3,0,12581
    WRA 16677,0.0
    CHO RDA,3,COMPC | RPTR2,12580
    CHO RDA,3,RPTR2,12581
    CHO SOF,3,COMPC | NA,0.0
    CHO RDA,3,NA,16677
    WRAX REG8,0.0000000000
    ;------ Mixer 3:1
    RDAX REG7,0.7079457844
    MULX POT2
    WRAX REG9,0.0000000000
    RDAX REG8,0.8912509381
    MULX POT2
    RDAX REG9,1.0000000000
    WRAX REG9,0.0000000000
    RDAX REG5,1.0000000000
    MULX POT2
    RDAX REG9,1.0000000000
    WRAX REG9,0.0000000000
    ;------ LPF 1P
    RDAX REG8,1.0000000000
    RDFX REG10,0.2779306861
    WRAX REG10,0.0000000000
    ;------ Output
    RDAX ADCL,1.0000000000
    RDAX REG9,1.0000000000
    WRAX DACL,1.0000000000
    WRAX DACR,0.0000000000
    ;------ FB In 1
    RDAX REG10,0.9800000000
    WRAX REG1,0.0000000000

    Optimization complete: saved 2 instruction(s) and 1 register(s).

LegacyFileLoadTest > testLoadPatchFile(String) > load: src\test\resources\patches\mod-delay-2.spcd STANDARD_ERROR
    ----------------------------------------
    Register compaction report:
      Registers before compaction : 11  (highest was REG10 / 0x2a)
      Holes removed               : 2
      Registers after compaction  : 9  (highest is now REG8 / 0x28)
      OK: all registers fit within REG0ûREG31.
    ----------------------------------------
    SpinFXBlock: numRegs updated to 0x29 (REG9)

LegacyFileLoadTest > testLoadPatchFile(String) > load: src\test\resources\patches\mod-delay-2.spcd STANDARD_OUT
      OK: mod-delay-2.spcd ù 13 blocks, 70 instr, 9 regs, 16676 RAM

LegacyFileLoadTest > testLoadPatchFile(String) > load: src\test\resources\patches\mod-delay-2.spcd PASSED

LegacyFileLoadTest > testLoadPatchFile(String) > load: src\test\resources\patches\modulated-three-tap-04.spcd STANDARD_OUT
    Scale Offset code gen!
    Power control code gen! Power:4.0
    Envelope control code gen!
    Scale Offset code gen!
    Scale Offset code gen!
    ; ----------------------------
    ;------ Input
    ;------ Pot 0
    ;------ Pot 1
    ;------ Scale/Offset
    RDAX POT0,1.0000000000
    SOF 0.4100000000,0.2700000000
    WRAX REG0,0.0000000000
    ;------ Pot 2
    ;------ Power
    RDAX POT1,1.0000000000
    ;------ ---Invert
    SOF -0.9990234375,0.9990234375
    WRAX REG1,1.0000000000
    MULX REG1
    MULX REG1
    MULX REG1
    ;------ ---Flip
    SOF -0.9990234375,0.9990234375
    WRAX REG2,0.0000000000
    ;------ Envelope
    RDAX ADCL,1.0000000000
    MULX POT2
    ABSA
    SOF -2.0000000000,0.0000000000
    SOF -2.0000000000,0.0000000000
    SOF -2.0000000000,0.0000000000
    SOF -1.0000000000,0.0000000000
    RDFX REG3,0.0007457065
    WRAX REG3,0.0000000000
    RDAX REG4,1.0000000000
    SOF -0.0000983351,0.0000000000
    RDAX REG4,1.0000000000
    WRAX REG5,0.0000000000
    RDAX REG3,1.0000000000
    MAXX REG5,1.0000000000
    WRAX REG4,0.0000000000
    ;------ Mixer 2:1
    RDAX REG0,1.0000000000
    WRAX REG6,0.0000000000
    RDAX REG3,1.0000000000
    RDAX REG6,1.0000000000
    WRAX REG6,0.0000000000
    ;------ LFO 0
    SKP RUN ,1
    WLDS 0,339,32767
    RDAX REG6,0.6634050881
    WRAX SIN0_RATE,0.0000000000
    CHO RDAL,0
    SOF 0.5000000000,0.5000000000
    WRAX REG7,0.0000000000
    CHO RDAL,8
    SOF 0.5000000000,0.5000000000
    WRAX REG8,0.0000000000
    ;------ Tremolizer
    RDAX REG7,0.9900000000
    MULX REG2
    SOF -0.9990000000,0.9990000000
    WRAX REG9,0.0000000000
    ;------ Feedback Output
    ;------ ThreeTap
    RDAX REG10,0.5000000000
    MULX REG8
    RDAX ADCL,1.0000000000
    WRA 0,0.0
    CLR
    OR $007FFF00
    SOF 0.4412246704,0.0232528687
    WRAX ADDR_PTR,0.0000000000
    RMPA 1.0
    WRAX REG11,0.0000000000
    CLR
    OR $007FFF00
    SOF 0.3304772781,0.0174240585
    WRAX ADDR_PTR,0.0000000000
    RMPA 1.0
    WRAX REG12,0.0000000000
    CLR
    OR $007FFF00
    SOF 0.2214947845,0.0116881378
    WRAX ADDR_PTR,0.0000000000
    RMPA 1.0
    WRAX REG13,0.0000000000
    ;------ FB In 1
    RDAX REG11,1.0000000000
    WRAX REG10,0.0000000000
    ;------ Scale/Offset
    RDAX REG2,1.0000000000
    SOF 0.6000000000,0.4000000000
    WRAX REG14,0.0000000000
    ;------ Feedback Output
    ;------ Scale/Offset
    RDAX REG7,1.0000000000
    SOF 0.2900000000,0.4600000000
    WRAX REG16,0.0000000000
    ;------ Servo Flanger
    SKP RUN ,1
    WLDR 0, 0, 4096
    CLR
    RDAX REG15,0.5000000000
    MULX REG14
    RDAX REG13,1.0000000000
    WRA 15220,0.0
    CHO RDAL,2
    RDAX REG16,-0.1000000000
    WRAX RMP0_RATE,0.0000000000
    CHO RDA,2,REG | COMPC,15220
    CHO RDA,2,0,15221
    RDFX REG18,0.2500000000
    WRLX REG18,-1.0000000000
    WRAX REG17,0.0000000000
    CLR
    OR $007FFF00
    SOF 0.0017812500,0.4645712891
    WRAX ADDR_PTR,0.0000000000
    RMPA 1.0
    WRAX REG19,0.0000000000
    ;------ Phase_Invert
    RDAX REG19,-1.0000000000
    WRAX REG20,0.0000000000
    ;------ Mixer 2:1
    RDAX REG17,1.0000000000
    RDAX REG20,1.0000000000
    WRAX REG21,0.0000000000
    ;------ FB In 2
    RDAX REG17,1.0000000000
    WRAX REG15,0.0000000000
    ;------ Chorus
    SKP RUN ,1
    WLDS 1,50,64
    RDAX REG2,0.0020456454
    WRAX SIN1_RANGE,0.0000000000
    RDAX REG6,0.2176125245
    WRAX SIN1_RATE,0.0000000000
    LDAX REG11
    WRA 19317,0.0
    CHO RDA,1,REG | COMPC,19753
    CHO RDA,1,0,19754
    WRAX REG22,0.0000000000
    ;------ Mixer 3:1
    RDAX REG22,1.0000000000
    WRAX REG23,0.0000000000
    RDAX REG12,0.5623413252
    MULX REG9
    RDAX REG23,1.0000000000
    WRAX REG23,0.0000000000
    RDAX REG21,1.0000000000
    RDAX REG23,1.0000000000
    WRAX REG23,0.0000000000
    ;------ Output
    RDAX ADCL,1.0000000000
    RDAX REG23,1.0000000000
    WRAX DACL,1.0000000000
    WRAX DACR,0.0000000000

    Optimization complete: saved 3 instruction(s) and 2 register(s).

LegacyFileLoadTest > testLoadPatchFile(String) > load: src\test\resources\patches\modulated-three-tap-04.spcd STANDARD_ERROR
    ----------------------------------------
    Register compaction report:
      Registers before compaction : 24  (highest was REG23 / 0x37)
      Holes removed               : 2
      Registers after compaction  : 22  (highest is now REG21 / 0x35)
      OK: all registers fit within REG0ûREG31.
    ----------------------------------------
    SpinFXBlock: numRegs updated to 0x36 (REG22)

LegacyFileLoadTest > testLoadPatchFile(String) > load: src\test\resources\patches\modulated-three-tap-04.spcd STANDARD_OUT
      OK: modulated-three-tap-04.spcd ù 23 blocks, 125 instr, 22 regs, 20189 RAM

LegacyFileLoadTest > testLoadPatchFile(String) > load: src\test\resources\patches\modulated-three-tap-04.spcd PASSED

LegacyFileLoadTest > testLoadPatchFile(String) > load: src\test\resources\patches\modulated-three-tap-05.spcd STANDARD_OUT
    Scale Offset code gen!
    Power control code gen! Power:4.0
    Envelope control code gen!
    Scale Offset code gen!
    Scale Offset code gen!
    ; ----------------------------
    ;------ Input
    ;------ Pot 0
    ;------ Pot 1
    ;------ Scale/Offset
    RDAX POT0,1.0000000000
    SOF 0.4100000000,0.2700000000
    WRAX REG0,0.0000000000
    ;------ Pot 2
    ;------ Power
    RDAX POT1,1.0000000000
    ;------ ---Invert
    SOF -0.9990234375,0.9990234375
    WRAX REG1,1.0000000000
    MULX REG1
    MULX REG1
    MULX REG1
    ;------ ---Flip
    SOF -0.9990234375,0.9990234375
    WRAX REG2,0.0000000000
    ;------ Envelope
    RDAX ADCL,1.0000000000
    MULX POT2
    ABSA
    SOF -2.0000000000,0.0000000000
    SOF -2.0000000000,0.0000000000
    SOF -2.0000000000,0.0000000000
    SOF -1.0000000000,0.0000000000
    RDFX REG3,0.0007457065
    WRAX REG3,0.0000000000
    RDAX REG4,1.0000000000
    SOF -0.0000983351,0.0000000000
    RDAX REG4,1.0000000000
    WRAX REG5,0.0000000000
    RDAX REG3,1.0000000000
    MAXX REG5,1.0000000000
    WRAX REG4,0.0000000000
    ;------ Mixer 2:1
    RDAX REG0,1.0000000000
    WRAX REG6,0.0000000000
    RDAX REG3,1.0000000000
    RDAX REG6,1.0000000000
    WRAX REG6,0.0000000000
    ;------ LFO 0
    SKP RUN ,1
    WLDS 0,210,32767
    RDAX REG6,0.4109589041
    WRAX SIN0_RATE,0.0000000000
    CHO RDAL,0
    SOF 0.5000000000,0.5000000000
    WRAX REG7,0.0000000000
    CHO RDAL,8
    SOF 0.5000000000,0.5000000000
    WRAX REG8,0.0000000000
    ;------ Tremolizer
    RDAX REG7,0.9900000000
    MULX REG2
    SOF -0.9990000000,0.9990000000
    WRAX REG9,0.0000000000
    ;------ Feedback Output
    ;------ ThreeTap
    RDAX REG10,0.5000000000
    MULX REG8
    RDAX ADCL,1.0000000000
    WRA 0,0.0
    CLR
    OR $007FFF00
    SOF 0.4412246704,0.0232528687
    WRAX ADDR_PTR,0.0000000000
    RMPA 1.0
    WRAX REG11,0.0000000000
    CLR
    OR $007FFF00
    SOF 0.3304772781,0.0174240585
    WRAX ADDR_PTR,0.0000000000
    RMPA 1.0
    WRAX REG12,0.0000000000
    CLR
    OR $007FFF00
    SOF 0.2214947845,0.0116881378
    WRAX ADDR_PTR,0.0000000000
    RMPA 1.0
    WRAX REG13,0.0000000000
    ;------ FB In 1
    RDAX REG11,1.0000000000
    WRAX REG10,0.0000000000
    ;------ Scale/Offset
    RDAX REG2,1.0000000000
    SOF 0.6000000000,0.4000000000
    WRAX REG14,0.0000000000
    ;------ Feedback Output
    ;------ Scale/Offset
    RDAX REG7,1.0000000000
    SOF 0.2900000000,0.4600000000
    WRAX REG16,0.0000000000
    ;------ Servo Flanger
    SKP RUN ,1
    WLDR 0, 0, 4096
    CLR
    RDAX REG15,0.6309573445
    MULX REG14
    RDAX REG13,1.0000000000
    WRA 15220,0.0
    CHO RDAL,2
    RDAX REG16,-0.1400000000
    WRAX RMP0_RATE,0.0000000000
    CHO RDA,2,REG | COMPC,15220
    CHO RDA,2,0,15221
    RDFX REG18,0.3239568324
    WRLX REG18,-1.0000000000
    WRAX REG17,0.0000000000
    CLR
    OR $007FFF00
    SOF 0.0005937500,0.4645087891
    WRAX ADDR_PTR,0.0000000000
    RMPA 1.0
    WRAX REG19,0.0000000000
    ;------ Phase_Invert
    RDAX REG19,-1.0000000000
    WRAX REG20,0.0000000000
    ;------ Mixer 2:1
    RDAX REG17,1.0000000000
    RDAX REG20,1.0000000000
    WRAX REG21,0.0000000000
    ;------ FB In 2
    RDAX REG17,1.0000000000
    WRAX REG15,0.0000000000
    ;------ Chorus
    SKP RUN ,1
    WLDS 1,50,64
    RDAX REG2,0.0033125053
    WRAX SIN1_RANGE,0.0000000000
    RDAX REG6,0.2176125245
    WRAX SIN1_RATE,0.0000000000
    LDAX REG11
    WRA 19317,0.0
    CHO RDA,1,REG | COMPC,19753
    CHO RDA,1,0,19754
    WRAX REG22,0.0000000000
    ;------ Mixer 3:1
    RDAX REG22,0.7079457844
    WRAX REG23,0.0000000000
    RDAX REG12,0.5623413252
    MULX REG9
    RDAX REG23,1.0000000000
    WRAX REG23,0.0000000000
    RDAX REG21,0.5011872336
    RDAX REG23,1.0000000000
    WRAX REG23,0.0000000000
    ;------ Output
    RDAX ADCL,1.0000000000
    RDAX REG23,1.0000000000
    WRAX DACL,1.0000000000
    WRAX DACR,0.0000000000

    Optimization complete: saved 2 instruction(s) and 2 register(s).

LegacyFileLoadTest > testLoadPatchFile(String) > load: src\test\resources\patches\modulated-three-tap-05.spcd STANDARD_ERROR
    ----------------------------------------
    Register compaction report:
      Registers before compaction : 24  (highest was REG23 / 0x37)
      Holes removed               : 2
      Registers after compaction  : 22  (highest is now REG21 / 0x35)
      OK: all registers fit within REG0ûREG31.
    ----------------------------------------
    SpinFXBlock: numRegs updated to 0x36 (REG22)

LegacyFileLoadTest > testLoadPatchFile(String) > load: src\test\resources\patches\modulated-three-tap-05.spcd STANDARD_OUT
      OK: modulated-three-tap-05.spcd ù 23 blocks, 126 instr, 22 regs, 20189 RAM

LegacyFileLoadTest > testLoadPatchFile(String) > load: src\test\resources\patches\modulated-three-tap-05.spcd PASSED

LegacyFileLoadTest > testLoadPatchFile(String) > load: src\test\resources\patches\noise-gate-test.spcd STANDARD_OUT
    ; ----------------------------
    ;------ Input
    ;------ Pot 0
    ;------ Noise Gate
    RDAX ADCL,0.2511886432
    ABSA
    RDAX REG1,0.9998000000
    WRAX REG1,1.9990000000
    MULX ADCL
    WRAX REG0,0.0000000000
    ;------ Output
    RDAX REG0,1.0000000000
    WRAX DACL,0.0000000000
    RDAX ADCL,1.0000000000
    WRAX DACR,0.0000000000

    Optimization complete: saved 2 instruction(s) and 1 register(s).

LegacyFileLoadTest > testLoadPatchFile(String) > load: src\test\resources\patches\noise-gate-test.spcd STANDARD_ERROR
    ----------------------------------------
    Register compaction report:
      Registers before compaction : 2  (highest was REG1 / 0x21)
      Holes removed               : 1
      Registers after compaction  : 1  (highest is now REG0 / 0x20)
      OK: all registers fit within REG0ûREG31.
    ----------------------------------------
    SpinFXBlock: numRegs updated to 0x21 (REG1)

LegacyFileLoadTest > testLoadPatchFile(String) > load: src\test\resources\patches\noise-gate-test.spcd STANDARD_OUT
      OK: noise-gate-test.spcd ù 4 blocks, 8 instr, 1 regs, 0 RAM

LegacyFileLoadTest > testLoadPatchFile(String) > load: src\test\resources\patches\noise-gate-test.spcd PASSED

LegacyFileLoadTest > testLoadPatchFile(String) > load: src\test\resources\patches\noise-test.spcd STANDARD_OUT
    ; ----------------------------
    ;------ Noise_AMZ
    SKP RUN ,2
    SOF 0.0000000000,0.6660000000
    WRAX REG0,0.0000000000
    LDAX REG0
    AND $00000001
    WRAX REG1,0.0000000000
    RDAX REG0,0.5000000000
    AND $007FFFFF
    WRAX REG0,0.0000000000
    LDAX REG1
    SKP ZRO,4
    CLR
    LDAX REG0
    XOR $00D80000
    WRAX REG0,0.0000000000
    LDAX REG0
    ABSA
    WRAX REG2,0.0000000000
    ;------ Output
    RDAX REG2,1.0000000000
    WRAX DACL,0.0000000000
    RDAX REG2,1.0000000000
    WRAX DACR,0.0000000000

    Optimization complete: saved 1 instruction(s) and 0 register(s).

LegacyFileLoadTest > testLoadPatchFile(String) > load: src\test\resources\patches\noise-test.spcd STANDARD_ERROR
    ----------------------------------------
    Register compaction report:
      Registers before compaction : 3  (highest was REG2 / 0x22)
      Holes removed               : 0
      Registers after compaction  : 3  (highest is now REG2 / 0x22)
      OK: all registers fit within REG0ûREG31.
    ----------------------------------------
    SpinFXBlock: numRegs updated to 0x23 (REG3)

LegacyFileLoadTest > testLoadPatchFile(String) > load: src\test\resources\patches\noise-test.spcd STANDARD_OUT
      OK: noise-test.spcd ù 2 blocks, 21 instr, 3 regs, 0 RAM

LegacyFileLoadTest > testLoadPatchFile(String) > load: src\test\resources\patches\noise-test.spcd PASSED

LegacyFileLoadTest > testLoadPatchFile(String) > load: src\test\resources\patches\noisegate-test.spcd STANDARD_OUT
    ; ----------------------------
    ;------ Input
    ;------ Noise Gate
    RDAX ADCL,0.0200000000
    ABSA
    RDAX REG1,0.9998000000
    WRAX REG1,1.9990000000
    MULX ADCL
    WRAX REG0,0.0000000000
    ;------ Output
    RDAX REG0,1.0000000000
    WRAX DACL,0.0000000000
    RDAX ADCL,1.0000000000
    WRAX DACR,0.0000000000

    Optimization complete: saved 2 instruction(s) and 1 register(s).

LegacyFileLoadTest > testLoadPatchFile(String) > load: src\test\resources\patches\noisegate-test.spcd STANDARD_ERROR
    ----------------------------------------
    Register compaction report:
      Registers before compaction : 2  (highest was REG1 / 0x21)
      Holes removed               : 1
      Registers after compaction  : 1  (highest is now REG0 / 0x20)
      OK: all registers fit within REG0ûREG31.
    ----------------------------------------
    SpinFXBlock: numRegs updated to 0x21 (REG1)

LegacyFileLoadTest > testLoadPatchFile(String) > load: src\test\resources\patches\noisegate-test.spcd STANDARD_OUT
      OK: noisegate-test.spcd ù 3 blocks, 8 instr, 1 regs, 0 RAM

LegacyFileLoadTest > testLoadPatchFile(String) > load: src\test\resources\patches\noisegate-test.spcd PASSED

LegacyFileLoadTest > testLoadPatchFile(String) > load: src\test\resources\patches\oil-can-delay-2022.spcd STANDARD_OUT
    Scale Offset code gen!
    Scale Offset code gen!
    Scale Offset code gen!
    Scale Offset code gen!
    Overdrive code gen!
    ; ----------------------------
    ;------ Input
    ;------ Pot 2
    ;------ Pot 0
    ;------ Pot 1
    ;------ Scale/Offset
    RDAX POT0,1.0000000000
    SOF 0.8500000000,0.1500000000
    WRAX REG0,0.0000000000
    ;------ Smoother
    RDAX POT2,1.0000000000
    RDFX REG2,0.0001873653
    WRAX REG2,0.0000000000
    ;------ Scale/Offset
    RDAX REG2,1.0000000000
    SOF -1.0000000000,0.9990000000
    WRAX REG3,0.0000000000
    ;------ Scale/Offset
    RDAX REG2,1.0000000000
    SOF 0.8000000000,0.2000000000
    WRAX REG4,0.0000000000
    ;------ Scale/Offset
    RDAX REG3,1.0000000000
    SOF 1.0000000000,0.2000000000
    WRAX REG5,0.0000000000
    ;------ Feedback Output
    ;------ LFO 0
    SKP RUN ,1
    WLDS 0,126,12762
    RDAX REG5,0.2465753425
    WRAX SIN0_RATE,0.0000000000
    CHO RDAL,0
    SOF 0.5000000000,0.5000000000
    WRAX REG7,0.0000000000
    ;------ Overdrive
    RDAX ADCL,1.1300000000
    SOF -2.0000000000,0.0000000000
    RDAX REG8,0.7000000000
    WRAX REG8,1.0000000000
    RDAX REG9,-0.3000000000
    WRAX REG9,0.2300000000
    WRAX REG10,0.0000000000
    ;------ ThreeTap
    RDAX REG6,1.0000000000
    MULX POT1
    RDAX REG10,1.0000000000
    WRA 0,0.0
    CLR
    OR $007FFF00
    MULX REG4
    SOF 0.4746520996,0.0250122070
    WRAX ADDR_PTR,0.0000000000
    RMPA 1.0
    WRAX REG11,0.0000000000
    ;------ Servo Flanger
    SKP RUN ,1
    WLDR 0, 0, 4096
    CLR
    RDAX REG11,1.0000000000
    WRA 16373,0.0
    CHO RDAL,2
    RDAX REG7,-0.0800000000
    WRAX RMP0_RATE,0.0000000000
    CHO RDA,2,REG | COMPC,16373
    CHO RDA,2,0,16374
    RDFX REG13,0.3239568324
    WRLX REG13,-1.0000000000
    WRAX REG12,0.0000000000
    ;------ RMS_Limiter
    RDAX REG12,0.5200000000
    WRAX REG14,1.0000000000
    MULX REG14
    WRAX REG18,1.0000000000
    RDFX REG15,0.1000000000
    WRAX REG15,1.0000000000
    LOG -0.5,-0.125
    WRAX REG19,1.0000000000
    EXP 1.0,0.0
    WRAX REG16,1.0000000000
    MULX REG12
    SOF 1.5000000000,0.0000000000
    WRAX REG17,0.0000000000
    ;------ Mixer 2:1
    RDAX ADCL,1.0000000000
    WRAX REG20,0.0000000000
    RDAX REG12,0.5011872336
    MULX REG0
    RDAX REG20,1.0000000000
    WRAX REG20,0.0000000000
    ;------ FB In 2
    RDAX REG17,1.3400000000
    WRAX REG6,0.0000000000
    ;------ Output
    RDAX REG20,1.0000000000
    RDAX REG20,1.0000000000
    WRAX DACL,1.0000000000
    WRAX DACR,0.0000000000

    Optimization complete: saved 1 instruction(s) and 0 register(s).

LegacyFileLoadTest > testLoadPatchFile(String) > load: src\test\resources\patches\oil-can-delay-2022.spcd STANDARD_ERROR
    ----------------------------------------
    Register compaction report:
      Registers before compaction : 21  (highest was REG20 / 0x34)
      Holes removed               : 1
      Registers after compaction  : 20  (highest is now REG19 / 0x33)
      OK: all registers fit within REG0ûREG31.
    ----------------------------------------
    SpinFXBlock: numRegs updated to 0x34 (REG20)

LegacyFileLoadTest > testLoadPatchFile(String) > load: src\test\resources\patches\oil-can-delay-2022.spcd STANDARD_OUT
      OK: oil-can-delay-2022.spcd ù 18 blocks, 77 instr, 20 regs, 20468 RAM

LegacyFileLoadTest > testLoadPatchFile(String) > load: src\test\resources\patches\oil-can-delay-2022.spcd PASSED

LegacyFileLoadTest > testLoadPatchFile(String) > load: src\test\resources\patches\ping-pong-delay-with-lpf-in-feedback.spcd STANDARD_OUT
    ; ----------------------------
    ;------ Input
    ;------ Pot 0
    ;------ Mixer 2:1
    RDAX ADCL,1.0000000000
    RDAX ADCR,1.0000000000
    WRAX REG0,0.0000000000
    ;------ Pot 1
    ;------ Pot 2
    ;------ Smoother
    RDAX POT1,1.0000000000
    RDFX REG2,0.0001500000
    WRAX REG2,0.0000000000
    ;------ Feedback Output
    ;------ ThreeTap
    RDAX REG3,0.7079457844
    MULX POT2
    RDAX REG0,1.0000000000
    WRA 0,0.0
    CLR
    OR $007FFF00
    MULX REG2
    SOF 0.4854351852,0.0255797379
    WRAX ADDR_PTR,0.0000000000
    RMPA 1.0
    WRAX REG4,0.0000000000
    CLR
    OR $007FFF00
    MULX REG2
    SOF 0.9499710083,0.0500289917
    WRAX ADDR_PTR,0.0000000000
    RMPA 1.0
    WRAX REG5,0.0000000000
    CLR
    OR $007FFF00
    SOF 0.7096283432,0.0373793777
    WRAX ADDR_PTR,0.0000000000
    RMPA 1.0
    WRAX REG6,0.0000000000
    ;------ Crossfade 2
    RDAX POT0,-1.0000000000
    SOF -2.0000000000,0.0000000000
    MULX REG5
    WRAX REG8,0.0000000000
    RDAX POT0,1.0000000000
    SOF 1.0000000000,-1.0000000000
    SOF -2.0000000000,0.0000000000
    MULX ADCR
    RDAX REG8,1.0000000000
    WRAX REG7,0.0000000000
    ;------ Crossfade 2
    RDAX POT0,-1.0000000000
    SOF -2.0000000000,0.0000000000
    MULX REG4
    WRAX REG10,0.0000000000
    RDAX POT0,1.0000000000
    SOF 1.0000000000,-1.0000000000
    SOF -2.0000000000,0.0000000000
    MULX ADCL
    RDAX REG10,1.0000000000
    WRAX REG9,0.0000000000
    ;------ LPF 1P
    RDAX REG6,1.0000000000
    RDFX REG11,0.3060584311
    WRAX REG11,0.0000000000
    ;------ Output
    RDAX REG9,1.0000000000
    WRAX DACL,0.0000000000
    RDAX REG7,1.0000000000
    WRAX DACR,0.0000000000
    ;------ FB In 1
    RDAX REG11,1.0000000000
    WRAX REG3,0.0000000000

    Optimization complete: saved 0 instruction(s) and 0 register(s).
    Output register optimization complete: saved 4 instruction(s) and 2 register(s).

LegacyFileLoadTest > testLoadPatchFile(String) > load: src\test\resources\patches\ping-pong-delay-with-lpf-in-feedback.spcd STANDARD_ERROR
    ----------------------------------------
    Register compaction report:
      Registers before compaction : 12  (highest was REG11 / 0x2b)
      Holes removed               : 3
      Registers after compaction  : 9  (highest is now REG8 / 0x28)
      OK: all registers fit within REG0ûREG31.
    ----------------------------------------
    SpinFXBlock: numRegs updated to 0x29 (REG9)

LegacyFileLoadTest > testLoadPatchFile(String) > load: src\test\resources\patches\ping-pong-delay-with-lpf-in-feedback.spcd STANDARD_OUT
      OK: ping-pong-delay-with-lpf-in-feedback.spcd ù 13 blocks, 55 instr, 9 regs, 32767 RAM

LegacyFileLoadTest > testLoadPatchFile(String) > load: src\test\resources\patches\ping-pong-delay-with-lpf-in-feedback.spcd PASSED

LegacyFileLoadTest > testLoadPatchFile(String) > load: src\test\resources\patches\ping-pong-delay-with-sweeping-filters-01.spcd STANDARD_OUT
    Scale Offset code gen!
    Scale Offset code gen!
    ; ----------------------------
    ;------ Input
    ;------ Pot 0
    ;------ Mixer 2:1
    RDAX ADCL,1.0000000000
    RDAX ADCR,1.0000000000
    WRAX REG0,0.0000000000
    ;------ Pot 1
    ;------ Pot 2
    ;------ Scale/Offset
    RDAX POT1,1.0000000000
    SOF 0.7200000000,0.2800000000
    WRAX REG1,0.0000000000
    ;------ Feedback Output
    ;------ Smoother
    RDAX REG1,1.0000000000
    RDFX REG4,0.0001500000
    WRAX REG4,0.0000000000
    ;------ LFO 0
    SKP RUN ,1
    WLDS 0,3,32767
    CHO RDAL,0
    SOF 0.5000000000,0.5000000000
    WRAX REG5,0.0000000000
    CHO RDAL,8
    SOF 0.5000000000,0.5000000000
    WRAX REG6,0.0000000000
    ;------ Feedback Output
    ;------ Scale/Offset
    RDAX REG5,1.0000000000
    SOF 0.7600000000,0.2400000000
    WRAX REG8,0.0000000000
    ;------ Mixer 2:1
    RDAX REG7,1.0000000000
    RDAX REG2,1.0000000000
    WRAX REG9,0.0000000000
    ;------ ThreeTap
    RDAX REG9,0.4466835922
    MULX POT2
    RDAX REG0,1.0000000000
    WRA 0,0.0
    CLR
    OR $007FFF00
    MULX REG4
    SOF 0.9499710083,0.0500289917
    WRAX ADDR_PTR,0.0000000000
    RMPA 1.0
    WRAX REG10,0.0000000000
    CLR
    OR $007FFF00
    SOF 0.7096283432,0.0373793777
    WRAX ADDR_PTR,0.0000000000
    RMPA 1.0
    WRAX REG11,0.0000000000
    ;------ Soft_Knee_Limiter
    RDAX REG10,1.0000000000
    WRAX REG12,1.0000000000
    MULX REG12
    RDFX REG13,0.0010000000
    WRAX REG13,0.0000000000
    SOF 0.0000000000,0.1250000000
    RDAX REG13,1.0000000000
    LOG -0.4,-0.25
    EXP 1.0,0.0
    WRAX REG14,1.0000000000
    MULX REG10
    SOF -2.0000000000,0.0000000000
    SOF -2.0000000000,0.0000000000
    SOF 1.5000000000,0.0000000000
    WRAX REG15,0.0000000000
    ;------ SVF 2 Pole
    CLR
    RDAX REG18,0.1500000000
    MULX REG8
    RDAX REG19,1.0000000000
    WRAX REG20,1.0000000000
    WRAX REG19,-1.0000000000
    RDAX REG18,-0.1247972045
    RDAX REG15,1.0000000000
    WRAX REG21,0.1500000000
    MULX REG8
    RDAX REG18,1.0000000000
    WRAX REG18,0.0000000000
    ;------ FB In 1
    RDAX REG18,1.0000000000
    WRAX REG2,0.0000000000
    ;------ Crossfade 2
    RDAX POT0,-1.0000000000
    SOF -2.0000000000,0.0000000000
    MULX REG21
    WRAX REG24,0.0000000000
    RDAX POT0,1.0000000000
    SOF 1.0000000000,-1.0000000000
    SOF -2.0000000000,0.0000000000
    MULX ADCR
    RDAX REG24,1.0000000000
    WRAX REG23,0.0000000000
    ;------ FB In 2
    RDAX REG20,1.0000000000
    WRAX REG7,0.0000000000
    ;------ Crossfade 2
    RDAX POT0,-1.0000000000
    SOF -2.0000000000,0.0000000000
    MULX REG20
    WRAX REG26,0.0000000000
    RDAX POT0,1.0000000000
    SOF 1.0000000000,-1.0000000000
    SOF -2.0000000000,0.0000000000
    MULX ADCL
    RDAX REG26,1.0000000000
    WRAX REG25,0.0000000000
    ;------ Output
    RDAX REG25,1.0000000000
    WRAX DACL,0.0000000000
    RDAX REG23,1.0000000000
    WRAX DACR,0.0000000000

    Optimization complete: saved 6 instruction(s) and 3 register(s).
    Output register optimization complete: saved 4 instruction(s) and 2 register(s).

LegacyFileLoadTest > testLoadPatchFile(String) > load: src\test\resources\patches\ping-pong-delay-with-sweeping-filters-01.spcd STANDARD_ERROR
    ----------------------------------------
    Register compaction report:
      Registers before compaction : 25  (highest was REG24 / 0x38)
      Holes removed               : 7
      Registers after compaction  : 18  (highest is now REG17 / 0x31)
      OK: all registers fit within REG0ûREG31.
    ----------------------------------------
    SpinFXBlock: numRegs updated to 0x32 (REG18)

LegacyFileLoadTest > testLoadPatchFile(String) > load: src\test\resources\patches\ping-pong-delay-with-sweeping-filters-01.spcd STANDARD_OUT
      OK: ping-pong-delay-with-sweeping-filters-01.spcd ù 20 blocks, 85 instr, 18 regs, 32767 RAM

LegacyFileLoadTest > testLoadPatchFile(String) > load: src\test\resources\patches\ping-pong-delay-with-sweeping-filters-01.spcd PASSED

LegacyFileLoadTest > testLoadPatchFile(String) > load: src\test\resources\patches\ping-pong-delay-with-sweeping-filters.spcd STANDARD_OUT
    Scale Offset code gen!
    Scale Offset code gen!
    Scale Offset code gen!
    ; ----------------------------
    ;------ Input
    ;------ Pot 0
    ;------ Mixer 2:1
    RDAX ADCL,1.0000000000
    RDAX ADCR,1.0000000000
    WRAX REG0,0.0000000000
    ;------ Pot 1
    ;------ Pot 2
    ;------ Scale/Offset
    RDAX POT1,1.0000000000
    SOF 0.7200000000,0.2800000000
    WRAX REG1,0.0000000000
    ;------ Feedback Output
    ;------ Smoother
    RDAX REG1,1.0000000000
    RDFX REG4,0.0001500000
    WRAX REG4,0.0000000000
    ;------ LFO 0
    SKP RUN ,1
    WLDS 0,3,32767
    CHO RDAL,0
    SOF 0.5000000000,0.5000000000
    WRAX REG5,0.0000000000
    CHO RDAL,8
    SOF 0.5000000000,0.5000000000
    WRAX REG6,0.0000000000
    ;------ Feedback Output
    ;------ Scale/Offset
    RDAX REG5,1.0000000000
    SOF 0.7600000000,0.2400000000
    WRAX REG8,0.0000000000
    ;------ Mixer 2:1
    RDAX REG7,1.0000000000
    RDAX REG2,1.0000000000
    WRAX REG9,0.0000000000
    ;------ ThreeTap
    RDAX REG9,0.4466835922
    MULX POT2
    RDAX REG0,1.0000000000
    WRA 0,0.0
    CLR
    OR $007FFF00
    MULX REG4
    SOF 0.9499710083,0.0500289917
    WRAX ADDR_PTR,0.0000000000
    RMPA 1.0
    WRAX REG10,0.0000000000
    CLR
    OR $007FFF00
    SOF 0.7096283432,0.0373793777
    WRAX ADDR_PTR,0.0000000000
    RMPA 1.0
    WRAX REG11,0.0000000000
    ;------ Soft_Knee_Limiter
    RDAX REG10,1.0000000000
    WRAX REG12,1.0000000000
    MULX REG12
    RDFX REG13,0.0010000000
    WRAX REG13,0.0000000000
    SOF 0.0000000000,0.1250000000
    RDAX REG13,1.0000000000
    LOG -0.4,-0.25
    EXP 1.0,0.0
    WRAX REG14,1.0000000000
    MULX REG10
    SOF -2.0000000000,0.0000000000
    SOF -2.0000000000,0.0000000000
    SOF 1.5000000000,0.0000000000
    WRAX REG15,0.0000000000
    ;------ Scale/Offset
    RDAX REG6,1.0000000000
    SOF 0.5900000000,0.2500000000
    WRAX REG17,0.0000000000
    ;------ SVF 2 Pole
    CLR
    RDAX REG19,0.3168808039
    MULX REG8
    RDAX REG20,1.0000000000
    WRAX REG21,1.0000000000
    WRAX REG20,-1.0000000000
    WRAX REG23,0.0000000000
    RDAX REG17,1.0000000000
    SOF 0.8752027955,-1.0000000000
    WRAX REG25,0.0000000000
    RDAX REG19,1.0000000000
    MULX REG25
    RDAX REG24,1.0000000000
    RDAX REG15,1.0000000000
    WRAX REG22,0.3168808039
    MULX REG8
    RDAX REG19,1.0000000000
    WRAX REG19,0.0000000000
    ;------ Crossfade 2
    RDAX POT0,-1.0000000000
    SOF -2.0000000000,0.0000000000
    MULX REG22
    WRAX REG27,0.0000000000
    RDAX POT0,1.0000000000
    SOF 1.0000000000,-1.0000000000
    SOF -2.0000000000,0.0000000000
    MULX ADCR
    RDAX REG27,1.0000000000
    WRAX REG26,0.0000000000
    ;------ FB In 2
    RDAX REG21,1.0000000000
    WRAX REG7,0.0000000000
    ;------ Crossfade 2
    RDAX POT0,-1.0000000000
    SOF -2.0000000000,0.0000000000
    MULX REG21
    WRAX REG29,0.0000000000
    RDAX POT0,1.0000000000
    SOF 1.0000000000,-1.0000000000
    SOF -2.0000000000,0.0000000000
    MULX ADCL
    RDAX REG29,1.0000000000
    WRAX REG28,0.0000000000
    ;------ Output
    RDAX REG28,1.0000000000
    WRAX DACL,0.0000000000
    RDAX REG26,1.0000000000
    WRAX DACR,0.0000000000
    ;------ FB In 1
    RDAX REG19,1.0000000000
    WRAX REG2,0.0000000000

    Optimization complete: saved 5 instruction(s) and 3 register(s).
    Output register optimization complete: saved 4 instruction(s) and 2 register(s).

LegacyFileLoadTest > testLoadPatchFile(String) > load: src\test\resources\patches\ping-pong-delay-with-sweeping-filters.spcd STANDARD_ERROR
    ----------------------------------------
    Register compaction report:
      Registers before compaction : 28  (highest was REG27 / 0x3b)
      Holes removed               : 6
      Registers after compaction  : 22  (highest is now REG21 / 0x35)
      OK: all registers fit within REG0ûREG31.
    ----------------------------------------
    SpinFXBlock: numRegs updated to 0x36 (REG22)

LegacyFileLoadTest > testLoadPatchFile(String) > load: src\test\resources\patches\ping-pong-delay-with-sweeping-filters.spcd STANDARD_OUT
      OK: ping-pong-delay-with-sweeping-filters.spcd ù 21 blocks, 95 instr, 22 regs, 32767 RAM

LegacyFileLoadTest > testLoadPatchFile(String) > load: src\test\resources\patches\ping-pong-delay-with-sweeping-filters.spcd PASSED

LegacyFileLoadTest > testLoadPatchFile(String) > load: src\test\resources\patches\pitch-offset.spcd STANDARD_OUT
    Scale Offset code gen!
    Scale Offset code gen!
    Scale Offset code gen!
    Scale Offset code gen!
    ; ----------------------------
    ;------ Input
    ;------ Pot 0
    ;------ Pot 2
    ;------ Scale/Offset
    RDAX POT0,1.0000000000
    SOF 0.0200000000,0.4900000000
    WRAX REG0,0.0000000000
    ;------ Scale/Offset
    RDAX REG0,1.0000000000
    SOF 0.1000000000,0.0000000000
    WRAX REG1,0.0000000000
    ;------ Pot 1
    ;------ Scale/Offset
    RDAX POT1,1.0000000000
    SOF 0.0200000000,0.4900000000
    WRAX REG2,0.0000000000
    ;------ Volume
    RDAX ADCL,0.5011872336
    WRAX REG3,0.0000000000
    ;------ Scale/Offset
    RDAX REG2,1.0000000000
    SOF 0.1000000000,0.0000000000
    WRAX REG4,0.0000000000
    ;------ Pitch Offset 1->2
    SKP RUN ,3
    OR $007FFFFF
    WRAX REG11,1.0000000000
    WRAX REG16,0.0000000000
    RDAX REG1,0.1000000000
    RDFX REG14,0.0010000000
    WRLX REG14,-1.0000000000
    SOF 1.0000000000,-0.0500000000
    WRAX REG13,0.0000000000
    RDAX REG4,0.1000000000
    RDFX REG19,0.0010000000
    WRLX REG19,-1.0000000000
    SOF 1.0000000000,-0.0500000000
    WRAX REG18,0.0000000000
    RDAX REG3,1.0000000000
    RDFX REG8,0.0400000000
    WRHX REG8,-1.0000000000
    RDFX REG7,0.4000000000
    WRLX REG7,-1.0000000000
    WRAX REG9,0.0039000000
    RDA 1,0.995
    WRAP 0,-0.995
    RDA 3,0.937
    WRAP 2,-0.937
    RDA 5,0.61
    WRAP 4,-0.61
    WRAX REG5,0.0000000000
    RDAX REG9,0.0039000000
    RDA 7,0.978
    WRAP 6,-0.978
    RDA 9,0.84
    WRAP 8,-0.84
    RDA 11,0.0
    WRAP 10,0.0
    WRAX REG6,0.0000000000
    RDAX REG11,1.0000000000
    MULX REG13
    RDAX REG10,1.0000000000
    WRAX REG10,-1.0000000000
    MULX REG13
    RDAX REG11,1.0000000000
    WRAX REG11,0.0000000000
    RDAX REG6,-2.0000000000
    MULX REG11
    WRAX REG12,0.0000000000
    RDAX REG5,-2.0000000000
    MULX REG10
    RDAX REG12,1.0000000000
    WRAX REG12,0.0000000000
    RDAX REG16,1.0000000000
    MULX REG18
    RDAX REG15,1.0000000000
    WRAX REG15,-1.0000000000
    MULX REG18
    RDAX REG16,1.0000000000
    WRAX REG16,0.0000000000
    RDAX REG6,-2.0000000000
    MULX REG16
    WRAX REG17,0.0000000000
    RDAX REG5,-2.0000000000
    MULX REG15
    RDAX REG17,1.0000000000
    RDAX REG12,1.0000000000
    SOF -2.0000000000,0.0000000000
    SOF -2.0000000000,0.0000000000
    SOF -2.0000000000,0.0000000000
    SOF -2.0000000000,0.0000000000
    SOF -2.0000000000,0.0000000000
    SOF -2.0000000000,0.0000000000
    SOF -2.0000000000,0.0000000000
    WRAX REG20,0.0000000000
    ;------ Mixer 3:1
    RDAX REG20,1.0000000000
    MULX POT2
    WRAX REG22,0.0000000000
    ;------ Output
    RDAX REG22,1.0000000000
    WRAX DACL,1.0000000000
    WRAX DACR,0.0000000000

    Optimization complete: saved 6 instruction(s) and 3 register(s).

LegacyFileLoadTest > testLoadPatchFile(String) > load: src\test\resources\patches\pitch-offset.spcd STANDARD_ERROR
    ----------------------------------------
    Register compaction report:
      Registers before compaction : 20  (highest was REG19 / 0x33)
      Holes removed               : 1
      Registers after compaction  : 19  (highest is now REG18 / 0x32)
      OK: all registers fit within REG0ûREG31.
    ----------------------------------------
    SpinFXBlock: numRegs updated to 0x33 (REG19)

LegacyFileLoadTest > testLoadPatchFile(String) > load: src\test\resources\patches\pitch-offset.spcd STANDARD_OUT
      OK: pitch-offset.spcd ù 12 blocks, 85 instr, 19 regs, 6 RAM

LegacyFileLoadTest > testLoadPatchFile(String) > load: src\test\resources\patches\pitch-offset.spcd PASSED

LegacyFileLoadTest > testLoadPatchFile(String) > load: src\test\resources\patches\pitch-shift-delay.spcd STANDARD_OUT
    Scale Offset code gen!
    ; ----------------------------
    ;------ Input
    ;------ Pot 0
    ;------ Pot 1
    ;------ Pot 2
    ;------ Scale/Offset
    RDAX POT0,1.0000000000
    SOF 0.7300000000,0.2700000000
    WRAX REG0,0.0000000000
    ;------ Feedback Output
    ;------ Smoother
    RDAX REG0,1.0000000000
    RDFX REG3,0.0000983351
    WRAX REG3,0.0000000000
    ;------ ThreeTap
    RDAX REG1,0.8912509381
    MULX POT1
    RDAX ADCL,1.0000000000
    WRA 0,0.0
    CLR
    OR $007FFF00
    MULX REG3
    SOF 0.3646865845,0.0192245483
    WRAX ADDR_PTR,0.0000000000
    RMPA 1.0
    WRAX REG4,0.0000000000
    CLR
    OR $007FFF00
    MULX REG3
    SOF 0.1816139191,0.0095891449
    WRAX ADDR_PTR,0.0000000000
    RMPA 1.0
    WRAX REG5,0.0000000000
    CLR
    OR $007FFF00
    MULX REG3
    SOF 0.2749736847,0.0145028168
    WRAX ADDR_PTR,0.0000000000
    RMPA 1.0
    WRAX REG6,0.0000000000
    ;------ Pitch_Up_Down
    SKP RUN ,2
    WLDR 1, 16384, 4096
    WLDR 0, -8192, 4096
    LDAX REG4
    WRA 12580,0.0
    CHO RDA,2,REG | COMPC,12580
    CHO RDA,2,0,12581
    WRA 16677,0.0
    CHO RDA,2,COMPC | RPTR2,12580
    CHO RDA,2,RPTR2,12581
    CHO SOF,2,COMPC | NA,0.0
    CHO RDA,2,NA,16677
    WRAX REG7,0.0000000000
    CHO RDA,3,REG | COMPC,12580
    CHO RDA,3,0,12581
    WRA 16677,0.0
    CHO RDA,3,COMPC | RPTR2,12580
    CHO RDA,3,RPTR2,12581
    CHO SOF,3,COMPC | NA,0.0
    CHO RDA,3,NA,16677
    WRAX REG8,0.0000000000
    ;------ Mixer 3:1
    RDAX REG7,0.7079457844
    MULX POT2
    WRAX REG9,0.0000000000
    RDAX REG8,0.8912509381
    MULX POT2
    RDAX REG9,1.0000000000
    WRAX REG9,0.0000000000
    RDAX REG5,1.0000000000
    MULX POT2
    RDAX REG9,1.0000000000
    WRAX REG9,0.0000000000
    ;------ LPF 1P
    RDAX REG8,1.0000000000
    RDFX REG10,0.2779306861
    WRAX REG10,0.0000000000
    ;------ Output
    RDAX ADCL,1.0000000000
    RDAX REG9,1.0000000000
    WRAX DACL,1.0000000000
    WRAX DACR,0.0000000000
    ;------ FB In 1
    RDAX REG10,0.9800000000
    WRAX REG1,0.0000000000

    Optimization complete: saved 2 instruction(s) and 1 register(s).

LegacyFileLoadTest > testLoadPatchFile(String) > load: src\test\resources\patches\pitch-shift-delay.spcd STANDARD_ERROR
    ----------------------------------------
    Register compaction report:
      Registers before compaction : 11  (highest was REG10 / 0x2a)
      Holes removed               : 2
      Registers after compaction  : 9  (highest is now REG8 / 0x28)
      OK: all registers fit within REG0ûREG31.
    ----------------------------------------
    SpinFXBlock: numRegs updated to 0x29 (REG9)

LegacyFileLoadTest > testLoadPatchFile(String) > load: src\test\resources\patches\pitch-shift-delay.spcd STANDARD_OUT
      OK: pitch-shift-delay.spcd ù 13 blocks, 70 instr, 9 regs, 16676 RAM

LegacyFileLoadTest > testLoadPatchFile(String) > load: src\test\resources\patches\pitch-shift-delay.spcd PASSED

LegacyFileLoadTest > testLoadPatchFile(String) > load: src\test\resources\patches\plate reverb-01.spcd STANDARD_OUT
    ; ----------------------------
    ;------ Input
    ;------ Pot 2
    ;------ Pot 1
    ;------ Pot 0
    ;------ Reverb_Plate
    RDAX POT1,0.8800000000
    LOG 0.5,0.0
    EXP 1.0,0.0
    SOF 0.6000000000,0.3000000000
    WRAX REG1,0.0000000000
    RDAX POT1,1.0000000000
    SOF 1.0000000000,-0.9990000000
    WRAX REG2,0.0000000000
    RDAX POT2,1.0000000000
    SOF 1.0000000000,-0.9990000000
    WRAX REG3,0.0000000000
    RDAX ADCL,0.5000000000
    RDA 224,0.6
    WRAP 0,-0.6
    RDA 655,0.6
    WRAP 225,-0.6
    RDA 1512,0.6
    WRAP 656,-0.6
    RDA 2602,0.6
    WRAP 1513,-0.6
    WRAX REG4,0.0000000000
    RDAX REG14,1.0000000000
    RDA 4904,0.6
    WRAP 2603,-0.6
    WRA 13382,0.0
    RDA 17002,1.0
    WRAX REG0,1.0000000000
    RDFX REG6,0.0200000000
    WRLX REG6,-1.0000000000
    MULX REG2
    RDAX REG0,1.0000000000
    WRAX REG0,1.0000000000
    RDFX REG10,0.8000000000
    WRHX REG10,-1.0000000000
    MULX REG3
    RDAX REG0,1.0000000000
    MULX REG1
    RDAX REG4,1.0000000000
    RDA 7807,0.6
    WRAP 4905,-0.6
    WRA 17003,0.0
    RDA 21594,1.0
    WRAX REG0,1.0000000000
    RDFX REG7,0.0200000000
    WRLX REG7,-1.0000000000
    MULX REG2
    RDAX REG0,1.0000000000
    WRAX REG0,1.0000000000
    RDFX REG11,0.8000000000
    WRHX REG11,-1.0000000000
    MULX REG3
    RDAX REG0,1.0000000000
    MULX REG1
    RDAX REG4,1.0000000000
    RDA 13381,0.6
    WRAP 10980,-0.6
    WRA 25983,0.0
    RDA 29662,1.0
    WRAX REG0,1.0000000000
    RDFX REG9,0.0200000000
    WRLX REG9,-1.0000000000
    MULX REG2
    RDAX REG0,1.0000000000
    WRAX REG0,1.0000000000
    RDFX REG13,0.8000000000
    WRHX REG13,-1.0000000000
    MULX REG3
    RDAX REG0,1.0000000000
    MULX REG1
    WRAX REG14,0.0000000000
    RDA 13583,0.6
    RDA 18348,0.5
    RDA 22492,0.6
    RDA 27763,0.5
    WRAX REG5,0.0000000000
    SKP RUN ,2
    WLDS 0,14,37
    WLDS 1,20,33
    CHO RDA,0,REG | COMPC,2643
    CHO RDA,0,0,2644
    WRA 2683,0.0
    CHO RDA,0,COS  | COMPC,4945
    CHO RDA,0,COS ,4946
    WRA 4985,0.0
    CHO RDA,1,REG | COMPC,7848
    CHO RDA,0,0,7849
    WRA 7888,0.0
    CHO RDA,1,COS  | COMPC,11020
    CHO RDA,0,COS ,11021
    WRA 11060,0.0
    ;------ Output
    RDAX ADCL,1.0000000000
    RDAX REG5,1.0000000000
    WRAX DACL,1.0000000000
    WRAX DACR,0.0000000000

    Optimization complete: saved 0 instruction(s) and 0 register(s).

LegacyFileLoadTest > testLoadPatchFile(String) > load: src\test\resources\patches\plate reverb-01.spcd STANDARD_ERROR
    ----------------------------------------
    Register compaction report:
      Registers before compaction : 15  (highest was REG14 / 0x2e)
      Holes removed               : 2
      Registers after compaction  : 13  (highest is now REG12 / 0x2c)
      OK: all registers fit within REG0ûREG31.
    ----------------------------------------
    SpinFXBlock: numRegs updated to 0x2d (REG13)

LegacyFileLoadTest > testLoadPatchFile(String) > load: src\test\resources\patches\plate reverb-01.spcd STANDARD_OUT
      OK: plate reverb-01.spcd ù 6 blocks, 94 instr, 13 regs, 29651 RAM

LegacyFileLoadTest > testLoadPatchFile(String) > load: src\test\resources\patches\plate reverb-01.spcd PASSED

LegacyFileLoadTest > testLoadPatchFile(String) > load: src\test\resources\patches\plate reverb-02.spcd STANDARD_OUT
    ; ----------------------------
    ;------ Input
    ;------ Pot 0
    ;------ Pot 1
    ;------ Pot 2
    ;------ Reverb_Plate
    RDAX POT1,0.9400000000
    LOG 0.5,0.0
    EXP 1.0,0.0
    SOF 0.6000000000,0.3000000000
    WRAX REG1,0.0000000000
    RDAX POT1,1.0000000000
    SOF 1.0000000000,-0.9990000000
    WRAX REG2,0.0000000000
    RDAX POT2,1.0000000000
    SOF 1.0000000000,-0.9990000000
    WRAX REG3,0.0000000000
    RDAX ADCL,0.5000000000
    RDA 224,-0.44
    WRAP 0,0.44
    RDA 655,-0.44
    WRAP 225,0.44
    RDA 1512,-0.44
    WRAP 656,0.44
    RDA 2602,-0.44
    WRAP 1513,0.44
    WRAX REG4,0.0000000000
    RDAX REG14,1.0000000000
    RDA 4904,-0.42
    WRAP 2603,0.42
    WRA 13382,0.0
    RDA 17002,1.0
    WRAX REG0,1.0000000000
    RDFX REG6,0.0896388703
    WRLX REG6,-1.0000000000
    MULX REG2
    RDAX REG0,1.0000000000
    WRAX REG0,1.0000000000
    RDFX REG10,0.8000000000
    WRHX REG10,-1.0000000000
    MULX REG3
    RDAX REG0,1.0000000000
    MULX REG1
    RDAX REG4,1.0000000000
    RDA 7807,-0.42
    WRAP 4905,0.42
    WRA 17003,0.0
    RDA 21594,1.0
    WRAX REG0,1.0000000000
    RDFX REG7,0.0896388703
    WRLX REG7,-1.0000000000
    MULX REG2
    RDAX REG0,1.0000000000
    WRAX REG0,1.0000000000
    RDFX REG11,0.8000000000
    WRHX REG11,-1.0000000000
    MULX REG3
    RDAX REG0,1.0000000000
    MULX REG1
    RDAX REG4,1.0000000000
    RDA 13381,-0.42
    WRAP 10980,0.42
    WRA 25983,0.0
    RDA 29662,1.0
    WRAX REG0,1.0000000000
    RDFX REG9,0.0896388703
    WRLX REG9,-1.0000000000
    MULX REG2
    RDAX REG0,1.0000000000
    WRAX REG0,1.0000000000
    RDFX REG13,0.8000000000
    WRHX REG13,-1.0000000000
    MULX REG3
    RDAX REG0,1.0000000000
    MULX REG1
    WRAX REG14,0.0000000000
    RDA 13583,0.6
    RDA 18348,0.5
    RDA 22492,0.6
    RDA 27763,0.5
    WRAX REG5,0.0000000000
    SKP RUN ,2
    WLDS 0,13,37
    WLDS 1,16,33
    CHO RDA,0,REG | COMPC,2643
    CHO RDA,0,0,2644
    WRA 2683,0.0
    CHO RDA,0,COS  | COMPC,4945
    CHO RDA,0,COS ,4946
    WRA 4985,0.0
    CHO RDA,1,REG | COMPC,7848
    CHO RDA,0,0,7849
    WRA 7888,0.0
    CHO RDA,1,COS  | COMPC,11020
    CHO RDA,0,COS ,11021
    WRA 11060,0.0
    ;------ Output
    RDAX REG5,1.0000000000
    WRAX DACL,0.0000000000
    RDAX REG5,1.0000000000
    WRAX DACR,0.0000000000

    Optimization complete: saved 0 instruction(s) and 0 register(s).
    Output register optimization complete: saved 3 instruction(s) and 1 register(s).

LegacyFileLoadTest > testLoadPatchFile(String) > load: src\test\resources\patches\plate reverb-02.spcd STANDARD_ERROR
    ----------------------------------------
    Register compaction report:
      Registers before compaction : 15  (highest was REG14 / 0x2e)
      Holes removed               : 3
      Registers after compaction  : 12  (highest is now REG11 / 0x2b)
      OK: all registers fit within REG0ûREG31.
    ----------------------------------------
    SpinFXBlock: numRegs updated to 0x2c (REG12)

LegacyFileLoadTest > testLoadPatchFile(String) > load: src\test\resources\patches\plate reverb-02.spcd STANDARD_OUT
      OK: plate reverb-02.spcd ù 6 blocks, 91 instr, 12 regs, 29651 RAM

LegacyFileLoadTest > testLoadPatchFile(String) > load: src\test\resources\patches\plate reverb-02.spcd PASSED

LegacyFileLoadTest > testLoadPatchFile(String) > load: src\test\resources\patches\plate reverb-chorus-01.spcd STANDARD_OUT
    ; ----------------------------
    ;------ Input
    ;------ Pot 2
    ;------ Pot 1
    ;------ Pot 0
    ;------ Reverb_Plate
    RDAX -1,0.0500000000
    LOG 0.5,0.0
    EXP 1.0,0.0
    SOF 0.6000000000,0.3000000000
    WRAX REG1,0.0000000000
    SOF 0.0000000000,0.5000000000
    SOF 1.0000000000,-0.9990000000
    WRAX REG2,0.0000000000
    RDAX POT2,1.0000000000
    SOF 1.0000000000,-0.9990000000
    WRAX REG3,0.0000000000
    RDAX ADCL,0.2511886432
    RDA 224,0.6
    WRAP 0,-0.6
    RDA 655,0.6
    WRAP 225,-0.6
    RDA 1512,0.6
    WRAP 656,-0.6
    RDA 2602,0.6
    WRAP 1513,-0.6
    WRAX REG4,0.0000000000
    RDAX REG14,1.0000000000
    RDA 4904,0.6
    WRAP 2603,-0.6
    WRA 13382,0.0
    RDA 17002,1.0
    WRAX REG0,1.0000000000
    RDFX REG6,0.0200000000
    WRLX REG6,-1.0000000000
    MULX REG2
    RDAX REG0,1.0000000000
    WRAX REG0,1.0000000000
    RDFX REG10,0.8000000000
    WRHX REG10,-1.0000000000
    MULX REG3
    RDAX REG0,1.0000000000
    MULX REG1
    RDAX REG4,1.0000000000
    RDA 7807,0.6
    WRAP 4905,-0.6
    WRA 17003,0.0
    RDA 21594,1.0
    WRAX REG0,1.0000000000
    RDFX REG7,0.0200000000
    WRLX REG7,-1.0000000000
    MULX REG2
    RDAX REG0,1.0000000000
    WRAX REG0,1.0000000000
    RDFX REG11,0.8000000000
    WRHX REG11,-1.0000000000
    MULX REG3
    RDAX REG0,1.0000000000
    MULX REG1
    RDAX REG4,1.0000000000
    RDA 13381,0.6
    WRAP 10980,-0.6
    WRA 25983,0.0
    RDA 29662,1.0
    WRAX REG0,1.0000000000
    RDFX REG9,0.0200000000
    WRLX REG9,-1.0000000000
    MULX REG2
    RDAX REG0,1.0000000000
    WRAX REG0,1.0000000000
    RDFX REG13,0.8000000000
    WRHX REG13,-1.0000000000
    MULX REG3
    RDAX REG0,1.0000000000
    MULX REG1
    WRAX REG14,0.0000000000
    RDA 13583,0.6
    RDA 18348,0.5
    RDA 22492,0.6
    RDA 27763,0.5
    WRAX REG5,0.0000000000
    SKP RUN ,2
    WLDS 0,14,37
    WLDS 1,20,33
    CHO RDA,0,REG | COMPC,2643
    CHO RDA,0,0,2644
    WRA 2683,0.0
    CHO RDA,0,COS  | COMPC,4945
    CHO RDA,0,COS ,4946
    WRA 4985,0.0
    CHO RDA,1,REG | COMPC,7848
    CHO RDA,0,0,7849
    WRA 7888,0.0
    CHO RDA,1,COS  | COMPC,11020
    CHO RDA,0,COS ,11021
    WRA 11060,0.0
    ;------ 4-voice Chorus
    SKP RUN ,1
    WLDS 0,50,64
    RDAX POT2,0.0039062500
    WRAX SIN0_RANGE,0.0000000000
    RDAX ADCL,1.0000000000
    WRA 29663,0.0
    CHO RDA,0,REG | COMPC,29792
    CHO RDA,0,0,29793
    WRAX REG15,0.0000000000
    CHO RDA,0,REG | COMPA,29829
    CHO RDA,0,COMPC | COMPA,29830
    WRAX REG16,0.0000000000
    CHO RDA,0,COS  | REG | COMPA,30023
    CHO RDA,0,COS  | COMPC | COMPA,30024
    WRAX REG17,0.0000000000
    ;------ Mixer 4:1
    RDAX ADCL,1.0000000000
    WRAX REG18,0.0000000000
    RDAX REG16,1.0000000000
    MULX POT1
    RDAX REG18,1.0000000000
    WRAX REG18,0.0000000000
    RDAX ADCL,1.0000000000
    RDAX REG18,1.0000000000
    WRAX REG18,0.0000000000
    RDAX REG17,1.0000000000
    MULX POT1
    RDAX REG18,1.0000000000
    WRAX REG18,0.0000000000
    ;------ Output
    RDAX REG18,1.0000000000
    RDAX REG5,1.0000000000
    WRAX DACL,1.0000000000
    WRAX DACR,0.0000000000

    Optimization complete: saved 1 instruction(s) and 0 register(s).

LegacyFileLoadTest > testLoadPatchFile(String) > load: src\test\resources\patches\plate reverb-chorus-01.spcd STANDARD_ERROR
    ----------------------------------------
    Register compaction report:
      Registers before compaction : 19  (highest was REG18 / 0x32)
      Holes removed               : 2
      Registers after compaction  : 17  (highest is now REG16 / 0x30)
      OK: all registers fit within REG0ûREG31.
    ----------------------------------------
    SpinFXBlock: numRegs updated to 0x31 (REG17)

LegacyFileLoadTest > testLoadPatchFile(String) > load: src\test\resources\patches\plate reverb-chorus-01.spcd STANDARD_OUT
      OK: plate reverb-chorus-01.spcd ù 8 blocks, 121 instr, 17 regs, 30163 RAM

LegacyFileLoadTest > testLoadPatchFile(String) > load: src\test\resources\patches\plate reverb-chorus-01.spcd PASSED

LegacyFileLoadTest > testLoadPatchFile(String) > load: src\test\resources\patches\quantizer.spcd STANDARD_OUT
    Bit crusher code gen!
    ; ----------------------------
    ;------ Pot 0
    ;------ Oscillator
    SKP RUN ,3
    WRAX REG0,0.0000000000
    SOF 0.0000000000,-1.0000000000
    WRAX REG1,0.0000000000
    RDAX REG0,0.0200000000
    RDAX REG1,1.0000000000
    WRAX REG1,-0.0200000000
    RDAX REG0,1.0000000000
    WRAX REG0,0.0000000000
    ;------ Quantizer
    RDAX REG0,1.0000000000
    SKP NEG,2
    AND $00FF8000
    SKP GEZ,3
    SOF -1.0000000000,0.0000000000
    AND $00FF8000
    SOF -1.0000000000,0.0000000000
    WRAX REG2,0.0000000000
    ;------ Output
    RDAX REG0,1.0000000000
    WRAX DACL,0.0000000000
    RDAX REG2,1.0000000000
    WRAX DACR,0.0000000000

    Optimization complete: saved 1 instruction(s) and 0 register(s).
    Output register optimization complete: saved 3 instruction(s) and 1 register(s).

LegacyFileLoadTest > testLoadPatchFile(String) > load: src\test\resources\patches\quantizer.spcd STANDARD_ERROR
    ----------------------------------------
    Register compaction report:
      Registers before compaction : 2  (highest was REG1 / 0x21)
      Holes removed               : 0
      Registers after compaction  : 2  (highest is now REG1 / 0x21)
      OK: all registers fit within REG0ûREG31.
    ----------------------------------------
    SpinFXBlock: numRegs updated to 0x22 (REG2)

LegacyFileLoadTest > testLoadPatchFile(String) > load: src\test\resources\patches\quantizer.spcd STANDARD_OUT
      OK: quantizer.spcd ù 4 blocks, 17 instr, 2 regs, 0 RAM

LegacyFileLoadTest > testLoadPatchFile(String) > load: src\test\resources\patches\quantizer.spcd PASSED

LegacyFileLoadTest > testLoadPatchFile(String) > load: src\test\resources\patches\rom-reverb-01-hf-control.spcd STANDARD_OUT
    ; ----------------------------
    ;------ Input
    ;------ Pot 0
    ;------ Pot 2
    ;------ Pot 1
    ;------ ROM_Reverb_1
    SKP RUN ,1
    WLDS 0,12,160
    CHO RDA,0,REG | COMPC,2556
    CHO RDA,0,0,2557
    WRA 2606,0.0
    CHO RDA,0,COS  | REG | COMPC,8348
    CHO RDA,0,COS ,8349
    WRA 8398,0.0
    RDAX POT0,1.0000000000
    SOF 0.8000000000,0.1000000000
    WRAX REG7,0.0000000000
    RDAX -1,1.0000000000
    SOF 0.8000000000,-0.8000000000
    WRAX REG8,0.0000000000
    RDAX POT1,1.0000000000
    SOF 0.8000000000,-0.8000000000
    WRAX REG9,0.0000000000
    RDAX ADCL,0.7079457844
    RDA 1399,-0.55
    WRAP 1243,0.55
    RDA 1623,-0.55
    WRAP 1400,0.55
    RDA 1956,-0.55
    WRAP 1624,0.55
    RDA 2505,-0.55
    WRAP 1957,0.55
    WRAX REG10,0.0000000000
    RDAX ADCR,0.7079457844
    RDA 186,-0.55
    WRAP 0,0.55
    RDA 440,-0.55
    WRAP 187,0.55
    RDA 743,-0.55
    WRAP 441,0.55
    RDA 1242,-0.55
    WRAP 744,0.55
    WRAX REG12,0.0000000000
    RDA 26712,1.0
    MULX REG7
    RDA 6953,-0.65
    WRAP 5510,0.65
    RDA 8297,-0.65
    WRAP 6954,0.65
    WRAX REG6,1.0000000000
    RDFX REG0,0.4470881690
    WRHX REG0,-1.0000000000
    MULX REG8
    RDAX REG6,1.0000000000
    WRAX REG6,1.0000000000
    RDFX REG1,0.0173355684
    WRLX REG1,-1.0000000000
    MULX REG9
    RDAX REG6,1.0000000000
    WRA 14521,0.0
    RDA 18666,1.0
    MULX REG7
    RDAX REG10,1.0000000000
    RDA 9880,-0.65
    WRAP 8298,0.65
    RDA 11862,-0.65
    WRAP 9881,0.65
    WRAX REG6,1.0000000000
    RDFX REG2,0.4470881690
    WRHX REG2,-1.0000000000
    MULX REG8
    RDAX REG6,1.0000000000
    WRAX REG6,1.0000000000
    RDFX REG3,0.0173355684
    WRLX REG3,-1.0000000000
    MULX REG9
    RDAX REG6,1.0000000000
    WRA 18667,0.0
    RDA 22143,1.0
    MULX REG7
    RDA 13137,-0.65
    WRAP 11863,0.65
    RDA 14520,-0.65
    WRAP 13138,0.65
    WRAX REG6,1.0000000000
    RDFX REG4,0.4470881690
    WRHX REG4,-1.0000000000
    MULX REG8
    RDAX REG6,1.0000000000
    WRAX REG6,1.0000000000
    RDFX REG5,0.0173355684
    WRLX REG5,-1.0000000000
    MULX REG9
    RDAX REG6,1.0000000000
    WRA 22144,0.0
    RDA 16464,1.2
    RDA 21867,1.0
    RDA 26160,0.8
    WRAX REG11,0.0000000000
    RDA 17152,0.8
    RDA 19830,1.5
    RDA 25474,1.2
    WRAX REG13,0.0000000000
    ;------ Crossfade 2
    RDAX POT2,-1.0000000000
    SOF -2.0000000000,0.0000000000
    MULX REG13
    WRAX REG15,0.0000000000
    RDAX POT2,1.0000000000
    SOF 1.0000000000,-1.0000000000
    SOF -2.0000000000,0.0000000000
    MULX ADCR
    RDAX REG15,1.0000000000
    WRAX REG14,0.0000000000
    ;------ Crossfade 2
    RDAX POT2,-1.0000000000
    SOF -2.0000000000,0.0000000000
    MULX REG11
    WRAX REG17,0.0000000000
    RDAX POT2,1.0000000000
    SOF 1.0000000000,-1.0000000000
    SOF -2.0000000000,0.0000000000
    MULX ADCL
    RDAX REG17,1.0000000000
    WRAX REG16,0.0000000000
    ;------ Output
    RDAX REG16,1.0000000000
    WRAX DACL,0.0000000000
    RDAX REG14,1.0000000000
    WRAX DACR,0.0000000000

    Optimization complete: saved 2 instruction(s) and 1 register(s).
    Output register optimization complete: saved 4 instruction(s) and 2 register(s).

LegacyFileLoadTest > testLoadPatchFile(String) > load: src\test\resources\patches\rom-reverb-01-hf-control.spcd STANDARD_ERROR
    ----------------------------------------
    Register compaction report:
      Registers before compaction : 16  (highest was REG15 / 0x2f)
      Holes removed               : 1
      Registers after compaction  : 15  (highest is now REG14 / 0x2e)
      OK: all registers fit within REG0ûREG31.
    ----------------------------------------
    SpinFXBlock: numRegs updated to 0x2f (REG15)

LegacyFileLoadTest > testLoadPatchFile(String) > load: src\test\resources\patches\rom-reverb-01-hf-control.spcd STANDARD_OUT
      OK: rom-reverb-01-hf-control.spcd ù 8 blocks, 115 instr, 15 regs, 26694 RAM

LegacyFileLoadTest > testLoadPatchFile(String) > load: src\test\resources\patches\rom-reverb-01-hf-control.spcd PASSED

LegacyFileLoadTest > testLoadPatchFile(String) > load: src\test\resources\patches\rom-reverb-01-lf-control.spcd STANDARD_OUT
    ; ----------------------------
    ;------ Input
    ;------ Pot 0
    ;------ Pot 2
    ;------ Pot 1
    ;------ ROM_Reverb_1
    SKP RUN ,1
    WLDS 0,12,160
    CHO RDA,0,REG | COMPC,2556
    CHO RDA,0,0,2557
    WRA 2606,0.0
    CHO RDA,0,COS  | REG | COMPC,8348
    CHO RDA,0,COS ,8349
    WRA 8398,0.0
    RDAX POT0,1.0000000000
    SOF 0.8000000000,0.1000000000
    WRAX REG7,0.0000000000
    RDAX POT1,1.0000000000
    SOF 0.8000000000,-0.8000000000
    WRAX REG8,0.0000000000
    RDAX -1,1.0000000000
    SOF 0.8000000000,-0.8000000000
    WRAX REG9,0.0000000000
    RDAX ADCL,0.7079457844
    RDA 1399,-0.61
    WRAP 1243,0.61
    RDA 1623,-0.61
    WRAP 1400,0.61
    RDA 1956,-0.61
    WRAP 1624,0.61
    RDA 2505,-0.61
    WRAP 1957,0.61
    WRAX REG10,0.0000000000
    RDAX ADCR,0.7079457844
    RDA 186,-0.61
    WRAP 0,0.61
    RDA 440,-0.61
    WRAP 187,0.61
    RDA 743,-0.61
    WRAP 441,0.61
    RDA 1242,-0.61
    WRAP 744,0.61
    WRAX REG12,0.0000000000
    RDA 26712,1.0
    MULX REG7
    RDA 6953,-0.6
    WRAP 5510,0.6
    RDA 8297,-0.6
    WRAP 6954,0.6
    WRAX REG6,1.0000000000
    RDFX REG0,0.4000000000
    WRHX REG0,-1.0000000000
    MULX REG8
    RDAX REG6,1.0000000000
    WRAX REG6,1.0000000000
    RDFX REG1,0.0076045474
    WRLX REG1,-1.0000000000
    MULX REG9
    RDAX REG6,1.0000000000
    WRA 14521,0.0
    RDA 18666,1.0
    MULX REG7
    RDAX REG10,1.0000000000
    RDA 9880,-0.6
    WRAP 8298,0.6
    RDA 11862,-0.6
    WRAP 9881,0.6
    WRAX REG6,1.0000000000
    RDFX REG2,0.4000000000
    WRHX REG2,-1.0000000000
    MULX REG8
    RDAX REG6,1.0000000000
    WRAX REG6,1.0000000000
    RDFX REG3,0.0076045474
    WRLX REG3,-1.0000000000
    MULX REG9
    RDAX REG6,1.0000000000
    WRA 18667,0.0
    RDA 22143,1.0
    MULX REG7
    RDA 13137,-0.6
    WRAP 11863,0.6
    RDA 14520,-0.6
    WRAP 13138,0.6
    WRAX REG6,1.0000000000
    RDFX REG4,0.4000000000
    WRHX REG4,-1.0000000000
    MULX REG8
    RDAX REG6,1.0000000000
    WRAX REG6,1.0000000000
    RDFX REG5,0.0076045474
    WRLX REG5,-1.0000000000
    MULX REG9
    RDAX REG6,1.0000000000
    WRA 22144,0.0
    RDA 16464,1.2
    RDA 21867,1.0
    RDA 26160,0.8
    WRAX REG11,0.0000000000
    RDA 17152,0.8
    RDA 19830,1.5
    RDA 25474,1.2
    WRAX REG13,0.0000000000
    ;------ Crossfade 2
    RDAX POT2,-1.0000000000
    SOF -2.0000000000,0.0000000000
    MULX REG13
    WRAX REG15,0.0000000000
    RDAX POT2,1.0000000000
    SOF 1.0000000000,-1.0000000000
    SOF -2.0000000000,0.0000000000
    MULX ADCR
    RDAX REG15,1.0000000000
    WRAX REG14,0.0000000000
    ;------ Crossfade 2
    RDAX POT2,-1.0000000000
    SOF -2.0000000000,0.0000000000
    MULX REG11
    WRAX REG17,0.0000000000
    RDAX POT2,1.0000000000
    SOF 1.0000000000,-1.0000000000
    SOF -2.0000000000,0.0000000000
    MULX ADCL
    RDAX REG17,1.0000000000
    WRAX REG16,0.0000000000
    ;------ Output
    RDAX REG16,1.0000000000
    WRAX DACL,0.0000000000
    RDAX REG14,1.0000000000
    WRAX DACR,0.0000000000

    Optimization complete: saved 2 instruction(s) and 1 register(s).
    Output register optimization complete: saved 4 instruction(s) and 2 register(s).

LegacyFileLoadTest > testLoadPatchFile(String) > load: src\test\resources\patches\rom-reverb-01-lf-control.spcd STANDARD_ERROR
    ----------------------------------------
    Register compaction report:
      Registers before compaction : 16  (highest was REG15 / 0x2f)
      Holes removed               : 1
      Registers after compaction  : 15  (highest is now REG14 / 0x2e)
      OK: all registers fit within REG0ûREG31.
    ----------------------------------------
    SpinFXBlock: numRegs updated to 0x2f (REG15)

LegacyFileLoadTest > testLoadPatchFile(String) > load: src\test\resources\patches\rom-reverb-01-lf-control.spcd STANDARD_OUT
      OK: rom-reverb-01-lf-control.spcd ù 8 blocks, 115 instr, 15 regs, 26694 RAM

LegacyFileLoadTest > testLoadPatchFile(String) > load: src\test\resources\patches\rom-reverb-01-lf-control.spcd PASSED

LegacyFileLoadTest > testLoadPatchFile(String) > load: src\test\resources\patches\rom-reverb-01-test.spcd STANDARD_OUT
    ; ----------------------------
    ;------ Input
    ;------ Pot 0
    ;------ Pot 1
    ;------ Pot 2
    ;------ ROM_Reverb_1
    SKP RUN ,1
    WLDS 0,12,160
    CHO RDA,0,REG | COMPC,2556
    CHO RDA,0,0,2557
    WRA 2606,0.0
    CHO RDA,0,COS  | REG | COMPC,8348
    CHO RDA,0,COS ,8349
    WRA 8398,0.0
    RDAX POT1,1.0000000000
    SOF 0.8000000000,0.1000000000
    WRAX REG5,0.0000000000
    RDAX POT2,1.0000000000
    SOF 0.8000000000,-0.8000000000
    WRAX REG6,0.0000000000
    RDAX POT2,1.0000000000
    SOF 0.8000000000,-0.8000000000
    WRAX REG7,0.0000000000
    RDAX ADCL,1.0000000000
    RDA 1399,-0.5
    WRAP 1243,0.5
    RDA 1623,-0.5
    WRAP 1400,0.5
    RDA 1956,-0.5
    WRAP 1624,0.5
    RDA 2505,-0.5
    WRAP 1957,0.5
    WRAX REG8,0.0000000000
    RDAX ADCR,1.0000000000
    RDA 186,-0.5
    WRAP 0,0.5
    RDA 440,-0.5
    WRAP 187,0.5
    RDA 743,-0.5
    WRAP 441,0.5
    RDA 1242,-0.5
    WRAP 744,0.5
    WRAX REG10,0.0000000000
    RDA 22566,1.0
    MULX REG5
    RDAX REG8,1.0000000000
    RDA 9880,-0.6
    WRAP 8298,0.6
    RDA 11862,-0.6
    WRAP 9881,0.6
    WRAX REG4,1.0000000000
    RDFX REG0,0.4000000000
    WRHX REG0,-1.0000000000
    MULX REG6
    RDAX REG4,1.0000000000
    WRAX REG4,1.0000000000
    RDFX REG1,0.0100000000
    WRLX REG1,-1.0000000000
    MULX REG7
    RDAX REG4,1.0000000000
    WRA 14521,0.0
    RDA 17997,1.0
    MULX REG5
    RDA 13137,-0.6
    WRAP 11863,0.6
    RDA 14520,-0.6
    WRAP 13138,0.6
    WRAX REG4,1.0000000000
    RDFX REG2,0.4000000000
    WRHX REG2,-1.0000000000
    MULX REG6
    RDAX REG4,1.0000000000
    WRAX REG4,1.0000000000
    RDFX REG3,0.0100000000
    WRLX REG3,-1.0000000000
    MULX REG7
    RDAX REG4,1.0000000000
    WRA 17998,0.0
    RDA 17721,1.0
    RDA 22014,0.8
    WRAX REG9,0.0000000000
    RDA 15684,1.5
    RDA 21328,1.2
    WRAX REG11,0.0000000000
    ;------ Crossfade 2
    RDAX POT0,-1.0000000000
    SOF -2.0000000000,0.0000000000
    MULX REG11
    WRAX REG13,0.0000000000
    RDAX POT0,1.0000000000
    SOF 1.0000000000,-1.0000000000
    SOF -2.0000000000,0.0000000000
    MULX ADCR
    RDAX REG13,1.0000000000
    WRAX REG12,0.0000000000
    ;------ Crossfade 2
    RDAX POT0,-1.0000000000
    SOF -2.0000000000,0.0000000000
    MULX REG9
    WRAX REG15,0.0000000000
    RDAX POT0,1.0000000000
    SOF 1.0000000000,-1.0000000000
    SOF -2.0000000000,0.0000000000
    MULX ADCL
    RDAX REG15,1.0000000000
    WRAX REG14,0.0000000000
    ;------ Output
    RDAX REG14,1.0000000000
    WRAX DACL,0.0000000000
    RDAX REG12,1.0000000000
    WRAX DACR,0.0000000000

    Optimization complete: saved 2 instruction(s) and 1 register(s).
    Output register optimization complete: saved 4 instruction(s) and 2 register(s).

LegacyFileLoadTest > testLoadPatchFile(String) > load: src\test\resources\patches\rom-reverb-01-test.spcd STANDARD_ERROR
    ----------------------------------------
    Register compaction report:
      Registers before compaction : 14  (highest was REG13 / 0x2d)
      Holes removed               : 1
      Registers after compaction  : 13  (highest is now REG12 / 0x2c)
      OK: all registers fit within REG0ûREG31.
    ----------------------------------------
    SpinFXBlock: numRegs updated to 0x2d (REG13)

LegacyFileLoadTest > testLoadPatchFile(String) > load: src\test\resources\patches\rom-reverb-01-test.spcd STANDARD_OUT
      OK: rom-reverb-01-test.spcd ù 8 blocks, 96 instr, 13 regs, 22549 RAM

LegacyFileLoadTest > testLoadPatchFile(String) > load: src\test\resources\patches\rom-reverb-01-test.spcd PASSED

LegacyFileLoadTest > testLoadPatchFile(String) > load: src\test\resources\patches\rom-reverb-01.spcd STANDARD_OUT
    ; ----------------------------
    ;------ Input
    ;------ Pot 2
    ;------ Pot 0
    ;------ Pot 1
    ;------ ROM_Reverb_1
    SKP RUN ,1
    WLDS 0,12,160
    CHO RDA,0,REG | COMPC,2556
    CHO RDA,0,0,2557
    WRA 2606,0.0
    CHO RDA,0,COS  | REG | COMPC,8348
    CHO RDA,0,COS ,8349
    WRA 8398,0.0
    RDAX POT0,1.0000000000
    SOF 0.8000000000,0.1000000000
    WRAX REG7,0.0000000000
    RDAX POT1,1.0000000000
    SOF 0.8000000000,-0.8000000000
    WRAX REG8,0.0000000000
    RDAX POT2,1.0000000000
    SOF 0.8000000000,-0.8000000000
    WRAX REG9,0.0000000000
    RDAX ADCL,0.5000000000
    RDA 1399,-0.5
    WRAP 1243,0.5
    RDA 1623,-0.5
    WRAP 1400,0.5
    RDA 1956,-0.5
    WRAP 1624,0.5
    RDA 2505,-0.5
    WRAP 1957,0.5
    WRAX REG10,0.0000000000
    RDAX ADCR,0.5000000000
    RDA 186,-0.5
    WRAP 0,0.5
    RDA 440,-0.5
    WRAP 187,0.5
    RDA 743,-0.5
    WRAP 441,0.5
    RDA 1242,-0.5
    WRAP 744,0.5
    WRAX REG12,0.0000000000
    RDA 26712,1.0
    MULX REG7
    RDA 6953,-0.6
    WRAP 5510,0.6
    RDA 8297,-0.6
    WRAP 6954,0.6
    WRAX REG6,1.0000000000
    RDFX REG0,0.4000000000
    WRHX REG0,-1.0000000000
    MULX REG8
    RDAX REG6,1.0000000000
    WRAX REG6,1.0000000000
    RDFX REG1,0.0100000000
    WRLX REG1,-1.0000000000
    MULX REG9
    RDAX REG6,1.0000000000
    WRA 14521,0.0
    RDA 18666,1.0
    MULX REG7
    RDAX REG10,1.0000000000
    RDA 9880,-0.6
    WRAP 8298,0.6
    RDA 11862,-0.6
    WRAP 9881,0.6
    WRAX REG6,1.0000000000
    RDFX REG2,0.4000000000
    WRHX REG2,-1.0000000000
    MULX REG8
    RDAX REG6,1.0000000000
    WRAX REG6,1.0000000000
    RDFX REG3,0.0100000000
    WRLX REG3,-1.0000000000
    MULX REG9
    RDAX REG6,1.0000000000
    WRA 18667,0.0
    RDA 22143,1.0
    MULX REG7
    RDA 13137,-0.6
    WRAP 11863,0.6
    RDA 14520,-0.6
    WRAP 13138,0.6
    WRAX REG6,1.0000000000
    RDFX REG4,0.4000000000
    WRHX REG4,-1.0000000000
    MULX REG8
    RDAX REG6,1.0000000000
    WRAX REG6,1.0000000000
    RDFX REG5,0.0100000000
    WRLX REG5,-1.0000000000
    MULX REG9
    RDAX REG6,1.0000000000
    WRA 22144,0.0
    RDA 16464,1.2
    RDA 21867,1.0
    RDA 26160,0.8
    WRAX REG11,0.0000000000
    RDA 17152,0.8
    RDA 19830,1.5
    RDA 25474,1.2
    WRAX REG13,0.0000000000
    ;------ Output
    RDAX REG11,1.0000000000
    WRAX DACL,0.0000000000
    RDAX REG13,1.0000000000
    WRAX DACR,0.0000000000

    Optimization complete: saved 0 instruction(s) and 0 register(s).
    Output register optimization complete: saved 4 instruction(s) and 2 register(s).

LegacyFileLoadTest > testLoadPatchFile(String) > load: src\test\resources\patches\rom-reverb-01.spcd STANDARD_ERROR
    ----------------------------------------
    Register compaction report:
      Registers before compaction : 13  (highest was REG12 / 0x2c)
      Holes removed               : 1
      Registers after compaction  : 12  (highest is now REG11 / 0x2b)
      OK: all registers fit within REG0ûREG31.
    ----------------------------------------
    SpinFXBlock: numRegs updated to 0x2c (REG12)

LegacyFileLoadTest > testLoadPatchFile(String) > load: src\test\resources\patches\rom-reverb-01.spcd STANDARD_OUT
      OK: rom-reverb-01.spcd ù 6 blocks, 97 instr, 12 regs, 26694 RAM

LegacyFileLoadTest > testLoadPatchFile(String) > load: src\test\resources\patches\rom-reverb-01.spcd PASSED

LegacyFileLoadTest > testLoadPatchFile(String) > load: src\test\resources\patches\rom-reverb-02-hf-control.spcd STANDARD_OUT
    ; ----------------------------
    ;------ Input
    ;------ Pot 0
    ;------ Pot 2
    ;------ Pot 1
    ;------ ROM Reverb 2
    SKP RUN ,1
    WLDS 0,12,160
    CHO RDA,0,REG | COMPC,1313
    CHO RDA,0,0,1314
    WRA 1363,0.0
    CHO RDA,0,COS  | REG | COMPC,6405
    CHO RDA,0,COS ,6406
    WRA 6455,0.0
    RDAX POT0,0.8200000000
    SOF 0.9000000000,0.1000000000
    WRAX REG1,0.0000000000
    SOF 0.0000000000,-0.6000000000
    WRAX REG2,0.0000000000
    RDAX POT1,1.0000000000
    SOF 0.8000000000,-0.8000000000
    WRAX REG3,0.0000000000
    RDAX ADCL,0.5623413252
    RDA 156,-0.6
    WRAP 0,0.6
    RDA 380,-0.6
    WRAP 157,0.6
    WRA 22199,1.0
    RDA 713,-0.6
    WRAP 381,0.6
    RDA 1262,-0.6
    WRAP 714,0.6
    WRAX REG4,0.0000000000
    RDA 22198,1.0
    MULX REG1
    RDAX REG4,1.0000000000
    RDA 2514,-0.63
    WRAP 1263,0.63
    RDA 4066,-0.56
    WRAP 2515,0.56
    WRAX REG7,1.0000000000
    RDFX REG5,0.4546672647
    WRHX REG5,-1.0000000000
    MULX REG3
    RDAX REG7,1.0000000000
    WRAX REG7,1.0000000000
    RDFX REG6,0.0255343791
    WRLX REG6,-1.0000000000
    MULX REG2
    RDAX REG7,1.0000000000
    WRA 11239,0.0
    RDA 14098,1.0
    MULX REG1
    RDAX REG4,1.0000000000
    RDA 5010,-0.63
    WRAP 4067,0.63
    RDA 6354,-0.56
    WRAP 5011,0.56
    WRAX REG7,1.0000000000
    RDFX REG8,0.4546672647
    WRHX REG8,-1.0000000000
    MULX REG3
    RDAX REG7,1.0000000000
    WRAX REG7,1.0000000000
    RDFX REG9,0.0255343791
    WRLX REG9,-1.0000000000
    MULX REG2
    RDAX REG7,1.0000000000
    WRA 14099,0.0
    RDA 17244,1.0
    MULX REG1
    RDAX REG4,1.0000000000
    RDA 7298,-0.63
    WRAP 6355,0.63
    RDA 8680,-0.56
    WRAP 7299,0.56
    WRAX REG7,1.0000000000
    RDFX REG10,0.4546672647
    WRHX REG10,-1.0000000000
    MULX REG3
    RDAX REG7,1.0000000000
    WRAX REG7,1.0000000000
    RDFX REG11,0.0255343791
    WRLX REG11,-1.0000000000
    MULX REG2
    RDAX REG7,1.0000000000
    WRA 17245,0.0
    RDA 19721,1.0
    MULX REG1
    RDAX REG4,1.0000000000
    RDA 9855,-0.63
    WRAP 8681,0.63
    RDA 11238,-0.56
    WRAP 9856,0.56
    WRAX REG7,1.0000000000
    RDFX REG12,0.4546672647
    WRHX REG12,-1.0000000000
    MULX REG3
    RDAX REG7,1.0000000000
    WRAX REG7,1.0000000000
    RDFX REG13,0.0255343791
    WRLX REG13,-1.0000000000
    MULX REG2
    RDAX REG7,1.0000000000
    WRA 19722,0.0
    RDA 13869,0.8
    RDA 16042,0.7
    RDA 18445,0.6
    RDA 21828,0.5
    RDA 22379,0.8
    RDA 23393,0.7
    RDA 24766,0.6
    RDA 25144,0.5
    WRAX REG0,0.0000000000
    ;------ Crossfade 2
    RDAX POT2,-1.0000000000
    SOF -2.0000000000,0.0000000000
    MULX REG0
    WRAX REG15,0.0000000000
    RDAX POT2,1.0000000000
    SOF 1.0000000000,-1.0000000000
    SOF -2.0000000000,0.0000000000
    MULX ADCR
    RDAX REG15,1.0000000000
    WRAX REG14,0.0000000000
    ;------ Crossfade 2
    RDAX POT2,-1.0000000000
    SOF -2.0000000000,0.0000000000
    MULX REG0
    WRAX REG17,0.0000000000
    RDAX POT2,1.0000000000
    SOF 1.0000000000,-1.0000000000
    SOF -2.0000000000,0.0000000000
    MULX ADCL
    RDAX REG17,1.0000000000
    WRAX REG16,0.0000000000
    ;------ Output
    RDAX REG16,1.0000000000
    WRAX DACL,0.0000000000
    RDAX REG14,1.0000000000
    WRAX DACR,0.0000000000

    Optimization complete: saved 2 instruction(s) and 1 register(s).
    Output register optimization complete: saved 4 instruction(s) and 2 register(s).

LegacyFileLoadTest > testLoadPatchFile(String) > load: src\test\resources\patches\rom-reverb-02-hf-control.spcd STANDARD_ERROR
    ----------------------------------------
    Register compaction report:
      Registers before compaction : 16  (highest was REG15 / 0x2f)
      Holes removed               : 1
      Registers after compaction  : 15  (highest is now REG14 / 0x2e)
      OK: all registers fit within REG0ûREG31.
    ----------------------------------------
    SpinFXBlock: numRegs updated to 0x2f (REG15)

LegacyFileLoadTest > testLoadPatchFile(String) > load: src\test\resources\patches\rom-reverb-02-hf-control.spcd STANDARD_OUT
      OK: rom-reverb-02-hf-control.spcd ù 8 blocks, 126 instr, 15 regs, 25183 RAM

LegacyFileLoadTest > testLoadPatchFile(String) > load: src\test\resources\patches\rom-reverb-02-hf-control.spcd PASSED

LegacyFileLoadTest > testLoadPatchFile(String) > load: src\test\resources\patches\room-reverb.spcd STANDARD_OUT
    ; ----------------------------
    ;------ Input
    ;------ Pot 0
    ;------ Mixer 2:1
    RDAX ADCL,1.0000000000
    RDAX ADCR,1.0000000000
    WRAX REG0,0.0000000000
    ;------ Pot 1
    ;------ Pot 2
    ;------ Reverb_Room
    SKP RUN ,6
    WRAX REG7,0.0000000000
    WRAX REG8,0.0000000000
    WRAX REG11,0.0000000000
    WRAX REG12,0.0000000000
    WRAX REG13,0.0000000000
    WLDS 0,14,100
    SOF 0.0000000000,0.0250000000
    WRAX ADDR_PTR,0.0000000000
    RDAX REG0,0.6309573445
    WRA 0,0.0
    RMPA 1.0
    WRA 3277,1.0
    RDA 7751,0.4
    WRAP 7278,-0.4
    RDA 8288,0.4
    WRAP 7752,-0.4
    RDA 8956,0.4
    WRAP 8289,-0.4
    RDA 9748,0.4
    WRAP 8957,-0.4
    WRAX REG2,0.0000000000
    RDA 26685,0.59
    MULX POT1
    RDAX REG2,1.0000000000
    RDA 11642,0.69
    WRAP 10764,-0.69
    RDA 12930,-0.69
    WRAP 11643,0.69
    RDFX REG11,0.0200000000
    WRHX REG11,-0.5000000000
    WRAX REG3,-1.0000000000
    RDFX REG7,0.5000000000
    WRHX REG7,-1.0000000000
    MULX POT2
    RDAX REG3,1.0000000000
    WRA 12931,0.0
    RDA 14467,-0.59
    MULX POT1
    RDAX REG2,1.0000000000
    RDA 15436,0.69
    WRAP 14468,-0.69
    RDA 16804,0.69
    WRAP 15437,-0.69
    RDFX REG12,0.0200000000
    WRHX REG12,-0.5000000000
    WRAX REG3,-1.0000000000
    RDFX REG8,0.5000000000
    WRHX REG8,-1.0000000000
    MULX POT2
    RDAX REG3,1.0000000000
    WRA 16805,0.0
    RDA 18696,-1.0
    MULX POT1
    RDAX REG2,1.0000000000
    RDA 19375,0.69
    WRAP 18697,-0.69
    RDA 20503,0.69
    WRAP 19376,-0.69
    RDFX REG12,0.0500000000
    WRHX REG12,-0.5000000000
    WRAX REG3,-1.0000000000
    RDFX REG9,0.5000000000
    WRHX REG9,-1.0000000000
    MULX REG6
    RDAX REG3,1.0000000000
    WRA 20504,0.0
    RDA 22440,-1.0
    MULX POT1
    RDAX REG2,1.0000000000
    RDA 23704,0.69
    WRAP 22441,-0.69
    RDA 24903,0.69
    WRAP 23705,-0.69
    WRAX REG3,-1.0000000000
    RDFX REG10,0.5000000000
    WRHX REG10,-1.0000000000
    MULX REG6
    RDAX REG3,1.0000000000
    WRA 24904,0.0
    RDA 3377,1.0
    RDA 10201,0.5
    WRAP 9749,-0.5
    WRAX REG3,1.0000000000
    RDFX REG13,0.1000000000
    WRHX REG13,-1.0000000000
    MULX POT2
    RDAX REG3,1.0000000000
    WRA 3378,0.0
    RDA 4277,1.0
    RDA 10763,0.5
    WRAP 10202,-0.5
    WRA 4278,0.0
    RDA 3978,0.7
    RDA 4233,0.6
    RDA 3686,0.5
    RDA 4600,0.4
    RDA 12931,1.5
    WRAX REG4,0.0000000000
    RDA 3859,0.7
    RDA 4233,0.6
    RDA 4324,0.5
    RDA 4600,0.4
    RDA 20504,1.5
    WRAX REG5,0.0000000000
    CHO RDA,0,REG | COMPC,11743
    CHO RDA,0,0,11744
    WRA 11843,0.0
    CHO RDA,0,COS  | REG | COMPC,19476
    CHO RDA,0,COS ,19477
    WRA 19576,0.0
    ;------ Crossfade
    RDAX ADCL,-0.5000000000
    RDAX REG4,0.5000000000
    MULX POT0
    RDAX ADCL,0.5000000000
    WRAX REG14,0.0000000000
    ;------ Crossfade
    RDAX ADCR,-0.5000000000
    RDAX REG5,0.5000000000
    MULX POT0
    RDAX ADCR,0.5000000000
    WRAX REG15,0.0000000000
    ;------ Output
    RDAX REG14,1.0000000000
    WRAX DACL,0.0000000000
    RDAX REG15,1.0000000000
    WRAX DACR,0.0000000000

    Optimization complete: saved 0 instruction(s) and 0 register(s).
    Output register optimization complete: saved 4 instruction(s) and 2 register(s).

LegacyFileLoadTest > testLoadPatchFile(String) > load: src\test\resources\patches\room-reverb.spcd STANDARD_ERROR
    ----------------------------------------
    Register compaction report:
      Registers before compaction : 14  (highest was REG13 / 0x2d)
      Holes removed               : 1
      Registers after compaction  : 13  (highest is now REG12 / 0x2c)
      OK: all registers fit within REG0ûREG31.
    ----------------------------------------
    SpinFXBlock: numRegs updated to 0x2d (REG13)

LegacyFileLoadTest > testLoadPatchFile(String) > load: src\test\resources\patches\room-reverb.spcd STANDARD_OUT
      OK: room-reverb.spcd ù 9 blocks, 124 instr, 13 regs, 26666 RAM

LegacyFileLoadTest > testLoadPatchFile(String) > load: src\test\resources\patches\room-reverb.spcd PASSED

LegacyFileLoadTest > testLoadPatchFile(String) > load: src\test\resources\patches\SVF-Harmonic Trem.spcd STANDARD_OUT
    Scale Offset code gen!
    Power control code gen! Power:2.0
    Envelope control code gen!
    Scale Offset code gen!
    Scale Offset code gen!
    SVF 2P code gen!
    ; ----------------------------
    ;------ Input
    ;------ Pot 0
    ;------ Pot 1
    ;------ Scale/Offset
    RDAX POT0,1.0000000000
    SOF 0.4100000000,0.2700000000
    WRAX REG0,0.0000000000
    ;------ Pot 2
    ;------ Power
    RDAX POT1,1.0000000000
    ;------ ---Invert
    SOF -0.9990234375,0.9990234375
    WRAX REG1,1.0000000000
    MULX REG1
    ;------ ---Flip
    SOF -0.9990234375,0.9990234375
    WRAX REG2,0.0000000000
    ;------ Envelope
    RDAX ADCL,1.0000000000
    MULX POT2
    ABSA
    SOF -2.0000000000,0.0000000000
    SOF -2.0000000000,0.0000000000
    SOF -2.0000000000,0.0000000000
    SOF -1.0000000000,0.0000000000
    RDFX REG3,0.0001961947
    WRAX REG3,0.0000000000
    RDAX REG4,1.0000000000
    SOF -0.0000983351,0.0000000000
    RDAX REG4,1.0000000000
    WRAX REG5,0.0000000000
    RDAX REG3,1.0000000000
    MAXX REG5,1.0000000000
    WRAX REG4,0.0000000000
    ;------ Mixer 2:1
    RDAX REG0,1.0000000000
    WRAX REG6,0.0000000000
    RDAX REG3,1.0000000000
    RDAX REG6,1.0000000000
    WRAX REG6,0.0000000000
    ;------ LFO 0
    SKP RUN ,1
    WLDS 0,339,32767
    RDAX REG6,0.6634050881
    WRAX SIN0_RATE,0.0000000000
    CHO RDAL,0
    WRAX REG7,0.0000000000
    CHO RDAL,8
    WRAX REG8,0.0000000000
    ;------ Scale/Offset
    RDAX REG7,1.0000000000
    SOF 0.5000000000,0.5000000000
    WRAX REG9,0.0000000000
    ;------ Scale/Offset
    RDAX REG8,1.0000000000
    SOF 0.2100000000,0.7900000000
    WRAX REG10,0.0000000000
    ;------ Tremolizer
    RDAX REG9,0.9900000000
    MULX REG2
    SOF -0.9990000000,0.9990000000
    WRAX REG11,0.0000000000
    ;------ SVF 2P
    SOF 0.0000000000,0.0000000000
    RDAX ADCL,1.0000000000
    RDAX REG14,-1.0000000000
    RDAX REG13,-0.3333333333
    WRAX REG12,0.2871637933
    MULX REG10
    RDAX REG13,1.0000000000
    WRAX REG13,0.2871637933
    MULX REG10
    RDAX REG14,1.0000000000
    WRAX REG14,0.0000000000
    ;------ Crossfade 3
    RDAX REG7,1.0000000000
    SOF 1.0000000000,-0.5000000000
    SKP NEG,10
    RDAX REG7,0.5860000000
    SOF 1.0000000000,0.4140000000
    MULX REG12
    WRAX REG16,0.0000000000
    RDAX REG7,1.0000000000
    SOF 0.7070000000,-0.7070000000
    SOF -2.0000000000,0.0000000000
    MULX REG14
    RDAX REG16,1.0000000000
    SKP RUN ,8
    CLR
    RDAX REG7,1.4140000000
    MULX REG12
    WRAX REG16,0.0000000000
    RDAX REG7,-0.5860000000
    SOF 0.9990000000,0.9990000000
    MULX REG14
    RDAX REG16,1.0000000000
    WRAX REG15,0.0000000000
    ;------ Volume
    RDAX REG15,0.6309573445
    MULX REG11
    WRAX REG17,0.0000000000
    ;------ Output
    RDAX REG17,1.0000000000
    RDAX REG17,1.0000000000
    WRAX DACL,1.0000000000
    WRAX DACR,0.0000000000

    Optimization complete: saved 2 instruction(s) and 1 register(s).

LegacyFileLoadTest > testLoadPatchFile(String) > load: src\test\resources\patches\SVF-Harmonic Trem.spcd STANDARD_ERROR
    ----------------------------------------
    Register compaction report:
      Registers before compaction : 18  (highest was REG17 / 0x31)
      Holes removed               : 1
      Registers after compaction  : 17  (highest is now REG16 / 0x30)
      OK: all registers fit within REG0ûREG31.
    ----------------------------------------
    SpinFXBlock: numRegs updated to 0x31 (REG17)

LegacyFileLoadTest > testLoadPatchFile(String) > load: src\test\resources\patches\SVF-Harmonic Trem.spcd STANDARD_OUT
      OK: SVF-Harmonic Trem.spcd ù 16 blocks, 86 instr, 17 regs, 0 RAM

LegacyFileLoadTest > testLoadPatchFile(String) > load: src\test\resources\patches\SVF-Harmonic Trem.spcd PASSED

LegacyFileLoadTest > testLoadPatchFile(String) > load: src\test\resources\patches\t-over-x-test.spcd STANDARD_OUT
    ; ----------------------------
    ;------ Input
    ;------ Pot 0
    ;------ Volume
    RDAX ADCL,1.0000000000
    MULX POT0
    WRAX REG0,0.0000000000
    ;------ ToverX
    RDAX REG0,1.0000000000
    LOG -1.0,-0.1875
    EXP 1.0,0.0
    WRAX REG1,1.0000000000
    MULX REG1
    RDAX REG1,-2.0000000000
    MULX REG0
    RDAX REG2,0.7500000000
    WRAX REG2,1.0000000000
    LOG -1.0,-0.1875
    EXP 1.0,0.0
    WRAX REG1,1.0000000000
    MULX REG1
    RDAX REG1,-2.0000000000
    MULX REG2
    RDAX REG3,0.7500000000
    WRAX REG3,1.0000000000
    LOG -1.0,-0.1875
    EXP 1.0,0.0
    WRAX REG1,1.0000000000
    MULX REG1
    RDAX REG1,-2.0000000000
    MULX REG3
    RDAX REG4,0.7500000000
    WRAX REG4,1.0000000000
    LOG -1.0,-0.1875
    EXP 1.0,0.0
    WRAX REG1,1.0000000000
    MULX REG1
    RDAX REG1,-2.0000000000
    MULX REG4
    SOF -2.0000000000,0.0000000000
    SOF 1.9990000000,0.0000000000
    WRAX REG5,0.0000000000
    ;------ Pot 1
    ;------ Volume
    RDAX REG5,1.0000000000
    MULX POT1
    WRAX REG6,0.0000000000
    ;------ Output
    RDAX REG6,1.0000000000
    WRAX DACL,0.0000000000

    Optimization complete: saved 5 instruction(s) and 2 register(s).

LegacyFileLoadTest > testLoadPatchFile(String) > load: src\test\resources\patches\t-over-x-test.spcd STANDARD_ERROR
    ----------------------------------------
    Register compaction report:
      Registers before compaction : 5  (highest was REG4 / 0x24)
      Holes removed               : 0
      Registers after compaction  : 5  (highest is now REG4 / 0x24)
      OK: all registers fit within REG0ûREG31.
    ----------------------------------------
    SpinFXBlock: numRegs updated to 0x25 (REG5)

LegacyFileLoadTest > testLoadPatchFile(String) > load: src\test\resources\patches\t-over-x-test.spcd STANDARD_OUT
      OK: t-over-x-test.spcd ù 7 blocks, 37 instr, 5 regs, 0 RAM

LegacyFileLoadTest > testLoadPatchFile(String) > load: src\test\resources\patches\t-over-x-test.spcd PASSED

LegacyFileLoadTest > testLoadPatchFile(String) > load: src\test\resources\patches\test-001.spcd STANDARD_OUT
    Scale Offset code gen!
    Power control code gen! Power:3.0
    ; ----------------------------
    ;------ Input
    ;------ Pot 0
    ;------ Pot 2
    ;------ Scale/Offset
    RDAX POT2,1.0000000000
    SOF 0.8000000000,0.2000000000
    WRAX REG0,0.0000000000
    ;------ Pot 1
    ;------ LFO 0
    SKP RUN ,1
    WLDS 0,272,32767
    RDAX REG0,0.5322896282
    WRAX SIN0_RATE,0.0000000000
    CHO RDAL,0
    SOF 0.5000000000,0.5000000000
    WRAX REG1,0.0000000000
    ;------ Power
    RDAX REG1,1.0000000000
    ;------ ---Invert
    SOF -0.9990234375,0.9990234375
    WRAX REG2,1.0000000000
    MULX REG2
    MULX REG2
    ;------ ---Flip
    SOF -0.9990234375,0.9990234375
    WRAX REG3,0.0000000000
    ;------ Chorus
    SKP RUN ,1
    WLDS 1,50,64
    RDAX POT1,0.0033412466
    WRAX SIN1_RANGE,0.0000000000
    RDAX REG0,0.2610763209
    WRAX SIN1_RATE,0.0000000000
    LDAX ADCL
    WRA 0,0.0
    CHO RDA,1,REG | COMPC,224
    CHO RDA,1,0,225
    WRAX REG4,0.0000000000
    ;------ Tremolizer
    RDAX REG3,0.9900000000
    MULX POT0
    SOF -0.9990000000,0.9990000000
    WRAX REG5,0.0000000000
    ;------ Volume
    RDAX REG4,1.0000000000
    MULX REG5
    WRAX REG6,0.0000000000
    ;------ LFO Value
    CHO RDAL,0
    WRAX REG7,0.0000000000
    ;------ Output
    RDAX REG7,1.0000000000
    WRAX DACL,0.0000000000
    RDAX REG6,1.0000000000
    WRAX DACR,0.0000000000

    Optimization complete: saved 4 instruction(s) and 2 register(s).
    Output register optimization complete: saved 2 instruction(s) and 1 register(s).

LegacyFileLoadTest > testLoadPatchFile(String) > load: src\test\resources\patches\test-001.spcd STANDARD_ERROR
    ----------------------------------------
    Register compaction report:
      Registers before compaction : 6  (highest was REG5 / 0x25)
      Holes removed               : 1
      Registers after compaction  : 5  (highest is now REG4 / 0x24)
      OK: all registers fit within REG0ûREG31.
    ----------------------------------------
    SpinFXBlock: numRegs updated to 0x25 (REG5)

LegacyFileLoadTest > testLoadPatchFile(String) > load: src\test\resources\patches\test-001.spcd STANDARD_OUT
      OK: test-001.spcd ù 12 blocks, 35 instr, 5 regs, 447 RAM

LegacyFileLoadTest > testLoadPatchFile(String) > load: src\test\resources\patches\test-001.spcd PASSED

LegacyFileLoadTest > testLoadPatchFile(String) > load: src\test\resources\patches\test-002.spcd STANDARD_OUT
    ; ----------------------------
    ;------ Input
    ;------ LFO Value
    CHO RDAL,0
    WRAX REG0,0.0000000000
    ;------ Pot 0
    ;------ Pot 1
    ;------ Pot 2
    ;------ LFO 0
    SKP RUN ,1
    WLDS 0,511,32767
    RDAX POT0,1.0000000000
    WRAX SIN0_RATE,0.0000000000
    RDAX POT1,1.0000000000
    WRAX SIN0_RANGE,0.0000000000
    CHO RDAL,0
    SOF 0.5000000000,0.5000000000
    WRAX REG1,0.0000000000
    ;------ Volume
    RDAX ADCL,1.0000000000
    MULX REG1
    WRAX REG2,0.0000000000
    ;------ Output
    RDAX REG0,1.0000000000
    WRAX DACL,0.0000000000
    RDAX REG2,1.0000000000
    WRAX DACR,0.0000000000

    Optimization complete: saved 0 instruction(s) and 0 register(s).
    Output register optimization complete: saved 4 instruction(s) and 2 register(s).

LegacyFileLoadTest > testLoadPatchFile(String) > load: src\test\resources\patches\test-002.spcd STANDARD_ERROR
    ----------------------------------------
    Register compaction report:
      Registers before compaction : 2  (highest was REG1 / 0x21)
      Holes removed               : 1
      Registers after compaction  : 1  (highest is now REG0 / 0x20)
      OK: all registers fit within REG0ûREG31.
    ----------------------------------------
    SpinFXBlock: numRegs updated to 0x21 (REG1)

LegacyFileLoadTest > testLoadPatchFile(String) > load: src\test\resources\patches\test-002.spcd STANDARD_OUT
      OK: test-002.spcd ù 8 blocks, 14 instr, 1 regs, 0 RAM

LegacyFileLoadTest > testLoadPatchFile(String) > load: src\test\resources\patches\test-002.spcd PASSED

LegacyFileLoadTest > testLoadPatchFile(String) > load: src\test\resources\patches\test-003.spcd STANDARD_OUT
    ; ----------------------------
    ;------ Input
    ;------ LFO Value
    CHO RDAL,0
    WRAX REG0,0.0000000000
    ;------ Pot 0
    ;------ Pot 1
    ;------ Pot 2
    ;------ LFO 0
    SKP RUN ,1
    WLDS 0,511,32767
    RDAX POT0,1.0000000000
    WRAX SIN0_RATE,0.0000000000
    RDAX POT1,1.0000000000
    WRAX SIN0_RANGE,0.0000000000
    CHO RDAL,0
    SOF 0.5000000000,0.5000000000
    WRAX REG1,0.0000000000
    ;------ Volume
    RDAX ADCL,1.0000000000
    MULX REG1
    WRAX REG2,0.0000000000
    ;------ Output
    RDAX REG0,1.0000000000
    WRAX DACL,0.0000000000
    RDAX REG2,1.0000000000
    WRAX DACR,0.0000000000

    Optimization complete: saved 0 instruction(s) and 0 register(s).
    Output register optimization complete: saved 4 instruction(s) and 2 register(s).

LegacyFileLoadTest > testLoadPatchFile(String) > load: src\test\resources\patches\test-003.spcd STANDARD_ERROR
    ----------------------------------------
    Register compaction report:
      Registers before compaction : 2  (highest was REG1 / 0x21)
      Holes removed               : 1
      Registers after compaction  : 1  (highest is now REG0 / 0x20)
      OK: all registers fit within REG0ûREG31.
    ----------------------------------------
    SpinFXBlock: numRegs updated to 0x21 (REG1)

LegacyFileLoadTest > testLoadPatchFile(String) > load: src\test\resources\patches\test-003.spcd STANDARD_OUT
      OK: test-003.spcd ù 8 blocks, 14 instr, 1 regs, 0 RAM

LegacyFileLoadTest > testLoadPatchFile(String) > load: src\test\resources\patches\test-003.spcd PASSED

LegacyFileLoadTest > testLoadPatchFile(String) > load: src\test\resources\patches\toomany.spcd STANDARD_OUT
    ; ----------------------------
    ;------ Input
    ;------ ToverX
    RDAX ADCR,1.0000000000
    LOG -1.0,-0.1875
    EXP 1.0,0.0
    WRAX REG0,1.0000000000
    MULX REG0
    RDAX REG0,-2.0000000000
    MULX ADCR
    RDAX REG1,0.4000000000
    WRAX REG1,1.0000000000
    ;------ Soft_Knee_Limiter
    RDAX ADCL,1.0000000000
    WRAX REG2,1.0000000000
    MULX REG2
    RDFX REG3,0.0010000000
    WRAX REG3,0.0000000000
    SOF 0.0000000000,0.1250000000
    RDAX REG3,1.0000000000
    LOG -0.4,-0.25
    EXP 1.0,0.0
    WRAX REG4,1.0000000000
    MULX ADCL
    SOF -2.0000000000,0.0000000000
    SOF -2.0000000000,0.0000000000
    SOF 1.5000000000,0.0000000000
    WRAX REG5,0.0000000000
    ;------ Soft_Knee_Limiter
    RDAX REG4,1.0000000000
    WRAX REG7,1.0000000000
    MULX REG7
    RDFX REG8,0.0010000000
    WRAX REG8,0.0000000000
    SOF 0.0000000000,0.1250000000
    RDAX REG8,1.0000000000
    LOG -0.4,-0.25
    EXP 1.0,0.0
    WRAX REG9,1.0000000000
    MULX REG4
    SOF -2.0000000000,0.0000000000
    SOF -2.0000000000,0.0000000000
    SOF 1.5000000000,0.0000000000
    WRAX REG10,0.0000000000
    ;------ Pot 0
    ;------ Pot 1
    ;------ Aliaser
    SKP RUN ,4
    CLR
    WRAX REG12,0.0000000000
    WRAX REG13,0.0000000000
    WRAX REG14,0.0000000000
    CLR
    RDAX POT0,1.0000000000
    SOF 0.0980000000,0.0020000000
    RDAX REG14,1.0000000000
    WRAX REG14,1.0000000000
    SOF 1.0000000000,-0.5000000000
    SKP NEG,5
    WRAX REG14,0.0000000000
    RDAX REG13,1.0000000000
    WRAX REG12,0.0000000000
    RDAX REG5,1.0000000000
    WRAX REG13,0.0000000000
    CLR
    ;------ ToverX
    RDAX REG12,1.0000000000
    LOG -1.0,-0.1875
    EXP 1.0,0.0
    WRAX REG18,1.0000000000
    MULX REG18
    RDAX REG18,-2.0000000000
    MULX REG12
    RDAX REG19,0.4000000000
    WRAX REG19,1.0000000000
    ;------ Aliaser
    SKP RUN ,4
    CLR
    WRAX REG20,0.0000000000
    WRAX REG21,0.0000000000
    WRAX REG22,0.0000000000
    CLR
    RDAX POT1,1.0000000000
    SOF 0.0980000000,0.0020000000
    RDAX REG22,1.0000000000
    WRAX REG22,1.0000000000
    SOF 1.0000000000,-0.5000000000
    SKP NEG,5
    WRAX REG22,0.0000000000
    RDAX REG21,1.0000000000
    WRAX REG20,0.0000000000
    RDAX REG10,1.0000000000
    WRAX REG21,0.0000000000
    CLR
    RDAX REG21,1.0000000000
    MULX REG22
    WRAX REG23,1.0000000000
    RDAX REG23,1.0000000000
    WRAX REG23,0.0000000000
    RDAX REG22,-1.0000000000
    SOF 1.0000000000,0.5000000000
    WRAX REG24,0.0000000000
    RDAX REG20,1.0000000000
    MULX REG24
    WRAX REG24,1.0000000000
    RDAX REG24,1.0000000000
    RDAX REG23,1.0000000000
    WRAX REG24,1.0000000000
    ABSA
    WRAX REG23,0.0000000000
    RDAX REG24,1.0000000000
    SKP GEZ,4
    CLR
    RDAX REG23,1.0000000000
    SOF -1.0000000000,0.0000000000
    WRAX REG23,0.0000000000
    CLR
    RDAX REG23,1.0000000000
    WRAX REG25,0.0000000000
    ;------ Multiply
    RDAX REG25,1.0000000000
    MULX REG25
    WRAX REG26,0.0000000000
    ;------ Output
    RDAX REG20,1.0000000000
    WRAX DACL,0.0000000000
    RDAX REG26,1.0000000000
    WRAX DACR,0.0000000000

    Optimization complete: saved 1 instruction(s) and 0 register(s).
    Output register optimization complete: saved 2 instruction(s) and 1 register(s).

LegacyFileLoadTest > testLoadPatchFile(String) > load: src\test\resources\patches\toomany.spcd STANDARD_ERROR
    ----------------------------------------
    Register compaction report:
      Registers before compaction : 26  (highest was REG25 / 0x39)
      Holes removed               : 5
      Registers after compaction  : 21  (highest is now REG20 / 0x34)
      OK: all registers fit within REG0ûREG31.
    ----------------------------------------
    SpinFXBlock: numRegs updated to 0x35 (REG21)

LegacyFileLoadTest > testLoadPatchFile(String) > load: src\test\resources\patches\toomany.spcd STANDARD_OUT
      OK: toomany.spcd ù 11 blocks, 113 instr, 21 regs, 0 RAM

LegacyFileLoadTest > testLoadPatchFile(String) > load: src\test\resources\patches\toomany.spcd PASSED

LegacyFileLoadTest > testLoadPatchFile(String) > load: src\test\resources\patches\tremolo-delay-001.spcd STANDARD_OUT
    Scale Offset code gen!
    Scale Offset code gen!
    Scale Offset code gen!
    ; ----------------------------
    ;------ Input
    ;------ Pot 2
    ;------ Pot 0
    ;------ Pot 1
    ;------ Scale/Offset
    RDAX POT2,1.0000000000
    SOF 0.8500000000,0.1500000000
    WRAX REG0,0.0000000000
    ;------ Smoother
    RDAX POT0,1.0000000000
    RDFX REG2,0.0001873653
    WRAX REG2,0.0000000000
    ;------ Scale/Offset
    RDAX REG2,1.0000000000
    SOF 0.6900000000,0.3100000000
    WRAX REG3,0.0000000000
    ;------ LFO 0
    SKP RUN ,1
    WLDS 0,126,8192
    RDAX REG3,0.2465753425
    WRAX SIN0_RATE,0.0000000000
    CHO RDAL,0
    SOF 0.5000000000,0.5000000000
    WRAX REG4,0.0000000000
    ;------ Volume
    RDAX ADCL,1.0000000000
    WRAX REG5,0.0000000000
    ;------ Scale/Offset
    RDAX REG2,1.0000000000
    SOF 0.7500000000,0.0000000000
    WRAX REG6,0.0000000000
    ;------ Feedback Output
    ;------ ThreeTap
    RDAX REG7,0.7079457844
    MULX POT1
    RDAX REG5,1.0000000000
    WRA 0,0.0
    CLR
    OR $007FFF00
    MULX REG6
    SOF 0.4746520996,0.0250122070
    WRAX ADDR_PTR,0.0000000000
    RMPA 1.0
    WRAX REG8,0.0000000000
    ;------ Servo Flanger
    SKP RUN ,1
    WLDR 0, 0, 4096
    CLR
    RDAX REG8,1.0000000000
    WRA 16373,0.0
    CHO RDAL,2
    RDAX REG4,-0.2500000000
    WRAX RMP0_RATE,0.0000000000
    CHO RDA,2,REG | COMPC,16373
    CHO RDA,2,0,16374
    RDFX REG10,0.2500000000
    WRLX REG10,-1.0000000000
    WRAX REG9,0.0000000000
    ;------ Mixer 2:1
    RDAX REG5,1.0000000000
    WRAX REG11,0.0000000000
    RDAX REG8,0.5011872336
    MULX REG0
    RDAX REG11,1.0000000000
    WRAX REG11,0.0000000000
    ;------ Output
    RDAX REG11,1.0000000000
    RDAX REG11,1.0000000000
    WRAX DACL,1.0000000000
    WRAX DACR,0.0000000000
    ;------ FB In 2
    RDAX REG9,1.0000000000
    WRAX REG7,0.0000000000

    Optimization complete: saved 2 instruction(s) and 0 register(s).

LegacyFileLoadTest > testLoadPatchFile(String) > load: src\test\resources\patches\tremolo-delay-001.spcd STANDARD_ERROR
    ----------------------------------------
    Register compaction report:
      Registers before compaction : 12  (highest was REG11 / 0x2b)
      Holes removed               : 1
      Registers after compaction  : 11  (highest is now REG10 / 0x2a)
      OK: all registers fit within REG0ûREG31.
    ----------------------------------------
    SpinFXBlock: numRegs updated to 0x2b (REG11)

LegacyFileLoadTest > testLoadPatchFile(String) > load: src\test\resources\patches\tremolo-delay-001.spcd STANDARD_OUT
      OK: tremolo-delay-001.spcd ù 16 blocks, 55 instr, 11 regs, 20468 RAM

LegacyFileLoadTest > testLoadPatchFile(String) > load: src\test\resources\patches\tremolo-delay-001.spcd PASSED

LegacyFileLoadTest > testLoadPatchFile(String) > load: src\test\resources\patches\tremolo.spcd STANDARD_OUT
    Scale Offset code gen!
    Power control code gen! Power:3.0
    ; ----------------------------
    ;------ Input
    ;------ Pot 0
    ;------ Pot 1
    ;------ Scale/Offset
    RDAX POT0,1.0000000000
    SOF 0.5500000000,0.4500000000
    WRAX REG0,0.0000000000
    ;------ LFO 0
    SKP RUN ,1
    WLDS 0,201,32767
    RDAX REG0,0.3933463796
    WRAX SIN0_RATE,0.0000000000
    CHO RDAL,0
    SOF 0.5000000000,0.5000000000
    WRAX REG1,0.0000000000
    ;------ Power
    RDAX POT1,1.0000000000
    ;------ ---Invert
    SOF -0.9990234375,0.9990234375
    WRAX REG2,1.0000000000
    MULX REG2
    MULX REG2
    ;------ ---Flip
    SOF -0.9990234375,0.9990234375
    WRAX REG3,0.0000000000
    ;------ Tremolizer
    RDAX REG1,0.9900000000
    MULX REG3
    SOF -0.9990000000,0.9990000000
    WRAX REG4,0.0000000000
    ;------ Volume
    RDAX ADCL,1.0000000000
    MULX REG4
    WRAX REG5,0.0000000000
    ;------ Output
    RDAX REG5,1.0000000000
    RDAX REG5,1.0000000000
    WRAX DACL,1.0000000000
    WRAX DACR,0.0000000000

    Optimization complete: saved 1 instruction(s) and 0 register(s).

LegacyFileLoadTest > testLoadPatchFile(String) > load: src\test\resources\patches\tremolo.spcd STANDARD_ERROR
    ----------------------------------------
    Register compaction report:
      Registers before compaction : 6  (highest was REG5 / 0x25)
      Holes removed               : 0
      Registers after compaction  : 6  (highest is now REG5 / 0x25)
      OK: all registers fit within REG0ûREG31.
    ----------------------------------------
    SpinFXBlock: numRegs updated to 0x26 (REG6)

LegacyFileLoadTest > testLoadPatchFile(String) > load: src\test\resources\patches\tremolo.spcd STANDARD_OUT
      OK: tremolo.spcd ù 9 blocks, 27 instr, 6 regs, 0 RAM

LegacyFileLoadTest > testLoadPatchFile(String) > load: src\test\resources\patches\tremolo.spcd PASSED

LegacyFileLoadTest > testLoadPatchFile(String) > load: src\test\resources\patches\tremolo=filter=envelope.spcd STANDARD_OUT
    Scale Offset code gen!
    Power control code gen! Power:2.0
    Envelope control code gen!
    Scale Offset code gen!
    Scale Offset code gen!
    SVF 2P code gen!
    ; ----------------------------
    ;------ Input
    ;------ Pot 0
    ;------ Pot 1
    ;------ Scale/Offset
    RDAX POT0,1.0000000000
    SOF 0.4100000000,0.2700000000
    WRAX REG0,0.0000000000
    ;------ Pot 2
    ;------ Power
    RDAX POT1,1.0000000000
    ;------ ---Invert
    SOF -0.9990234375,0.9990234375
    WRAX REG1,1.0000000000
    MULX REG1
    ;------ ---Flip
    SOF -0.9990234375,0.9990234375
    WRAX REG2,0.0000000000
    ;------ Envelope
    RDAX ADCL,1.0000000000
    MULX POT2
    ABSA
    SOF -2.0000000000,0.0000000000
    SOF -2.0000000000,0.0000000000
    SOF -2.0000000000,0.0000000000
    SOF -1.0000000000,0.0000000000
    RDFX REG3,0.0007457065
    WRAX REG3,0.0000000000
    RDAX REG4,1.0000000000
    SOF -0.0000983351,0.0000000000
    RDAX REG4,1.0000000000
    WRAX REG5,0.0000000000
    RDAX REG3,1.0000000000
    MAXX REG5,1.0000000000
    WRAX REG4,0.0000000000
    ;------ Mixer 2:1
    RDAX REG0,1.0000000000
    WRAX REG6,0.0000000000
    RDAX REG3,1.0000000000
    RDAX REG6,1.0000000000
    WRAX REG6,0.0000000000
    ;------ LFO 0
    SKP RUN ,1
    WLDS 0,339,32767
    RDAX REG6,0.6634050881
    WRAX SIN0_RATE,0.0000000000
    CHO RDAL,0
    WRAX REG7,0.0000000000
    CHO RDAL,8
    WRAX REG8,0.0000000000
    ;------ Scale/Offset
    RDAX REG7,1.0000000000
    SOF 0.5000000000,0.5000000000
    WRAX REG9,0.0000000000
    ;------ Scale/Offset
    RDAX REG8,1.0000000000
    SOF 0.2100000000,0.6200000000
    WRAX REG10,0.0000000000
    ;------ Tremolizer
    RDAX REG9,0.9900000000
    MULX REG2
    SOF -0.9990000000,0.9990000000
    WRAX REG11,0.0000000000
    ;------ SVF 2P
    SOF 0.0000000000,0.0000000000
    RDAX ADCL,1.0000000000
    RDAX REG14,-1.0000000000
    RDAX REG13,-0.2500000000
    WRAX REG12,0.2377686704
    MULX REG10
    RDAX REG13,1.0000000000
    WRAX REG13,0.2377686704
    MULX REG10
    RDAX REG14,1.0000000000
    WRAX REG14,0.0000000000
    ;------ Volume
    RDAX REG13,1.0000000000
    MULX REG11
    WRAX REG15,0.0000000000
    ;------ Output
    RDAX REG15,1.0000000000
    RDAX REG15,1.0000000000
    WRAX DACL,1.0000000000
    WRAX DACR,0.0000000000

    Optimization complete: saved 1 instruction(s) and 0 register(s).

LegacyFileLoadTest > testLoadPatchFile(String) > load: src\test\resources\patches\tremolo=filter=envelope.spcd STANDARD_ERROR
    ----------------------------------------
    Register compaction report:
      Registers before compaction : 16  (highest was REG15 / 0x2f)
      Holes removed               : 0
      Registers after compaction  : 16  (highest is now REG15 / 0x2f)
      OK: all registers fit within REG0ûREG31.
    ----------------------------------------
    SpinFXBlock: numRegs updated to 0x30 (REG16)

LegacyFileLoadTest > testLoadPatchFile(String) > load: src\test\resources\patches\tremolo=filter=envelope.spcd STANDARD_OUT
      OK: tremolo=filter=envelope.spcd ù 15 blocks, 65 instr, 16 regs, 0 RAM

LegacyFileLoadTest > testLoadPatchFile(String) > load: src\test\resources\patches\tremolo=filter=envelope.spcd PASSED

LegacyFileLoadTest > testLoadPatchFile(String) > load: src\test\resources\patches\Untitled.spcd STANDARD_OUT
    ; ----------------------------
    ;------ Input
    ;------ Pot 0
    ;------ Pot 1
    ;------ Single Delay
    WRAX REG1,0.0000000000
    RDAX POT1,0.4500000000
    WRAX REG1,0.0000000000
    RDAX POT0,0.9990000000
    SOF 0.8000000000,0.0000305176
    WRAX ADDR_PTR,0.0000000000
    RMPA 1.0
    WRAX REG0,1.0000000000
    MULX REG1
    RDAX ADCL,0.5000000000
    WRA 0,0.0
    RDAX REG0,1.0000000000
    WRAX REG0,0.0000000000
    ;------ Pot 2
    ;------ LFO 0
    SKP RUN ,1
    WLDS 0,207,32767
    RDAX POT2,0.4050880626
    WRAX SIN0_RATE,0.0000000000
    CHO RDAL,0
    SOF 0.5000000000,0.5000000000
    WRAX REG2,0.0000000000
    ;------ Slicer
    SOF 0.0000000000,0.5000000000
    RDAX REG2,-1.0000000000
    SKP NEG,2
    SOF 0.0000000000,0.9990234275
    SKP RUN ,1
    CLR
    WRAX REG3,0.0000000000
    ;------ Crossfade 2
    RDAX REG3,-1.0000000000
    SOF -2.0000000000,0.0000000000
    MULX REG0
    WRAX REG6,0.0000000000
    RDAX REG3,1.0000000000
    SOF 1.0000000000,-1.0000000000
    SOF -2.0000000000,0.0000000000
    MULX ADCL
    RDAX REG6,1.0000000000
    WRAX REG5,0.0000000000
    ;------ Output
    RDAX REG5,1.0000000000
    WRAX DACL,0.0000000000
    RDAX REG5,1.0000000000
    WRAX DACR,0.0000000000

    Optimization complete: saved 1 instruction(s) and 0 register(s).

LegacyFileLoadTest > testLoadPatchFile(String) > load: src\test\resources\patches\Untitled.spcd STANDARD_ERROR
    ----------------------------------------
    Register compaction report:
      Registers before compaction : 7  (highest was REG6 / 0x26)
      Holes removed               : 1
      Registers after compaction  : 6  (highest is now REG5 / 0x25)
      OK: all registers fit within REG0ûREG31.
    ----------------------------------------
    SpinFXBlock: numRegs updated to 0x26 (REG6)

LegacyFileLoadTest > testLoadPatchFile(String) > load: src\test\resources\patches\Untitled.spcd STANDARD_OUT
      OK: Untitled.spcd ù 9 blocks, 40 instr, 6 regs, 26213 RAM

LegacyFileLoadTest > testLoadPatchFile(String) > load: src\test\resources\patches\Untitled.spcd PASSED

LegacyFileLoadTest > testLoadPatchFile(String) > load: src\test\resources\patches\vee-control.spcd STANDARD_OUT
    Scale Offset code gen!
    Scale Offset code gen!
    Scale Offset code gen!
    ; ----------------------------
    ;------ Pot 2
    ;------ Input
    ;------ Pot 0
    ;------ Scale/Offset
    RDAX POT0,1.0000000000
    SOF 0.7600000000,0.2400000000
    WRAX REG0,0.0000000000
    ;------ Pot 1
    ;------ Feedback Output
    ;------ Vee
    RDAX POT2,1.0000000000
    SOF -2.0000000000,0.9990200000
    SKP GEZ,1
    CLR
    WRAX REG2,0.0000000000
    SOF 0.0000000000,0.9990200000
    RDAX POT2,-0.9990200000
    SOF -1.9980400000,0.9990200000
    SKP GEZ,1
    CLR
    WRAX REG3,0.0000000000
    ;------ Scale/Offset
    RDAX POT1,1.0000000000
    SOF 0.6000000000,0.4000000000
    WRAX REG4,0.0000000000
    ;------ Scale/Offset
    RDAX POT1,1.0000000000
    SOF 0.7100000000,0.2900000000
    WRAX REG5,0.0000000000
    ;------ Chorus
    SKP RUN ,1
    WLDS 0,50,64
    RDAX REG4,0.0061747559
    WRAX SIN0_RANGE,0.0000000000
    RDAX REG0,0.0828962818
    WRAX SIN0_RATE,0.0000000000
    LDAX ADCL
    WRA 0,0.0
    CHO RDA,0,REG | COMPC,507
    CHO RDA,0,0,508
    WRAX REG6,0.0000000000
    ;------ Flanger
    SKP RUN ,1
    WLDS 1,40,13
    RDAX REG5,0.0004072994
    WRAX SIN1_RANGE,0.0000000000
    RDAX REG0,0.0801956947
    WRAX SIN1_RATE,0.0000000000
    RDAX REG1,0.7943282347
    RDAX ADCL,1.0000000000
    WRA 1014,0.0
    CHO RDA,1,REG | COMPC,1030
    CHO RDA,1,0,1031
    WRAX REG7,0.0000000000
    ;------ Phase_Invert
    RDAX REG7,-1.0000000000
    WRAX REG8,0.0000000000
    ;------ Mixer 3:1
    RDAX ADCL,1.0000000000
    WRAX REG9,0.0000000000
    RDAX REG6,1.0000000000
    MULX REG2
    RDAX REG9,1.0000000000
    WRAX REG9,0.0000000000
    RDAX REG8,1.0000000000
    MULX REG3
    RDAX REG9,1.0000000000
    WRAX REG9,0.0000000000
    ;------ Output
    RDAX REG9,1.0000000000
    WRAX DACL,0.0000000000
    RDAX REG9,1.0000000000
    WRAX DACR,0.0000000000
    ;------ FB In 1
    RDAX REG7,1.0000000000
    WRAX REG1,0.0000000000

    Optimization complete: saved 1 instruction(s) and 0 register(s).
    Output register optimization complete: saved 1 instruction(s) and 0 register(s).

LegacyFileLoadTest > testLoadPatchFile(String) > load: src\test\resources\patches\vee-control.spcd STANDARD_ERROR
    ----------------------------------------
    Register compaction report:
      Registers before compaction : 10  (highest was REG9 / 0x29)
      Holes removed               : 0
      Registers after compaction  : 10  (highest is now REG9 / 0x29)
      OK: all registers fit within REG0ûREG31.
    ----------------------------------------
    SpinFXBlock: numRegs updated to 0x2a (REG10)

LegacyFileLoadTest > testLoadPatchFile(String) > load: src\test\resources\patches\vee-control.spcd STANDARD_OUT
      OK: vee-control.spcd ù 15 blocks, 59 instr, 10 regs, 1045 RAM

LegacyFileLoadTest > testLoadPatchFile(String) > load: src\test\resources\patches\vee-control.spcd PASSED

LegacyFileLoadTest > testLoadPatchFile(String) > load: src\test\resources\patches\WaveShaper_Blocks_1.spcd STANDARD_OUT
    Distortion code gen!
    ; ----------------------------
    ;------ Input
    ;------ Pot 0
    ;------ Pot 1
    ;------ Aliaser
    SKP RUN ,4
    CLR
    WRAX REG0,0.0000000000
    WRAX REG1,0.0000000000
    WRAX REG2,0.0000000000
    CLR
    RDAX POT0,1.0000000000
    SOF 0.0980000000,0.0020000000
    RDAX REG2,1.0000000000
    WRAX REG2,1.0000000000
    SOF 1.0000000000,-0.5000000000
    SKP NEG,5
    WRAX REG2,0.0000000000
    RDAX REG1,1.0000000000
    WRAX REG0,0.0000000000
    RDAX ADCL,1.0000000000
    WRAX REG1,0.0000000000
    CLR
    RDAX REG1,1.0000000000
    MULX REG2
    WRAX REG3,1.0000000000
    RDAX REG3,1.0000000000
    WRAX REG3,0.0000000000
    RDAX REG2,-1.0000000000
    SOF 1.0000000000,0.5000000000
    WRAX REG4,0.0000000000
    RDAX REG0,1.0000000000
    MULX REG4
    WRAX REG4,1.0000000000
    RDAX REG4,1.0000000000
    RDAX REG3,1.0000000000
    WRAX REG4,1.0000000000
    ABSA
    WRAX REG3,0.0000000000
    RDAX REG4,1.0000000000
    SKP GEZ,4
    CLR
    RDAX REG3,1.0000000000
    SOF -1.0000000000,0.0000000000
    WRAX REG3,0.0000000000
    CLR
    RDAX REG3,1.0000000000
    WRAX REG5,0.0000000000
    ;------ Pot 2
    ;------ Cube gain
    RDAX ADCR,1.0000000000
    WRAX REG6,-0.9333300000
    MULX REG6
    MULX REG6
    RDAX REG6,1.0000000000
    SOF 1.5000000000,0.0000000000
    WRAX REG7,0.0000000000
    ;------ LFO 0
    SKP RUN ,1
    WLDS 0,151,28973
    CHO RDAL,0
    SOF 0.5000000000,0.5000000000
    WRAX REG8,0.0000000000
    CHO RDAL,8
    SOF 0.5000000000,0.5000000000
    WRAX REG9,0.0000000000
    ;------ Distortion
    SOF 0.0000000000,-1.0000000000
    WRAX REG10,0.0000000000
    RDAX ADCL,1.0000000000
    SKP NEG,2
    SOF 0.0000000000,0.9990000000
    WRAX REG10,0.0000000000
    LDAX ADCL
    ABSA
    WRAX REG11,1.0000000000
    SOF 1.0000000000,-0.1250000000
    SKP NEG,5
    LDAX REG11
    LOG -1.0,-0.375
    EXP 1.0,0.0
    SOF -1.0000000000,0.2500000000
    SKP RUN ,1
    SOF 1.0000000000,0.1250000000
    MULX REG10
    SOF -2.0000000000,0.0000000000
    SOF -2.0000000000,0.0000000000
    WRAX REG12,0.0000000000
    ;------ Crossfade 2
    RDAX POT1,-1.0000000000
    SOF -2.0000000000,0.0000000000
    MULX REG7
    WRAX REG14,0.0000000000
    RDAX POT1,1.0000000000
    SOF 1.0000000000,-1.0000000000
    SOF -2.0000000000,0.0000000000
    MULX REG5
    RDAX REG14,1.0000000000
    WRAX REG13,0.0000000000
    ;------ Crossfade 3
    ;------ Noise_AMZ
    SKP RUN ,2
    SOF 0.0000000000,0.6660000000
    WRAX REG15,0.0000000000
    LDAX REG15
    AND $00000001
    WRAX REG16,0.0000000000
    RDAX REG15,0.5000000000
    AND $007FFFFF
    WRAX REG15,0.0000000000
    LDAX REG16
    SKP ZRO,4
    CLR
    LDAX REG15
    XOR $00D80000
    WRAX REG15,0.0000000000
    LDAX REG15
    ABSA
    WRAX REG17,0.0000000000
    ;------ Mixer 3:1
    RDAX REG17,1.0000000000
    MULX REG8
    WRAX REG18,0.0000000000
    RDAX REG12,1.0000000000
    MULX POT2
    RDAX REG18,1.0000000000
    WRAX REG18,0.0000000000
    RDAX REG7,1.0000000000
    MULX REG9
    RDAX REG18,1.0000000000
    WRAX REG18,0.0000000000
    ;------ Output
    RDAX REG6,1.0000000000
    WRAX DACL,0.0000000000
    RDAX REG18,1.0000000000
    WRAX DACR,0.0000000000

    Optimization complete: saved 2 instruction(s) and 1 register(s).

LegacyFileLoadTest > testLoadPatchFile(String) > load: src\test\resources\patches\WaveShaper_Blocks_1.spcd STANDARD_ERROR
    ----------------------------------------
    Register compaction report:
      Registers before compaction : 19  (highest was REG18 / 0x32)
      Holes removed               : 1
      Registers after compaction  : 18  (highest is now REG17 / 0x31)
      OK: all registers fit within REG0ûREG31.
    ----------------------------------------
    SpinFXBlock: numRegs updated to 0x32 (REG18)

LegacyFileLoadTest > testLoadPatchFile(String) > load: src\test\resources\patches\WaveShaper_Blocks_1.spcd STANDARD_OUT
      OK: WaveShaper_Blocks_1.spcd ù 13 blocks, 120 instr, 18 regs, 0 RAM

LegacyFileLoadTest > testLoadPatchFile(String) > load: src\test\resources\patches\WaveShaper_Blocks_1.spcd PASSED

BUILD SUCCESSFUL in 10s
5 actionable tasks: 5 executed
